08-03 17:06:41.202  4380  5017 D BluetoothUtils: Bluetooth device Chromebook_C0F6 doesn't have exclusive manager
08-03 17:06:41.230 14297 14297 D NextAppCoreService: onCreate
08-03 17:06:41.230 14297 14297 D NextAppCoreService: NextAppCoreService onBind
08-03 17:06:41.232  4340  4340 D NextAppHandler: NextAppHandler service is connected
08-03 17:06:41.237 14297 14297 D CompatChangeReporter: Compat change id reported: 311402873; UID 10127; state: ENABLED
08-03 17:06:41.237 14297 14297 D CompatChangeReporter: Compat change id reported: 323349338; UID 10127; state: ENABLED
08-03 17:06:41.237 14297 14297 W JobInfo : Job 'com.asus.nextappcore/.service.NextAppCoreTrainingJobService#2' has a deadline with no functional constraints. The deadline won't improve job execution latency. Consider removing the deadline.
08-03 17:06:41.239 14297 14320 D CompatChangeReporter: Compat change id reported: 312399441; UID 10127; state: ENABLED
08-03 17:06:41.240  4380  4380 W FrameTracker: Missed App frame:JANK_APP_DEADLINE_MISSED, 2976839, 0, CUJ=J<NOTIFICATION_SHADE_EXPAND_COLLAPSE::Collapse>
08-03 17:06:41.240  4380  4380 W FrameTracker: Missing HWUI jank callback for vsyncId: 2976839, CUJ=J<NOTIFICATION_SHADE_EXPAND_COLLAPSE::Collapse>
08-03 17:06:41.240  4380  4380 W FrameTracker: Missing HWUI jank callback for vsyncId: 2976901, CUJ=J<NOTIFICATION_SHADE_EXPAND_COLLAPSE::Collapse>
08-03 17:06:41.240  4380  4380 W FrameTracker: Missing HWUI jank callback for vsyncId: 2976983, CUJ=J<NOTIFICATION_SHADE_EXPAND_COLLAPSE::Collapse>
08-03 17:06:41.241  2522  7910 D CompatChangeReporter: Compat change id reported: 311402873; UID 10127; state: ENABLED
08-03 17:06:41.241  2522  7910 D CompatChangeReporter: Compat change id reported: 323349338; UID 10127; state: ENABLED
08-03 17:06:41.241  2522  7910 W JobInfo : Job 'com.asus.nextappcore/.service.NextAppCoreTrainingJobService#2' has a deadline with no functional constraints. The deadline won't improve job execution latency. Consider removing the deadline.
08-03 17:06:41.242  2522  7910 D AlarmManager: setImpl: (a) wakeup alarm (system): 1000/android, action: , 422489146
08-03 17:06:41.248 14244 14244 E CrashlyticsCore: .
08-03 17:06:41.248 14244 14244 E CrashlyticsCore: .     |  | 
08-03 17:06:41.248 14244 14244 E CrashlyticsCore: .     |  |
08-03 17:06:41.248 14244 14244 E CrashlyticsCore: .     |  |
08-03 17:06:41.248 14244 14244 E CrashlyticsCore: .   \ |  | /
08-03 17:06:41.248 14244 14244 E CrashlyticsCore: .    \    /
08-03 17:06:41.248 14244 14244 E CrashlyticsCore: .     \  /
08-03 17:06:41.248 14244 14244 E CrashlyticsCore: .      \/
08-03 17:06:41.248 14244 14244 E CrashlyticsCore: .
08-03 17:06:41.248 14244 14244 E CrashlyticsCore: The Crashlytics build ID is missing. This occurs when Crashlytics tooling is absent from your app's build configuration. Please review Crashlytics onboarding instructions and ensure you have a valid Crashlytics account.
08-03 17:06:41.248 14244 14244 E CrashlyticsCore: .
08-03 17:06:41.248 14244 14244 E CrashlyticsCore: .      /\
08-03 17:06:41.248 14244 14244 E CrashlyticsCore: .     /  \
08-03 17:06:41.248 14244 14244 E CrashlyticsCore: .    /    \
08-03 17:06:41.248 14244 14244 E CrashlyticsCore: .   / |  | \
08-03 17:06:41.248 14244 14244 E CrashlyticsCore: .     |  |
08-03 17:06:41.248 14244 14244 E CrashlyticsCore: .     |  |
08-03 17:06:41.248 14244 14244 E CrashlyticsCore: .     |  |
08-03 17:06:41.248 14244 14244 E CrashlyticsCore: .
08-03 17:06:41.248 14244 14244 D AndroidRuntime: Shutting down VM
--------- beginning of crash
08-03 17:06:41.249 14244 14244 E AndroidRuntime: FATAL EXCEPTION: main
08-03 17:06:41.249 14244 14244 E AndroidRuntime: Process: com.linkbubble.playstore.dev, PID: 14244
08-03 17:06:41.249 14244 14244 E AndroidRuntime: java.lang.RuntimeException: Unable to create application com.linkbubble.MainApplication: io.fabric.sdk.android.services.concurrency.UnmetDependencyException: The Crashlytics build ID is missing. This occurs when Crashlytics tooling is absent from your app's build configuration. Please review Crashlytics onboarding instructions and ensure you have a valid Crashlytics account.
08-03 17:06:41.249 14244 14244 E AndroidRuntime: 	at android.app.ActivityThread.handleBindApplication(ActivityThread.java:7719)
08-03 17:06:41.249 14244 14244 E AndroidRuntime: 	at android.app.ActivityThread.-$$Nest$mhandleBindApplication(Unknown Source:0)
08-03 17:06:41.249 14244 14244 E AndroidRuntime: 	at android.app.ActivityThread$H.handleMessage(ActivityThread.java:2500)
08-03 17:06:41.249 14244 14244 E AndroidRuntime: 	at android.os.Handler.dispatchMessage(Handler.java:107)
08-03 17:06:41.249 14244 14244 E AndroidRuntime: 	at android.os.Looper.loopOnce(Looper.java:273)
08-03 17:06:41.249 14244 14244 E AndroidRuntime: 	at android.os.Looper.loop(Looper.java:388)
08-03 17:06:41.249 14244 14244 E AndroidRuntime: 	at android.app.ActivityThread.main(ActivityThread.java:8969)
08-03 17:06:41.249 14244 14244 E AndroidRuntime: 	at java.lang.reflect.Method.invoke(Native Method)
08-03 17:06:41.249 14244 14244 E AndroidRuntime: 	at com.android.internal.os.RuntimeInit$MethodAndArgsCaller.run(RuntimeInit.java:580)
08-03 17:06:41.249 14244 14244 E AndroidRuntime: 	at com.android.internal.os.ZygoteInit.main(ZygoteInit.java:892)
08-03 17:06:41.249 14244 14244 E AndroidRuntime: Caused by: io.fabric.sdk.android.services.concurrency.UnmetDependencyException: The Crashlytics build ID is missing. This occurs when Crashlytics tooling is absent from your app's build configuration. Please review Crashlytics onboarding instructions and ensure you have a valid Crashlytics account.
08-03 17:06:41.249 14244 14244 E AndroidRuntime: 	at com.crashlytics.android.core.CrashlyticsCore.onPreExecute(CrashlyticsCore.java:243)
08-03 17:06:41.249 14244 14244 E AndroidRuntime: 	at com.crashlytics.android.core.CrashlyticsCore.onPreExecute(CrashlyticsCore.java:211)
08-03 17:06:41.249 14244 14244 E AndroidRuntime: 	at io.fabric.sdk.android.InitializationTask.onPreExecute(InitializationTask.java:44)
08-03 17:06:41.249 14244 14244 E AndroidRuntime: 	at io.fabric.sdk.android.services.concurrency.AsyncTask.executeOnExecutor(AsyncTask.java:611)
08-03 17:06:41.249 14244 14244 E AndroidRuntime: 	at io.fabric.sdk.android.services.concurrency.PriorityAsyncTask.executeOnExecutor(PriorityAsyncTask.java:43)
08-03 17:06:41.249 14244 14244 E AndroidRuntime: 	at io.fabric.sdk.android.Kit.initialize(Kit.java:69)
08-03 17:06:41.249 14244 14244 E AndroidRuntime: 	at io.fabric.sdk.android.Fabric.initializeKits(Fabric.java:466)
08-03 17:06:41.249 14244 14244 E AndroidRuntime: 	at io.fabric.sdk.android.Fabric.init(Fabric.java:410)
08-03 17:06:41.249 14244 14244 E AndroidRuntime: 	at io.fabric.sdk.android.Fabric.setFabric(Fabric.java:368)
08-03 17:06:41.249 14244 14244 E AndroidRuntime: 	at io.fabric.sdk.android.Fabric.with(Fabric.java:339)
08-03 17:06:41.249 14244 14244 E AndroidRuntime: 	at com.linkbubble.MainApplication.onCreate(MainApplication.java:87)
08-03 17:06:41.249 14244 14244 E AndroidRuntime: 	at android.app.Instrumentation.callApplicationOnCreate(Instrumentation.java:1387)
08-03 17:06:41.249 14244 14244 E AndroidRuntime: 	at android.app.ActivityThread.handleBindApplication(ActivityThread.java:7713)
08-03 17:06:41.249 14244 14244 E AndroidRuntime: 	... 9 more
08-03 17:06:41.249  2522  3130 D AutomaticBrightnessController: [ASUS BL] setAmbientLux:8.0 oriBrighteningThreshold:14.4 mAmbientBrighteningThreshold:14.4 mAmbientDarkeningThreshold:0.4000001
08-03 17:06:41.251  2522  7910 D CompatChangeReporter: Compat change id reported: 261072174; UID 10461; state: ENABLED
08-03 17:06:41.253  2522  6292 W ActivityTaskManager:   Force finishing activity com.linkbubble.playstore.dev/com.linkbubble.ui.EntryActivity
08-03 17:06:41.253  2522  6292 V WindowManager:  Setting Ready-group to false. group=Display{#0 state=ON size=1080x2400 ROTATION_0} from Display{#0 state=ON size=1080x2400 ROTATION_0}
08-03 17:06:41.253  2522  6292 V WindowManager:  allReady query: used=true override=false defer=0 states=[Display{#0 state=ON size=1080x2400 ROTATION_0}:false]
08-03 17:06:41.253  2522  6292 V WindowManager: Set transition ready=false 113
08-03 17:06:41.253  2522  6292 V WindowManager: SyncGroup 113: Set ready false
08-03 17:06:41.253  2522  6292 V WindowManager: Finishing activity r=ActivityRecord{ec220f8 u0 com.linkbubble.playstore.dev/com.linkbubble.ui.EntryActivity t7952}, result=0, data=null, reason=force-crash
08-03 17:06:41.253  2522 14333 I DropBoxManagerService: add tag=data_app_crash isTagEnabled=true flags=0x2
08-03 17:06:41.254  2522  6292 V WindowManager: Sending position change to ActivityRecord{ec220f8 u0 com.linkbubble.playstore.dev/com.linkbubble.ui.EntryActivity t7952 f}}, onTop: false
08-03 17:06:41.254  2522  6292 V WindowManager: Waiting for top state to be released by ActivityRecord{ec220f8 u0 com.linkbubble.playstore.dev/com.linkbubble.ui.EntryActivity t7952 f}}
08-03 17:06:41.254  2522  6292 V WindowManager: Existence Changed in transition 113: Task{f939737 #7952 type=standard A=10461:com.linkbubble.playstore.dev}
08-03 17:06:41.254  2522  6292 V WindowManager: Collecting in transition 113: Task{f939737 #7952 type=standard A=10461:com.linkbubble.playstore.dev}
08-03 17:06:41.254  2522  6292 V WindowManager: SyncGroup 113: Adding to group: Task{f939737 #7952 type=standard A=10461:com.linkbubble.playstore.dev}
08-03 17:06:41.254  2522  6292 V WindowManager: setSyncGroup #113 on Task{f939737 #7952 type=standard A=10461:com.linkbubble.playstore.dev}
08-03 17:06:41.254  2522  6292 V WindowManager: setAppVisibility(Token{57454a4 ActivityRecord{ec220f8 u0 com.linkbubble.playstore.dev/com.linkbubble.ui.EntryActivity t7952 f}}}, visible=false): mNextAppTransitionRequests=[], mNextAppTransitionFlags= visible=false mVisibleRequested=true Callers=com.android.server.wm.ActivityRecord.setVisibility:5775 com.android.server.wm.ActivityRecord.finishIfPossible:3973 com.android.server.wm.ActivityRecord.finishIfPossible:3847 com.android.server.wm.Task.finishTopCrashedActivityLocked:5919 com.android.server.wm.RootWindowContainer.lambda$finishTopCrashedActivities$16:2628 com.android.server.wm.RootWindowContainer.$r8$lambda$oI-lkMugeXvqrxC0rYnroXlxgrQ:0 
08-03 17:06:41.254  2522  6292 V WindowManager: Collecting in transition 113: ActivityRecord{ec220f8 u0 com.linkbubble.playstore.dev/com.linkbubble.ui.EntryActivity t7952 f}}
08-03 17:06:41.254  2522  6292 V WindowManager: Finish needs to pause: ActivityRecord{ec220f8 u0 com.linkbubble.playstore.dev/com.linkbubble.ui.EntryActivity t7952 f}}
08-03 17:06:41.254  2522  6292 D WindowManager: startPausing: taskFrag =Task{f939737 #7952 type=standard A=10461:com.linkbubble.playstore.dev} mResumedActivity=ActivityRecord{ec220f8 u0 com.linkbubble.playstore.dev/com.linkbubble.ui.EntryActivity t7952 f}}
08-03 17:06:41.254  2522  6292 D ActivityTrigger: ActivityTrigger activityPauseTrigger 
08-03 17:06:41.255  2522  6292 V WindowManager: Moving to PAUSING: ActivityRecord{ec220f8 u0 com.linkbubble.playstore.dev/com.linkbubble.ui.EntryActivity t7952 f}}
08-03 17:06:41.255  2522  6292 V WindowManager: State movement: ActivityRecord{ec220f8 u0 com.linkbubble.playstore.dev/com.linkbubble.ui.EntryActivity t7952 f}} from:RESUMED to:PAUSING reason:startPausingLocked
08-03 17:06:41.255  2522  6292 V WindowManager: Enqueueing pending pause: ActivityRecord{ec220f8 u0 com.linkbubble.playstore.dev/com.linkbubble.ui.EntryActivity t7952 f}}
08-03 17:06:41.256  2522  6292 V WindowManager: Waiting for pause to complete...
08-03 17:06:41.256  2522  6292 V WindowManager:  Setting Ready-group to false. group=Display{#0 state=ON size=1080x2400 ROTATION_0} from Task{f939737 #7952 type=standard A=10461:com.linkbubble.playstore.dev}
08-03 17:06:41.256  2522  6292 V WindowManager:  allReady query: used=true override=false defer=0 states=[Display{#0 state=ON size=1080x2400 ROTATION_0}:false]
08-03 17:06:41.256  2522  6292 V WindowManager: Set transition ready=false 113
08-03 17:06:41.256  2522  6292 D WindowManager: allPausedActivitiesComplete: r=ActivityRecord{ec220f8 u0 com.linkbubble.playstore.dev/com.linkbubble.ui.EntryActivity t7952 f}} state=PAUSING
08-03 17:06:41.256  2522  6292 V WindowManager: resumeTopActivity: Skip resume: some activity pausing.
08-03 17:06:41.256  2522  6292 D WindowManager: allPausedActivitiesComplete: r=ActivityRecord{ec220f8 u0 com.linkbubble.playstore.dev/com.linkbubble.ui.EntryActivity t7952 f}} state=PAUSING
08-03 17:06:41.256  2522  6292 V WindowManager: resumeTopActivity: Skip resume: some activity pausing.
08-03 17:06:41.257  2522  6292 D WindowManager: allPausedActivitiesComplete: r=ActivityRecord{ec220f8 u0 com.linkbubble.playstore.dev/com.linkbubble.ui.EntryActivity t7952 f}} state=PAUSING
08-03 17:06:41.257  2522  6292 V WindowManager: resumeTopActivity: Skip resume: some activity pausing.
08-03 17:06:41.257  2522  6292 I WindowManager: commitFinishDrawingLocked: mDrawState=READY_TO_SHOW Surface(name=(1-1)-Window{2f9e5a alpha=1.0 fl=})/@0x4a9ac79
08-03 17:06:41.257  2522  6292 I WindowManager: commitFinishDrawingLocked: mDrawState=READY_TO_SHOW Surface(name=com.asus.launcher/com.android.launcher3.uioverrides.QuickstepLauncher)/@0x5c69e1f
08-03 17:06:41.257  4609  4722 I DynamicDDSService: handleMessage(ACTIVITY_INVOKE{appInfo=com.asus.launcher isFullScreen=}true)
08-03 17:06:41.259  4380  4380 D NotificationShadeWindowController: applyVisibility changed: visible = false, forceCollapsed = false, isKeyguardShowingAndNotOccluded = false, panelVisible = false, keyguardFadingAway = false, bouncerShowing = false, headsUpShowing = false, backgroundBlurRadius = 0, scrimsVisibility = 0, launchingActivity = false, CallerMethod =  <- apply(NotificationShadeWindowControllerImpl.java:651) <- setKeyguardFadingAway(NotificationShadeWindowControllerImpl.java:832) <- lambda$onKeyguardFadedAway$8(StatusBarKeyguardViewManager.java:1257) <- $r8$lambda$lGe-TYbJUo7fcsSU0Iaq__Xy7AI(null:0) <- run(D8$$SyntheticClass:0) <- handleCallback(Handler.java:959) <- dispatchMessage(Handler.java:100) <- loopOnce(Looper.java:273) <- loop(Looper.java:388) <- main(ActivityThread.java:8969)
08-03 17:06:41.264 14244 14244 I Process : Sending signal. PID: 14244 SIG: 9
08-03 17:06:41.267 14297 14320 D NextAppTrainingJobService: insert data - Package:__na__, Previous1:com.asus.launcher, Previous2:com.linkbubble.playstore.dev, Previous3:com.asus.launcher, Previous4:com.linkbubble.playstore.dev, Timestamp:1754207939771, p1_ts_diff:1, p2_ts_diff:340, p3_ts_diff:114679, p4_ts_diff:115115, p1_dur:1, p2_dur:339, p3_dur:114339, p4_dur:436, Hour:15, DayClass:12~18, Weekday:Sunday, WeekClass:weekend, Timezone:Asia/Taipei, UTC:8, Plugged:1, LastPlugged:50534831, MobileRadioOn:1, LastMobileRadioOn:1292, WifiOn:1, LastWifiOn:418353330, GpsOn:-1, LastGpsOn:18857501, SensorOn:1, LastSensorOn:418356122, WifiScan:-1, LastWifiScan:871550, WifiFullLock:0, LastWifiFullLock:86400, WifiRunning:0, LastWifiRunning:86400, WifiMultiCastOn:1, LastWifiMultiCastOn:1210, AudioOn:-1, LastAudioOn:1553326, CameraOn:0, LastCameraOn:86400, VideoOn:1, LastVideoOn:411526570, LowPowerModeOn:0, LastLowPowerModeOn:86400, FlashlightOn:0, LastFlashlightOn:86400, ChargingOn:1, LastChargingOn:86400, PhoneInCall:0, LastPhoneInCall:86400, PhoneScanning:-1, LastPhoneScanning:418349202, BleScanning:1, LastBleScanning:1328, WifiHotspotOn:0, LastWifiHotspotOn:86400, LastLa:LqMLPY5L5lPtPrkyuIu6QA==, LastLo:oMMJ4BP9gFwa24e2rlMrbA==, LastLac:11.606, sid:�8�����3�1���, 
08-03 17:06:41.268  2522  7910 D WifiNl80211Manager: Scan result ready event
08-03 17:06:41.269  2522  7910 D WifiNative: Scan result ready event
08-03 17:06:41.271     0     0 I KERNEL  : [422489.102743][ T4166] [schedu][0x760b099441c][17:06:41.268212] kiwi_v2: [4166:I:OSIF] vdev 0, scan id 41317 type COMPLETED(1) reason COMPLETED(1) scan found 12 bss
08-03 17:06:41.273  4187  4187 I wpa_supplicant: Sorted scan results
08-03 17:06:41.273  4187  4187 I wpa_supplicant: cc:28:aa:5b:98:b4 f=5805 n=-96 level=-41(0) s=55* age=7332 est=1201002 sta=0 cu=163
08-03 17:06:41.273  4187  4187 I wpa_supplicant: 62:28:aa:5b:98:b6 f=5805 n=-96 level=-42(0) s=54* age=117 est=1201002 sta=2 cu=189
08-03 17:06:41.273  4187  4187 I wpa_supplicant: 62:28:aa:5b:98:b5 f=5805 n=-96 level=-42(-43) s=53* age=64 est=1201002 sta=12 cu=189
08-03 17:06:41.273  4187  4187 I wpa_supplicant: e8:9c:25:af:02:d2 f=5805 n=-96 level=-35(0) s=61* age=120 est=390001 sta=0 cu=0
08-03 17:06:41.273  4187  4187 I wpa_supplicant: fc:77:7b:1e:8b:d8 f=2437 n=-96 level=-54(0) s=42* age=750 est=286802 sta=0 cu=0
08-03 17:06:41.273  4187  4187 I wpa_supplicant: fe:77:7b:1e:8b:d0 f=5745 n=-96 level=-73(0) s=23 age=521 est=264202 sta=0 cu=0
08-03 17:06:41.273  4187  4187 I wpa_supplicant: ee:9c:25:af:02:d0 f=2457 n=-96 level=-39(0) s=57* age=523 est=65000 sta=0 cu=0
08-03 17:06:41.273  4187  4187 I wpa_supplicant: e8:9c:25:af:02:d0 f=2457 n=-96 level=-40(0) s=56* age=522 est=65000 sta=0 cu=0
08-03 17:06:41.273  4187  4187 I wpa_supplicant: 40:4a:03:92:ff:33 f=2412 n=-96 level=-55(0) s=41* age=1010 est=65000 sta=0 cu=0
08-03 17:06:41.273  4187  4187 I wpa_supplicant: 84:0b:7c:f7:a8:ee f=2462 n=-96 level=-72(0) s=24 age=466 est=63700 sta=0 cu=0
08-03 17:06:41.273  4187  4187 I wpa_supplicant: e8:9c:25:af:02:ea f=5805 n=-96 level=-79(0) s=17 age=137 est=117001 sta=0 cu=0
08-03 17:06:41.273  4187  4187 I wpa_supplicant: 84:0b:7c:f7:a8:ef f=5180 n=-96 level=-82(0) s=14 age=1003 est=80476 sta=0 cu=0
08-03 17:06:41.273  4187  4187 I wpa_supplicant: 50:6f:9a:01:00:00 f=2437 n=-96 level=-59(0) s=37* age=769 est=0 sta=0 cu=0
08-03 17:06:41.273  4187  4187 I wpa_supplicant: wlan0: Control interface command 'SCAN_RESULTS'
08-03 17:06:41.277  3564  4183 I LOWI-9.0.1.28: [LOWI-Scan] lowi_close_record:Scan done in 422415065ms, 13 APs in scan results
08-03 17:06:41.280  2852  2852 I adbd    : Remote process closed the socket (on MSG_PEEK)
08-03 17:06:41.280  2522  7027 I ActivityManager: Process com.linkbubble.playstore.dev (pid 14244) has died: fg  TOP 
08-03 17:06:41.280  2522  7027 W ActivityManager: App Op allow to restart app, fg TOP 
08-03 17:06:41.281  2522  7027 W ActivityTaskManager: ProcessRecord{d8d7fd4 14244:com.linkbubble.playstore.dev/u0a461} is removed with pending start ActivityRecord{ec220f8 u0 com.linkbubble.playstore.dev/com.linkbubble.ui.EntryActivity t7952 f}}
08-03 17:06:41.281  2522  3986 D WificondScannerImpl: Filtering out 1 scan results.
08-03 17:06:41.282  1691  1691 I Zygote  : Process 14244 exited due to signal 9 (Killed)
08-03 17:06:41.282  4112  4160 I WifiScanner: onFullResults
08-03 17:06:41.283  2522  3980 D PasspointManager: ANQP entry not found for: 62:28:aa:5b:98:b6:<AsusSmartConnect_IoT>
08-03 17:06:41.283  2522  3980 D PasspointManager: ANQP entry not found for: 62:28:aa:5b:98:b5:<AsusSmartConnect>
08-03 17:06:41.283  2522  3980 D PasspointManager: ANQP entry not found for: fc:77:7b:1e:8b:d8:<KPRO-Lee>
08-03 17:06:41.283  2522  3072 I libprocessgroup: Removed cgroup /sys/fs/cgroup/uid_10461/pid_14244
08-03 17:06:41.283  2522  3980 D PasspointManager: ANQP entry not found for: 84:0b:7c:f7:a8:ee:<22124914-2.4G>
08-03 17:06:41.283  4112  6921 I WifiScanner: onFullResults
08-03 17:06:41.283  2522  3980 D PasspointManager: ANQP entry not found for: fe:77:7b:1e:8b:d0:<KPRO-Lee-5G>
08-03 17:06:41.283  2522  3980 D PasspointManager: ANQP entry not found for: 84:0b:7c:f7:a8:ef:<22124914-5G>
08-03 17:06:41.284  2522  7027 V WindowManager: App died while pausing: ActivityRecord{ec220f8 u0 com.linkbubble.playstore.dev/com.linkbubble.ui.EntryActivity t7952 f}}
08-03 17:06:41.284  2522  7027 I WindowManager: Removing activity ActivityRecord{ec220f8 u0 com.linkbubble.playstore.dev/com.linkbubble.ui.EntryActivity t7952 f}} hasSavedState=false stateNotNeeded=false finishing=true state=PAUSING callers=com.android.server.wm.WindowProcessController.handleAppDied:1523 com.android.server.wm.ActivityTaskManagerService$LocalService.handleAppDied:6999 com.android.server.am.ActivityManagerService.handleAppDiedLocked:3661 com.android.server.am.ActivityManagerService.appDiedLocked:3806 com.android.server.am.ActivityManagerService$AppDeathRecipient.binderDied:1686 
08-03 17:06:41.284  2522  7027 V WindowManager: Collecting in transition 113: Task{f939737 #7952 type=standard A=10461:com.linkbubble.playstore.dev}
08-03 17:06:41.284  2522  7027 V WindowManager: State movement: ActivityRecord{ec220f8 u0 com.linkbubble.playstore.dev/com.linkbubble.ui.EntryActivity t7952 f}} from:PAUSING to:DESTROYED reason:cleanUp
08-03 17:06:41.285  2522  7027 I WindowManager: Removing activity ActivityRecord{ec220f8 u0 com.linkbubble.playstore.dev/com.linkbubble.ui.EntryActivity t7952 f}}, reason= appDied callers=com.android.server.wm.ActivityRecord.handleAppDied:4667 com.android.server.wm.WindowProcessController.handleAppDied:1523 com.android.server.wm.ActivityTaskManagerService$LocalService.handleAppDied:6999 com.android.server.am.ActivityManagerService.handleAppDiedLocked:3661 com.android.server.am.ActivityManagerService.appDiedLocked:3806 
08-03 17:06:41.285  6201 11752 D ForegroundUtils: UID: 10461 deleted.
08-03 17:06:41.285  2522  7027 V WindowManager: Moving to DESTROYED: ActivityRecord{ec220f8 u0 com.linkbubble.playstore.dev/com.linkbubble.ui.EntryActivity t7952 f}} (removed from history)
08-03 17:06:41.285  2522  2541 D DisplayManagerService: Drop pending events for gone uid 10461
08-03 17:06:41.285  2522  7027 V WindowManager: State movement: ActivityRecord{ec220f8 u0 com.linkbubble.playstore.dev/com.linkbubble.ui.EntryActivity t7952 f}} from:DESTROYED to:DESTROYED reason:removeFromHistory
08-03 17:06:41.285  2522  7027 V WindowManager: State unchanged from:DESTROYED
08-03 17:06:41.285  2522  7027 V WindowManager: Removing app token: ActivityRecord{ec220f8 u0 com.linkbubble.playstore.dev/com.linkbubble.ui.EntryActivity t7952 f}}
08-03 17:06:41.285  2522  7027 V WindowManager: Collecting in transition 113: ActivityRecord{ec220f8 u0 com.linkbubble.playstore.dev/com.linkbubble.ui.EntryActivity t7952 f}}
08-03 17:06:41.286  2522  7027 V WindowManager: Removing app ActivityRecord{ec220f8 u0 com.linkbubble.playstore.dev/com.linkbubble.ui.EntryActivity t7952 f}} delayed=true animation=null animating=false
08-03 17:06:41.286  2522  7027 V WindowManager: removeAppToken: ActivityRecord{ec220f8 u0 com.linkbubble.playstore.dev/com.linkbubble.ui.EntryActivity t7952 f}} delayed=true Callers=com.android.server.wm.DisplayContent.removeAppToken:1604 com.android.server.wm.ActivityRecord.removeFromHistory:4361 com.android.server.wm.ActivityRecord.handleAppDied:4667 com.android.server.wm.WindowProcessController.handleAppDied:1523 
08-03 17:06:41.286  2522  7027 I WindowManager: Cancelling animation restarting=false for ActivityRecord{ec220f8 u0 com.linkbubble.playstore.dev/com.linkbubble.ui.EntryActivity t7952 f}}
08-03 17:06:41.286  2522  3989 D InetDiagMessage: Destroyed 0 sockets, proto=IPPROTO_TCP, family=AF_INET, states=14
08-03 17:06:41.286  2522  7027 V WindowManager: finishSync cancel=true for ActivityRecord{ec220f8 u0 com.linkbubble.playstore.dev/com.linkbubble.ui.EntryActivity t7952 f}}
08-03 17:06:41.286  2522  3989 D InetDiagMessage: Destroyed 0 sockets, proto=IPPROTO_TCP, family=AF_INET6, states=14
08-03 17:06:41.287  2522  3989 D InetDiagMessage: Destroyed live tcp sockets for uids={10461} in 1ms
08-03 17:06:41.287  2522  7027 V WindowManager: finishSync cancel=true for Task{f939737 #7952 type=standard A=10461:com.linkbubble.playstore.dev}
08-03 17:06:41.287  2522  7027 V WindowManager: Removing focused app token:ActivityRecord{ec220f8 u0 com.linkbubble.playstore.dev/com.linkbubble.ui.EntryActivity t-1 f}} displayId=0
08-03 17:06:41.287  2522  7027 I WindowManager: setFocusedApp null displayId=0 Callers=com.android.server.wm.ActivityRecord.onRemovedFromDisplay:4784 com.android.server.wm.DisplayContent.removeAppToken:1604 com.android.server.wm.ActivityRecord.removeFromHistory:4361 com.android.server.wm.ActivityRecord.handleAppDied:4667 
08-03 17:06:41.288  2522  7027 V WindowManager: findFocusedWindow: focusedApp=null using new focus @ Window{9fade34 u0 com.asus.launcher/com.android.launcher3.uioverrides.QuickstepLauncher}
08-03 17:06:41.288  2522  7027 D WindowManager: Changing focus from null to Window{9fade34 u0 com.asus.launcher/com.android.launcher3.uioverrides.QuickstepLauncher} displayId=0 Callers=com.android.server.wm.RootWindowContainer.updateFocusedWindowLocked:501 com.android.server.wm.WindowManagerService.updateFocusedWindowLocked:7134 com.android.server.wm.ActivityRecord.onRemovedFromDisplay:4785 com.android.server.wm.DisplayContent.removeAppToken:1604 
08-03 17:06:41.288  2522  3989 D InetDiagMessage: Destroyed 0 sockets, proto=IPPROTO_TCP, family=AF_INET, states=14
08-03 17:06:41.288  2522  7027 V WindowManager: Starting animation on Window{7720b6c u0 NavigationBar0}: type=32, anim=com.android.server.wm.InsetsSourceProvider$ControlAdapter@66916bc
08-03 17:06:41.288  2522  7027 I WindowManager: Cancelling animation restarting=true for Window{7720b6c u0 NavigationBar0}
08-03 17:06:41.288  2522  7027 I WindowManager: Reparenting to original parent: Surface(name=WindowToken{6ec06c3 type=2019 android.os.BinderProxy@876d37d})/@0x334187a for Window{7720b6c u0 NavigationBar0}
08-03 17:06:41.288  2522  7027 I WindowManager: Reparenting to leash for Window{7720b6c u0 NavigationBar0}
08-03 17:06:41.289  2522  3989 D InetDiagMessage: Destroyed 0 sockets, proto=IPPROTO_TCP, family=AF_INET6, states=14
08-03 17:06:41.289  2522  3989 D InetDiagMessage: Destroyed live tcp sockets for uids={20461} in 2ms
08-03 17:06:41.289  2522  7027 D WindowManager: Animation start for Window{7720b6c u0 NavigationBar0}, anim=ControlAdapter mCapturedLeash=Surface(name=Surface(name=7720b6c NavigationBar0)/@0x45fdaf2 - animation-leash of insets_animation)/@0x1142645
08-03 17:06:41.290  2522  7027 V WindowManager: Starting animation on Window{d2ffe59 u0 StatusBar}: type=32, anim=com.android.server.wm.InsetsSourceProvider$ControlAdapter@79b819a
08-03 17:06:41.290  2522  7027 I WindowManager: Cancelling animation restarting=true for Window{d2ffe59 u0 StatusBar}
08-03 17:06:41.290  2522  7027 I WindowManager: Reparenting to original parent: Surface(name=WindowToken{b33b2a0 type=2000 android.os.BinderProxy@d7b22d2})/@0x94c6c72 for Window{d2ffe59 u0 StatusBar}
08-03 17:06:41.290  2522  7027 I WindowManager: Reparenting to leash for Window{d2ffe59 u0 StatusBar}
08-03 17:06:41.290  2522  7027 D WindowManager: Animation start for Window{d2ffe59 u0 StatusBar}, anim=ControlAdapter mCapturedLeash=Surface(name=Surface(name=d2ffe59 StatusBar)/@0xab22543 - animation-leash of insets_animation)/@0x5cf4acb
08-03 17:06:41.291  2522  7027 V WindowManager: Input focus has changed to Window{9fade34 u0 com.asus.launcher/com.android.launcher3.uioverrides.QuickstepLauncher} display=0
08-03 17:06:41.292  2522  7027 V WindowManager: Moving to RESUMED: ActivityRecord{cdbb1c6 u0 com.asus.launcher/com.android.launcher3.uioverrides.QuickstepLauncher t7917} (in existing)
08-03 17:06:41.292  2522  7027 V WindowManager: State movement: ActivityRecord{cdbb1c6 u0 com.asus.launcher/com.android.launcher3.uioverrides.QuickstepLauncher t7917} from:STARTED to:RESUMED reason:resumeTopActivity
08-03 17:06:41.292  2522  7027 I WindowManager: setFocusedApp ActivityRecord{cdbb1c6 u0 com.asus.launcher/com.android.launcher3.uioverrides.QuickstepLauncher t7917} displayId=0 Callers=com.android.server.wm.ActivityTaskManagerService.setLastResumedActivityUncheckLocked:5241 com.android.server.wm.ActivityTaskSupervisor.updateTopResumedActivityIfNeeded:2622 com.android.server.wm.TaskFragment.setResumedActivity:624 com.android.server.wm.TaskFragment.onActivityStateChanged:977 
08-03 17:06:41.292  2522  7027 V WindowManager: findFocusedWindow: Found new focus @ Window{9fade34 u0 com.asus.launcher/com.android.launcher3.uioverrides.QuickstepLauncher}
08-03 17:06:41.293  2522  7027 V WindowManager: notifyAppResumed: wasStopped=false ActivityRecord{cdbb1c6 u0 com.asus.launcher/com.android.launcher3.uioverrides.QuickstepLauncher t7917}
08-03 17:06:41.293  2522  7027 D WindowManager: resumeTopActivity: Resumed ActivityRecord{cdbb1c6 u0 com.asus.launcher/com.android.launcher3.uioverrides.QuickstepLauncher t7917}
08-03 17:06:41.293  2522  7027 V WindowManager:  Setting Ready-group to true. group=Display{#0 state=ON size=1080x2400 ROTATION_0} from Display{#0 state=ON size=1080x2400 ROTATION_0}
08-03 17:06:41.293  2522  7027 V WindowManager:  allReady query: used=true override=false defer=0 states=[Display{#0 state=ON size=1080x2400 ROTATION_0}:true]
08-03 17:06:41.293  2522  7027 V WindowManager: Set transition ready=true 113
08-03 17:06:41.293  2522  7027 V WindowManager: SyncGroup 113: Set ready true
08-03 17:06:41.294  2522  2544 V WindowManager: Focus requested for window=9fade34 com.asus.launcher/com.android.launcher3.uioverrides.QuickstepLauncher
08-03 17:06:41.294  2522  2544 I WindowManager: commitFinishDrawingLocked: mDrawState=READY_TO_SHOW Surface(name=(1-1)-Window{2f9e5a alpha=1.0 fl=})/@0x4a9ac79
08-03 17:06:41.294  2522  2544 I WindowManager: commitFinishDrawingLocked: mDrawState=READY_TO_SHOW Surface(name=com.asus.launcher/com.android.launcher3.uioverrides.QuickstepLauncher)/@0x5c69e1f
08-03 17:06:41.294  2522  2544 V WindowManager: Task info changed taskId=1
08-03 17:06:41.294 16134 16134 I TopTaskTracker: onTaskRemoved: taskId=7952
08-03 17:06:41.294 16134 16134 I TopTaskTracker: onTaskRemoved: taskId=7952
08-03 17:06:41.294 16134 16134 I LauncherLife: [onResume] called, QuickstepLauncher@b8fab97
08-03 17:06:41.295  2522  2544 V WindowManager: SyncGroup 113: onSurfacePlacement checking {WallpaperWindowToken{ca3f9a5 token=android.os.Binder@d909b9c}, ActivityRecord{cdbb1c6 u0 com.asus.launcher/com.android.launcher3.uioverrides.QuickstepLauncher t7917}, WallpaperWindowToken{e3c41f6 token=android.os.Binder@9907e91}}
08-03 17:06:41.295 16134 16134 V Launcher.Now.Callback: Time spent in onResume: 0 ms, com.google.android.libraries.gsa.launcherclient.LauncherClient@58fc252
08-03 17:06:41.295  2522  2544 V WindowManager: SyncGroup 113: Finished!
08-03 17:06:41.295  2522  2544 V WindowManager: finishSync cancel=false for WallpaperWindowToken{ca3f9a5 token=android.os.Binder@d909b9c}
08-03 17:06:41.295  2522  2544 V WindowManager: finishSync cancel=false for Window{71873df u0 com.android.systemui.wallpapers.ImageWallpaper}
08-03 17:06:41.295  2522  2544 V WindowManager: finishSync cancel=false for ActivityRecord{cdbb1c6 u0 com.asus.launcher/com.android.launcher3.uioverrides.QuickstepLauncher t7917}
08-03 17:06:41.295  2522  2544 V WindowManager: finishSync cancel=false for Window{6593256 u0 (1-1)-Window{2f9e5a alpha=1.0 fl=}}
08-03 17:06:41.295  2522  2544 V WindowManager: finishSync cancel=false for Window{9fade34 u0 com.asus.launcher/com.android.launcher3.uioverrides.QuickstepLauncher}
08-03 17:06:41.295  2522  2544 V WindowManager: finishSync cancel=false for WallpaperWindowToken{e3c41f6 token=android.os.Binder@9907e91}
08-03 17:06:41.295  2522  2544 V WindowManager: finishSync cancel=false for Window{950725a u0 com.android.systemui.wallpapers.ImageWallpaper}
08-03 17:06:41.295 16134 16134 V LauncherLife: Time spent in onResume: 1 ms
08-03 17:06:41.295  2522  2544 V WindowManager: commitVisibility: ActivityRecord{cdbb1c6 u0 com.asus.launcher/com.android.launcher3.uioverrides.QuickstepLauncher t7917}: visible=true visibleRequested=true, isInTransition=true, runningAnimation=true, caller=com.android.server.wm.Transition.commitVisibleActivities:2310 com.android.server.wm.Transition.onTransactionReady:1883 com.android.server.wm.BLASTSyncEngine$SyncGroup.finishNow:274 com.android.server.wm.BLASTSyncEngine$SyncGroup.tryFinish:206 com.android.server.wm.BLASTSyncEngine$SyncGroup.-$$Nest$mtryFinish:0 
08-03 17:06:41.295 19807 19807 I bnhk    : onResume
08-03 17:06:41.295 16134 16134 V ActivityThread: Resume ActivityRecord{c285e54 token=android.os.BinderProxy@f8cef31 {com.asus.launcher/com.android.launcher3.uioverrides.QuickstepLauncher}} started activity: false, hideForNow: false, finished: false
08-03 17:06:41.295 16134 16134 D ActivityThread: r.activity.mFinished: false, willBeVisible: true, r.activity.mDecor: com.android.internal.policy.DecorView{2f36a20 V.E...... R....... 0,0-1080,2400 aid=0}[QuickstepLauncher], r.hideForNow: false, r.activity.mVisibleFromClient: true
08-03 17:06:41.295  2522  2544 I WindowManager: commitFinishDrawingLocked: mDrawState=READY_TO_SHOW Surface(name=(1-1)-Window{2f9e5a alpha=1.0 fl=})/@0x4a9ac79
08-03 17:06:41.295 16134 16134 V ActivityThread: Resuming ActivityRecord{c285e54 token=android.os.BinderProxy@f8cef31 {com.asus.launcher/com.android.launcher3.uioverrides.QuickstepLauncher}} with isForward=false
08-03 17:06:41.295  2522  2544 I WindowManager: selectAnimation in Window{6593256 u0 (1-1)-Window{2f9e5a alpha=1.0 fl=}}: transit=3
08-03 17:06:41.295  2522  2544 V WindowManager: applyAnimation: win=WindowStateAnimator{e42117b (1-1)-Window{2f9e5a alpha=1.0 fl=}} anim=0 attr=0x2 a=null transit=3 type=4 isEntrance=true Callers com.android.server.wm.WindowStateAnimator.applyEnterAnimationLocked:530 com.android.server.wm.WindowState.performShowLocked:4647 com.android.server.wm.WindowStateAnimator.commitFinishDrawingLocked:257 com.android.server.wm.WindowState.commitFinishDrawing:4610 com.android.server.wm.ActivityRecord.commitFinishDrawing:6165 com.android.server.wm.Transition.commitVisibleActivities:2312 com.android.server.wm.Transition.onTransactionReady:1883 com.android.server.wm.BLASTSyncEngine$SyncGroup.finishNow:274 com.android.server.wm.BLASTSyncEngine$SyncGroup.tryFinish:206 com.android.server.wm.BLASTSyncEngine$SyncGroup.-$$Nest$mtryFinish:0 com.android.server.wm.BLASTSyncEngine.onSurfacePlacement:579 com.android.server.wm.RootWindowContainer.performSurfacePlacementNoTrace:836 com.android.server.wm.RootWindowContainer.performSurfacePlacement:784 com.android.server.wm.WindowSurfacePlacer.performSurfacePlacementLoop:177 com.android.server.wm.WindowSurfacePlacer.performSurfacePlacement:126 com.android.server.wm.WindowSurfacePlacer.performSurfacePlacement:115 com.android.server.wm.WindowSurfacePlacer$Traverser.run:57 android.os.Handler.handleCallback:959 android.os.Handler.dispatchMessage:100 android.os.Looper.loopOnce:273 
08-03 17:06:41.295 16134 16134 D ActivityThread: handleResumeActivity r.activity.makeVisible()
08-03 17:06:41.295  2522  2544 V WindowManager: performShowLocked: mDrawState=HAS_DRAWN in Window{6593256 u0 (1-1)-Window{2f9e5a alpha=1.0 fl=}}
08-03 17:06:41.296 16134 16134 V ActivityThread: Scheduling idle handler for ActivityRecord{c285e54 token=android.os.BinderProxy@f8cef31 {com.asus.launcher/com.android.launcher3.uioverrides.QuickstepLauncher}}
08-03 17:06:41.296  2522  2544 I WindowManager: commitFinishDrawingLocked: mDrawState=READY_TO_SHOW Surface(name=com.asus.launcher/com.android.launcher3.uioverrides.QuickstepLauncher)/@0x5c69e1f
08-03 17:06:41.296  2522  2544 V WindowManager: performShowLocked: mDrawState=HAS_DRAWN in Window{9fade34 u0 com.asus.launcher/com.android.launcher3.uioverrides.QuickstepLauncher}
08-03 17:06:41.296 16134 16134 I LauncherLife: [onDeferredResumed] called, QuickstepLauncher@b8fab97
08-03 17:06:41.296 16134 16134 D StatsLog: LAUNCHER_ONRESUME
08-03 17:06:41.296  2522  2544 V WindowManager: Start calculating TransitionInfo based on participants: {Task{1f6ff77 #1 type=home}, Task{5714264 #7917 type=home I=com.asus.launcher/com.android.launcher3.uioverrides.QuickstepLauncher}, WallpaperWindowToken{ca3f9a5 token=android.os.Binder@d909b9c}, ActivityRecord{cdbb1c6 u0 com.asus.launcher/com.android.launcher3.uioverrides.QuickstepLauncher t7917}, WallpaperWindowToken{e3c41f6 token=android.os.Binder@9907e91}, ActivityRecord{ec220f8 u0 com.linkbubble.playstore.dev/com.linkbubble.ui.EntryActivity t-1 f}}, Task{f939737 #7952 type=standard A=10461:com.linkbubble.playstore.dev}}
08-03 17:06:41.296 16134 16134 V Launcher: LauncherAppState registerBadge
08-03 17:06:41.296  2522  2544 V WindowManager:   Rejecting as detached: Task{f939737 #7952 type=standard A=10461:com.linkbubble.playstore.dev}
08-03 17:06:41.296  2522  2544 V WindowManager:   Rejecting as detached: ActivityRecord{ec220f8 u0 com.linkbubble.playstore.dev/com.linkbubble.ui.EntryActivity t-1 f}}
08-03 17:06:41.296  2522  2544 V WindowManager:   Initial targets: {581=WallpaperWindowToken{ca3f9a5 token=android.os.Binder@d909b9c}, 583=WallpaperWindowToken{e3c41f6 token=android.os.Binder@9907e91}, 594=Task{1f6ff77 #1 type=home}, 677=Task{5714264 #7917 type=home I=com.asus.launcher/com.android.launcher3.uioverrides.QuickstepLauncher}, 760=ActivityRecord{cdbb1c6 u0 com.asus.launcher/com.android.launcher3.uioverrides.QuickstepLauncher t7917}}
08-03 17:06:41.296  2522  2544 V WindowManager:     checking ActivityRecord{cdbb1c6 u0 com.asus.launcher/com.android.launcher3.uioverrides.QuickstepLauncher t7917}
08-03 17:06:41.296  2522  2544 V WindowManager:         remove from targets ActivityRecord{cdbb1c6 u0 com.asus.launcher/com.android.launcher3.uioverrides.QuickstepLauncher t7917}
08-03 17:06:41.296  2522  2544 V WindowManager:     checking Task{5714264 #7917 type=home I=com.asus.launcher/com.android.launcher3.uioverrides.QuickstepLauncher}
08-03 17:06:41.296  2522  2544 V WindowManager:         remove from targets Task{5714264 #7917 type=home I=com.asus.launcher/com.android.launcher3.uioverrides.QuickstepLauncher}
08-03 17:06:41.296 16134 16134 D Launcher.Now: checkGoogleNowLeak: where = onDeferredResumed, true true
08-03 17:06:41.296  2522  2544 V WindowManager:     checking Task{1f6ff77 #1 type=home}
08-03 17:06:41.296  2522  2544 V WindowManager:       check sibling Task{6230d7b #7928 type=standard A=10241:com.femascloud.femashr}
08-03 17:06:41.296  2522  2544 V WindowManager:         unrelated invisible sibling Task{6230d7b #7928 type=standard A=10241:com.femascloud.femashr}
08-03 17:06:41.296  2522  2544 V WindowManager:       check sibling Task{5fdaafa #3 type=undefined}
08-03 17:06:41.296  2522  2544 V WindowManager:         unrelated invisible sibling Task{5fdaafa #3 type=undefined}
08-03 17:06:41.296  2522  2544 V WindowManager:         keep as target Task{1f6ff77 #1 type=home}
08-03 17:06:41.296  2522  2544 V WindowManager:       CAN PROMOTE: promoting to parent DefaultTaskDisplayArea@237030220
08-03 17:06:41.296  2522  2544 V WindowManager:     checking WallpaperWindowToken{e3c41f6 token=android.os.Binder@9907e91}
08-03 17:06:41.296  2522  2544 V WindowManager:       SKIP: parent can't be target Leaf:0:1@179300245
08-03 17:06:41.296  2522  2544 V WindowManager:     checking WallpaperWindowToken{ca3f9a5 token=android.os.Binder@d909b9c}
08-03 17:06:41.296  2522  2544 V WindowManager:       SKIP: its sibling was rejected
08-03 17:06:41.296  2522  2544 V WindowManager:     checking DefaultTaskDisplayArea@237030220
08-03 17:06:41.296  2522  2544 V WindowManager:       SKIP: parent can't be target FullscreenMagnification:0:12@129183914
08-03 17:06:41.296 16134 16161 D GmailContractLoader: updateGmailBadgeCount 0
08-03 17:06:41.296 16134 16161 I GmailContractLoader: addAccountsUpdateListener: Don't add Gmail accounts listener while permission is off.
08-03 17:06:41.296  2522  2544 V WindowManager:   Final targets: [Task{1f6ff77 #1 type=home}, DefaultTaskDisplayArea@237030220, WallpaperWindowToken{e3c41f6 token=android.os.Binder@9907e91}, WallpaperWindowToken{ca3f9a5 token=android.os.Binder@d909b9c}]
08-03 17:06:41.296 16134 16134 V LauncherLife: Time spent in onDeferredResumed: 0 ms
08-03 17:06:41.296 16134 16161 D TelephonyLoader: MmsSmsObserver is registered, ignoring the following task.
08-03 17:06:41.296 16134 16161 D TelephonyLoader: DefaultDialerReceiver is registered, ignoring the following task.
08-03 17:06:41.296 16134 16161 D BadgeDataProvider: updateBadgeMap - userSerial: 0 userHandle: UserHandle{0}
08-03 17:06:41.296 16134 16161 D BadgeDataProvider: updateBadgeMap - userSerial: 0 userHandle: UserHandle{0}
08-03 17:06:41.297 16134 16161 D BadgeDataProvider: updateBadgeMap - userSerial: 0 userHandle: UserHandle{0}
08-03 17:06:41.297 16134 16161 D BadgeDataProvider: updateBadgeMap - userSerial: 0 userHandle: UserHandle{0}
08-03 17:06:41.297 16134 16161 D BadgeDataProvider: updateBadgeMap - userSerial: 0 userHandle: UserHandle{0}
08-03 17:06:41.297 16134 16161 D BadgeDataProvider: updateBadgeMap - userSerial: 0 userHandle: UserHandle{0}
08-03 17:06:41.297 16134 16161 D BadgeDataProvider: updateBadgeMap - userSerial: 0 userHandle: UserHandle{0}
08-03 17:06:41.297 16134 16161 D BadgeDataProvider: updateBadgeMap - userSerial: 0 userHandle: UserHandle{0}
08-03 17:06:41.297 16134 16161 D BadgeDataProvider: updateBadgeMap - userSerial: 0 userHandle: UserHandle{0}
08-03 17:06:41.297 16134 16161 D BadgeDataProvider: updateBadgeMap - userSerial: 0 userHandle: UserHandle{0}
08-03 17:06:41.297 16134 16161 I BadgeUtility: Badge DB update: com.google.android.gm/com.google.android.gm.ConversationListActivityGmail#0|0|null
08-03 17:06:41.298  2522  2544 V WindowManager: Calling onTransitionReady: {id=113 t=TO_BACK f=0x106 trk=0 r=[0@Point(0, 0)] c=[{WCT{RemoteToken{d9acfad Task{1f6ff77 #1 type=home}}} m=TO_FRONT f=SHOW_WALLPAPER|MOVE_TO_TOP p=WCT{RemoteToken{2ff52e2 DefaultTaskDisplayArea@237030220}} leash=Surface(name=Task=1)/@0x7a4de95 sb=Rect(0, 0 - 1080, 2400) eb=Rect(0, 0 - 1080, 2400) d=0 taskParent=-1},{WCT{RemoteToken{2ff52e2 DefaultTaskDisplayArea@237030220}} m=TO_FRONT f=SHOW_WALLPAPER leash=Surface(name=DefaultTaskDisplayArea)/@0x8833e4c sb=Rect(0, 0 - 1080, 2400) eb=Rect(0, 0 - 1080, 2400) d=0},{null m=TO_FRONT f=IS_WALLPAPER|IS_OCCLUDED leash=Surface(name=WallpaperWindowToken{e3c41f6 token=android.os.Binder@9907e91})/@0x2f11756 sb=Rect(0, 0 - 1080, 2400) eb=Rect(0, 0 - 1080, 2400) d=0},{null m=TO_BACK f=IS_WALLPAPER leash=Surface(name=WallpaperWindowToken{ca3f9a5 token=android.os.Binder@d909b9c})/@0xf5afe7f sb=Rect(0, 0 - 1080, 2400) eb=Rect(0, 0 - 1080, 2400) d=0}]}
08-03 17:06:41.300  2522  2540 V WindowManager: Sent Transition (#113) createdAt=08-03 17:06:40.740 via request=TransitionRequestInfo { type = TO_BACK, triggerTask = null, pipTask = null, remoteTransition = null, displayChange = null, flags = 262, debugId = 113 }
08-03 17:06:41.300  2522  2540 V WindowManager:     startWCT=WindowContainerTransaction { changes = {} hops = [] errorCallbackToken=null taskFragmentOrganizer=null }
08-03 17:06:41.300  2522  2540 V WindowManager:     info={id=113 t=TO_BACK f=0x106 trk=0 r=[0@Point(0, 0)] c=[
08-03 17:06:41.300  2522  2540 V WindowManager:         {WCT{RemoteToken{d9acfad Task{1f6ff77 #1 type=home}}} m=TO_FRONT f=SHOW_WALLPAPER|MOVE_TO_TOP p=WCT{RemoteToken{2ff52e2 DefaultTaskDisplayArea@237030220}} leash=Surface(name=Task=1)/@0x7a4de95 sb=Rect(0, 0 - 1080, 2400) eb=Rect(0, 0 - 1080, 2400) d=0 taskParent=-1},
08-03 17:06:41.300  2522  2540 V WindowManager:         {WCT{RemoteToken{2ff52e2 DefaultTaskDisplayArea@237030220}} m=TO_FRONT f=SHOW_WALLPAPER leash=Surface(name=DefaultTaskDisplayArea)/@0x8833e4c sb=Rect(0, 0 - 1080, 2400) eb=Rect(0, 0 - 1080, 2400) d=0},
08-03 17:06:41.300  2522  2540 V WindowManager:         {null m=TO_FRONT f=IS_WALLPAPER|IS_OCCLUDED leash=Surface(name=WallpaperWindowToken{e3c41f6 token=android.os.Binder@9907e91})/@0x2f11756 sb=Rect(0, 0 - 1080, 2400) eb=Rect(0, 0 - 1080, 2400) d=0},
08-03 17:06:41.300  2522  2540 V WindowManager:         {null m=TO_BACK f=IS_WALLPAPER leash=Surface(name=WallpaperWindowToken{ca3f9a5 token=android.os.Binder@d909b9c})/@0xf5afe7f sb=Rect(0, 0 - 1080, 2400) eb=Rect(0, 0 - 1080, 2400) d=0}
08-03 17:06:41.300  2522  2540 V WindowManager:     ]}
08-03 17:06:41.300  4340  4696 D GameGenieHandler: packageName: com.asus.launcher taskId: 7917 reason: report-launched isFirstLaunchInMem: false windowingMode: 1 isDirectBoot: false mIsGameGenieWorking: false userId: 0 uid: 10093 pid: 16134
08-03 17:06:41.300  4340  4696 D GameGenieHandler: intent action: android.intent.action.MAIN className: com.android.launcher3.uioverrides.QuickstepLauncher
08-03 17:06:41.300  2522  2544 V WindowManager: Task info changed taskId=1
08-03 17:06:41.300  4340  4696 D GameGenieHandler: update mLastTriggerIntent: null
08-03 17:06:41.300  4340  4696 V GameGenieHandler: Start setGamingType: isAutoStart = false, isGame = false, windowingMode = 1
08-03 17:06:41.302  2522  3980 D WifiStaIfaceHidlImpl: getCachedScanData is not implemented by HIDL
08-03 17:06:41.303  4340  4696 V GameGenieHandler: End setGamingType
08-03 17:06:41.303  4340  4696 D LlmHandler: isRogDevice() ret = false
08-03 17:06:41.303  4112 14001 I FrewleTileCacheManagerV: (REDACTED) Fetched %d AP models from cache
08-03 17:06:41.304  4340  4340 D TaskWatcherSvc: pkgName: com.asus.launcher taskId: 7917 game app:0
08-03 17:06:41.304  2522  4903 I WindowManager: selectAnimation in Window{d6e5734 u0 NotificationShade}: transit=2
08-03 17:06:41.304  2522  4903 V WindowManager: applyAnimation: win=WindowStateAnimator{2d2fd2e NotificationShade} anim=0 attr=0x1 a=null transit=2 type=2040 isEntrance=false Callers com.android.server.wm.WindowManagerService.tryStartExitingAnimation:3229 com.android.server.wm.WindowManagerService.relayoutWindowInner:3003 com.android.server.wm.WindowManagerService.relayoutWindow:2701 com.android.server.wm.Session.relayout:308 android.view.IWindowSession$Stub.onTransact:767 com.android.server.wm.Session.onTransact:227 android.os.Binder.execTransactInternal:1505 android.os.Binder.execTransact:1444 <bottom of call stack> <bottom of call stack> <bottom of call stack> <bottom of call stack> <bottom of call stack> <bottom of call stack> <bottom of call stack> <bottom of call stack> <bottom of call stack> <bottom of call stack> <bottom of call stack> <bottom of call stack> 
08-03 17:06:41.304  2522  4903 E WindowManager: win=Window{d6e5734 u0 NotificationShade} destroySurfaces: appStopped=true win.mWindowRemovalAllowed=false win.mRemoveOnExit=false
08-03 17:06:41.304  2522  4903 I WindowManager: SURFACE DESTROY: Window{d6e5734 u0 NotificationShade}. java.lang.RuntimeException
08-03 17:06:41.304  2522  4903 I WindowManager: Destroying surface Surface(name=NotificationShade)/@0x4807010 called by com.android.server.wm.WindowStateAnimator.destroySurface:675 com.android.server.wm.WindowStateAnimator.destroySurfaceLocked:381 com.android.server.wm.WindowState.destroySurfaceUnchecked:3517 com.android.server.wm.WindowState.destroySurface:3491 com.android.server.wm.WindowManagerService.tryStartExitingAnimation:3261 com.android.server.wm.WindowManagerService.relayoutWindowInner:3003 com.android.server.wm.WindowManagerService.relayoutWindow:2701 com.android.server.wm.Session.relayout:308 
08-03 17:06:41.305     0     0 I KERNEL  : [422489.139348][    T1] init: processing action (persist.vendor.asus.foregroundapp=*) from (/vendor/etc/init/hw/init.asus.rc:684)
08-03 17:06:41.305  4340  4696 D GameModeHandler: handleAppFocus exit
08-03 17:06:41.305  2522  4903 D WindowManager: Clear animatingExit: reason=destroySurface win=Window{d6e5734 u0 NotificationShade}
08-03 17:06:41.306  2522  4903 V WindowManager: findFocusedWindow: Found new focus @ Window{9fade34 u0 com.asus.launcher/com.android.launcher3.uioverrides.QuickstepLauncher}
08-03 17:06:41.307     0     0 I KERNEL  : [422489.141763][    T1] init: processing action (sys.foregroundapp=*) from (/system/etc/init/init.asus.sys.rc:2)
08-03 17:06:41.310  4340  4699 D OpenedTimeAppInfoProvider: Update DB : number of affected records : 1
08-03 17:06:41.310  2522  4395 I WindowManager: Resumed activity; dropping state of: ActivityRecord{cdbb1c6 u0 com.asus.launcher/com.android.launcher3.uioverrides.QuickstepLauncher t7917}
08-03 17:06:41.311  4340  4340 D PwrSvrSvc: xProfile current package:com.asus.launcher act:com.android.launcher3.uioverrides.QuickstepLauncher sMode:0 pMode:10 game:0
08-03 17:06:41.311  4340  4340 D PwrSvrSvc: current package: mPreTaskId:-1 taskId:7917
08-03 17:06:41.312 14190 14190 I artd    : GetBestInfo: dm (/data/app/~~AcbxMY_e2OiavnmTvEEeNQ==/tv.camerabay-qKAkE_yVmBll2T7IwpYJ-A==/base.dm) is kOatUpToDate with filter 'verify' executable 'false'
08-03 17:06:41.313 16134 16161 D BadgeDataProvider: updateBadgeMap - userSerial: 0 userHandle: UserHandle{0}
08-03 17:06:41.313 16134 16161 D BadgeDataProvider: updateBadgeMap - userSerial: 0 userHandle: UserHandle{0}
08-03 17:06:41.313 16134 16161 D BadgeDataProvider: updateBadgeMap - userSerial: 0 userHandle: UserHandle{0}
08-03 17:06:41.313 16134 16161 D BadgeDataProvider: updateBadgeMap - userSerial: 0 userHandle: UserHandle{0}
08-03 17:06:41.313 16134 16161 D BadgeDataProvider: updateBadgeMap - userSerial: 0 userHandle: UserHandle{0}
08-03 17:06:41.313 16134 16161 D BadgeDataProvider: updateBadgeMap - userSerial: 0 userHandle: UserHandle{0}
08-03 17:06:41.313 16134 16161 D BadgeDataProvider: updateBadgeMap - userSerial: 0 userHandle: UserHandle{0}
08-03 17:06:41.313 16134 16161 D BadgeDataProvider: updateBadgeMap - userSerial: 0 userHandle: UserHandle{0}
08-03 17:06:41.313 16134 16161 D BadgeDataProvider: updateBadgeMap - userSerial: 0 userHandle: UserHandle{0}
08-03 17:06:41.313 16134 16161 D BadgeDataProvider: updateBadgeMap - userSerial: 0 userHandle: UserHandle{0}
08-03 17:06:41.314  4340  4699 D AsusGAHandler: notifyGAInfo isFocused=false
