--------- beginning of kernel
08-03 17:04:25.059     0     0 E KERNEL  : [422352.889872][T17279] [BAT][CHG]asus_jeita_cc_worker set BATTMAN_OEM_WORK_EVENT : WORK_JEITA_CC
08-03 17:04:25.059     0     0 I KERNEL  : [422352.891020][T11141] [BAT][CHG]handle_message set property:11 successfully
08-03 17:04:28.899     0     0 E KERNEL  : [422352.891085][T17279] [BAT][CHG]asus_jeita_cc_worker g_Charger_mode is false 5 s
08-03 17:04:28.899     0     0 I KERNEL  : [422356.731026][ T9151] (virq:irq_count)- 1:201113423 11:181684824 33:53782817 6:40131655 2:20826332 20:19414405 38:4951846 363:3055621 338:2879340 35:2817844
08-03 17:04:28.899     0     0 I KERNEL  : [422356.731183][ T9151] (cpu:irq_count)- 0:209648325 1:121459386 2:119097981 3:20737881 4:18974437 5:13346095 6:14204062 7:21319485
08-03 17:04:28.899     0     0 I KERNEL  : [422356.731250][ T9151] (ipi:irq_count)- 0:201113423 1:20826332 2:0 3:0 4:0 5:40131655 6:0
08-03 17:04:30.183     0     0 E KERNEL  : [422358.013938][T17279] [BAT][CHG]asus_jeita_cc_worker set BATTMAN_OEM_WORK_EVENT : WORK_JEITA_CC
08-03 17:04:30.183     0     0 I KERNEL  : [422358.015238][T10218] [BAT][CHG]handle_message set property:11 successfully
--------- beginning of system
08-03 17:04:30.429  1081 13773 I keystore2: system/security/keystore2/watchdog/src/lib.rs:319 - Watchdog thread idle -> terminating. Have a great day.
08-03 17:04:31.201  2522  8589 W ActivityManager: Unbind failed: could not find connection for android.os.BinderProxy@363ecfb
08-03 17:04:31.204  2522  8589 W ActivityManager: Unable to start service Intent { act=android.telephony.satellite.SatelliteService pkg=vendor.qti.data.ntnsatapp } U=0: not found
08-03 17:04:32.227     0     0 E KERNEL  : [422358.015323][T17279] [BAT][CHG]asus_jeita_cc_worker g_Charger_mode is false 5 s
08-03 17:04:32.227     0     0 E KERNEL  : [422360.059105][T17279] [BAT][CHG]asus_panel_check_worker set BATTMAN_OEM_WORK_EVENT : WORK_PANEL_CHECK
08-03 17:04:32.227     0     0 E KERNEL  : [422360.061013][T10218] [adsp] evtlog= [ADSP][CHG]BattMngrTech_ASUS_Set_Panel_State panel 0x2609 is 10
08-03 17:04:32.227     0     0 E KERNEL  : [422360.061066][T10218] [adsp] evtlog= [ADSP][CHG]BattMngrTech_ASUS_Set_Panel_State panel 0x2640 is 2
08-03 17:04:32.227     0     0 E KERNEL  : [422360.061139][ T9151] [adsp] evtlog= [ADSP][CHG]BattMngrTech_ASUS_Set_Panel_State panel_state=0, in_call=0 thermel_threshold=0
08-03 17:04:32.227     0     0 I KERNEL  : [422360.061210][T10218] [BAT][CHG]handle_message set property:11 successfully
08-03 17:04:35.299     0     0 E KERNEL  : [422363.130032][T17279] [BAT][CHG]asus_jeita_cc_worker set BATTMAN_OEM_WORK_EVENT : WORK_JEITA_CC
08-03 17:04:35.299     0     0 I KERNEL  : [422363.131955][T10218] [BAT][CHG]handle_message set property:11 successfully
08-03 17:04:38.375     0     0 E KERNEL  : [422363.132067][T17279] [BAT][CHG]asus_jeita_cc_worker g_Charger_mode is false 5 s
08-03 17:04:38.375     0     0 I KERNEL  : [422366.205742][T10218] (virq:irq_count)- 1:201116848 11:181688587 33:53783028 6:40132511 2:20826589 20:19415276 38:4951935 363:3055625 338:2879396 35:2817848
08-03 17:04:38.375     0     0 I KERNEL  : [422366.206000][T10218] (cpu:irq_count)- 0:209651860 1:121462187 2:119099939 3:20738285 4:18974626 5:13346512 6:14204115 7:21319835
08-03 17:04:38.375     0     0 I KERNEL  : [422366.206060][T10218] (ipi:irq_count)- 0:201116848 1:20826589 2:0 3:0 4:0 5:40132512 6:0
08-03 17:04:40.423     0     0 E KERNEL  : [422368.253406][T17279] [BAT][CHG]asus_jeita_cc_worker set BATTMAN_OEM_WORK_EVENT : WORK_JEITA_CC
08-03 17:04:40.423     0     0 I KERNEL  : [422368.255410][ T9151] [BAT][CHG]handle_message set property:11 successfully
08-03 17:04:42.019     0     0 E KERNEL  : [422368.255589][T17279] [BAT][CHG]asus_jeita_cc_worker g_Charger_mode is false 5 s
08-03 17:04:42.019     0     0 E KERNEL  : [422369.852543][ T9151] [adsp] evtlog= main_ma=69,charger_type=2,input_vol=4984, AICL=0xa 0x260E=0x0 0x2682=0xff 0x2683=0x0
08-03 17:04:42.467     0     0 I KERNEL  : [422370.298343][T17279] [BAT][CHG]asus_long_full_cap_monitor_worker set BATTMAN_OEM_WORK_EVENT : WORK_LONG_FULL_CAP
08-03 17:04:42.467     0     0 E KERNEL  : [422370.298575][T30399] [BAT][CHG]asus_panel_check_worker set BATTMAN_OEM_WORK_EVENT : WORK_PANEL_CHECK
08-03 17:04:42.467     0     0 I KERNEL  : [422370.300173][T26339] [BAT][CHG]handle_message set property:11 successfully
08-03 17:04:42.467     0     0 E KERNEL  : [422370.301787][T26339] [adsp] evtlog= [ADSP][CHG]BattMngrTech_ASUS_Set_Panel_State panel 0x2609 is 10
08-03 17:04:42.467     0     0 E KERNEL  : [422370.301947][T26339] [adsp] evtlog= [ADSP][CHG]BattMngrTech_ASUS_Set_Panel_State panel 0x2640 is 2
08-03 17:04:42.467     0     0 E KERNEL  : [422370.301970][T26339] [adsp] evtlog= [ADSP][CHG]BattMngrTech_ASUS_Set_Panel_State panel_state=0, in_call=0 thermel_threshold=0
08-03 17:04:42.467     0     0 I KERNEL  : [422370.301989][T26339] [BAT][CHG]handle_message set property:11 successfully
08-03 17:04:44.967     0     0 W KERNEL  : [422372.800150][ T1752] healthd: battery l=100 v=4412 t=31.0 h=2 st=5 c=0 fc=4171000 cc=13 chg=u
08-03 17:04:44.967  2522  6349 I BatteryService: lv: 100, st: 5, st_ex: 5, h: 2, plug: 2, chg_lmt: 0, asus_c: 0, s: 0, ab: 0, wlma: 0, fwstate: 2, fwVer: 18
08-03 17:04:44.975     0     0 I KERNEL  : [422372.808529][    T1] init: processing action (vendor.asus.dis_flash_light=0) from (/vendor/etc/init/hw/init.asus.rc:574)
08-03 17:04:44.975     0     0 I KERNEL  : [422372.809232][  T245] FLASH-ATD flash_led_store() id 0, command 2 0 0 rc=2
08-03 17:04:44.975     0     0 I KERNEL  : [422372.809247][  T245] FLASH-ATD asus_led_release() regulator already disabled, do nothing
08-03 17:04:44.975     0     0 I KERNEL  : [422372.809253][  T245] FLASH-ATD flash_led_store() id 0, command 2 0, rc 2, ATD status 1
08-03 17:04:44.982  2522  2522 D DeviceIdleController: becomeActiveLocked, reason = charging activeUid = 1000
08-03 17:04:44.988  2522  3608 I BatteryService: lv: 100, st: 5, st_ex: 5, h: 2, plug: 2, chg_lmt: 0, asus_c: 0, s: 0, ab: 0, wlma: 0, fwstate: 2, fwVer: 18
08-03 17:04:44.995     0     0 I KERNEL  : [422372.826863][    T1] init: processing action (vendor.asus.dis_flash_light=0) from (/vendor/etc/init/hw/init.asus.rc:574)
08-03 17:04:44.995     0     0 I KERNEL  : [422372.827328][  T245] FLASH-ATD flash_led_store() id 0, command 2 0 0 rc=2
08-03 17:04:44.995     0     0 I KERNEL  : [422372.827342][  T245] FLASH-ATD asus_led_release() regulator already disabled, do nothing
08-03 17:04:44.995     0     0 I KERNEL  : [422372.827347][  T245] FLASH-ATD flash_led_store() id 0, command 2 0, rc 2, ATD status 1
08-03 17:04:44.997  2522  2522 D DeviceIdleController: becomeActiveLocked, reason = charging activeUid = 1000
08-03 17:04:45.539     0     0 E KERNEL  : [422373.370232][T30399] [BAT][CHG]asus_jeita_cc_worker set BATTMAN_OEM_WORK_EVENT : WORK_JEITA_CC
08-03 17:04:45.539     0     0 I KERNEL  : [422373.371879][T26339] [BAT][CHG]handle_message set property:11 successfully
08-03 17:04:46.518  2522  2570 I ProcessStatsService: Pruning old procstats: /data/system/procstats/state-v2-2025-08-02-14-00-06.bin
08-03 17:04:47.843     0     0 E KERNEL  : [422373.371991][T30399] [BAT][CHG]asus_jeita_cc_worker g_Charger_mode is false 5 s
08-03 17:04:47.843     0     0 I KERNEL  : [422375.676658][ T9151] (virq:irq_count)- 1:201118941 11:181691410 33:53783178 6:40133092 2:20826742 20:19415626 38:4952003 363:3055703 338:2879408 35:2817909
08-03 17:04:47.843     0     0 I KERNEL  : [422375.676819][ T9151] (cpu:irq_count)- 0:209654744 1:121463691 2:119101783 3:20738438 4:18974685 5:13346544 6:14204118 7:21319838
08-03 17:04:47.843     0     0 I KERNEL  : [422375.676879][ T9151] (ipi:irq_count)- 0:201118941 1:20826742 2:0 3:0 4:0 5:40133092 6:0
08-03 17:04:50.659     0     0 E KERNEL  : [422378.490157][T30399] [BAT][CHG]asus_jeita_cc_worker set BATTMAN_OEM_WORK_EVENT : WORK_JEITA_CC
08-03 17:04:50.659     0     0 I KERNEL  : [422378.491991][T26339] [BAT][CHG]handle_message set property:11 successfully
08-03 17:04:52.493  2522  6349 D AlarmManager: setImpl: (a) wakeup alarm (app): 10146/com.google.android.gms, action: com.google.android.gms.gcm.HEARTBEAT_ALARM, 423580296
08-03 17:04:52.518  2522  6349 D AlarmManager: setImpl: (a) wakeup alarm (app): 10146/com.google.android.gms, action: com.google.android.chimera.IntentOperation.TARGETED_INTENT, 422500318
08-03 17:04:52.521  2522  6349 D AlarmManager: setImpl: (a) wakeup alarm (app): 10146/com.google.android.gms, action: com.google.android.gms.gcm.HEARTBEAT_ALARM, 423580325
08-03 17:04:52.529  2522  3608 D AlarmManager: setImpl: (a) wakeup alarm (app): 10146/com.google.android.gms, action: com.google.android.chimera.IntentOperation.TARGETED_INTENT, 422500318
08-03 17:04:52.532  2522  6349 D AlarmManager: setImpl: (a) wakeup alarm (app): 10146/com.google.android.gms, action: com.google.android.gms.gcm.HEARTBEAT_ALARM, 423580336
08-03 17:04:52.555  2522  3608 D AlarmManager: setImpl: (a) wakeup alarm (app): 10146/com.google.android.gms, action: com.google.android.chimera.IntentOperation.TARGETED_INTENT, 422500333
08-03 17:04:52.662  2522  3608 D AlarmManager: setImpl: (a) wakeup alarm (app): 10146/com.google.android.gms, action: com.google.android.gms.gcm.HEARTBEAT_ALARM, 423580466
08-03 17:04:52.670  2522  3608 D AlarmManager: setImpl: (a) wakeup alarm (app): 10146/com.google.android.gms, action: com.google.android.chimera.IntentOperation.TARGETED_INTENT, 422500473
08-03 17:04:52.671  2522  8589 D AlarmManager: setImpl: (a) wakeup alarm (app): 10146/com.google.android.gms, action: com.google.android.gms.gcm.HEARTBEAT_ALARM, 423580475
08-03 17:04:52.679  2522  6349 D AlarmManager: setImpl: (a) wakeup alarm (app): 10146/com.google.android.gms, action: com.google.android.chimera.IntentOperation.TARGETED_INTENT, 422500473
08-03 17:04:52.679  2522  3608 D AlarmManager: setImpl: (a) wakeup alarm (app): 10146/com.google.android.gms, action: com.google.android.gms.gcm.HEARTBEAT_ALARM, 423580484
08-03 17:04:52.690  2522  4291 D AlarmManager: setImpl: (a) wakeup alarm (app): 10146/com.google.android.gms, action: com.google.android.chimera.IntentOperation.TARGETED_INTENT, 422500482
08-03 17:04:52.707     0     0 E KERNEL  : [422378.492109][T30399] [BAT][CHG]asus_jeita_cc_worker g_Charger_mode is false 5 s
08-03 17:04:52.707     0     0 E KERNEL  : [422380.537921][T30399] [BAT][CHG]asus_panel_check_worker set BATTMAN_OEM_WORK_EVENT : WORK_PANEL_CHECK
08-03 17:04:52.707     0     0 E KERNEL  : [422380.539103][T10218] [adsp] evtlog= [ADSP][CHG]BattMngrTech_ASUS_Set_Panel_State panel 0x2609 is 10
08-03 17:04:52.707     0     0 E KERNEL  : [422380.539124][T10218] [adsp] evtlog= [ADSP][CHG]BattMngrTech_ASUS_Set_Panel_State panel 0x2640 is 2
08-03 17:04:52.707     0     0 E KERNEL  : [422380.539131][T10218] [adsp] evtlog= [ADSP][CHG]BattMngrTech_ASUS_Set_Panel_State panel_state=0, in_call=0 thermel_threshold=0
08-03 17:04:52.707     0     0 I KERNEL  : [422380.539202][T10218] [BAT][CHG]handle_message set property:11 successfully
08-03 17:04:53.874  2522  2522 D Telecom : TelecomServiceImpl: canReadPhoneState callingPackage = android: TSI.iIMC(a)@2eA
08-03 17:04:53.874  2522  2522 D Telecom : TelecomServiceImpl: isPrivilegedDialerCalling = android: TSI.iIMC(a)@2eA
08-03 17:04:53.982  2522  2522 D Telecom : TelecomServiceImpl: canReadPhoneState callingPackage = android: TSI.iIMC(a)@2eI
08-03 17:04:53.982  2522  2522 D Telecom : TelecomServiceImpl: isPrivilegedDialerCalling = android: TSI.iIMC(a)@2eI
08-03 17:04:53.993  2522  2522 W NotificationHistory: Attempted to add notif for locked/gone/disabled user 0
08-03 17:04:54.016  2522  8589 E NotificationService: Package enqueue rate is 6.5257354. Shedding 0|org.telegram.messenger|-1391856263|null|10218. package=org.telegram.messenger
08-03 17:04:54.030  2522  2522 D Telecom : TelecomServiceImpl: canReadPhoneState callingPackage = android: TSI.iIMC(a)@2eU
08-03 17:04:54.030  2522  2522 D Telecom : TelecomServiceImpl: isPrivilegedDialerCalling = android: TSI.iIMC(a)@2eU
08-03 17:04:54.035  2522  2522 D Telecom : TelecomServiceImpl: canReadPhoneState callingPackage = android: TSI.iIMC(a)@2ec
08-03 17:04:54.035  2522  2522 D Telecom : TelecomServiceImpl: isPrivilegedDialerCalling = android: TSI.iIMC(a)@2ec
08-03 17:04:54.052  2522  2522 D Telecom : TelecomServiceImpl: canReadPhoneState callingPackage = android: TSI.iIMC(a)@2eo
08-03 17:04:54.052  2522  2522 D Telecom : TelecomServiceImpl: isPrivilegedDialerCalling = android: TSI.iIMC(a)@2eo
08-03 17:04:54.056  2522  2522 D Telecom : TelecomServiceImpl: canReadPhoneState callingPackage = android: TSI.iIMC(a)@2e0
08-03 17:04:54.056  2522  2522 D Telecom : TelecomServiceImpl: isPrivilegedDialerCalling = android: TSI.iIMC(a)@2e0
08-03 17:04:54.067  2522  2522 D Telecom : TelecomServiceImpl: canReadPhoneState callingPackage = android: TSI.iIMC(a)@2fA
08-03 17:04:54.067  2522  2522 D Telecom : TelecomServiceImpl: isPrivilegedDialerCalling = android: TSI.iIMC(a)@2fA
08-03 17:04:54.076  2522  2522 D Telecom : TelecomServiceImpl: canReadPhoneState callingPackage = android: TSI.iIMC(a)@2fI
08-03 17:04:54.076  2522  2522 D Telecom : TelecomServiceImpl: isPrivilegedDialerCalling = android: TSI.iIMC(a)@2fI
08-03 17:04:54.113  2522  2522 W NotificationService: Removed summary didn't match old notification: old=0|org.telegram.messenger|1|null|10218, removed=0|org.telegram.messenger|1|null|10218
08-03 17:04:54.126  2522  8589 I ActivityManager: Process android.process.acore (pid 13174) has died: cch+25 CEM 
08-03 17:04:54.126  2522  6258 D CountryDetector: No listener is left
08-03 17:04:54.127  2522  8589 I Watchdog: Interesting Java process android.process.acore died. Pid 13174
08-03 17:04:54.130  2522  2541 D DisplayManagerService: Drop pending events for gone uid 10052
08-03 17:04:54.141  2522  2522 D Telecom : TelecomServiceImpl: canReadPhoneState callingPackage = android: TSI.iIMC(a)@2fc
08-03 17:04:54.142  2522  2522 D Telecom : TelecomServiceImpl: isPrivilegedDialerCalling = android: TSI.iIMC(a)@2fc
08-03 17:04:54.156  2522  2522 D Telecom : TelecomServiceImpl: canReadPhoneState callingPackage = android: TSI.iIMC(a)@2fk
08-03 17:04:54.156  2522  2522 D Telecom : TelecomServiceImpl: isPrivilegedDialerCalling = android: TSI.iIMC(a)@2fk
08-03 17:04:54.180  2522  6225 I ActivityManager: Process com.google.android.apps.messaging (pid 12608) has died: cch+15 CEM 
08-03 17:04:54.205  2522  2522 D Telecom : TelecomServiceImpl: canReadPhoneState callingPackage = android: TSI.iIMC(a)@2fw
08-03 17:04:54.205  2522  2522 D Telecom : TelecomServiceImpl: isPrivilegedDialerCalling = android: TSI.iIMC(a)@2fw
08-03 17:04:54.211  2522  2522 D Telecom : TelecomServiceImpl: canReadPhoneState callingPackage = android: TSI.iIMC(a)@2f4
08-03 17:04:54.211  2522  2522 D Telecom : TelecomServiceImpl: isPrivilegedDialerCalling = android: TSI.iIMC(a)@2f4
08-03 17:04:54.273  2522  3998 D CompatChangeReporter: Compat change id reported: 151861875; UID 10052; state: ENABLED
08-03 17:04:54.288  2522  2583 I Watchdog: Interesting Java process android.process.acore started. Pid 13845
08-03 17:04:54.288  2522  2583 I ActivityManager: Start proc 13845:android.process.acore/u0a52 for content provider {com.android.providers.contacts/com.android.providers.contacts.ContactsProvider2}
08-03 17:04:54.316  2522  2522 D Telecom : TelecomServiceImpl: canReadPhoneState callingPackage = android: TSI.iIMC(a)@2gI
08-03 17:04:54.316  2522  2522 D Telecom : TelecomServiceImpl: isPrivilegedDialerCalling = android: TSI.iIMC(a)@2gI
08-03 17:04:54.366  2522  7910 D CountryDetector: The first listener is added
08-03 17:04:54.426     0     0 E KERNEL  : [422382.260957][  T918] SELinux: avc:  denied  { find } for pid=13845 uid=10052 name=vendor.qti.hardware.perf2.IPerf/default scontext=u:r:priv_app:s0:c512,c768 tcontext=u:object_r:default_android_service:s0 tclass=service_manager permissive=0
08-03 17:04:54.542  2522  2522 D Telecom : TelecomServiceImpl: canReadPhoneState callingPackage = android: TSI.iIMC(a)@2gQ
08-03 17:04:54.543  2522  2522 D Telecom : TelecomServiceImpl: isPrivilegedDialerCalling = android: TSI.iIMC(a)@2gQ
08-03 17:04:54.844  2522  2522 D Telecom : TelecomServiceImpl: canReadPhoneState callingPackage = android: TSI.iIMC(a)@2gc
08-03 17:04:54.845  2522  2522 D Telecom : TelecomServiceImpl: isPrivilegedDialerCalling = android: TSI.iIMC(a)@2gc
08-03 17:04:55.779     0     0 E KERNEL  : [422383.610063][T30399] [BAT][CHG]asus_jeita_cc_worker set BATTMAN_OEM_WORK_EVENT : WORK_JEITA_CC
08-03 17:04:55.779     0     0 I KERNEL  : [422383.612029][T26339] [BAT][CHG]handle_message set property:11 successfully
08-03 17:04:57.315     0     0 E KERNEL  : [422383.612193][T30399] [BAT][CHG]asus_jeita_cc_worker g_Charger_mode is false 5 s
08-03 17:04:57.316     0     0 I KERNEL  : [422385.147676][T11141] (virq:irq_count)- 1:201130932 11:181696535 33:53786594 6:40136322 2:20828379 20:19416385 38:4952099 363:3055710 338:2879600 35:2817914
08-03 17:04:57.316     0     0 I KERNEL  : [422385.147832][T11141] (cpu:irq_count)- 0:209660928 1:121468643 2:119110655 3:20740084 4:18976245 5:13348237 6:14205714 7:21320817
08-03 17:04:57.316     0     0 I KERNEL  : [422385.147892][T11141] (ipi:irq_count)- 0:201130932 1:20828379 2:0 3:0 4:0 5:40136322 6:0
08-03 17:04:57.977  6150  8182 W LocaleConfig: The resource file pointed to by the given resource ID isn't found.
08-03 17:04:58.013  2522  2522 D Telecom : TelecomServiceImpl: canReadPhoneState callingPackage = android: TSI.iIMC(a)@2gk
08-03 17:04:58.013  2522  2522 D Telecom : TelecomServiceImpl: isPrivilegedDialerCalling = android: TSI.iIMC(a)@2gk
08-03 17:04:58.066  2522  2522 D Telecom : TelecomServiceImpl: canReadPhoneState callingPackage = android: TSI.iIMC(a)@2gs
08-03 17:04:58.066  2522  2522 D Telecom : TelecomServiceImpl: isPrivilegedDialerCalling = android: TSI.iIMC(a)@2gs
08-03 17:04:58.080  2522  2522 D Telecom : TelecomServiceImpl: canReadPhoneState callingPackage = android: TSI.iIMC(a)@2g0
08-03 17:04:58.080  2522  2522 D Telecom : TelecomServiceImpl: isPrivilegedDialerCalling = android: TSI.iIMC(a)@2g0
08-03 17:04:58.095  2522  2522 D Telecom : TelecomServiceImpl: canReadPhoneState callingPackage = android: TSI.iIMC(a)@2hA
08-03 17:04:58.095  2522  2522 D Telecom : TelecomServiceImpl: isPrivilegedDialerCalling = android: TSI.iIMC(a)@2hA
08-03 17:04:59.756  2522  4903 D AlarmManager: setImpl: (a) wakeup alarm (app): 10146/com.google.android.gms, action: com.google.android.gms.gcm.HEARTBEAT_ALARM, 423587560
08-03 17:04:59.770  2522  4903 D AlarmManager: setImpl: (a) wakeup alarm (app): 10146/com.google.android.gms, action: com.google.android.gms.gcm.HEARTBEAT_ALARM, 423587575
08-03 17:04:59.782  2522  6225 D AlarmManager: setImpl: (a) wakeup alarm (app): 10146/com.google.android.gms, action: com.google.android.gms.gcm.HEARTBEAT_ALARM, 423587586
08-03 17:04:59.794  2522  4776 D AlarmManager: setImpl: (a) wakeup alarm (app): 10146/com.google.android.gms, action: com.google.android.gms.gcm.HEARTBEAT_ALARM, 423587598
08-03 17:04:59.796  2522  7027 D AlarmManager: setImpl: (a) wakeup alarm (app): 10146/com.google.android.gms, action: com.google.android.gms.gcm.HEARTBEAT_ALARM, 423587601
08-03 17:05:00.003  2522  4903 D AlarmManager: setImpl: (a) wakeup alarm (app): 10049/com.android.systemui, action: , 422447805
08-03 17:05:00.003  2522  3638 W ActivityManager: Background start not allowed: service Intent { flg=0x4 cmp=com.easycard.wallet/.nonfc.services.PaymentService (has extras) } to com.easycard.wallet/.nonfc.services.PaymentService from pid=-1 uid=10379 pkg=com.easycard.wallet startFg?=false
08-03 17:05:00.014     0     0 W KERNEL  : [422387.846637][ T2542] (422387)2025-08-03 17:05:00 :[Alarm][userspace]:WakeupAppName: *walarm*:com.google.android.gms.auth.proximity.BleBackgroundAdvertiser.ALARM
08-03 17:05:00.009  2522  3638 D AlarmManager: [Alarm][userspace]: Android alarm wakeup device when screen off nowRTC-nextWakeup diffTime: 1 WakeupAppName: *walarm*:com.google.android.gms.auth.proximity.BleBackgroundAdvertiser.ALARM
08-03 17:05:00.017  2522  4776 D AlarmManager: setImpl: (a) wakeup alarm (app): 10049/com.android.systemui, action: , 422447804
08-03 17:05:00.023  2522  4903 D ShortcutService: rescanPackageIfNeeded 0@com.discord, forceRescan=false , isNewApp=false
08-03 17:05:00.035  2522  2570 W NotificationHistory: Attempted to remove conversation for locked/gone/disabled user 0
08-03 17:05:00.036  2522  4903 D ShortcutService: rescanPackageIfNeeded 0@com.discord, forceRescan=false , isNewApp=false
08-03 17:05:00.042  2522  4776 D ShortcutService: Getting shortcuts for launcher= androiduser=0 pkg=com.discord
08-03 17:05:00.043  2522  4776 E NotificationService: Package has already posted or enqueued 26 notifications.  Not showing more.  package=com.discord
08-03 17:05:00.051  4380  4380 V KeyguardStatusViewController: onTimeChanged
08-03 17:05:00.105  2522  7027 D ShortcutService: rescanPackageIfNeeded 0@com.discord, forceRescan=false , isNewApp=false
08-03 17:05:00.108  2522  7027 D ShortcutService: rescanPackageIfNeeded 0@com.discord, forceRescan=false , isNewApp=false
08-03 17:05:00.108  2522  2570 W NotificationHistory: Attempted to remove conversation for locked/gone/disabled user 0
08-03 17:05:00.111  2522  4776 D ShortcutService: Getting shortcuts for launcher= androiduser=0 pkg=com.discord
08-03 17:05:00.112  2522  4776 E NotificationService: Package has already posted or enqueued 26 notifications.  Not showing more.  package=com.discord
08-03 17:05:00.210  2522  2570 D ShortcutService: Getting shortcuts for launcher= com.asus.launcheruser=0 pkg=com.discord
08-03 17:05:00.211  2522  4037 D ShortcutService: Saving package item com.discord to /data/system_ce/0/shortcut_service/packages/com.discord.xml
08-03 17:05:00.237  2522  2570 D ShortcutService: Getting shortcuts for launcher= com.android.systemuiuser=0 pkg=com.discord
08-03 17:05:00.238  2522  2570 D ShortcutService: Getting shortcuts for launcher= com.google.android.asuser=0 pkg=com.discord
08-03 17:05:00.728  2522  7027 D ShortcutService: Getting shortcuts for launcher= com.asus.launcheruser=0 pkg=com.asus.deskclock
08-03 17:05:00.728 16134 16158 I LoadedApk: Performing receive of Intent { act=com.asus.intent.action.ICONPACK_CHANGED flg=0x10 pkg=com.asus.launcher (has extras) }, receiver=com.android.launcher3.icons.IconProvider$IconChangeReceiver@e92a56, duration=79
08-03 17:05:00.813  2522  7027 D ShortcutService: rescanPackageIfNeeded 0@com.discord, forceRescan=false , isNewApp=false
08-03 17:05:00.816  2522  4776 D ShortcutService: rescanPackageIfNeeded 0@com.discord, forceRescan=false , isNewApp=false
08-03 17:05:00.816  2522  2570 W NotificationHistory: Attempted to remove conversation for locked/gone/disabled user 0
08-03 17:05:00.818  2522  7027 D ShortcutService: Getting shortcuts for launcher= androiduser=0 pkg=com.discord
08-03 17:05:00.819  2522  7027 E NotificationService: Package has already posted or enqueued 26 notifications.  Not showing more.  package=com.discord
08-03 17:05:00.899     0     0 E KERNEL  : [422388.729914][T30399] [BAT][CHG]asus_jeita_rule_worker set BATTMAN_OEM_WORK_EVENT : WORK_JEITA_RULE
08-03 17:05:00.899     0     0 E KERNEL  : [422388.730012][T17279] [BAT][CHG]asus_jeita_cc_worker set BATTMAN_OEM_WORK_EVENT : WORK_JEITA_CC
08-03 17:05:00.899     0     0 E KERNEL  : [422388.732739][ T9151] [adsp] evtlog= SW_recharge soc_perc = 10000, termination_status = 0x1
08-03 17:05:00.899     0     0 E KERNEL  : [422388.732739][ T9151]
08-03 17:05:00.899     0     0 I KERNEL  : [422388.732815][ T9151] [BAT][CHG]handle_message set property:11 successfully
08-03 17:05:00.899     0     0 I KERNEL  : [422388.733960][ T9151] [BAT][CHG]handle_message set property:11 successfully
08-03 17:05:00.916  2522  2570 D ShortcutService: Getting shortcuts for launcher= com.asus.launcheruser=0 pkg=com.discord
08-03 17:05:00.916  2522  4037 D ShortcutService: Saving package item com.discord to /data/system_ce/0/shortcut_service/packages/com.discord.xml
08-03 17:05:00.927  2522  2570 D ShortcutService: Getting shortcuts for launcher= com.android.systemuiuser=0 pkg=com.discord
08-03 17:05:00.928  2522  2570 D ShortcutService: Getting shortcuts for launcher= com.google.android.asuser=0 pkg=com.discord
08-03 17:05:02.947     0     0 E KERNEL  : [422388.733989][T17279] [BAT][CHG]asus_jeita_cc_worker g_Charger_mode is false 5 s
08-03 17:05:02.947     0     0 E KERNEL  : [422390.778285][T17279] [BAT][CHG]asus_panel_check_worker set BATTMAN_OEM_WORK_EVENT : WORK_PANEL_CHECK
08-03 17:05:02.947     0     0 E KERNEL  : [422390.780227][T26339] [adsp] evtlog= [ADSP][CHG]BattMngrTech_ASUS_Set_Panel_State panel 0x2609 is 10
08-03 17:05:02.947     0     0 E KERNEL  : [422390.780322][T26339] [adsp] evtlog= [ADSP][CHG]BattMngrTech_ASUS_Set_Panel_State panel 0x2640 is 2
08-03 17:05:02.947     0     0 E KERNEL  : [422390.780341][T26339] [adsp] evtlog= [ADSP][CHG]BattMngrTech_ASUS_Set_Panel_State panel_state=0, in_call=0 thermel_threshold=0
08-03 17:05:02.947     0     0 I KERNEL  : [422390.780365][T26339] [BAT][CHG]handle_message set property:11 successfully
08-03 17:05:06.020     0     0 E KERNEL  : [422393.850037][T17279] [BAT][CHG]asus_jeita_cc_worker set BATTMAN_OEM_WORK_EVENT : WORK_JEITA_CC
08-03 17:05:06.020     0     0 I KERNEL  : [422393.851947][T26339] [BAT][CHG]handle_message set property:11 successfully
08-03 17:05:06.787     0     0 E KERNEL  : [422393.852068][T17279] [BAT][CHG]asus_jeita_cc_worker g_Charger_mode is false 5 s
08-03 17:05:06.787     0     0 I KERNEL  : [422394.620873][ T9151] (virq:irq_count)- 1:201136855 11:181701296 33:53787627 6:40137413 2:20828824 20:19417205 38:4952192 363:3055725 338:2879855 35:2817928
08-03 17:05:06.787     0     0 I KERNEL  : [422394.621052][ T9151] (cpu:irq_count)- 0:209666256 1:121471460 2:119115522 3:20740766 4:18976581 5:13348371 6:14206338 7:21320975
08-03 17:05:06.787     0     0 I KERNEL  : [422394.621110][ T9151] (ipi:irq_count)- 0:201136855 1:20828824 2:0 3:0 4:0 5:40137413 6:0
08-03 17:05:08.194  1081 13844 I keystore2: system/security/keystore2/watchdog/src/lib.rs:319 - Watchdog thread idle -> terminating. Have a great day.
08-03 17:05:09.728  2522  3638 D AlarmManager: [Alarm][userspace]:Doesn't Android setting RTC time wakeup device nowRTC-nextWakeup diffTime: -50274 when screen off. (*walarm*:MinTimer)
08-03 17:05:11.139     0     0 I KERNEL  : [422398.970324][T30399] [BAT][CHG][BAT][CHG]update_battery_safe +++
08-03 17:05:11.140     0     0 E KERNEL  : [422398.970662][T29745] [BAT][CHG]asus_jeita_cc_worker set BATTMAN_OEM_WORK_EVENT : WORK_JEITA_CC
08-03 17:05:11.140     0     0 E KERNEL  : [422398.971887][T10560] [BAT][CHG][ERR]asus_usb_thermal_worker: usb_conn_temp = 32734
08-03 17:05:11.140     0     0 I KERNEL  : [422398.971952][T10560] [BAT][CHG]conn_temp(32734), usb(1), otg(0), usb_connector = 0
08-03 17:05:11.143     0     0 I KERNEL  : [422398.975491][T26339] [BAT][CHG]handle_message set property:11 successfully
08-03 17:05:11.147     0     0 E KERNEL  : [422398.975594][T29745] [BAT][CHG]asus_jeita_cc_worker g_Charger_mode is false 5 s
08-03 17:05:11.147     0     0 I KERNEL  : [422398.978564][T30399] [BAT][CHG][BAT][CHG]update_battery_safe temp=310, capacity=100, cycle_count=13
08-03 17:05:11.147     0     0 I KERNEL  : [422398.978690][T30399] [BAT][CHG][BAT][CHG]backup_bat_percentage bat_percent=0; reload_condition=2
08-03 17:05:11.147     0     0 E KERNEL  : [422398.978703][T30399] Enter file_op, filename = /batinfo/Batpercentage
08-03 17:05:11.147     0     0 E KERNEL  : [422398.978714][T30399] file_op Start to write:/batinfo/Batpercentage
08-03 17:05:11.147     0     0 E KERNEL  : [422398.978737][T30399] Enter Batinfo_WT
08-03 17:05:11.147     0     0 E KERNEL  : [422398.978745][T30399] Batinfo_WT start lock!
08-03 17:05:11.147     0     0 E KERNEL  : [422398.978759][T30399] Batinfo_WT Get buffer!
08-03 17:05:11.147     0     0 E KERNEL  : [422398.978773][T30399] Batinfo_WT start unlock!
08-03 17:05:11.147     0     0 E KERNEL  : [422398.978787][T30399] Batinfo_WT set buffer succeed!
08-03 17:05:11.147     0     0 E KERNEL  : [422398.979001][T30399] Enter file_op, filename = /batinfo/bat_safety
08-03 17:05:11.147     0     0 E KERNEL  : [422398.979033][T30399] file_op Start to write:/batinfo/bat_safety
08-03 17:05:11.147     0     0 E KERNEL  : [422398.979051][T30399] Enter Batinfo_WT
08-03 17:05:11.147     0     0 E KERNEL  : [422398.979057][T30399] Batinfo_WT start lock!
08-03 17:05:11.147     0     0 E KERNEL  : [422398.979067][T30399] Batinfo_WT Get buffer!
08-03 17:05:11.147     0     0 E KERNEL  : [422398.979077][T30399] Batinfo_WT start unlock!
08-03 17:05:11.147     0     0 E KERNEL  : [422398.979088][T30399] Batinfo_WT set buffer succeed!
08-03 17:05:11.147     0     0 E KERNEL  : [422398.979099][T30399] Enter file_op, filename = /batinfo/.bs
08-03 17:05:11.147     0     0 E KERNEL  : [422398.979111][T30399] file_op Start to write:/batinfo/.bs
08-03 17:05:11.147     0     0 E KERNEL  : [422398.979126][T30399] Enter Batinfo_WT
08-03 17:05:11.147     0     0 E KERNEL  : [422398.979130][T30399] Batinfo_WT start lock!
08-03 17:05:11.147     0     0 E KERNEL  : [422398.979140][T30399] Batinfo_WT Get buffer!
08-03 17:05:11.147     0     0 E KERNEL  : [422398.979150][T30399] Batinfo_WT start unlock!
08-03 17:05:11.147     0     0 E KERNEL  : [422398.979161][T30399] Batinfo_WT set buffer succeed!
08-03 17:05:11.148     0     0 I KERNEL  : [422398.979172][T30399] [BAT][CHG][BAT][CHG]update_battery_safe ---
08-03 17:05:11.148     0     0 E KERNEL  : [422398.982340][T17279] [BAT][Ser]report Capacity ==>100, FCC:4408mAh, BMS:100, V:4409mV, Cur:0mA, Temp:31.0C, BATID:49366, CHG_Status:4(FULL), BAT_HEALTH:GOOD
08-03 17:05:12.027     0     0 E KERNEL  : [422399.860050][T26339] [adsp] evtlog= main_ma=50,charger_type=2,input_vol=4991, AICL=0xa 0x260E=0x0 0x2682=0xff 0x2683=0x0
08-03 17:05:12.349  2522  8122 D AlarmManager: setImpl: (a) wakeup alarm (app): 10146/com.google.android.gms, action: com.google.android.gms.gcm.HEARTBEAT_ALARM, 423600153
08-03 17:05:12.358  2522  4776 D AlarmManager: setImpl: (a) wakeup alarm (app): 10146/com.google.android.gms, action: com.google.android.chimera.IntentOperation.TARGETED_INTENT, 422520161
08-03 17:05:13.187     0     0 I KERNEL  : [422401.018301][T17279] [BAT][CHG]asus_long_full_cap_monitor_worker set BATTMAN_OEM_WORK_EVENT : WORK_LONG_FULL_CAP
08-03 17:05:13.187     0     0 E KERNEL  : [422401.018676][T30399] [BAT][CHG]asus_panel_check_worker set BATTMAN_OEM_WORK_EVENT : WORK_PANEL_CHECK
08-03 17:05:13.187     0     0 W KERNEL  : [422401.019009][T12679] [K][KTOP] asus Kernel Top Statistic start (01-06 05:20:00)
08-03 17:05:13.187     0     0 I KERNEL  : [422401.019624][T26339] [BAT][CHG]handle_message set property:11 successfully
08-03 17:05:13.187     0     0 E KERNEL  : [422401.020669][T26339] [adsp] evtlog= [ADSP][CHG]BattMngrTech_ASUS_Set_Panel_State panel 0x2609 is 10
08-03 17:05:13.187     0     0 E KERNEL  : [422401.020709][T26339] [adsp] evtlog= [ADSP][CHG]BattMngrTech_ASUS_Set_Panel_State panel 0x2640 is 2
08-03 17:05:13.187     0     0 E KERNEL  : [422401.020727][T26339] [adsp] evtlog= [ADSP][CHG]BattMngrTech_ASUS_Set_Panel_State panel_state=0, in_call=0 thermel_threshold=0
08-03 17:05:13.187     0     0 I KERNEL  : [422401.020749][T26339] [BAT][CHG]handle_message set property:11 successfully
08-03 17:05:13.191     0     0 I KERNEL  : [422401.024635][T12679] [K][KTOP]CPU Usage	PID	Name		Delta(865693470365 ns)
08-03 17:05:13.191     0     0 I KERNEL  : [422401.024683][T12679] [K][KTOP]     0.9%	13787	binder:13787_2		8172384381
08-03 17:05:13.191     0     0 I KERNEL  : [422401.024693][T12679] [K][KTOP]     0.6%	2522	system_server		5743299901
08-03 17:05:13.191     0     0 I KERNEL  : [422401.024699][T12679] [K][KTOP]     0.4%	13607	tch.android.app		4019023067
08-03 17:05:13.191     0     0 I KERNEL  : [422401.024705][T12679] [K][KTOP]     0.2%	6658	egram.messenger		1798467565
08-03 17:05:13.191     0     0 I KERNEL  : [422401.024711][T12679] [K][KTOP]     0.1%	4380	ndroid.systemui		1264116165
08-03 17:05:13.191     0     0 I KERNEL  : [422401.024718][T12679] [K][KTOP]     0.1%	4340	m.asus.services		1237139913
08-03 17:05:13.191     0     0 W KERNEL  : [422401.024761][T12679] [K][KTOP] asus Kernel Top Statistic done
08-03 17:05:16.259     0     0 I KERNEL  : [422404.091308][ T9151] (virq:irq_count)- 1:201138222 11:181704652 33:53787892 6:40138083 2:20829064 20:19417540 38:4952235 363:3055753 338:2879965 35:2817948
08-03 17:05:16.259     0     0 I KERNEL  : [422404.091378][ T9151] (cpu:irq_count)- 0:209670220 1:121472636 2:119116547 3:20740861 4:18976678 5:13348388 6:14206523 7:21320989
08-03 17:05:16.259     0     0 I KERNEL  : [422404.091400][ T9151] (ipi:irq_count)- 0:201138222 1:20829064 2:0 3:0 4:0 5:40138083 6:0
08-03 17:05:16.263     0     0 E KERNEL  : [422404.094017][T30399] [BAT][CHG]asus_jeita_cc_worker set BATTMAN_OEM_WORK_EVENT : WORK_JEITA_CC
08-03 17:05:16.263     0     0 I KERNEL  : [422404.095199][ T9151] [BAT][CHG]handle_message set property:11 successfully
08-03 17:05:21.379     0     0 E KERNEL  : [422404.095333][T30399] [BAT][CHG]asus_jeita_cc_worker g_Charger_mode is false 5 s
08-03 17:05:21.379     0     0 E KERNEL  : [422409.210200][T30399] [BAT][CHG]asus_jeita_cc_worker set BATTMAN_OEM_WORK_EVENT : WORK_JEITA_CC
08-03 17:05:21.379     0     0 I KERNEL  : [422409.211627][ T9151] [BAT][CHG]handle_message set property:11 successfully
08-03 17:05:23.427     0     0 E KERNEL  : [422409.211726][T30399] [BAT][CHG]asus_jeita_cc_worker g_Charger_mode is false 5 s
08-03 17:05:23.427     0     0 E KERNEL  : [422411.258160][T30399] [BAT][CHG]asus_panel_check_worker set BATTMAN_OEM_WORK_EVENT : WORK_PANEL_CHECK
08-03 17:05:23.427     0     0 E KERNEL  : [422411.260045][T26339] [adsp] evtlog= [ADSP][CHG]BattMngrTech_ASUS_Set_Panel_State panel 0x2609 is 10
08-03 17:05:23.427     0     0 E KERNEL  : [422411.260093][T26339] [adsp] evtlog= [ADSP][CHG]BattMngrTech_ASUS_Set_Panel_State panel 0x2640 is 2
08-03 17:05:23.427     0     0 E KERNEL  : [422411.260114][T26339] [adsp] evtlog= [ADSP][CHG]BattMngrTech_ASUS_Set_Panel_State panel_state=0, in_call=0 thermel_threshold=0
08-03 17:05:23.427     0     0 I KERNEL  : [422411.260189][ T9151] [BAT][CHG]handle_message set property:11 successfully
08-03 17:05:25.523  1081 13939 I keystore2: system/security/keystore2/watchdog/src/lib.rs:319 - Watchdog thread idle -> terminating. Have a great day.
08-03 17:05:25.731     0     0 I KERNEL  : [422413.563635][ T9151] (virq:irq_count)- 1:201138731 11:181707478 33:53787971 6:40138696 2:20829190 20:19417724 38:4952286 363:3055758 338:2879983 35:2817953
08-03 17:05:25.731     0     0 I KERNEL  : [422413.563765][ T9151] (cpu:irq_count)- 0:209673498 1:121473419 2:119116889 3:20740879 4:18976708 5:13348395 6:14206530 7:21320991
08-03 17:05:25.731     0     0 I KERNEL  : [422413.563828][ T9151] (ipi:irq_count)- 0:201138731 1:20829190 2:0 3:0 4:0 5:40138696 6:0
08-03 17:05:26.499     0     0 E KERNEL  : [422414.330019][T30399] [BAT][CHG]asus_jeita_cc_worker set BATTMAN_OEM_WORK_EVENT : WORK_JEITA_CC
08-03 17:05:26.499     0     0 I KERNEL  : [422414.331968][T11141] [BAT][CHG]handle_message set property:11 successfully
08-03 17:05:31.619     0     0 E KERNEL  : [422414.332089][T30399] [BAT][CHG]asus_jeita_cc_worker g_Charger_mode is false 5 s
08-03 17:05:31.619     0     0 E KERNEL  : [422419.450590][T30399] [BAT][CHG]asus_jeita_cc_worker set BATTMAN_OEM_WORK_EVENT : WORK_JEITA_CC
08-03 17:05:31.619     0     0 I KERNEL  : [422419.452527][T11141] [BAT][CHG]handle_message set property:11 successfully
08-03 17:05:33.667     0     0 E KERNEL  : [422419.452631][T30399] [BAT][CHG]asus_jeita_cc_worker g_Charger_mode is false 5 s
08-03 17:05:33.667     0     0 E KERNEL  : [422421.498336][T30399] [BAT][CHG]asus_panel_check_worker set BATTMAN_OEM_WORK_EVENT : WORK_PANEL_CHECK
08-03 17:05:33.667     0     0 E KERNEL  : [422421.500244][T26339] [adsp] evtlog= [ADSP][CHG]BattMngrTech_ASUS_Set_Panel_State panel 0x2609 is 10
08-03 17:05:33.667     0     0 E KERNEL  : [422421.500297][T26339] [adsp] evtlog= [ADSP][CHG]BattMngrTech_ASUS_Set_Panel_State panel 0x2640 is 2
08-03 17:05:33.667     0     0 E KERNEL  : [422421.500319][T26339] [adsp] evtlog= [ADSP][CHG]BattMngrTech_ASUS_Set_Panel_State panel_state=0, in_call=0 thermel_threshold=0
08-03 17:05:33.667     0     0 I KERNEL  : [422421.500396][T11141] [BAT][CHG]handle_message set property:11 successfully
08-03 17:05:34.452  2522  7027 W ActivityManager: Unbind failed: could not find connection for android.os.BinderProxy@e704872
08-03 17:05:34.458  2522  7027 W ActivityManager: Unable to start service Intent { act=android.telephony.satellite.SatelliteService pkg=vendor.qti.data.ntnsatapp } U=0: not found
08-03 17:05:35.203     0     0 I KERNEL  : [422423.036625][T26339] (virq:irq_count)- 1:201139143 11:181709833 33:53787975 6:40139256 2:20829306 20:19417854 38:4952332 363:3055761 338:2879995 35:2817956
08-03 17:05:35.203     0     0 I KERNEL  : [422423.036758][T26339] (cpu:irq_count)- 0:209676248 1:121473996 2:119117210 3:20740891 4:18976736 5:13348401 6:14206535 7:21320993
08-03 17:05:35.203     0     0 I KERNEL  : [422423.036816][T26339] (ipi:irq_count)- 0:201139143 1:20829306 2:0 3:0 4:0 5:40139256 6:0
08-03 17:05:36.743     0     0 E KERNEL  : [422424.572841][T30399] [BAT][CHG]asus_jeita_cc_worker set BATTMAN_OEM_WORK_EVENT : WORK_JEITA_CC
08-03 17:05:36.743     0     0 I KERNEL  : [422424.574479][T11141] [BAT][CHG]handle_message set property:11 successfully
08-03 17:05:41.859     0     0 E KERNEL  : [422424.574600][T30399] [BAT][CHG]asus_jeita_cc_worker g_Charger_mode is false 5 s
08-03 17:05:41.859     0     0 E KERNEL  : [422429.690334][T30399] [BAT][CHG]asus_jeita_cc_worker set BATTMAN_OEM_WORK_EVENT : WORK_JEITA_CC
08-03 17:05:41.859     0     0 I KERNEL  : [422429.692301][ T9151] [BAT][CHG]handle_message set property:11 successfully
08-03 17:05:42.036     0     0 E KERNEL  : [422429.692401][T30399] [BAT][CHG]asus_jeita_cc_worker g_Charger_mode is false 5 s
08-03 17:05:42.036     0     0 E KERNEL  : [422429.867313][ T9151] [adsp] evtlog= main_ma=50,charger_type=2,input_vol=4994, AICL=0xa 0x260E=0x0 0x2682=0xff 0x2683=0x0
08-03 17:05:43.907     0     0 I KERNEL  : [422431.738525][T30399] [BAT][CHG]asus_long_full_cap_monitor_worker set BATTMAN_OEM_WORK_EVENT : WORK_LONG_FULL_CAP
08-03 17:05:43.907     0     0 E KERNEL  : [422431.738771][T17279] [BAT][CHG]asus_panel_check_worker set BATTMAN_OEM_WORK_EVENT : WORK_PANEL_CHECK
08-03 17:05:43.907     0     0 I KERNEL  : [422431.739885][T11141] [BAT][CHG]handle_message set property:11 successfully
08-03 17:05:43.907     0     0 E KERNEL  : [422431.741013][T11141] [adsp] evtlog= [ADSP][CHG]BattMngrTech_ASUS_Set_Panel_State panel 0x2609 is 10
08-03 17:05:43.907     0     0 E KERNEL  : [422431.741045][T11141] [adsp] evtlog= [ADSP][CHG]BattMngrTech_ASUS_Set_Panel_State panel 0x2640 is 2
08-03 17:05:43.907     0     0 E KERNEL  : [422431.741066][T11141] [adsp] evtlog= [ADSP][CHG]BattMngrTech_ASUS_Set_Panel_State panel_state=0, in_call=0 thermel_threshold=0
08-03 17:05:43.907     0     0 I KERNEL  : [422431.741140][T26339] [BAT][CHG]handle_message set property:11 successfully
08-03 17:05:44.396  2522  7027 D AlarmManager: setImpl: (a) wakeup alarm (app): 10146/com.google.android.gms, action: com.google.android.gms.gcm.HEARTBEAT_ALARM, 423632200
08-03 17:05:44.406  2522  6225 D AlarmManager: setImpl: (a) wakeup alarm (app): 10146/com.google.android.gms, action: com.google.android.chimera.IntentOperation.TARGETED_INTENT, 422552208
08-03 17:05:44.415  2522  6225 D AlarmManager: setImpl: (a) wakeup alarm (app): 10146/com.google.android.gms, action: com.google.android.gms.gcm.HEARTBEAT_ALARM, 423632219
08-03 17:05:44.675     0     0 I KERNEL  : [422432.507659][T26339] (virq:irq_count)- 1:201139959 11:181711616 33:53788055 6:40139786 2:20829469 20:19418133 38:4952370 363:3055769 338:2880057 35:2817963
08-03 17:05:44.675     0     0 I KERNEL  : [422432.507786][T26339] (cpu:irq_count)- 0:209678453 1:121474943 2:119117762 3:20740971 4:18976793 5:13348413 6:14206592 7:21320999
08-03 17:05:44.675     0     0 I KERNEL  : [422432.507848][T26339] (ipi:irq_count)- 0:201139959 1:20829469 2:0 3:0 4:0 5:40139786 6:0
08-03 17:05:44.975     0     0 W KERNEL  : [422432.808131][ T1752] healthd: battery l=100 v=4409 t=31.0 h=2 st=5 c=0 fc=4171000 cc=13 chg=u
08-03 17:05:44.976  2522  4903 I BatteryService: lv: 100, st: 5, st_ex: 5, h: 2, plug: 2, chg_lmt: 0, asus_c: 0, s: 0, ab: 0, wlma: 0, fwstate: 2, fwVer: 18
08-03 17:05:44.985     0     0 I KERNEL  : [422432.819839][    T1] init: processing action (vendor.asus.dis_flash_light=0) from (/vendor/etc/init/hw/init.asus.rc:574)
08-03 17:05:44.991     0     0 I KERNEL  : [422432.821936][  T245] FLASH-ATD flash_led_store() id 0, command 2 0 0 rc=2
08-03 17:05:44.991     0     0 I KERNEL  : [422432.821965][  T245] FLASH-ATD asus_led_release() regulator already disabled, do nothing
08-03 17:05:44.991     0     0 I KERNEL  : [422432.821975][  T245] FLASH-ATD flash_led_store() id 0, command 2 0, rc 2, ATD status 1
08-03 17:05:44.995  2522  2522 D DeviceIdleController: becomeActiveLocked, reason = charging activeUid = 1000
08-03 17:05:44.997  2522  6225 I BatteryService: lv: 100, st: 5, st_ex: 5, h: 2, plug: 2, chg_lmt: 0, asus_c: 0, s: 0, ab: 0, wlma: 0, fwstate: 2, fwVer: 18
08-03 17:05:45.003     0     0 I KERNEL  : [422432.836663][    T1] init: processing action (vendor.asus.dis_flash_light=0) from (/vendor/etc/init/hw/init.asus.rc:574)
08-03 17:05:45.003     0     0 I KERNEL  : [422432.837383][  T245] FLASH-ATD flash_led_store() id 0, command 2 0 0 rc=2
08-03 17:05:45.003     0     0 I KERNEL  : [422432.837397][  T245] FLASH-ATD asus_led_release() regulator already disabled, do nothing
08-03 17:05:45.003     0     0 I KERNEL  : [422432.837402][  T245] FLASH-ATD flash_led_store() id 0, command 2 0, rc 2, ATD status 1
08-03 17:05:45.005  2522  2522 D DeviceIdleController: becomeActiveLocked, reason = charging activeUid = 1000
08-03 17:05:46.979     0     0 E KERNEL  : [422434.810007][T17279] [BAT][CHG]asus_jeita_cc_worker set BATTMAN_OEM_WORK_EVENT : WORK_JEITA_CC
08-03 17:05:46.979     0     0 I KERNEL  : [422434.811895][ T9151] [BAT][CHG]handle_message set property:11 successfully
08-03 17:05:52.099     0     0 E KERNEL  : [422434.812020][T17279] [BAT][CHG]asus_jeita_cc_worker g_Charger_mode is false 5 s
08-03 17:05:52.099     0     0 E KERNEL  : [422439.930113][T17279] [BAT][CHG]asus_jeita_cc_worker set BATTMAN_OEM_WORK_EVENT : WORK_JEITA_CC
08-03 17:05:52.099     0     0 I KERNEL  : [422439.932040][ T9151] [BAT][CHG]handle_message set property:11 successfully
08-03 17:05:53.921  2522  3638 D AlarmManager: background restrictions is pending alarm: com.easycard.wallet tag: *alarm*:com.easycard.wallet/.nonfc.services.PaymentService
08-03 17:05:53.922  2522  3638 D AlarmManager: [Alarm][userspace]:Doesn't Android setting RTC time wakeup device nowRTC-nextWakeup diffTime: -6080 when screen off. (*walarm*:MinTimer)
08-03 17:05:54.147     0     0 E KERNEL  : [422439.932134][T17279] [BAT][CHG]asus_jeita_cc_worker g_Charger_mode is false 5 s
08-03 17:05:54.147     0     0 E KERNEL  : [422441.978239][T17279] [BAT][CHG]asus_panel_check_worker set BATTMAN_OEM_WORK_EVENT : WORK_PANEL_CHECK
08-03 17:05:54.147     0     0 I KERNEL  : [422441.980099][T11141] (virq:irq_count)- 1:201140501 11:181714381 33:53788066 6:40140448 2:20829592 20:19418287 38:4952420 363:3055835 338:2880078 35:2818006
08-03 17:05:54.147     0     0 I KERNEL  : [422441.980211][T11141] (cpu:irq_count)- 0:209681671 1:121475753 2:119118111 3:20741009 4:18976829 5:13348419 6:14206615 7:21321001
08-03 17:05:54.147     0     0 I KERNEL  : [422441.980272][T11141] (ipi:irq_count)- 0:201140501 1:20829592 2:0 3:0 4:0 5:40140448 6:0
08-03 17:05:54.147     0     0 E KERNEL  : [422441.980340][T11141] [adsp] evtlog= [ADSP][CHG]BattMngrTech_ASUS_Set_Panel_State panel 0x2609 is 10
08-03 17:05:54.147     0     0 E KERNEL  : [422441.980362][T11141] [adsp] evtlog= [ADSP][CHG]BattMngrTech_ASUS_Set_Panel_State panel 0x2640 is 2
08-03 17:05:54.147     0     0 E KERNEL  : [422441.980381][T11141] [adsp] evtlog= [ADSP][CHG]BattMngrTech_ASUS_Set_Panel_State panel_state=0, in_call=0 thermel_threshold=0
08-03 17:05:54.147     0     0 I KERNEL  : [422441.980399][T11141] [BAT][CHG]handle_message set property:11 successfully
08-03 17:05:57.219     0     0 E KERNEL  : [422445.050173][T17279] [BAT][CHG]asus_jeita_cc_worker set BATTMAN_OEM_WORK_EVENT : WORK_JEITA_CC
08-03 17:05:57.219     0     0 I KERNEL  : [422445.052124][ T9151] [BAT][CHG]handle_message set property:11 successfully
08-03 17:05:59.352  2522  5143 D AlarmManager: setImpl: (a) wakeup alarm (app): 10146/com.google.android.gms, action: com.google.android.gms.gcm.HEARTBEAT_ALARM, 423647155
08-03 17:05:59.361  2522  5143 D AlarmManager: setImpl: (a) wakeup alarm (app): 10146/com.google.android.gms, action: com.google.android.chimera.IntentOperation.TARGETED_INTENT, 422567164
08-03 17:06:00.010  4380  4380 V KeyguardStatusViewController: onTimeChanged
08-03 17:06:00.010  2522  5143 D AlarmManager: setImpl: (a) wakeup alarm (app): 10049/com.android.systemui, action: , 422507804
08-03 17:06:00.018  2522  3638 D AlarmManager: [Alarm][userspace]: Android alarm wakeup device when screen off nowRTC-nextWakeup diffTime: 1 WakeupAppName: *walarm*:com.google.android.gms.auth.proximity.BleBackgroundAdvertiser.ALARM
08-03 17:06:00.023     0     0 E KERNEL  : [422445.052327][T17279] [BAT][CHG]asus_jeita_cc_worker g_Charger_mode is false 5 s
08-03 17:06:00.023     0     0 W KERNEL  : [422447.854638][ T2542] (422447)2025-08-03 17:06:00 :[Alarm][userspace]:WakeupAppName: *walarm*:com.google.android.gms.auth.proximity.BleBackgroundAdvertiser.ALARM
08-03 17:06:00.024  2522  4903 D AlarmManager: setImpl: (a) wakeup alarm (app): 10049/com.android.systemui, action: , 422507805
08-03 17:06:00.696  2522  4776 D ShortcutService: Getting shortcuts for launcher= com.asus.launcheruser=0 pkg=com.asus.deskclock
08-03 17:06:00.696 16134 16158 I LoadedApk: Performing receive of Intent { act=com.asus.intent.action.ICONPACK_CHANGED flg=0x10 pkg=com.asus.launcher (has extras) }, receiver=com.android.launcher3.icons.IconProvider$IconChangeReceiver@e92a56, duration=38
08-03 17:06:02.339     0     0 E KERNEL  : [422450.170789][T17279] [BAT][CHG]asus_jeita_rule_worker set BATTMAN_OEM_WORK_EVENT : WORK_JEITA_RULE
08-03 17:06:02.343     0     0 E KERNEL  : [422450.171091][T30399] [BAT][CHG]asus_jeita_cc_worker set BATTMAN_OEM_WORK_EVENT : WORK_JEITA_CC
08-03 17:06:02.343     0     0 E KERNEL  : [422450.174885][ T9151] [adsp] evtlog= SW_recharge soc_perc = 10000, termination_status = 0x1
08-03 17:06:02.343     0     0 E KERNEL  : [422450.174885][ T9151]
08-03 17:06:02.343     0     0 I KERNEL  : [422450.174934][ T9151] [BAT][CHG]handle_message set property:11 successfully
08-03 17:06:02.343     0     0 I KERNEL  : [422450.176566][ T9151] [BAT][CHG]handle_message set property:11 successfully
08-03 17:06:03.619     0     0 E KERNEL  : [422450.176634][T30399] [BAT][CHG]asus_jeita_cc_worker g_Charger_mode is false 5 s
08-03 17:06:03.619     0     0 I KERNEL  : [422451.451574][ T9151] (virq:irq_count)- 1:201142533 11:181717970 33:53788227 6:40141233 2:20829796 20:19418701 38:4952485 363:3055847 338:2880158 35:2818019
08-03 17:06:03.619     0     0 I KERNEL  : [422451.451732][ T9151] (cpu:irq_count)- 0:209685625 1:121477542 2:119119261 3:20741208 4:18977066 5:13348440 6:14206786 7:21321034
08-03 17:06:03.619     0     0 I KERNEL  : [422451.451789][ T9151] (ipi:irq_count)- 0:201142533 1:20829796 2:0 3:0 4:0 5:40141233 6:0
08-03 17:06:04.391     0     0 E KERNEL  : [422452.221291][T30399] [BAT][CHG]asus_panel_check_worker set BATTMAN_OEM_WORK_EVENT : WORK_PANEL_CHECK
08-03 17:06:04.391     0     0 E KERNEL  : [422452.222955][ T9151] [adsp] evtlog= [ADSP][CHG]BattMngrTech_ASUS_Set_Panel_State panel 0x2609 is 10
08-03 17:06:04.391     0     0 E KERNEL  : [422452.223009][ T9151] [adsp] evtlog= [ADSP][CHG]BattMngrTech_ASUS_Set_Panel_State panel 0x2640 is 2
08-03 17:06:04.391     0     0 E KERNEL  : [422452.223021][ T9151] [adsp] evtlog= [ADSP][CHG]BattMngrTech_ASUS_Set_Panel_State panel_state=0, in_call=0 thermel_threshold=0
08-03 17:06:04.391     0     0 I KERNEL  : [422452.223038][ T9151] [BAT][CHG]handle_message set property:11 successfully
08-03 17:06:07.459     0     0 E KERNEL  : [422455.290289][T30399] [BAT][CHG]asus_jeita_cc_worker set BATTMAN_OEM_WORK_EVENT : WORK_JEITA_CC
08-03 17:06:07.459     0     0 I KERNEL  : [422455.292262][ T9151] [BAT][CHG]handle_message set property:11 successfully
08-03 17:06:10.302  2522  3611 D AlarmManager: setImpl: (a) wakeup alarm (app): 10146/com.google.android.gms, action: com.google.android.gms.gcm.HEARTBEAT_ALARM, 423658106
08-03 17:06:10.313  2522  3611 D AlarmManager: setImpl: (a) wakeup alarm (app): 10146/com.google.android.gms, action: com.google.android.chimera.IntentOperation.TARGETED_INTENT, 422578115
08-03 17:06:10.320  2522  3611 D AlarmManager: setImpl: (a) wakeup alarm (app): 10146/com.google.android.gms, action: com.google.android.gms.gcm.HEARTBEAT_ALARM, 423658124
08-03 17:06:11.122  2522  7162 D AlarmManager: setImpl: (a) wakeup alarm (app): 10146/com.google.android.gms, action: com.google.android.gms.gcm.HEARTBEAT_ALARM, 423658926
08-03 17:06:11.134  2522  7162 D AlarmManager: setImpl: (a) wakeup alarm (app): 10146/com.google.android.gms, action: com.google.android.chimera.IntentOperation.TARGETED_INTENT, 422578937
08-03 17:06:12.043     0     0 E KERNEL  : [422455.292477][T30399] [BAT][CHG]asus_jeita_cc_worker g_Charger_mode is false 5 s
