08-03 17:06:40.040     0     0 I KERNEL  : [422487.874066][  T918] servicemanager: Notifying artd they do (previously: don't) have clients when service is guaranteed to be in use
08-03 17:06:40.040     0     0 I KERNEL  : [422487.874272][  T918] BpBinder: onLastStrongRef automatically unlinking death recipients:
08-03 17:06:40.043     0     0 E KERNEL  : [422487.875841][  T918] SELinux: avc:  denied  { find } for pid=14151 uid=10135 name=vendor.qti.hardware.perf2.IPerf/default scontext=u:r:priv_app:s0:c512,c768 tcontext=u:object_r:default_android_service:s0 tclass=service_manager permissive=0
08-03 17:06:40.069  2522  7011 D CompatChangeReporter: Compat change id reported: 261072174; UID 10135; state: ENABLED
08-03 17:06:40.106  2522  3625 W JobServiceContext: Sending onNetworkChanged for a job that isn't started. JobStatus{94a6073 #u0a57/2991 com.asus.weathertime/androidx.work.impl.background.systemjob.SystemJobService u=0 s=10057 TIME=-39s735ms:none NET STORENOTLOW READY}
08-03 17:06:40.106     0     0 E KERNEL  : [422487.938226][  T918] SELinux: avc:  denied  { find } for pid=14148 uid=10057 name=vendor.qti.hardware.perf2.IPerf/default scontext=u:r:priv_app:s0:c512,c768 tcontext=u:object_r:default_android_service:s0 tclass=service_manager permissive=0
08-03 17:06:40.125  2522  7910 D CompatChangeReporter: Compat change id reported: 161145287; UID 10135; state: ENABLED
08-03 17:06:40.126  2522  6292 D CompatChangeReporter: Compat change id reported: 311208629; UID 10057; state: ENABLED
08-03 17:06:40.128  2522  3130 D AutomaticBrightnessController: [ASUS BL] setAmbientLux:7.0 oriBrighteningThreshold:12.599999 mAmbientBrighteningThreshold:12.599999 mAmbientDarkeningThreshold:0.35000008
08-03 17:06:40.130  2522  7011 D CompatChangeReporter: Compat change id reported: 262645982; UID 10461; state: ENABLED
08-03 17:06:40.132  2522  4903 D CompatChangeReporter: Compat change id reported: 311402873; UID 10057; state: ENABLED
08-03 17:06:40.132  2522  4903 D CompatChangeReporter: Compat change id reported: 323349338; UID 10057; state: ENABLED
08-03 17:06:40.135  2522  3130 D AutomaticBrightnessController: [ASUS BL] setAmbientLux:7.0 oriBrighteningThreshold:12.599999 mAmbientBrighteningThreshold:12.599999 mAmbientDarkeningThreshold:0.35000008
08-03 17:06:40.147  2522  4903 D CompatChangeReporter: Compat change id reported: 253665015; UID 10135; state: ENABLED
08-03 17:06:40.168  2522  3986 D AlarmManager: setImpl: (a) wakeup alarm (system): 1000/android, action: , 422502973
08-03 17:06:40.215     0     0 I KERNEL  : [422488.047250][ T4166] [schedu][0x760af640a0e][17:06:40.212718] kiwi_v2: [4166:I:OSIF] scan start scan id 41317
08-03 17:06:40.334  2522  3130 D AutomaticBrightnessController: [ASUS BL] setAmbientLux:7.0 oriBrighteningThreshold:12.599999 mAmbientBrighteningThreshold:12.599999 mAmbientDarkeningThreshold:0.35000008
08-03 17:06:40.534  2522  3130 D AutomaticBrightnessController: [ASUS BL] setAmbientLux:7.0 oriBrighteningThreshold:12.599999 mAmbientBrighteningThreshold:12.599999 mAmbientDarkeningThreshold:0.35000008
08-03 17:06:40.536  2522  3130 D AutomaticBrightnessController: [ASUS BL] setAmbientLux:7.341772 oriBrighteningThreshold:13.215189 mAmbientBrighteningThreshold:13.215189 mAmbientDarkeningThreshold:0.3670887
08-03 17:06:40.536  2522  3130 D AutomaticBrightnessController: [ASUS BL] updateAutoBrightness: mScreenAutoBrightness=0.082124464, newScreenAutoBrightness=0.08426978
08-03 17:06:40.537  2522  3130 I DisplayPowerController2[0]: BrightnessEvent: disp=0, physDisp=local:4630947220766978691, displayState=ON, displayPolicy=BRIGHT, brt=0.08426978, initBrt=0.082124464, rcmdBrt=0.08426978, preBrt=NaN, lux=7.341772, preLux=NaN, hbmMax=1.0, hbmMode=off, rbcStrength=50, thrmMax=1.0, powerFactor=1.0, wasShortTermModelActive=false, flags=, reason=automatic, autoBrightness=true, strategy=InvalidBrightnessStrategy, autoBrightnessMode=default
08-03 17:06:40.537  2522  2522 I BrightnessSynchronizer: New PendingUpdate: {[282] 0.08426978(f), mUpdatedTypes=0, mConfirmedTypes=0, mTimeUpdated=0}, prev=null
08-03 17:06:40.537  2522  2543 D DisplayManagerService: Ignore redundant display event 0/4 to 10218/6658
08-03 17:06:40.537  2522  2543 D DisplayManagerService: Ignore redundant display event 0/4 to 10217/13607
08-03 17:06:40.537  2522  2543 D DisplayManagerService: Ignore redundant display event 0/4 to 10161/24790
08-03 17:06:40.537  2522  2543 D DisplayManagerService: Ignore redundant display event 0/4 to 10115/26391
08-03 17:06:40.537  2522  2543 D DisplayManagerService: Ignore redundant display event 0/4 to 10241/30308
08-03 17:06:40.539     0     0 I KERNEL  : [422488.373645][ T1973] [Display][msm-dsi:dsi_panel_update_backlight] [from] set bl=85
08-03 17:06:40.539     0     0 I KERNEL  : [422488.373661][ T1973] [Display][msm-dsi:dsi_panel_update_backlight] [to] set bl=85
08-03 17:06:40.556  2522  5116 I ThermalManagerService: No env_temp path!
08-03 17:06:40.559     0     0 I KERNEL  : [422488.393428][ T1973] [Display][msm-dsi:dsi_panel_update_backlight] [from] set bl=87
08-03 17:06:40.559     0     0 I KERNEL  : [422488.393438][ T1973] [Display][msm-dsi:dsi_panel_update_backlight] [to] set bl=87
08-03 17:06:40.615     0     0 W KERNEL  : [422488.449133][ T1074] [FTS_TS]fts_input_report_b:[B](id,x,y,p,area,touchs)(0,417,2181,1,3,1) DOWN!
--------- beginning of main
08-03 17:06:40.615  2522  2543 E Looper  : Error adding epoll events for fd 1296 while rebuilding epoll set: Bad file descriptor
08-03 17:06:40.615  2522  2543 E Looper  : Error adding epoll events for fd 292 while rebuilding epoll set: Operation not permitted
08-03 17:06:40.615  2522  2543 E Looper  : Error adding epoll events for fd 578 while rebuilding epoll set: Operation not permitted
08-03 17:06:40.615  2522  2543 E Looper  : Error adding epoll events for fd 845 while rebuilding epoll set: Operation not permitted
08-03 17:06:40.615  2522  2543 E Looper  : Error adding epoll events for fd 2001 while rebuilding epoll set: Bad file descriptor
08-03 17:06:40.615  2522  2543 W system_server: PointerController instance was released with pending callbacks.  events=0x1
08-03 17:06:40.616  2522  2543 W system_server: PointerController instance was released with pending callbacks.  events=0x1
08-03 17:06:40.616  2522  2543 W system_server: PointerController instance was released with pending callbacks.  events=0x1
08-03 17:06:40.616 16134 16134 D TouchInteractionService: onInputEvent.DOWN: [417, 2181]
08-03 17:06:40.616  4380  4380 D ViewRootImpl: equeueInputEvent MotionEvent { action=ACTION_DOWN, actionButton=0, id[0]=0, x[0]=417.6875, y[0]=2181.5, toolType[0]=TOOL_TYPE_FINGER, buttonState=0, classification=NONE, metaState=0, flags=0x0, edgeFlags=0x0, pointerCount=1, historySize=0, eventTime=422488419, downTime=422488419, deviceId=7, source=0x1002, displayId=0, eventId=718709718 },seq:10135
08-03 17:06:40.616 16134 16134 D TouchInteractionService: Touch outside of the navigation bar region(3), mUncheckedConsumer= TYPE_NO_OP
08-03 17:06:40.616 16134 16134 D TouchInteractionService: mUncheckedConsumer= TYPE_NO_OP
08-03 17:06:40.616  4380  4380 D NotificationShade: Touch(0) act=ACTION_DOWN, pos=417.6875,2181.5
08-03 17:06:40.613  2522  2522 W android.display: type=1400 audit(0.0:17912): avc:  denied  { read } for  name="u:object_r:vendor_default_prop:s0" dev="tmpfs" ino=458 scontext=u:r:system_server:s0 tcontext=u:object_r:vendor_default_prop:s0 tclass=file permissive=0
08-03 17:06:40.616  2522  2543 W libc    : Access denied finding property "vendor.gpp.create_frc_extension"
08-03 17:06:40.617  4380  4380 D AsusNotificationManager: isTouchOnHeadsup: false -> false
08-03 17:06:40.622  1900  1900 W Layer   : gatherBufferInfo: Received unknown dataspace from gralloc
08-03 17:06:40.706  4380  4523 D Tile.WifiTile: handleSetListening true - wifi
08-03 17:06:40.706  4380  4523 D Tile.BluetoothTile: handleSetListening true - bt
08-03 17:06:40.706  4380  4523 D Tile.SoundModeTile: handleSetListening true - soundMode
08-03 17:06:40.707  4380  4523 D ZenModeController: Added callback class com.android.systemui.qs.tiles.SoundModeTile$2
08-03 17:06:40.707  4380  4380 D Tile.WifiTile: onWifiSignalChanged enabled=true
08-03 17:06:40.707  4380  4523 D Tile.FlashlightTile: handleSetListening true - flashlight
08-03 17:06:40.707  4380  4523 D Tile.DndTile: handleSetListening true - dnd
08-03 17:06:40.708  4380  4523 D Tile.CustomTile: handleSetListening true - custom(com.asus.calculator/.quicksettings.EntryTileService)
08-03 17:06:40.708  4380  4380 D ZenModeController: Added callback class com.android.systemui.qs.tiles.DndTile$3
08-03 17:06:40.709  4380  5088 D BluetoothUtils: Bluetooth device Chromebook_C0F6 doesn't have exclusive manager
08-03 17:06:40.710  4380  4523 D Tile.WifiTile: handleSetListening false - wifi
08-03 17:06:40.710  4380  4523 D Tile.BluetoothTile: handleSetListening false - bt
08-03 17:06:40.710  4380  4523 D Tile.SoundModeTile: handleSetListening false - soundMode
08-03 17:06:40.710  4380  4523 D ZenModeController: Removed callback class com.android.systemui.qs.tiles.SoundModeTile$2
08-03 17:06:40.710  4380  4523 D Tile.FlashlightTile: handleSetListening false - flashlight
08-03 17:06:40.710  4380  4523 D Tile.DndTile: handleSetListening false - dnd
08-03 17:06:40.711  4380  4523 D Tile.CustomTile: handleSetListening false - custom(com.asus.calculator/.quicksettings.EntryTileService)
08-03 17:06:40.723  4380  4612 V ShortcutArea: right=IconModel(isVisible=false, contentDescription=null, icon=null, effectIcon=null, launch=null)
08-03 17:06:40.725  1845  5583 E ANDR-PERF-LM: StatsProvider: stats_nl_error_callback() 145: NL SOC receive error: No such process
08-03 17:06:40.725  1845  5583 E ANDR-PERF-LM: StatsProvider: sendRecvData() 386: nl_recvmsgs failed return=-12
08-03 17:06:40.726  1845  5583 E ANDR-PERF-LM: StatsProvider: getPIDStats() 198: sendRecvData returned error = -4
08-03 17:06:40.727  4380  4380 D ZenModeController: Removed callback class com.android.systemui.qs.tiles.DndTile$3
08-03 17:06:40.735  2522  3130 D AutomaticBrightnessController: [ASUS BL] setAmbientLux:7.655021 oriBrighteningThreshold:13.779037 mAmbientBrighteningThreshold:13.779037 mAmbientDarkeningThreshold:0.38275114
08-03 17:06:40.735  2522  3130 D AutomaticBrightnessController: [ASUS BL] updateAutoBrightness: mScreenAutoBrightness=0.08426978, newScreenAutoBrightness=0.086215734
08-03 17:06:40.736  2522  3130 I DisplayPowerController2[0]: BrightnessEvent: disp=0, physDisp=local:4630947220766978691, displayState=ON, displayPolicy=BRIGHT, brt=0.086215734, initBrt=0.08426978, rcmdBrt=0.086215734, preBrt=NaN, lux=7.655021, preLux=NaN, hbmMax=1.0, hbmMode=off, rbcStrength=50, thrmMax=1.0, powerFactor=1.0, wasShortTermModelActive=false, flags=, reason=automatic, autoBrightness=true, strategy=InvalidBrightnessStrategy, autoBrightnessMode=default
08-03 17:06:40.736  2522  2522 I BrightnessSynchronizer: New PendingUpdate: {[283] 0.086215734(f), mUpdatedTypes=0, mConfirmedTypes=0, mTimeUpdated=0}, prev=null
08-03 17:06:40.736  2522  2543 D DisplayManagerService: Ignore redundant display event 0/4 to 10218/6658
08-03 17:06:40.736  2522  2543 D DisplayManagerService: Ignore redundant display event 0/4 to 10217/13607
08-03 17:06:40.736  2522  2543 D DisplayManagerService: Ignore redundant display event 0/4 to 10161/24790
08-03 17:06:40.736  2522  2543 D DisplayManagerService: Ignore redundant display event 0/4 to 10115/26391
08-03 17:06:40.736  2522  2543 D DisplayManagerService: Ignore redundant display event 0/4 to 10241/30308
08-03 17:06:40.737  2522  2522 I BrightnessSynchronizer: [283] New Update 0.086215734(f) set brightness values:  23(i)
08-03 17:06:40.737  2522  2522 I BrightnessSynchronizer: Swallowing update of 23(i) by update: {[283] 0.086215734(f), mUpdatedTypes=1, mConfirmedTypes=1, mTimeUpdated=422488541}
08-03 17:06:40.737  2522  2522 I BrightnessSynchronizer: Completed Update: {[283] 0.086215734(f), mUpdatedTypes=1, mConfirmedTypes=1, mTimeUpdated=422488541}
08-03 17:06:40.737  6416  6416 V OutDoorService: onChange uricontent://settings/system/screen_brightness
08-03 17:06:40.738  6416  6416 V OutDoorService: mBrightnessValue:23
08-03 17:06:40.739  1747  4762 D vendor.qti.bluetooth@1.1-wake_lock: Release wakelock is released 
08-03 17:06:40.740  4380  4611 D KeyguardTransitionRepository: (Internal) Setting current transition info: TransitionInfo(ownerName=FromLockscreenTransitionInteractor, from=LOCKSCREEN, to=GONE, animated)
08-03 17:06:40.740  2522  4395 V WindowManager: Creating Transition: TransitionRecord{1d6b127 id=-1 type=TO_BACK flags=0x106}
08-03 17:06:40.740  2522  4395 V WindowManager: SyncGroup 113: Started for listener: TransitionRecord{1d6b127 id=-1 type=TO_BACK flags=0x106}
08-03 17:06:40.740  2522  4395 V WindowManager: Start collecting in Transition: TransitionRecord{1d6b127 id=113 type=TO_BACK flags=0x106}
08-03 17:06:40.740  2522  4395 V WindowManager: Requesting StartTransition: TransitionRecord{1d6b127 id=113 type=TO_BACK flags=0x106}
08-03 17:06:40.741  2522  4395 D WindowManager: Remove sleep token: tag=keyguard, displayId=0
08-03 17:06:40.741  2522  4395 D ActivityTaskManager: Top Process State changed to PROCESS_STATE_TOP
08-03 17:06:40.742  2522  4395 D WindowManager: resumeTopActivity: Restarting ActivityRecord{ec220f8 u0 com.linkbubble.playstore.dev/com.linkbubble.ui.EntryActivity t7952}
08-03 17:06:40.742  2522  2543 V GrammaticalInflectionUtils: AttributionSource: android.content.AttributionSource@4dad0b24 does not have READ_SYSTEM_GRAMMATICAL_GENDER permission.
08-03 17:06:40.742  2522  4395 V WindowManager: setAppVisibility(Token{57454a4 ActivityRecord{ec220f8 u0 com.linkbubble.playstore.dev/com.linkbubble.ui.EntryActivity t7952}}, visible=true): mNextAppTransitionRequests=[], mNextAppTransitionFlags= visible=false mVisibleRequested=false Callers=com.android.server.wm.ActivityRecord.setVisibility:5775 com.android.server.wm.EnsureActivitiesVisibleHelper.makeVisibleAndRestartIfNeeded:257 com.android.server.wm.EnsureActivitiesVisibleHelper.setActivityVisibilityState:181 com.android.server.wm.EnsureActivitiesVisibleHelper.process:130 com.android.server.wm.TaskFragment.updateActivityVisibilities:1349 com.android.server.wm.Task.lambda$ensureActivitiesVisible$19:5402 
08-03 17:06:40.742  2522  4395 V WindowManager: Collecting in transition 113: ActivityRecord{ec220f8 u0 com.linkbubble.playstore.dev/com.linkbubble.ui.EntryActivity t7952}
08-03 17:06:40.742  2522  4395 V WindowManager:  Creating Ready-group for Transition 113 with root=Display{#0 state=ON size=1080x2400 ROTATION_0}
08-03 17:06:40.742  2522  4395 V WindowManager: SyncGroup 113: Adding to group: ActivityRecord{ec220f8 u0 com.linkbubble.playstore.dev/com.linkbubble.ui.EntryActivity t7952}
08-03 17:06:40.742  2522  4395 V WindowManager: setSyncGroup #113 on ActivityRecord{ec220f8 u0 com.linkbubble.playstore.dev/com.linkbubble.ui.EntryActivity t7952}
08-03 17:06:40.743  2522  4395 V WindowManager: setClientVisible: ActivityRecord{ec220f8 u0 com.linkbubble.playstore.dev/com.linkbubble.ui.EntryActivity t7952} clientVisible=true Callers=com.android.server.wm.ActivityRecord.setClientVisible:7608 com.android.server.wm.ActivityRecord.setVisibility:5880 com.android.server.wm.ActivityRecord.setVisibility:5775 com.android.server.wm.EnsureActivitiesVisibleHelper.makeVisibleAndRestartIfNeeded:257 com.android.server.wm.EnsureActivitiesVisibleHelper.setActivityVisibilityState:181 
08-03 17:06:40.743  2522  4395 V WindowManager: No longer Stopped: ActivityRecord{ec220f8 u0 com.linkbubble.playstore.dev/com.linkbubble.ui.EntryActivity t7952}
08-03 17:06:40.743  2522  4395 V WindowManager: setAppVisibility(Token{29440dd ActivityRecord{cdbb1c6 u0 com.asus.launcher/com.android.launcher3.uioverrides.QuickstepLauncher t7917}}, visible=true): mNextAppTransitionRequests=[], mNextAppTransitionFlags= visible=false mVisibleRequested=false Callers=com.android.server.wm.ActivityRecord.setVisibility:5775 com.android.server.wm.ActivityRecord.makeVisibleIfNeeded:6616 com.android.server.wm.EnsureActivitiesVisibleHelper.setActivityVisibilityState:202 com.android.server.wm.EnsureActivitiesVisibleHelper.process:130 com.android.server.wm.TaskFragment.updateActivityVisibilities:1349 com.android.server.wm.Task.lambda$ensureActivitiesVisible$19:5402 
08-03 17:06:40.743  2522  4395 V WindowManager: Collecting in transition 113: ActivityRecord{cdbb1c6 u0 com.asus.launcher/com.android.launcher3.uioverrides.QuickstepLauncher t7917}
08-03 17:06:40.743  2522  4395 V WindowManager: SyncGroup 113: Adding to group: ActivityRecord{cdbb1c6 u0 com.asus.launcher/com.android.launcher3.uioverrides.QuickstepLauncher t7917}
08-03 17:06:40.743  2522  4395 V WindowManager: setSyncGroup #113 on ActivityRecord{cdbb1c6 u0 com.asus.launcher/com.android.launcher3.uioverrides.QuickstepLauncher t7917}
08-03 17:06:40.743  2522  4395 V WindowManager: setClientVisible: ActivityRecord{cdbb1c6 u0 com.asus.launcher/com.android.launcher3.uioverrides.QuickstepLauncher t7917} clientVisible=true Callers=com.android.server.wm.ActivityRecord.setClientVisible:7608 com.android.server.wm.ActivityRecord.setVisibility:5880 com.android.server.wm.ActivityRecord.setVisibility:5775 com.android.server.wm.ActivityRecord.makeVisibleIfNeeded:6616 com.android.server.wm.EnsureActivitiesVisibleHelper.setActivityVisibilityState:202 
08-03 17:06:40.743  2522  4395 V WindowManager: No longer Stopped: ActivityRecord{cdbb1c6 u0 com.asus.launcher/com.android.launcher3.uioverrides.QuickstepLauncher t7917}
08-03 17:06:40.743 19807 19807 D VRI[0 fl=}]: visibilityChanged oldVisibility=false newVisibility=true
08-03 17:06:40.744     0     0 I KERNEL  : [422488.578247][ T1973] [Display][msm-dsi:dsi_panel_update_backlight] [from] set bl=88
08-03 17:06:40.744     0     0 I KERNEL  : [422488.578264][ T1973] [Display][msm-dsi:dsi_panel_update_backlight] [to] set bl=88
08-03 17:06:40.744  2522  4395 V WindowManager: State movement: ActivityRecord{cdbb1c6 u0 com.asus.launcher/com.android.launcher3.uioverrides.QuickstepLauncher t7917} from:STOPPED to:STARTED reason:makeActiveIfNeeded
08-03 17:06:40.745  1845  5776 E ANDR-PERF-LM: MetaMeter: handleAsync() 166: AdaptLaunch Invalid Async
08-03 17:06:40.745  2522  4395 D WindowManager: resumeTopActivity: Restarting ActivityRecord{ec220f8 u0 com.linkbubble.playstore.dev/com.linkbubble.ui.EntryActivity t7952}
08-03 17:06:40.746  2522  4395 V WindowManager:  Setting Ready-group to true. group=Display{#0 state=ON size=1080x2400 ROTATION_0} from Display{#0 state=ON size=1080x2400 ROTATION_0}
08-03 17:06:40.746  2522  4395 V WindowManager: Collecting in transition 113: WallpaperWindowToken{e3c41f6 token=android.os.Binder@9907e91}
08-03 17:06:40.746  2522  4395 V WindowManager: SyncGroup 113: Adding to group: WallpaperWindowToken{e3c41f6 token=android.os.Binder@9907e91}
08-03 17:06:40.746  2522  4395 V WindowManager: setSyncGroup #113 on WallpaperWindowToken{e3c41f6 token=android.os.Binder@9907e91}
08-03 17:06:40.746  2522  4395 V WindowManager: commitVisibility: WallpaperWindowToken{e3c41f6 token=android.os.Binder@9907e91}: visible=false mVisibleRequested=true
08-03 17:06:40.746  2522  4395 V WindowManager: setClientVisible: WallpaperWindowToken{e3c41f6 token=android.os.Binder@9907e91} clientVisible=true Callers=com.android.server.wm.WallpaperWindowToken.setVisible:194 com.android.server.wm.WallpaperWindowToken.commitVisibility:244 com.android.server.wm.WallpaperWindowToken.setVisibility:232 com.android.server.wm.WallpaperWindowToken.updateWallpaperWindows:158 com.android.server.wm.WallpaperController.updateWallpaperTokens:893 
08-03 17:06:40.746  2522  4395 V WindowManager: Collecting in transition 113: WallpaperWindowToken{ca3f9a5 token=android.os.Binder@d909b9c}
08-03 17:06:40.746  2522  4395 V WindowManager: SyncGroup 113: Adding to group: WallpaperWindowToken{ca3f9a5 token=android.os.Binder@d909b9c}
08-03 17:06:40.746  2522  4395 V WindowManager: setSyncGroup #113 on WallpaperWindowToken{ca3f9a5 token=android.os.Binder@d909b9c}
08-03 17:06:40.747  2522  4903 V WindowManager: Starting Transition 113
08-03 17:06:40.747  2522  4903 V WindowManager:  allReady query: used=true override=false defer=0 states=[Display{#0 state=ON size=1080x2400 ROTATION_0}:true]
08-03 17:06:40.747  2522  4395 D InadvertentTouchController: notifyKeyguardUnlock called
08-03 17:06:40.747 16134 16134 I LauncherLife: [onStart] called, QuickstepLauncher@b8fab97
08-03 17:06:40.747  2522  4237 D InadvertentTouchController: <MSG_KEYGUARD_UNLOCK> mInadvertentTouchEnable false. return
08-03 17:06:40.747  2522  4903 V WindowManager: Set transition ready=true 113
08-03 17:06:40.747  2522  4903 V WindowManager: SyncGroup 113: Set ready true
08-03 17:06:40.748  2522  4903 V WindowManager: Apply window transaction, syncId=-1
08-03 17:06:40.748  2522  2544 V WindowManager: SyncGroup 113: onSurfacePlacement checking {WallpaperWindowToken{ca3f9a5 token=android.os.Binder@d909b9c}, ActivityRecord{cdbb1c6 u0 com.asus.launcher/com.android.launcher3.uioverrides.QuickstepLauncher t7917}, WallpaperWindowToken{e3c41f6 token=android.os.Binder@9907e91}, ActivityRecord{ec220f8 u0 com.linkbubble.playstore.dev/com.linkbubble.ui.EntryActivity t7952}}
08-03 17:06:40.749  2522  2544 V WindowManager: SyncGroup 113:  Unfinished container: ActivityRecord{ec220f8 u0 com.linkbubble.playstore.dev/com.linkbubble.ui.EntryActivity t7952}
08-03 17:06:40.753 16134 16134 V Launcher.Now.Callback: Time spent in onStart: 6 ms, com.google.android.libraries.gsa.launcherclient.LauncherClient@58fc252
08-03 17:06:40.755  6201  6290 D ForegroundUtils: Foreground UID status:
08-03 17:06:40.755  6201  6290 D ForegroundUtils: UID: 10049 is in foreground: true
08-03 17:06:40.755  6201  6290 D ForegroundUtils: UID: 10093 is in foreground: true
08-03 17:06:40.755  6201  6290 D ForegroundUtils: UID: 10175 is in foreground: true
08-03 17:06:40.755  6201  6290 D ForegroundUtils: UID: 10185 is in foreground: true
08-03 17:06:40.755  6201  6290 D ForegroundUtils: UID: 10201 is in foreground: true
08-03 17:06:40.755  6201  6290 D ForegroundUtils: UID: 10203 is in foreground: false
08-03 17:06:40.755  6201  6290 D ForegroundUtils: UID: 10241 is in foreground: false
08-03 17:06:40.755  6201  6290 D ForegroundUtils: Foreground UID status:
08-03 17:06:40.755  6201  6290 D ForegroundUtils: UID: 10049 is in foreground: true
08-03 17:06:40.755  6201  6290 D ForegroundUtils: UID: 10093 is in foreground: true
08-03 17:06:40.755  6201  6290 D ForegroundUtils: UID: 10175 is in foreground: true
08-03 17:06:40.755  6201  6290 D ForegroundUtils: UID: 10185 is in foreground: true
08-03 17:06:40.755  6201  6290 D ForegroundUtils: UID: 10201 is in foreground: true
08-03 17:06:40.755  6201  6290 D ForegroundUtils: UID: 10203 is in foreground: false
08-03 17:06:40.755  6201  6290 D ForegroundUtils: UID: 10241 is in foreground: false
08-03 17:06:40.755  2522  2540 D AlarmManagerServiceInjector: background restricted unblock alarm for 10203
08-03 17:06:40.756  1900  1900 I BpBinder: onLastStrongRef automatically unlinking death recipients: 
08-03 17:06:40.758 16134 16134 D AsusLauncherTracker: isEnableGaDefaultValue :true, AsusAnalyticsStatus: true
08-03 17:06:40.758 16134 16134 V LauncherLife: Time spent in onStart: 11 ms
08-03 17:06:40.759  2522  7910 I WindowManager: createSurface WindowStateAnimator{e42117b (1-1)-Window{2f9e5a alpha=1.0 fl=}}: mDrawState=DRAW_PENDING
08-03 17:06:40.759 16134 16134 D ActivityThread: updateVisibility r.activity.makeVisible()
08-03 17:06:40.759  1691  1691 D Zygote  : Forked child process 14244
08-03 17:06:40.759  2522  4903 D CompatChangeReporter: Compat change id reported: 151861875; UID 10093; state: ENABLED
08-03 17:06:40.760  2522  4903 V GrammaticalInflectionUtils: AttributionSource: android.content.AttributionSource@d9b5a694 does not have READ_SYSTEM_GRAMMATICAL_GENDER permission.
08-03 17:06:40.760  2522  7910 I WindowManager:   CREATE SURFACE Surface(name=(1-1)-Window{2f9e5a alpha=1.0 fl=})/@0x4a9ac79 IN SESSION android.view.SurfaceSession@14f3ff1: pid=19807 format=-2 flags=0x4 / WindowStateAnimator{e42117b (1-1)-Window{2f9e5a alpha=1.0 fl=}}
08-03 17:06:40.760  2522  7910 V WindowManager: SyncGroup 113: onSurfacePlacement checking {WallpaperWindowToken{ca3f9a5 token=android.os.Binder@d909b9c}, ActivityRecord{cdbb1c6 u0 com.asus.launcher/com.android.launcher3.uioverrides.QuickstepLauncher t7917}, WallpaperWindowToken{e3c41f6 token=android.os.Binder@9907e91}, ActivityRecord{ec220f8 u0 com.linkbubble.playstore.dev/com.linkbubble.ui.EntryActivity t7952}}
08-03 17:06:40.760  2522  7910 V WindowManager: SyncGroup 113:  Unfinished container: ActivityRecord{ec220f8 u0 com.linkbubble.playstore.dev/com.linkbubble.ui.EntryActivity t7952}
08-03 17:06:40.760  2522  7910 V WindowManager: findFocusedWindow: Found new focus @ Window{d6e5734 u0 NotificationShade}
08-03 17:06:40.761  4380  4380 I KeyguardTransitionRepository: STARTED transition: TransitionStep(from=LOCKSCREEN, to=GONE, value=0.0, transitionState=STARTED, ownerName=FromLockscreenTransitionInteractor)
08-03 17:06:40.763     0     0 I KERNEL  : [422488.596634][ T1973] [Display][msm-dsi:dsi_panel_update_backlight] [from] set bl=89
08-03 17:06:40.763     0     0 I KERNEL  : [422488.596658][ T1973] [Display][msm-dsi:dsi_panel_update_backlight] [to] set bl=89
08-03 17:06:40.764  2522  4395 I WindowManager: createSurface WindowStateAnimator{87c790b com.asus.launcher/com.android.launcher3.uioverrides.QuickstepLauncher}: mDrawState=DRAW_PENDING
08-03 17:06:40.764  2522  2583 I ActivityManager: Start proc 14244:com.linkbubble.playstore.dev/u0a461 for top-activity {com.linkbubble.playstore.dev/com.linkbubble.ui.EntryActivity}
08-03 17:06:40.764  4380  4380 D KeyguardUpdateMonitor: getUnlockedSubIdForState iRealState = 5 slotId = 1
08-03 17:06:40.764  4380  4380 D KeyguardSecurityModel: getSecurityMode security = 0
08-03 17:06:40.764  4380  4380 D PrimaryBouncerInteractor: Force cancelShowRunnable to avoid flicker.
08-03 17:06:40.764  4380  4380 D 433335  : KeyguardBouncerRepositoryImpl setPrimaryStartDisappearAnimation
08-03 17:06:40.764  2522  4395 I WindowManager:   CREATE SURFACE Surface(name=com.asus.launcher/com.android.launcher3.uioverrides.QuickstepLauncher)/@0x5c69e1f IN SESSION android.view.SurfaceSession@724b855: pid=16134 format=-2 flags=0x4 / WindowStateAnimator{87c790b com.asus.launcher/com.android.launcher3.uioverrides.QuickstepLauncher}
08-03 17:06:40.764 19807 19807 W libc    : Access denied finding property "vendor.gpp.create_frc_extension"
08-03 17:06:40.765  2522  4395 V WindowManager: SyncGroup 113: onSurfacePlacement checking {WallpaperWindowToken{ca3f9a5 token=android.os.Binder@d909b9c}, ActivityRecord{cdbb1c6 u0 com.asus.launcher/com.android.launcher3.uioverrides.QuickstepLauncher t7917}, WallpaperWindowToken{e3c41f6 token=android.os.Binder@9907e91}, ActivityRecord{ec220f8 u0 com.linkbubble.playstore.dev/com.linkbubble.ui.EntryActivity t7952}}
08-03 17:06:40.765  2522  4395 V WindowManager: SyncGroup 113:  Unfinished container: ActivityRecord{ec220f8 u0 com.linkbubble.playstore.dev/com.linkbubble.ui.EntryActivity t7952}
08-03 17:06:40.765  2522  4395 V WindowManager: findFocusedWindow: Found new focus @ Window{d6e5734 u0 NotificationShade}
08-03 17:06:40.768 19807 20058 W qdgralloc: getInterlacedFlag: getMetaData returned 3, defaulting to interlaced_flag = 0
08-03 17:06:40.768  2723  2723 I cnss-daemon: nl80211 response handler invoked
08-03 17:06:40.768  2723  2723 I cnss-daemon: nl80211_response_handler: cmd 103, vendorID 4980, subcmd 13  received
08-03 17:06:40.768  1768  4182 I WifiHAL : event received NL80211_CMD_VENDOR, vendor_id = 0x1374, subcmd = 0xd
08-03 17:06:40.769 16134 16134 W libc    : Access denied finding property "vendor.gpp.create_frc_extension"
08-03 17:06:40.770 16134 16134 D BaseDepthController: setSurface:
08-03 17:06:40.770 16134 16134 D BaseDepthController: 	mWaitingOnSurfaceValidity: false
08-03 17:06:40.770 16134 16134 D BaseDepthController: 	mSurface: Surface(name=com.asus.launcher/com.android.launcher3.uioverrides.QuickstepLauncher)/@0xc086604
08-03 17:06:40.771     0     0 W KERNEL  : [422488.605719][ T1074] [FTS_TS]fts_input_report_b:1.[B]id0 UP!
08-03 17:06:40.771     0     0 W KERNEL  : [422488.605745][ T1074] [FTS_TS]fts_input_report_b:[B]Points All Up!
08-03 17:06:40.772 19807 19807 I bnhk    : onStart
08-03 17:06:40.772  2522  4395 D WindowManager: finishDrawingWindow: Window{6593256 u0 (1-1)-Window{2f9e5a alpha=1.0 fl=}} mDrawState=DRAW_PENDING
08-03 17:06:40.772  2522  4395 V WindowManager: onSyncFinishedDrawing Window{6593256 u0 (1-1)-Window{2f9e5a alpha=1.0 fl=}}
08-03 17:06:40.773 19807 19807 I bkxu    : (REDACTED) [%s] onStart()
08-03 17:06:40.773 19807 19807 I bkzy    : Reloading theme data
08-03 17:06:40.775 16134 16170 W qdgralloc: getInterlacedFlag: getMetaData returned 3, defaulting to interlaced_flag = 0
08-03 17:06:40.779 16134 16134 D TouchInteractionService: onInputEvent.UP: [450, 1545]
08-03 17:06:40.779 16134 16134 D 336379  : getDefaultInputConsumer: id= 11, mResetGestureInputConsumer null? false, getSystemUiStateFlags= 1342177476
08-03 17:06:40.778  2522  2544 I WindowManager: commitFinishDrawingLocked: mDrawState=READY_TO_SHOW Surface(name=(1-1)-Window{2f9e5a alpha=1.0 fl=})/@0x4a9ac79
08-03 17:06:40.779 14244 14244 I e.playstore.dev: Late-enabling -Xcheck:jni
08-03 17:06:40.780  2522  2544 V WindowManager: SyncGroup 113: onSurfacePlacement checking {WallpaperWindowToken{ca3f9a5 token=android.os.Binder@d909b9c}, ActivityRecord{cdbb1c6 u0 com.asus.launcher/com.android.launcher3.uioverrides.QuickstepLauncher t7917}, WallpaperWindowToken{e3c41f6 token=android.os.Binder@9907e91}, ActivityRecord{ec220f8 u0 com.linkbubble.playstore.dev/com.linkbubble.ui.EntryActivity t7952}}
08-03 17:06:40.780  2522  2544 V WindowManager: SyncGroup 113:  Unfinished container: ActivityRecord{ec220f8 u0 com.linkbubble.playstore.dev/com.linkbubble.ui.EntryActivity t7952}
08-03 17:06:40.781  2522  4903 D WindowManager: finishDrawingWindow: Window{9fade34 u0 com.asus.launcher/com.android.launcher3.uioverrides.QuickstepLauncher} mDrawState=DRAW_PENDING
08-03 17:06:40.781  2522  4903 V WindowManager: onSyncFinishedDrawing Window{9fade34 u0 com.asus.launcher/com.android.launcher3.uioverrides.QuickstepLauncher}
08-03 17:06:40.782  2522  2544 I WindowManager: commitFinishDrawingLocked: mDrawState=READY_TO_SHOW Surface(name=(1-1)-Window{2f9e5a alpha=1.0 fl=})/@0x4a9ac79
08-03 17:06:40.782  2522  2544 I WindowManager: commitFinishDrawingLocked: mDrawState=READY_TO_SHOW Surface(name=com.asus.launcher/com.android.launcher3.uioverrides.QuickstepLauncher)/@0x5c69e1f
08-03 17:06:40.782  1691  1691 D Zygote  : Forked child process 14249
08-03 17:06:40.782  2522  2544 V WindowManager: SyncGroup 113: onSurfacePlacement checking {WallpaperWindowToken{ca3f9a5 token=android.os.Binder@d909b9c}, ActivityRecord{cdbb1c6 u0 com.asus.launcher/com.android.launcher3.uioverrides.QuickstepLauncher t7917}, WallpaperWindowToken{e3c41f6 token=android.os.Binder@9907e91}, ActivityRecord{ec220f8 u0 com.linkbubble.playstore.dev/com.linkbubble.ui.EntryActivity t7952}}
08-03 17:06:40.782  2522  2544 V WindowManager: SyncGroup 113:  Unfinished container: ActivityRecord{ec220f8 u0 com.linkbubble.playstore.dev/com.linkbubble.ui.EntryActivity t7952}
08-03 17:06:40.783  2522  2544 I WindowManager: commitFinishDrawingLocked: mDrawState=READY_TO_SHOW Surface(name=(1-1)-Window{2f9e5a alpha=1.0 fl=})/@0x4a9ac79
08-03 17:06:40.783  2522  2544 I WindowManager: commitFinishDrawingLocked: mDrawState=READY_TO_SHOW Surface(name=com.asus.launcher/com.android.launcher3.uioverrides.QuickstepLauncher)/@0x5c69e1f
08-03 17:06:40.783  2522  2544 V WindowManager: SyncGroup 113: onSurfacePlacement checking {WallpaperWindowToken{ca3f9a5 token=android.os.Binder@d909b9c}, ActivityRecord{cdbb1c6 u0 com.asus.launcher/com.android.launcher3.uioverrides.QuickstepLauncher t7917}, WallpaperWindowToken{e3c41f6 token=android.os.Binder@9907e91}, ActivityRecord{ec220f8 u0 com.linkbubble.playstore.dev/com.linkbubble.ui.EntryActivity t7952}}
08-03 17:06:40.783  2522  2544 V WindowManager: SyncGroup 113:  Unfinished container: ActivityRecord{ec220f8 u0 com.linkbubble.playstore.dev/com.linkbubble.ui.EntryActivity t7952}
08-03 17:06:40.784  2522  2583 I ActivityManager: Start proc 14249:com.asus.launcher:firebase/u0a93 for content provider {com.asus.launcher/com.asus.launcher.analytics.FirebaseProvider}
08-03 17:06:40.786  4380  4380 D ViewRootImpl: equeueInputEvent MotionEvent { action=ACTION_UP, actionButton=0, id[0]=0, x[0]=450.4375, y[0]=1545.4375, toolType[0]=TOOL_TYPE_FINGER, buttonState=0, classification=NONE, metaState=0, flags=0x0, edgeFlags=0x0, pointerCount=1, historySize=0, eventTime=422488575, downTime=422488419, deviceId=7, source=0x1002, displayId=0, eventId=98246175 },seq:10189
08-03 17:06:40.786  4380  4380 D NotificationShade: Touch(0) act=ACTION_UP, pos=450.4375,1545.4375
08-03 17:06:40.786  4380  4380 D NotificationPanelView: isSkipTouchByCalling:false <- flingExpands(NotificationPanelViewController.java:2560) <- flingExpands(NotificationPanelViewController.java:2599) <- endMotionEvent(NotificationPanelViewController.java:4180) <- -$$Nest$mendMotionEvent(null:0) <- handleTouch(NotificationPanelViewController.java:5862) <- onTouchEvent(NotificationPanelViewController.java:5653) <- onTouch(NotificationPanelViewController.java:5531) <- performOnTouchCallback(View.java:16463) <- dispatchTouchEvent(View.java:16430)
08-03 17:06:40.788  4380  4380 I FalsingManager: {belief=0.29252834915550224 confidence=1.0}
08-03 17:06:40.792  2522  2540 D AlarmManagerServiceInjector: background restricted unblock alarm for 99292
08-03 17:06:40.793   693   693 D BoundBrokerSvc: onBind: Intent { act=com.google.android.gms.inappreach.service.START dat=chimera-action:/... cmp=com.google.android.gms/.chimera.GmsApiService }
08-03 17:06:40.794   693   693 D BoundBrokerSvc: Loading bound service for intent: Intent { act=com.google.android.gms.inappreach.service.START dat=chimera-action:/... cmp=com.google.android.gms/.chimera.GmsApiService }
08-03 17:06:40.799  1690  1719 E NetlinkEvent: NetlinkEvent::FindParam(): Parameter 'INTERFACE' not found
08-03 17:06:40.799  1690  1719 E NetlinkEvent: NetlinkEvent::FindParam(): Parameter 'STATE' not found
08-03 17:06:40.799  1690  1719 E NetlinkEvent: NetlinkEvent::FindParam(): Parameter 'TIME_NS' not found
08-03 17:06:40.799  1690  1719 E NetlinkEvent: NetlinkEvent::FindParam(): Parameter 'UID' not found
08-03 17:06:40.803 14249 14249 I uncher:firebase: Using CollectorTypeCMC GC.
08-03 17:06:40.804 14244 14244 I e.playstore.dev: Using CollectorTypeCMC GC.
08-03 17:06:40.805 14249 14249 E uncher:firebase: Not starting debugger since process cannot load the jdwp agent.
08-03 17:06:40.807  2852  2960 I adbd    : jdwp connection from 14244
08-03 17:06:40.809 14249 14249 D nativeloader: Load libframework-connectivity-tiramisu-jni.so using APEX ns com_android_tethering for caller /apex/com.android.tethering/javalib/framework-connectivity-t.jar: ok
08-03 17:06:40.812 14244 14244 D nativeloader: Load libframework-connectivity-tiramisu-jni.so using APEX ns com_android_tethering for caller /apex/com.android.tethering/javalib/framework-connectivity-t.jar: ok
08-03 17:06:40.815  2522  4903 D CompatibilityInfo: mCompatibilityFlags - 0
08-03 17:06:40.815  2522  4903 D CompatibilityInfo: applicationDensity - 374
08-03 17:06:40.815  2522  4903 D CompatibilityInfo: applicationScale - 1.0
08-03 17:06:40.819  1845  5776 E ANDR-PERF-LM: MetaMeter: handleAsync() 166: AdaptLaunch Invalid Async
08-03 17:06:40.819  1845  1893 E ANDR-PERF-QESDK-SECLIB: ANDR-PERF-QESDK-SECLIB: apply_value() 160: Failed to store original gpu node value
08-03 17:06:40.819  1845  1893 E ANDR-PERF-RESOURCEQS: ANDR-PERF-RESOURCEQS: AddAndApply() 167: Failed to apply optimization [3, 32]
08-03 17:06:40.821  2522  4903 D CompatibilityInfo: mCompatibilityFlags - 0
08-03 17:06:40.821  2522  4903 D CompatibilityInfo: applicationDensity - 374
08-03 17:06:40.821  2522  4903 D CompatibilityInfo: applicationScale - 1.0
08-03 17:06:40.821 14249 14249 D CompatChangeReporter: Compat change id reported: 202956589; UID 10093; state: ENABLED
08-03 17:06:40.823  6201 11752 D ForegroundUtils: Foreground UID status:
08-03 17:06:40.823  6201 11752 D ForegroundUtils: UID: 10049 is in foreground: true
08-03 17:06:40.823  6201 11752 D ForegroundUtils: UID: 10093 is in foreground: true
08-03 17:06:40.823  6201 11752 D ForegroundUtils: UID: 10175 is in foreground: true
08-03 17:06:40.824  6201 11752 D ForegroundUtils: UID: 10185 is in foreground: true
08-03 17:06:40.824  6201 11752 D ForegroundUtils: UID: 10201 is in foreground: true
08-03 17:06:40.824  6201 11752 D ForegroundUtils: UID: 10203 is in foreground: false
08-03 17:06:40.824  6201 11752 D ForegroundUtils: UID: 10241 is in foreground: false
08-03 17:06:40.824  6201 11752 D ForegroundUtils: UID: 10461 is in foreground: true
08-03 17:06:40.826  2522  2540 D AlarmManagerServiceInjector: background restricted unblock alarm for 10461
08-03 17:06:40.830 14244 14244 D CompatChangeReporter: Compat change id reported: 242716250; UID 10461; state: ENABLED
08-03 17:06:40.833 14249 14249 D ApplicationLoaders: Returning zygote-cached class loader: /system_ext/framework/androidx.window.extensions.jar
08-03 17:06:40.833 14249 14249 D ApplicationLoaders: Returning zygote-cached class loader: /system_ext/framework/androidx.window.sidecar.jar
08-03 17:06:40.842 14249 14249 D nativeloader: Configuring clns-shared-7 for other apk /system/priv-app/AsusLauncher/AsusLauncher.apk. target_sdk_version=35, uses_libraries=, library_path=/system/priv-app/AsusLauncher/lib/arm64:/system/lib64:/system_ext/lib64, permitted_path=/data:/mnt/expand:/data/user/0/com.asus.launcher:/system/priv-app/AsusLauncher:/system/lib64:/system_ext/lib64
08-03 17:06:40.842  4380  4380 D EdgeBackGestureHandler: SysUi flags: 1342177476->268435648
08-03 17:06:40.844  4380  4380 D KeyguardViewMediator: exitKeyguardAndFinishSurfaceBehindRemoteAnimation
08-03 17:06:40.846  2522  6292 I WindowManager: commitFinishDrawingLocked: mDrawState=READY_TO_SHOW Surface(name=(1-1)-Window{2f9e5a alpha=1.0 fl=})/@0x4a9ac79
08-03 17:06:40.846  2522  6292 I WindowManager: commitFinishDrawingLocked: mDrawState=READY_TO_SHOW Surface(name=com.asus.launcher/com.android.launcher3.uioverrides.QuickstepLauncher)/@0x5c69e1f
08-03 17:06:40.847  2522  6292 V WindowManager: SyncGroup 113: onSurfacePlacement checking {WallpaperWindowToken{ca3f9a5 token=android.os.Binder@d909b9c}, ActivityRecord{cdbb1c6 u0 com.asus.launcher/com.android.launcher3.uioverrides.QuickstepLauncher t7917}, WallpaperWindowToken{e3c41f6 token=android.os.Binder@9907e91}, ActivityRecord{ec220f8 u0 com.linkbubble.playstore.dev/com.linkbubble.ui.EntryActivity t7952}}
08-03 17:06:40.847  2522  6292 V WindowManager: SyncGroup 113:  Unfinished container: ActivityRecord{ec220f8 u0 com.linkbubble.playstore.dev/com.linkbubble.ui.EntryActivity t7952}
08-03 17:06:40.848 14249 14249 I Perf    : Connecting to perf service.
08-03 17:06:40.851 14249 14249 D CompatChangeReporter: Compat change id reported: 279646685; UID 10093; state: ENABLED
08-03 17:06:40.852 14249 14249 V GraphicsEnvironment: Currently set values for:
08-03 17:06:40.852 14249 14249 V GraphicsEnvironment:   angle_gl_driver_selection_pkgs=[]
08-03 17:06:40.852 14249 14249 V GraphicsEnvironment:   angle_gl_driver_selection_values=[]
08-03 17:06:40.852 14249 14249 V GraphicsEnvironment: Global.Settings values are invalid: number of packages: 0, number of values: 0
08-03 17:06:40.852 14249 14249 V GraphicsEnvironment: Neither updatable production driver nor prerelease driver is supported.
08-03 17:06:40.857 14249 14249 I FirebaseApp: Device unlocked: initializing all Firebase APIs for app [DEFAULT]
08-03 17:06:40.869  2522  4903 I WindowManager: commitFinishDrawingLocked: mDrawState=READY_TO_SHOW Surface(name=(1-1)-Window{2f9e5a alpha=1.0 fl=})/@0x4a9ac79
08-03 17:06:40.869  2522  4903 I WindowManager: commitFinishDrawingLocked: mDrawState=READY_TO_SHOW Surface(name=com.asus.launcher/com.android.launcher3.uioverrides.QuickstepLauncher)/@0x5c69e1f
08-03 17:06:40.869  2522  4903 V WindowManager: SyncGroup 113: onSurfacePlacement checking {WallpaperWindowToken{ca3f9a5 token=android.os.Binder@d909b9c}, ActivityRecord{cdbb1c6 u0 com.asus.launcher/com.android.launcher3.uioverrides.QuickstepLauncher t7917}, WallpaperWindowToken{e3c41f6 token=android.os.Binder@9907e91}, ActivityRecord{ec220f8 u0 com.linkbubble.playstore.dev/com.linkbubble.ui.EntryActivity t7952}}
08-03 17:06:40.869  2522  4903 V WindowManager: SyncGroup 113:  Unfinished container: ActivityRecord{ec220f8 u0 com.linkbubble.playstore.dev/com.linkbubble.ui.EntryActivity t7952}
08-03 17:06:40.870 14249 14275 W uncher:firebase: ClassLoaderContext classpath size mismatch. expected=1, found=0 (DLC[];PCL[base.apk*4138776503]{PCL[/system/framework/org.apache.http.legacy.jar*94547830]#PCL[/system/framework/com.android.media.remotedisplay.jar*2042759013]#PCL[/system/framework/com.android.location.provider.jar*3414091812]#PCL[/system_ext/framework/androidx.window.extensions.jar*3811030775]#PCL[/system_ext/framework/androidx.window.sidecar.jar*775381467]} | DLC[];PCL[])
08-03 17:06:40.874 14249 14275 I DynamiteModule: Considering local module com.google.android.gms.measurement.dynamite:92 and remote module com.google.android.gms.measurement.dynamite:155
08-03 17:06:40.874 14249 14275 I DynamiteModule: Selected remote version of com.google.android.gms.measurement.dynamite, version >= 155
08-03 17:06:40.874 14249 14275 V DynamiteModule: Dynamite loader version >= 2, using loadModule2NoCrashUtils
08-03 17:06:40.881  4380  4380 W WindowOnBackDispatcher: sendCancelIfRunning: isInProgress=false callback=com.android.systemui.back.domain.interactor.BackActionInteractor$$ExternalSyntheticLambda0@559623f
08-03 17:06:40.881  2522  6292 D CoreBackPreview: Window{d6e5734 u0 NotificationShade}: Setting back callback null
08-03 17:06:40.882 14249 14249 E AnalyticsUtils: isDeviceEntryLevel failed.
08-03 17:06:40.882 14249 14249 E AnalyticsUtils: java.lang.NumberFormatException: For input string: ""
08-03 17:06:40.882 14249 14249 E AnalyticsUtils: 	at java.lang.Integer.parseInt(Integer.java:791)
08-03 17:06:40.882 14249 14249 E AnalyticsUtils: 	at java.lang.Integer.parseInt(Integer.java:897)
08-03 17:06:40.882 14249 14249 E AnalyticsUtils: 	at com.asus.launcher.analytics.AnalyticsUtils.getDeviceLevel(AnalyticsUtils.java:532)
08-03 17:06:40.882 14249 14249 E AnalyticsUtils: 	at com.asus.launcher.analytics.AnalyticsUtils.getNormalizeDeviceLevel(AnalyticsUtils.java:543)
08-03 17:06:40.882 14249 14249 E AnalyticsUtils: 	at com.asus.launcher.analytics.FirebaseProvider.initFirebase(FirebaseProvider.java:234)
08-03 17:06:40.882 14249 14249 E AnalyticsUtils: 	at com.asus.launcher.analytics.FirebaseProvider.onCreate(FirebaseProvider.java:89)
08-03 17:06:40.882 14249 14249 E AnalyticsUtils: 	at android.content.ContentProvider.attachInfo(ContentProvider.java:2691)
08-03 17:06:40.882 14249 14249 E AnalyticsUtils: 	at android.content.ContentProvider.attachInfo(ContentProvider.java:2660)
08-03 17:06:40.882 14249 14249 E AnalyticsUtils: 	at android.app.ActivityThread.installProvider(ActivityThread.java:8556)
08-03 17:06:40.882 14249 14249 E AnalyticsUtils: 	at android.app.ActivityThread.installContentProviders(ActivityThread.java:8051)
08-03 17:06:40.882 14249 14249 E AnalyticsUtils: 	at android.app.ActivityThread.handleBindApplication(ActivityThread.java:7697)
08-03 17:06:40.882 14249 14249 E AnalyticsUtils: 	at android.app.ActivityThread.-$$Nest$mhandleBindApplication(Unknown Source:0)
08-03 17:06:40.882 14249 14249 E AnalyticsUtils: 	at android.app.ActivityThread$H.handleMessage(ActivityThread.java:2500)
08-03 17:06:40.882 14249 14249 E AnalyticsUtils: 	at android.os.Handler.dispatchMessage(Handler.java:107)
08-03 17:06:40.882 14249 14249 E AnalyticsUtils: 	at android.os.Looper.loopOnce(Looper.java:273)
08-03 17:06:40.882 14249 14249 E AnalyticsUtils: 	at android.os.Looper.loop(Looper.java:388)
08-03 17:06:40.882 14249 14249 E AnalyticsUtils: 	at android.app.ActivityThread.main(ActivityThread.java:8969)
08-03 17:06:40.882 14249 14249 E AnalyticsUtils: 	at java.lang.reflect.Method.invoke(Native Method)
08-03 17:06:40.882 14249 14249 E AnalyticsUtils: 	at com.android.internal.os.RuntimeInit$MethodAndArgsCaller.run(RuntimeInit.java:580)
08-03 17:06:40.882 14249 14249 E AnalyticsUtils: 	at com.android.internal.os.ZygoteInit.main(ZygoteInit.java:892)
08-03 17:06:40.882 14249 14249 D AnalyticsUtils: getDeviceLevel = -1
08-03 17:06:40.882 14249 14275 W System  : ClassLoader referenced unknown path: 
08-03 17:06:40.882 14249 14275 D nativeloader: Configuring clns-8 for other apk . target_sdk_version=36, uses_libraries=, library_path=/data/app/~~U5uj_M7QaNxzohdk85B2kQ==/com.google.android.gms-OGtI2nT1UW5M7KIkSUzMZQ==/lib/arm64:/data/app/~~U5uj_M7QaNxzohdk85B2kQ==/com.google.android.gms-OGtI2nT1UW5M7KIkSUzMZQ==/base.apk!/lib/arm64-v8a, permitted_path=/data:/mnt/expand:/data/user/0/com.google.android.gms
08-03 17:06:40.883  4380  4380 D KeyguardUpdateMonitor: getUnlockedSubIdForState iRealState = 5 slotId = 1
08-03 17:06:40.883  4380  4380 D KeyguardSecurityModel: getSecurityMode security = 0
08-03 17:06:40.883  4380  4380 D GlobalActionsImpl: disable displayId:0|state1:16777216state2:0|disabled:false
08-03 17:06:40.888 14249 14275 W uncher:firebase: ClassLoaderContext classpath element mismatch. expected=base.apk, found=/system/priv-app/AsusLauncher/AsusLauncher.apk (DLC[];PCL[base.apk*4138776503]{PCL[/system/framework/org.apache.http.legacy.jar*94547830]#PCL[/system/framework/com.android.media.remotedisplay.jar*2042759013]#PCL[/system/framework/com.android.location.provider.jar*3414091812]#PCL[/system_ext/framework/androidx.window.extensions.jar*3811030775]#PCL[/system_ext/framework/androidx.window.sidecar.jar*775381467]} | DLC[];PCL[/system/priv-app/AsusLauncher/AsusLauncher.apk*1402144601]{PCL[/system_ext/framework/androidx.window.extensions.jar*3811030775]#PCL[/system_ext/framework/androidx.window.sidecar.jar*775381467]})
08-03 17:06:40.888  4380  4686 D KeyguardViewMediator: updateActivityLockScreenState(false, false)
08-03 17:06:40.889  2522  6292 I ActivityTaskManager: The Process com.linkbubble.playstore.dev Already Exists in BG. So sending its PID: 14244
08-03 17:06:40.889  4380  4380 D KeyguardViewMediator: onKeyguardExitRemoteAnimationFinished#hideKeyguardViewAfterRemoteAnimation
08-03 17:06:40.889  4380  4380 I AsusSlideshowSettingPanelManager: onKeyguardVisibilityChanged: showing=false
08-03 17:06:40.889  4380  4380 I KeyguardUpdateMonitor: reasons with true=[biometricAllowedForUser, deviceInteractive, switchingUser, underDisplayFingerprint]
08-03 17:06:40.889  4380  4380 D KeyguardUpdateMonitor: shouldListenForFingerprint:false, Keyguard=false, User=true, Bouncer=true, Udfps=true
08-03 17:06:40.890  4380  4380 V KeyguardToast: null
08-03 17:06:40.890  4380  4380 D FpSupportManager: isAsleep=false, isKeyguardVisible=false
08-03 17:06:40.890  4380  4380 I AsusSlideshowManager: onKeyguardShowingChanged: showing: false
08-03 17:06:40.890  4380  4380 I AsusSlideshowSettingPanelManager: onKeyguardShowingChanged: showing=false
08-03 17:06:40.890 14249 14249 I LauncherLife: LauncherApplication onCreate called, process = com.asus.launcher:firebase
08-03 17:06:40.890 14249 14249 V Monotype: SetAppTypeFace- try to flip, app = com.asus.launcher
08-03 17:06:40.893  1845  5776 E ANDR-PERF-LM: MetaMeter: handleAsync() 166: AdaptLaunch Invalid Async
08-03 17:06:40.896  4380  4380 D GlobalActionsImpl: disable displayId:0|state1:0state2:0|disabled:false
08-03 17:06:40.896 14249 14249 V Monotype:     Typeface getFontPathFlipFont - systemFont = default#default
08-03 17:06:40.896 14249 14249 I SystemFonts: Loading font config from /system/etc/font_fallback_ff.xml
08-03 17:06:40.897  2522  6292 V WindowManager: setAppVisibility(Token{57454a4 ActivityRecord{ec220f8 u0 com.linkbubble.playstore.dev/com.linkbubble.ui.EntryActivity t7952}}, visible=true): mNextAppTransitionRequests=[], mNextAppTransitionFlags= visible=false mVisibleRequested=true Callers=com.android.server.wm.ActivityRecord.setVisibility:5775 com.android.server.wm.ActivityTaskSupervisor.realStartActivityLocked:948 com.android.server.wm.ActivityTaskSupervisor.startSpecificActivity:1192 com.android.server.wm.EnsureActivitiesVisibleHelper.makeVisibleAndRestartIfNeeded:260 com.android.server.wm.EnsureActivitiesVisibleHelper.setActivityVisibilityState:181 com.android.server.wm.EnsureActivitiesVisibleHelper.process:130 
08-03 17:06:40.897  2522  6292 V WindowManager: Collecting in transition 113: ActivityRecord{ec220f8 u0 com.linkbubble.playstore.dev/com.linkbubble.ui.EntryActivity t7952}
08-03 17:06:40.897  2522  6292 V WindowManager: No longer Stopped: ActivityRecord{ec220f8 u0 com.linkbubble.playstore.dev/com.linkbubble.ui.EntryActivity t7952}
08-03 17:06:40.897  2522  6292 I AppsFilter: interaction: PackageSetting{c520a5a com.linkbubble.playstore.dev/10461} -> PackageSetting{fad74fb com.asus.launcher/10093} BLOCKED
08-03 17:06:40.897  4380  4380 D EdgeBackGestureHandler: SysUi flags: 268435648->268435520
08-03 17:06:40.898  4380  4380 D KeyguardStateControllerImpl: setKeyguardFadingAway:true
08-03 17:06:40.898  4380  4380 D 433335  : KeyguardBouncerRepositoryImpl setPrimaryStartDisappearAnimation
08-03 17:06:40.899  4380  4380 D CentralSurfaces: !shouldBeKeyguard mStatusBarStateController.isKeyguardRequested() false keyguardForDozing false wakeAndUnlocking false isWakingAndOccluded false
08-03 17:06:40.899  4380  4380 D CentralSurfaces: hideKeyguardImpl false
