08-03 17:06:42.073  2522  6372 W ParceledListSlice: Element #302 is 21220 bytes.
08-03 17:06:42.090  2522  6372 W ParceledListSlice: Element #19 is 33308 bytes.
08-03 17:06:42.090  2522  6372 W ParceledListSlice: Element #23 is 17364 bytes.
08-03 17:06:42.093  2522  6372 W ParceledListSlice: Element #81 is 27912 bytes.
08-03 17:06:42.095  2522  6372 W ParceledListSlice: Element #116 is 23032 bytes.
08-03 17:06:42.097  2522  6372 W ParceledListSlice: Element #168 is 20368 bytes.
08-03 17:06:42.097  2522  6372 W ParceledListSlice: Element #181 is 18872 bytes.
08-03 17:06:42.098  2522  6372 W ParceledListSlice: Element #184 is 23696 bytes.
08-03 17:06:42.100  2522  6372 W ParceledListSlice: Element #231 is 28484 bytes.
08-03 17:06:42.100  2522  6372 W ParceledListSlice: Element #236 is 20344 bytes.
08-03 17:06:42.102  2522  6372 W ParceledListSlice: Element #265 is 26872 bytes.
08-03 17:06:42.102  2522  6372 W ParceledListSlice: Overly large reply size: 87252
08-03 17:06:42.102  2522  6372 W ParceledListSlice: Element #269 is 17156 bytes.
08-03 17:06:42.104  2522  6372 W ParceledListSlice: Element #302 is 36612 bytes.
08-03 17:06:42.107  2522  6372 W ParceledListSlice: Element #349 is 26564 bytes.
08-03 17:06:42.108  2522  6372 W ParceledListSlice: Element #362 is 33320 bytes.
08-03 17:06:42.108  2522  6372 W ParceledListSlice: Overly large reply size: 85580
08-03 17:06:42.108  2522  6372 W ParceledListSlice: Element #369 is 19080 bytes.
08-03 17:06:42.109  2522  6372 W ParceledListSlice: Element #382 is 22980 bytes.
08-03 17:06:42.110  2522  6372 W ParceledListSlice: Element #395 is 66616 bytes.
08-03 17:06:42.110  2522  6372 W ParceledListSlice: Overly large reply size: 104780
08-03 17:06:42.112  2522  6372 W ParceledListSlice: Element #410 is 19672 bytes.
08-03 17:06:42.112  2522  6372 W ParceledListSlice: Element #427 is 20340 bytes.
08-03 17:06:42.113  2522  6372 W ParceledListSlice: Element #437 is 16776 bytes.
08-03 17:06:42.114  2522  6372 W ParceledListSlice: Element #457 is 43092 bytes.
08-03 17:06:42.114  2522  6372 W ParceledListSlice: Overly large reply size: 102760
08-03 17:06:42.123 14190 14190 I artd    : GetBestInfo: dm (/data/app/~~0uAjy4WTW6o08BwDLoAueg==/com.xatori.Plugshare-jc5QthNae8l82uozeYEKUA==/base.dm) is kOatUpToDate with filter 'verify' executable 'false'
08-03 17:06:42.126  2522  6372 W ParceledListSlice: Element #19 is 29388 bytes.
08-03 17:06:42.126  2522  6372 W ParceledListSlice: Element #23 is 25636 bytes.
08-03 17:06:42.130  2522  6372 W ParceledListSlice: Element #116 is 26636 bytes.
08-03 17:06:42.131  2522  6372 W ParceledListSlice: Element #134 is 26992 bytes.
08-03 17:06:42.131  2522  6372 W ParceledListSlice: Overly large reply size: 88284
08-03 17:06:42.132  2522  6292 W ParceledListSlice: Element #168 is 25428 bytes.
08-03 17:06:42.133  2522  6292 W ParceledListSlice: Element #181 is 22712 bytes.
08-03 17:06:42.133  2522  6292 W ParceledListSlice: Element #187 is 19264 bytes.
08-03 17:06:42.135  2522  6372 W ParceledListSlice: Element #235 is 17968 bytes.
08-03 17:06:42.135   917   917 D lowmemorykiller: critical pressure event polling check
08-03 17:06:42.135   917   917 D lowmemorykiller: thrashing: 0% thrashing_limit: 30%
08-03 17:06:42.136   917   917 D lowmemorykiller: Not killing for critical pressure event polling check
08-03 17:06:42.137  2522  6372 W ParceledListSlice: Element #293 is 25576 bytes.
08-03 17:06:42.137  2522  6372 W ParceledListSlice: Element #302 is 89160 bytes.
08-03 17:06:42.137  2522  6372 W ParceledListSlice: Overly large reply size: 94792
08-03 17:06:42.139  2522  6372 W ParceledListSlice: Element #349 is 17752 bytes.
08-03 17:06:42.139  2522  6372 W ParceledListSlice: Element #362 is 34732 bytes.
08-03 17:06:42.139  2522  6372 W ParceledListSlice: Overly large reply size: 93656
08-03 17:06:42.140  2522  6372 W ParceledListSlice: Element #369 is 19204 bytes.
08-03 17:06:42.140  2522  6372 W ParceledListSlice: Element #382 is 26460 bytes.
08-03 17:06:42.141  2522  6372 W ParceledListSlice: Element #395 is 24080 bytes.
08-03 17:06:42.142  2522  6372 W ParceledListSlice: Element #427 is 24964 bytes.
08-03 17:06:42.143  2522  6372 W ParceledListSlice: Element #457 is 31508 bytes.
08-03 17:06:42.144  2522  6372 W ParceledListSlice: Element #463 is 18440 bytes.
08-03 17:06:42.146 14378 14378 D AppsPool: mTwinApps: 0
08-03 17:06:42.219 14190 14190 I artd    : GetBestInfo: dm (/data/app/~~1Hk958cAnchnHikf8Gmx2g==/jp.pokemon.pokemonsleep-4CzHRu2AIFkegZTCHxXN6w==/base.dm) is kOatUpToDate with filter 'verify' executable 'false'
08-03 17:06:42.224 14378 14378 D CompatChangeReporter: Compat change id reported: 311402873; UID 10084; state: ENABLED
08-03 17:06:42.224 14378 14378 D CompatChangeReporter: Compat change id reported: 323349338; UID 10084; state: ENABLED
08-03 17:06:42.225  2522  5143 D CompatChangeReporter: Compat change id reported: 311402873; UID 10084; state: ENABLED
08-03 17:06:42.225  2522  5143 D CompatChangeReporter: Compat change id reported: 323349338; UID 10084; state: ENABLED
08-03 17:06:42.228 14378 14378 W ServiceManagerCppClient: Failed to get isDeclared for vendor.qti.hardware.perf2.IPerf/default: Status(-1, EX_SECURITY): 'SELinux denied.'
08-03 17:06:42.228     0     0 E KERNEL  : [422490.063207][  T918] SELinux: avc:  denied  { find } for pid=14378 uid=10084 name=vendor.qti.hardware.perf2.IPerf/default scontext=u:r:priv_app:s0:c512,c768 tcontext=u:object_r:default_android_service:s0 tclass=service_manager permissive=0
08-03 17:06:42.232  2522  3625 W JobServiceContext: Sending onNetworkChanged for a job that isn't started. JobStatus{3322677 #u0a84/1002 com.asus.mobilemanager/.soc.DataUpdateService u=0 s=10084 TIME=-7ms:+1d23h59m59s993ms NET PERIODIC READY}
08-03 17:06:42.234 14378 14378 I MobMgrApp: MobMgrSvc connected
08-03 17:06:42.236   917   917 D lowmemorykiller: critical pressure event polling check
08-03 17:06:42.236   917   917 D lowmemorykiller: thrashing: 0% thrashing_limit: 30%
08-03 17:06:42.236   917   917 D lowmemorykiller: No processes to kill with adj score >= 920
08-03 17:06:42.240 14378 14378 D AppsPool: mTwinApps: 0
08-03 17:06:42.240 14378 14378 I MobMgrApp: PwrSvrSvc connected
08-03 17:06:42.240 14378 14378 I MobMgrApp: BoostSvc connected
08-03 17:06:42.280  4112 14399 I NearbyMediums: This GATT advertisement BleAdvertisement { version=2, socketVersion=2, isFast=true, serviceIdHash=null, data=[ 0x23 0x37 0x51 0x43 0x39 0x11 0x32 0x1b 0x54 0xa2 0xbf 0xa6 0x27 0xda 0x70 0x2e 0xd0 0xef 0xd5 0x4a 0xf8 0xa8 0x9b ], deviceToken=[ 0x1a 0x4b ], rxAdvertisement=null } is a Fast Advertisement and matched UUID 0000fef3-0000-1000-8000-00805f9b34fb in fastAdvertisementServiceUuids map with serviceID NearbySharing
08-03 17:06:42.286 14190 14190 I artd    : GetBestInfo: dm (/data/app/~~_sJANhBAUh4lhKV1v1q_fw==/com.alfred.parkinglot-flof6wPtiF59ByBrChU11Q==/base.dm) is kOatUpToDate with filter 'verify' executable 'false'
08-03 17:06:42.294 17772 17772 W Finsky  : [2] STU: Failed to get storage stats for package 'com.android.virt' (1601: Error getting stats: android.content.pm.PackageManager.NameNotFoundException)
08-03 17:06:42.336  1757  5795 I sensors-hal: handle_sns_std_sensor_event:446, ambient_light_event: ts=422490140441347, lux = 8, ch0=93, ch1=3, gain=1024000, last_lux=7
08-03 17:06:42.339   917   917 D lowmemorykiller: critical pressure event polling check
08-03 17:06:42.339   917   917 D lowmemorykiller: thrashing: 0% thrashing_limit: 30%
08-03 17:06:42.339   917   917 D lowmemorykiller: No processes to kill with adj score >= 920
08-03 17:06:42.409  4112 14399 I NearbyMediums: Replace Fast Advertisement Rx Info for service id : NearbySharing on deviceToken : [ 0x01 0xb9 ]
08-03 17:06:42.439   917   917 D lowmemorykiller: critical pressure event polling check
08-03 17:06:42.440   917   917 D lowmemorykiller: thrashing: 1% thrashing_limit: 30%
08-03 17:06:42.440   917   917 D lowmemorykiller: No processes to kill with adj score >= 920
08-03 17:06:42.469 16134 16134 D ViewRootImpl: equeueInputEvent MotionEvent { action=ACTION_DOWN, actionButton=0, id[0]=0, x[0]=776.6875, y[0]=1581.125, toolType[0]=TOOL_TYPE_FINGER, buttonState=0, classification=NONE, metaState=0, flags=0x0, edgeFlags=0x0, pointerCount=1, historySize=0, eventTime=422490272, downTime=422490272, deviceId=7, source=0x1002, displayId=0, eventId=922619510 },seq:344
08-03 17:06:42.470 16134 16134 D Launcher: dispatchTouchEvent.DOWN: [776.6875, 1581.125] state = [Normal] draglayer alpha = [1.0]
08-03 17:06:42.470 16134 16134 D Launcher.Workspace: updateIsBeingDraggedOnInterceptTouchDown: mIsBeingDragged = false , currentpage=0
08-03 17:06:42.470 16134 16134 D Launcher.Workspace: onInterceptTouchEvent : ACTION_DOWN, mIsBeingDragged false, alpha = 1.0
08-03 17:06:42.470 16134 16134 D BubbleTextView: onTouchEvent: ACTION_DOWN
08-03 17:06:42.470 16134 16134 D TouchInteractionService: onInputEvent.DOWN: [776, 1581]
08-03 17:06:42.471 16134 16134 D TouchInteractionService: Touch outside of the navigation bar region(3), mUncheckedConsumer= TYPE_NO_OP
08-03 17:06:42.471 16134 16134 D TouchInteractionService: mUncheckedConsumer= TYPE_NO_OP
08-03 17:06:42.471     0     0 W KERNEL  : [422490.302276][ T1074] [FTS_TS]fts_input_report_b:[B](id,x,y,p,area,touchs)(0,776,1581,1,13,1) DOWN!
08-03 17:06:42.479  1900  1900 W Layer   : gatherBufferInfo: Received unknown dataspace from gralloc
08-03 17:06:42.481 14190 14237 I artd    : GetBestInfo: dm (/data/app/~~9y3a5YqAukfJM8Ncf7665w==/com.ninegag.android.app-lBOuMXCf8svefaIrdQV2bg==/base.dm) is kOatUpToDate with filter 'verify' executable 'false'
08-03 17:06:42.489 14190 14190 I artd    : GetBestInfo: dm (/data/app/~~lgGYl6pDCn6tfbG7ursYyQ==/net.relaxio.relaxio-PaQhU-KrRS-tQeJ9NgjNkg==/base.dm) is kOatUpToDate with filter 'verify' executable 'false'
08-03 17:06:42.495 14190 14190 I artd    : GetBestInfo: /data/app/~~LF18tdaBODRY4ESfSOehzg==/com.chartcross.gpstest-zpp514qZu0sT2_CZPjMQcw==/base.apk has no usable artifacts
08-03 17:06:42.498 14190 14190 I artd    : GetBestInfo: odex next to the dex file (/data/app/~~oO_bKfFhgu2JWc9tFa475g==/com.easycard.wallet-w1uqd8I2aqcJt1Jhk_xACA==/oat/arm64/base.odex) is kOatUpToDate with filter 'speed-profile' executable 'false'
08-03 17:06:42.500 17772 17772 W Finsky  : [2] STU: Failed to get storage stats for package 'com.android.btservices' (1601: Error getting stats: android.content.pm.PackageManager.NameNotFoundException)
08-03 17:06:42.517 16134 16134 D ViewRootImpl: equeueInputEvent MotionEvent { action=ACTION_UP, actionButton=0, id[0]=0, x[0]=776.6875, y[0]=1581.125, toolType[0]=TOOL_TYPE_FINGER, buttonState=0, classification=NONE, metaState=0, flags=0x0, edgeFlags=0x0, pointerCount=1, historySize=0, eventTime=422490321, downTime=422490272, deviceId=7, source=0x1002, displayId=0, eventId=609472651 },seq:347
08-03 17:06:42.517 16134 16134 D Launcher: dispatchTouchEvent.UP: [776.6875, 1581.125] state = [Normal]
08-03 17:06:42.517 16134 16134 D Launcher.Workspace: onInterceptTouchEvent : ACTION_UP, mIsBeingDragged false
08-03 17:06:42.517 16134 16134 D BubbleTextView: onTouchEvent: ACTION_UP
08-03 17:06:42.518 16134 16134 D TouchInteractionService: onInputEvent.UP: [776, 1581]
08-03 17:06:42.518 16134 16134 D 336379  : getDefaultInputConsumer: id= 11, mResetGestureInputConsumer null? false, getSystemUiStateFlags= 268566528
08-03 17:06:42.519     0     0 W KERNEL  : [422490.351317][ T1074] [FTS_TS]fts_input_report_b:1.[B]id0 UP!
08-03 17:06:42.519     0     0 W KERNEL  : [422490.351350][ T1074] [FTS_TS]fts_input_report_b:[B]Points All Up!
08-03 17:06:42.520 14190 14190 I artd    : GetBestInfo: dm (/data/app/~~QnpypzdKYTr9ADQWmbh5og==/com.google.android.apps.photos.scanner-kJmjVcuduIPb2CuCzNaAPg==/base.dm) is kOatUpToDate with filter 'verify' executable 'false'
08-03 17:06:42.528  4112 14399 I NearbyMediums: This GATT advertisement BleAdvertisement { version=2, socketVersion=2, isFast=true, serviceIdHash=null, data=[ 0x23 0x45 0x53 0x37 0x54 0x11 0x32 0x7c 0x14 0x8f 0x7a 0x4a 0x48 0x29 0x73 0xe2 0x90 0xc6 0x79 0x14 0x48 0x65 0x2f ], deviceToken=[ 0x6a 0xaa ], rxAdvertisement=null } is a Fast Advertisement and matched UUID 0000fef3-0000-1000-8000-00805f9b34fb in fastAdvertisementServiceUuids map with serviceID NearbySharing
08-03 17:06:42.528 14190 14190 I artd    : GetBestInfo: dm (/data/app/~~C1edUw8Er1DduKdSXgG_-g==/br.com.ctncardoso.ctncar-rWKT9TVF95zczgj1BF-Ltw==/base.dm) is kOatUpToDate with filter 'verify' executable 'false'
08-03 17:06:42.530 16134 16134 D Launcher_track: {  "meta": {    "category": "LaunchInfo",    "source": "com.asus.launcher"  },  "data": {    "package": "com.linkbubble.playstore.dev",    "activity": "com.linkbubble.ui.EntryActivity",    "user": 0,    "source": "workspace",    "grid_size_x": 5,    "grid_size_y": 6,    "grid_position_x": 3,    "grid_position_y": 4,    "page": 0,    "folder": false,    "folder_grid_size_x": -1,    "folder_grid_size_y": -1,    "folder_grid_position_x": -1,    "folder_grid_position_y": -1,    "folder_page": -1,    "timestamp": 1754212002530  }}
08-03 17:06:42.534  2522  6292 W OptProp : Cannot read opt property android.window.PROPERTY_COMPAT_ALLOW_ORIENTATION_OVERRIDE
08-03 17:06:42.534  2522  6292 V WindowManager: State movement: ActivityRecord{3b4d0fe u0 com.linkbubble.playstore.dev/com.linkbubble.ui.EntryActivity from:null to:INITIALIZING reason:ActivityRecord ctor
08-03 17:06:42.534  2522  6292 V WindowManager: setClientVisible: ActivityRecord{3b4d0fe u0 com.linkbubble.playstore.dev/com.linkbubble.ui.EntryActivity t-1} clientVisible=true Callers=com.android.server.wm.ActivityRecord.<init>:2336 com.android.server.wm.ActivityRecord.<init>:0 com.android.server.wm.ActivityRecord$Builder.build:11870 com.android.server.wm.ActivityStarter.executeRequest:1668 com.android.server.wm.ActivityStarter.execute:884 
08-03 17:06:42.534  2522  6292 V GrammaticalInflectionUtils: AttributionSource: android.content.AttributionSource@4dad0b24 does not have READ_SYSTEM_GRAMMATICAL_GENDER permission.
08-03 17:06:42.535  2522  6292 W OptProp : Cannot read opt property android.window.PROPERTY_COMPAT_ALLOW_RESIZEABLE_ACTIVITY_OVERRIDES
08-03 17:06:42.535  2522  6292 W OptProp : Cannot read opt property android.window.PROPERTY_COMPAT_ALLOW_MIN_ASPECT_RATIO_OVERRIDE
08-03 17:06:42.536  2522  6292 V WindowManager: SyncGroup 114: Started for listener: TransitionRecord{b7a9aac id=-1 type=OPEN flags=0x0}
08-03 17:06:42.536  2522  6292 V WindowManager: Start collecting in Transition: TransitionRecord{b7a9aac id=114 type=OPEN flags=0x0}
08-03 17:06:42.536  2522  6292 V WindowManager: Collecting in transition 114: ActivityRecord{3b4d0fe u0 com.linkbubble.playstore.dev/com.linkbubble.ui.EntryActivity t-1}
08-03 17:06:42.536  2522  6292 V WindowManager: SyncGroup 114: Adding to group: ActivityRecord{3b4d0fe u0 com.linkbubble.playstore.dev/com.linkbubble.ui.EntryActivity t-1}
08-03 17:06:42.536  2522  6292 V WindowManager: setSyncGroup #114 on ActivityRecord{3b4d0fe u0 com.linkbubble.playstore.dev/com.linkbubble.ui.EntryActivity t-1}
08-03 17:06:42.536 14190 14190 I artd    : GetBestInfo: odex next to the dex file (/data/app/~~zhOPaPhZm7Pr2XrKQlDYGw==/com.google.android.apps.docs.editors.slides-klkvS5FnKXkVPH812PoIrw==/oat/arm64/base.odex) is kOatUpToDate with filter 'speed-profile' executable 'false'
08-03 17:06:42.537  2522  6292 D ActivityTaskManager: Freeform task=null, curParam=Rect(0, 0 - 0, 0), 0, outParam=Rect(0, 0 - 0, 0), 0
08-03 17:06:42.538  2522  6292 D ActivityTaskManager: Freeform task=Task{b5c7375 #7953 type=standard A=10461:com.linkbubble.playstore.dev}, curParam=Rect(0, 0 - 0, 0), 0, outParam=Rect(0, 0 - 0, 0), 0
08-03 17:06:42.538  2522  6292 V WindowManager: Existence Changed in transition 114: Task{b5c7375 #7953 type=standard A=10461:com.linkbubble.playstore.dev}
08-03 17:06:42.539  2522  6292 V WindowManager: Collecting in transition 114: Task{b5c7375 #7953 type=standard A=10461:com.linkbubble.playstore.dev}
08-03 17:06:42.539  2522  6292 V WindowManager:  Creating Ready-group for Transition 114 with root=Display{#0 state=ON size=1080x2400 ROTATION_0}
08-03 17:06:42.539  2522  6292 V WindowManager: SyncGroup 114: Adding to group: Task{b5c7375 #7953 type=standard A=10461:com.linkbubble.playstore.dev}
08-03 17:06:42.539  2522  6292 V WindowManager: setSyncGroup #114 on Task{b5c7375 #7953 type=standard A=10461:com.linkbubble.playstore.dev}
08-03 17:06:42.540 17772 17772 W Finsky  : [2] STU: Failed to get storage stats for package 'com.google.android.resolv' (1601: Error getting stats: android.content.pm.PackageManager.NameNotFoundException)
08-03 17:06:42.540  1845  5776 E ANDR-PERF-LM: MetaMeter: handleAsync() 166: AdaptLaunch Invalid Async
08-03 17:06:42.540   917   917 D lowmemorykiller: critical pressure event polling check
08-03 17:06:42.540   917   917 D lowmemorykiller: thrashing: 2% thrashing_limit: 30%
08-03 17:06:42.541   917   917 D lowmemorykiller: No processes to kill with adj score >= 920
08-03 17:06:42.541  2522  6292 V WindowManager: addChild: Task{b5c7375 #7953 type=standard A=10461:com.linkbubble.playstore.dev} at top.
08-03 17:06:42.541  2522  6292 V WindowManager: Sending position change to ActivityRecord{cdbb1c6 u0 com.asus.launcher/com.android.launcher3.uioverrides.QuickstepLauncher t7917}, onTop: false
08-03 17:06:42.541  2522  6292 V WindowManager: Waiting for top state to be released by ActivityRecord{cdbb1c6 u0 com.asus.launcher/com.android.launcher3.uioverrides.QuickstepLauncher t7917}
08-03 17:06:42.541  2522  6292 I WindowManager: Adding activity ActivityRecord{3b4d0fe u0 com.linkbubble.playstore.dev/com.linkbubble.ui.EntryActivity t7953} to task Task{b5c7375 #7953 type=standard A=10461:com.linkbubble.playstore.dev} callers: java.lang.RuntimeException: here
08-03 17:06:42.542  2522  6292 D WindowManager: startPausing: taskFrag =Task{5714264 #7917 type=home I=com.asus.launcher/com.android.launcher3.uioverrides.QuickstepLauncher} mResumedActivity=ActivityRecord{cdbb1c6 u0 com.asus.launcher/com.android.launcher3.uioverrides.QuickstepLauncher t7917}
08-03 17:06:42.542  2522  6292 D ActivityTrigger: ActivityTrigger activityPauseTrigger 
08-03 17:06:42.542  2522  6292 V WindowManager: Moving to PAUSING: ActivityRecord{cdbb1c6 u0 com.asus.launcher/com.android.launcher3.uioverrides.QuickstepLauncher t7917}
08-03 17:06:42.542  2522  6292 V WindowManager: State movement: ActivityRecord{cdbb1c6 u0 com.asus.launcher/com.android.launcher3.uioverrides.QuickstepLauncher t7917} from:RESUMED to:PAUSING reason:startPausingLocked
08-03 17:06:42.542  2522  6292 V WindowManager: Enqueueing pending pause: ActivityRecord{cdbb1c6 u0 com.asus.launcher/com.android.launcher3.uioverrides.QuickstepLauncher t7917}
08-03 17:06:42.542  4609  4722 I DynamicDDSService: handleMessage(ACTIVITY_INVOKE{appInfo=com.linkbubble.playstore.dev isFullScreen=}true)
08-03 17:06:42.542  2522  6292 V WindowManager: Waiting for pause to complete...
08-03 17:06:42.542  2522  6292 V WindowManager:  Setting Ready-group to false. group=Display{#0 state=ON size=1080x2400 ROTATION_0} from Task{5714264 #7917 type=home I=com.asus.launcher/com.android.launcher3.uioverrides.QuickstepLauncher}
08-03 17:06:42.543  2522  6292 V WindowManager: resumeTopActivity: Skip resume: need to start pausing
08-03 17:06:42.543  2522  6292 V WindowManager: Existence Changed in transition 114: ActivityRecord{3b4d0fe u0 com.linkbubble.playstore.dev/com.linkbubble.ui.EntryActivity t7953}
08-03 17:06:42.543  2522  6292 V WindowManager: Collecting in transition 114: ActivityRecord{3b4d0fe u0 com.linkbubble.playstore.dev/com.linkbubble.ui.EntryActivity t7953}
08-03 17:06:42.543  2522  6292 V WindowManager: Requesting StartTransition: TransitionRecord{b7a9aac id=114 type=OPEN flags=0x0}
08-03 17:06:42.544  2522  6292 I ActivityTaskManager: START u0 {act=android.intent.action.MAIN cat=[android.intent.category.LAUNCHER] flg=0x10200000 pkg=com.linkbubble.playstore.dev cmp=com.linkbubble.playstore.dev/com.linkbubble.ui.EntryActivity bnds=[644,1445][852,1773]} with LAUNCH_SINGLE_INSTANCE from uid 10093 (BAL_ALLOW_VISIBLE_WINDOW) result code=0
08-03 17:06:42.544 16134 16134 D StatsLog: LAUNCHER_APP_LAUNCH_TAP
08-03 17:06:42.545  4609 10483 W DynamicDDSService: appName is running in background.com.asus.launcher
08-03 17:06:42.545  2522  2543 V GrammaticalInflectionUtils: AttributionSource: android.content.AttributionSource@4dad0b24 does not have READ_SYSTEM_GRAMMATICAL_GENDER permission.
08-03 17:06:42.547 14190 14190 I artd    : GetBestInfo: odex next to the dex file (/data/app/~~HPDyAGrnRm6stfwyqBGXag==/com.google.android.apps.bard-N3S5_9cqI7OT4LTfMb_ihw==/oat/arm64/base.odex) is kOatUpToDate with filter 'speed-profile' executable 'false'
08-03 17:06:42.547  2522  5143 V WindowManager: Top resumed state released (transition complete)
08-03 17:06:42.548  2522  6292 V WindowManager: Starting Transition 114
08-03 17:06:42.548 16134 16134 I LauncherLife: [onPause] called, QuickstepLauncher@b8fab97
08-03 17:06:42.548  2522  6292 V WindowManager:  allReady query: used=true override=false defer=0 states=[Display{#0 state=ON size=1080x2400 ROTATION_0}:false]
08-03 17:06:42.548  2522  6292 V WindowManager: Set transition ready=false 114
08-03 17:06:42.548 16134 16134 V Launcher.Now.Callback: Time spent in onPause: 0 ms, com.google.android.libraries.gsa.launcherclient.LauncherClient@58fc252
08-03 17:06:42.548 16134 16134 D MLKitServiceController: Not binding service.
08-03 17:06:42.548 16134 16134 V LauncherLife: Time spent in onPause: 0 ms
08-03 17:06:42.548 16134 16134 W SplitSelectStateCtor: Missing session instanceIds
08-03 17:06:42.548 16134 16134 D StatsLog: LAUNCHER_SPLIT_SELECTION_EXIT_INTERRUPTED
08-03 17:06:42.548  2522  6292 V WindowManager: Apply window transaction, syncId=-1
08-03 17:06:42.549  2522  6372 V WindowManager: Activity paused: token=Token{29440dd ActivityRecord{cdbb1c6 u0 com.asus.launcher/com.android.launcher3.uioverrides.QuickstepLauncher t7917}}, timeout=false
08-03 17:06:42.549  2522  6372 V WindowManager: Moving to PAUSED: ActivityRecord{cdbb1c6 u0 com.asus.launcher/com.android.launcher3.uioverrides.QuickstepLauncher t7917}  (pause complete)
08-03 17:06:42.549  2522  6372 V WindowManager: Complete pause: ActivityRecord{cdbb1c6 u0 com.asus.launcher/com.android.launcher3.uioverrides.QuickstepLauncher t7917}
08-03 17:06:42.549  2522  6372 V WindowManager: State movement: ActivityRecord{cdbb1c6 u0 com.asus.launcher/com.android.launcher3.uioverrides.QuickstepLauncher t7917} from:PAUSING to:PAUSED reason:completePausedLocked
08-03 17:06:42.549  2522  6372 V WindowManager: Enqueue pending stop if needed: ActivityRecord{cdbb1c6 u0 com.asus.launcher/com.android.launcher3.uioverrides.QuickstepLauncher t7917} wasStopping=false visibleRequested=true
08-03 17:06:42.552  4380  4380 D AppHiddenMonitor: onChange call queryHiddenList()
08-03 17:06:42.553 16134 16158 D AllAppModelWriter: updateLaunchCount: cpnName= ComponentInfo{com.linkbubble.playstore.dev/com.linkbubble.ui.EntryActivity}, times= 112
08-03 17:06:42.554 14190 14190 I artd    : GetBestInfo: odex next to the dex file (/data/app/~~JtS6LHK72Bn6JlyyyIlj1A==/y_studio.ka5983.ptt2-9pK69MlvNdYa3BXPdnvAdA==/oat/arm64/base.odex) is kOatUpToDate with filter 'speed-profile' executable 'false'
08-03 17:06:42.554 16134 16158 D QuickstepModelDelegate: notifyAppTargetEvent action=1 launchLocation=workspace/1/[3,4]/[1,1]
08-03 17:06:42.555  2522  6372 I WindowManager: Override pending remote transitionSet=false adapter=android.view.RemoteAnimationAdapter@8faab5b
08-03 17:06:42.555  2522  6372 D WindowManager: resumeTopActivity: Restarting ActivityRecord{3b4d0fe u0 com.linkbubble.playstore.dev/com.linkbubble.ui.EntryActivity t7953}
08-03 17:06:42.556  2522  6372 V WindowManager: setAppVisibility(Token{1d42c57 ActivityRecord{3b4d0fe u0 com.linkbubble.playstore.dev/com.linkbubble.ui.EntryActivity t7953}}, visible=true): mNextAppTransitionRequests=[], mNextAppTransitionFlags= visible=false mVisibleRequested=false Callers=com.android.server.wm.ActivityRecord.setVisibility:5775 com.android.server.wm.EnsureActivitiesVisibleHelper.makeVisibleAndRestartIfNeeded:257 com.android.server.wm.EnsureActivitiesVisibleHelper.setActivityVisibilityState:181 com.android.server.wm.EnsureActivitiesVisibleHelper.process:130 com.android.server.wm.TaskFragment.updateActivityVisibilities:1349 com.android.server.wm.Task.lambda$ensureActivitiesVisible$19:5402 
08-03 17:06:42.556  2522  6372 V WindowManager: Collecting in transition 114: ActivityRecord{3b4d0fe u0 com.linkbubble.playstore.dev/com.linkbubble.ui.EntryActivity t7953}
08-03 17:06:42.556  2522  6372 V WindowManager: No longer Stopped: ActivityRecord{3b4d0fe u0 com.linkbubble.playstore.dev/com.linkbubble.ui.EntryActivity t7953}
08-03 17:06:42.557  1691  1691 D Zygote  : Forked child process 14428
08-03 17:06:42.558 16134 16134 I TopTaskTracker: onTaskMovedToFront: (moved taskInfo to front) taskId=7953
08-03 17:06:42.560  1845  5776 E ANDR-PERF-LM: MetaMeter: handleAsync() 166: AdaptLaunch Invalid Async
08-03 17:06:42.560  4112 14027 I NetworkScheduler: (REDACTED) Error inserting %s
08-03 17:06:42.561  2522  2583 I ActivityManager: Start proc 14428:com.linkbubble.playstore.dev/u0a461 for next-top-activity {com.linkbubble.playstore.dev/com.linkbubble.ui.EntryActivity}
08-03 17:06:42.562  4380  4380 D AppHiddenMonitor: onChange call queryHiddenList()
08-03 17:06:42.562  2522 14429 W ContextImpl: Calling a method in the system process without a qualified user: android.app.ContextImpl.sendBroadcast:1249 com.qualcomm.qti.Performance$SendGameLaunchBroadcast.run:248 java.lang.Thread.run:1119 <bottom of call stack> <bottom of call stack> 
08-03 17:06:42.563 14190 14190 I artd    : GetBestInfo: odex next to the dex file (/data/app/~~j0eXquvImhY2c7yEvT4Lgg==/com.asus.ia.asusapp-qgW3Kv2bnRwKhA-Wvvvw2A==/oat/arm64/base.odex) is kOatUpToDate with filter 'speed-profile' executable 'false'
08-03 17:06:42.568  6406 14541 W SQLiteLog: (28) double-quoted string literal: "com.linkbubble.playstore.dev"
08-03 17:06:42.568 14148 14347 D AW_TrackUpdateFlow_E: ewBwOkZGX6q/BpXS1a4MTjzfNOnT+Mnq4xTkj6F7HqsGqe+0srRFSZEeA4MQ7erJrcPpvnvGypf8
08-03 17:06:42.568 14148 14347 D AW_TrackUpdateFlow_E: Ntp1Vm6dKL6t+NV9xjVdw7XpIdCpZxP/ixPEcVg//0TGespwV40fo5Q6+Udlb+9Mc99E0fr0hf7R
08-03 17:06:42.568 14148 14347 D AW_TrackUpdateFlow_E: x4sabp6QviA+PakpTroQJ3r14o17mpuPM9ajWXc6a4vPkDwYDwMnyyfi+tYUtACKNe2QW42h3hq9
08-03 17:06:42.568 14148 14347 D AW_TrackUpdateFlow_E: h96vN4F86AKkaJMs7O6HLJzm9Z58RlSM5We5yt5NrabxMcUFnJ0CP2CkvcvgZrlXUdMlVDnYKQXM
08-03 17:06:42.568 14148 14347 D AW_TrackUpdateFlow_E: vDKMYKoyOCt5DBGEN1XVRT6wmTSTJndWiy7xsA9K6pFCqQ/9jSNDwoBOehq6GlZj7YVJ29bhCx71
08-03 17:06:42.568 14148 14347 D AW_TrackUpdateFlow_E: 2K/ovMWoZ+aeA8X+lZ0nnkevoVCyZhMEm6Gtm+xeLkEMxsNmhULwkrJxLZsQ5vJ963/fLvH8z8Iq
08-03 17:06:42.568 14148 14347 D AW_TrackUpdateFlow_E: giERFHr4CERxYQOVEsO7SNBKfhO/cM8eFjDBwnYZhemnSHA/6j4NVA/fRZeRltIQZPjC9/oipApH
08-03 17:06:42.568 14148 14347 D AW_TrackUpdateFlow_E: U8rHlCWxano2Ss2vgfjYeTLYJtv6ajuc5Dn4Bvzec0/925a+ZhsraK1lJYbcO4PZTWweP9NVZQkr
08-03 17:06:42.568 14148 14347 D AW_TrackUpdateFlow_E: h17Ely6/Ic1QhM8JiJaPQXC6uFG99efO8MwO5ikXSjQSTMcpk3/2XiKYAfV76doQaoYyyA989Wpm
08-03 17:06:42.568 14148 14347 D AW_TrackUpdateFlow_E: T7gmvv2I1Fj8Pfsed6t6472fYvQIMZiOW1475NDdKe074QCw+snacz5+vGTl5dPXABoZzN53asSb
08-03 17:06:42.568 14148 14347 D AW_TrackUpdateFlow_E: C7hQbpgeGS0UkrIBgG0BGYqEyBMP8zVSjrisyQ9tU96L1a0Z17siaZzCaQcXC+7xAQTg0oGxtHwM
08-03 17:06:42.568 14148 14347 D AW_TrackUpdateFlow_E: jbPC6yNA3BkMm9WBKoQHGhLlyINbgLVQmDxhXNqPB0WfSwoo3xyp7DFm5/I/ly0avKM35rvV8xm4
08-03 17:06:42.568 14148 14347 D AW_TrackUpdateFlow_E: ahPHBwtllsuh4x5EKcmrBgVKoV7Jru5Z+dhDFJYGbZ2Mbc5eAfIYlz3Ro/1YKqw/ErdSKVld8WIW
08-03 17:06:42.568 14148 14347 D AW_TrackUpdateFlow_E: e7PB/gSHFm4ydhIFjLHLRtRE59B+4T5IZSFcK9CDAx/XkSt0G2P7dquHl6YbclUgIH5f8aRWUMQI
08-03 17:06:42.568 14148 14347 D AW_TrackUpdateFlow_E: uin9hm+zgpldjXLMwk3EMrpxMR/ADfFwQYJ1RKDmXGHtYLkE8u0miUJ+TCx8ktgQhJUwek2TucoQ
08-03 17:06:42.568 14148 14347 D AW_TrackUpdateFlow_E: bbVIZ6Ssisoc3Q71dfTTuXxFpdioF8VFVfoRU6kh3EXmafqDMA2TvM8mrLg1nbJdxwvE3h4B2XWh
08-03 17:06:42.568 14148 14347 D AW_TrackUpdateFlow_E: 4Wbj6jaFKN98zXwhXkUzXIFmIQrM+5+85V0LuqS0eYevv25+n4KyyLm8QzFmzb0SF3cXUbOzm5VK
08-03 17:06:42.568 14148 14347 D AW_TrackUpdateFlow_E: 8VgRA2iNQ/6E/Yy76GGwrmG/kBgKiIRmDL3a051Y+c/KciToy8bWhTh/EPrDUy68U5er+l48ADhi
08-03 17:06:42.568 14148 14347 D AW_TrackUpdateFlow_E: eNIsxGF9DrIN3xteJ6ddUDKPlF4gSt8g51IoVgy0lxR0M5zAoZQBNF2QYf9GajhMQgAFuz6EMrcz
08-03 17:06:42.568 14148 14347 D AW_TrackUpdateFlow_E: akxu/eJsfaOQ1QrvLO/PUTuZNxU6tYBP4ET+ugekOfsUnzmYlKjGgc8hQhSvQSGjnIc11tUdTyFa
08-03 17:06:42.568 14148 14347 D AW_TrackUpdateFlow_E: c5NRY8wb9zP9Do/jbMp7t2YhNO8JO4B2W0FRsfVTgI6f+AZlxXMgAQmkHERgPP57wzGgWoSXG/74
08-03 17:06:42.568 14148 14347 D AW_TrackUpdateFlow_E: Vrt2A260I83ruMr5mO/2qXTTtDtrUqMNt5Jdge9aYXmdPEqbyrjn3U/hBzJnBEhObxFewY9pTG3V
08-03 17:06:42.568 14148 14347 D AW_TrackUpdateFlow_E: LWSawGisckRscr1hPb8fwffskY1F0wLYqdU=
08-03 17:06:42.569 14190 14190 I artd    : GetBestInfo: /data/app/~~FdT8KKgQ3LIhROQcN-Oasg==/com.linkbubble.playstore.dev-HxuJHj7VzXVVA_VIbsXl5w==/base.apk has no usable artifacts
08-03 17:06:42.569 14428 14428 I e.playstore.dev: Late-enabling -Xcheck:jni
08-03 17:06:42.573 17772 17772 W Finsky  : [2] STU: Failed to get storage stats for package 'com.google.android.configinfrastructure' (1601: Error getting stats: android.content.pm.PackageManager.NameNotFoundException)
08-03 17:06:42.574 14190 14190 I artd    : GetBestInfo: odex next to the dex file (/data/app/~~ShSDHj39jCpuGBnXZlsVnA==/com.koyfin.app-ET21_vTlh7RV5fs17Z1scg==/oat/arm64/base.odex) is kOatUpToDate with filter 'speed-profile' executable 'false'
08-03 17:06:42.576 17772 17772 W Finsky  : [2] STU: Failed to get storage stats for package 'com.google.android.media' (1601: Error getting stats: android.content.pm.PackageManager.NameNotFoundException)
08-03 17:06:42.578 14190 14190 I artd    : GetBestInfo: odex next to the dex file (/data/app/~~IbIs3_RbOBKkO1KEuiBrsg==/com.google.android.apps.maps-iQDrf-QD5-Joas3clqkIHQ==/oat/arm64/base.odex) is kOatUpToDate with filter 'speed-profile' executable 'false'
08-03 17:06:42.583 14190 14190 I artd    : GetBestInfo: odex next to the dex file (/data/app/~~rhcqsptzU56plsYbYN3Ciw==/com.urbandroid.sleep-m3bczhcin7MgKmNevY_q_Q==/oat/arm64/base.odex) is kOatUpToDate with filter 'speed-profile' executable 'false'
08-03 17:06:42.593 14428 14428 I e.playstore.dev: Using CollectorTypeCMC GC.
08-03 17:06:42.595  2522  3980 D WifiStaIfaceHidlImpl: getCachedScanData is not implemented by HIDL
08-03 17:06:42.596  1900  1900 I BpBinder: onLastStrongRef automatically unlinking death recipients: 
08-03 17:06:42.598  2852  2960 I adbd    : jdwp connection from 14428
08-03 17:06:42.599     0     0 W KERNEL  : [422490.430079][ T2610] [wlan]: BSSID=62:28:aa:5b:98:b5 RSSI=-44, Rate=(7206, 10208), flags=(0xe008, 0xe008), MCS=(7,10), NSS=(2,2).
08-03 17:06:42.602 14428 14428 D nativeloader: Load libframework-connectivity-tiramisu-jni.so using APEX ns com_android_tethering for caller /apex/com.android.tethering/javalib/framework-connectivity-t.jar: ok
08-03 17:06:42.610  1845  1893 E ANDR-PERF-QESDK-SECLIB: ANDR-PERF-QESDK-SECLIB: apply_value() 160: Failed to store original gpu node value
08-03 17:06:42.610  1845  1893 E ANDR-PERF-RESOURCEQS: ANDR-PERF-RESOURCEQS: AddAndApply() 167: Failed to apply optimization [3, 32]
08-03 17:06:42.610  1845  5776 E ANDR-PERF-LM: MetaMeter: handleAsync() 166: AdaptLaunch Invalid Async
08-03 17:06:42.611  2522  6292 D CompatibilityInfo: mCompatibilityFlags - 0
08-03 17:06:42.611  2522  6292 D CompatibilityInfo: applicationDensity - 374
08-03 17:06:42.612  2522  6292 D CompatibilityInfo: applicationScale - 1.0
08-03 17:06:42.619  2522  2540 D AlarmManagerServiceInjector: background restricted unblock alarm for 10461
08-03 17:06:42.619  6201 11752 D ForegroundUtils: Foreground UID status:
08-03 17:06:42.619  6201 11752 D ForegroundUtils: UID: 10049 is in foreground: true
08-03 17:06:42.619  6201 11752 D ForegroundUtils: UID: 10093 is in foreground: true
08-03 17:06:42.619  6201 11752 D ForegroundUtils: UID: 10175 is in foreground: true
08-03 17:06:42.619  6201 11752 D ForegroundUtils: UID: 10185 is in foreground: true
08-03 17:06:42.619  6201 11752 D ForegroundUtils: UID: 10201 is in foreground: true
08-03 17:06:42.619  6201 11752 D ForegroundUtils: UID: 10203 is in foreground: false
08-03 17:06:42.619  6201 11752 D ForegroundUtils: UID: 10241 is in foreground: false
08-03 17:06:42.619  6201 11752 D ForegroundUtils: UID: 10461 is in foreground: true
08-03 17:06:42.622 14428 14428 D CompatChangeReporter: Compat change id reported: 242716250; UID 10461; state: ENABLED
08-03 17:06:42.635 14190 14190 I artd    : GetBestInfo: dm (/data/app/~~ScdtTbx75AMlwPaQbL8gPQ==/com.rookiestudio.perfectviewer-eU4zmxP9sYZIFapWocwyig==/base.dm) is kOatUpToDate with filter 'verify' executable 'false'
08-03 17:06:42.642   917   917 D lowmemorykiller: critical pressure event polling check
08-03 17:06:42.642   917   917 D lowmemorykiller: thrashing: 2% thrashing_limit: 30%
08-03 17:06:42.643   917   917 D lowmemorykiller: No processes to kill with adj score >= 920
08-03 17:06:42.644  2522  3993 I serviceDiscovery: [MdnsDiscoveryManager._googlecast._tcp.local-101/26] Handling response from service: Google-Cast-Group-0fc57e81813e42ad9ca9adc6e569f90b, newInCache: false, serviceBecomesComplete: false, responseIsComplete: true
08-03 17:06:42.644  2522  3993 I serviceDiscovery: [MdnsDiscoveryManager._googlecast._tcp.local-101/26] Handling response from service: Google-Nest-Mini-f3a06cb740c574f5f0614d0901d17a27, newInCache: false, serviceBecomesComplete: false, responseIsComplete: true
08-03 17:06:42.650 19807 19807 I bnhk    : onPause
08-03 17:06:42.663 16134 16156 D RecentTasksList: loadTasksInBackground: 
08-03 17:06:42.664  2522  6292 W ActivityTaskManager: takeTaskSnapshot: taskId=7953 not found or not visible
08-03 17:06:42.714 14148 14343 V WeatherBaseFeedParser: isIsDayTime:true
08-03 17:06:42.716 14428 14428 D ApplicationLoaders: Returning zygote-cached class loader: /system/framework/org.apache.http.legacy.jar
08-03 17:06:42.743   917   917 D lowmemorykiller: critical pressure event polling check
08-03 17:06:42.743   917   917 D lowmemorykiller: thrashing: 3% thrashing_limit: 30%
08-03 17:06:42.743   917   917 D lowmemorykiller: No processes to kill with adj score >= 920
08-03 17:06:42.771  2723  2723 I cnss-daemon: nl80211 response handler invoked
08-03 17:06:42.771  2723  2723 I cnss-daemon: nl80211_response_handler: cmd 103, vendorID 4980, subcmd 13  received
08-03 17:06:42.771  1768  4182 I WifiHAL : event received NL80211_CMD_VENDOR, vendor_id = 0x1374, subcmd = 0xd
08-03 17:06:42.797 16134 14340 D Launcher.Now: checkGoogleNowLeak: no need to check, timer stop.
08-03 17:06:42.817 14428 14428 D nativeloader: Configuring clns-7 for other apk /data/app/~~FdT8KKgQ3LIhROQcN-Oasg==/com.linkbubble.playstore.dev-HxuJHj7VzXVVA_VIbsXl5w==/base.apk. target_sdk_version=34, uses_libraries=, library_path=/data/app/~~FdT8KKgQ3LIhROQcN-Oasg==/com.linkbubble.playstore.dev-HxuJHj7VzXVVA_VIbsXl5w==/lib/arm64, permitted_path=/data:/mnt/expand:/data/user/0/com.linkbubble.playstore.dev
08-03 17:06:42.817  4340  5986 I AudioFocusListHandler: AudioFocusHandler update
08-03 17:06:42.820  4340  5986 D AudioFocusListHandler: Update DB : number of affected records : 1
08-03 17:06:42.823   917   917 D lowmemorykiller: medium pressure event triggered
08-03 17:06:42.823 14428 14428 I Perf    : Connecting to perf service.
08-03 17:06:42.823   917   917 D lowmemorykiller: thrashing: 3% thrashing_limit: 30%
08-03 17:06:42.823   917   917 D lowmemorykiller: No processes to kill with adj score >= 920
08-03 17:06:42.826 14428 14428 V GraphicsEnvironment: Currently set values for:
08-03 17:06:42.826 14428 14428 V GraphicsEnvironment:   angle_gl_driver_selection_pkgs=[]
08-03 17:06:42.826 14428 14428 V GraphicsEnvironment:   angle_gl_driver_selection_values=[]
08-03 17:06:42.826 14428 14428 V GraphicsEnvironment: Global.Settings values are invalid: number of packages: 0, number of values: 0
08-03 17:06:42.826 14428 14428 V GraphicsEnvironment: Neither updatable production driver nor prerelease driver is supported.
08-03 17:06:42.835 14428 14428 I CrashlyticsInitProvider: CrashlyticsInitProvider skipping initialization
08-03 17:06:42.844   917   917 D lowmemorykiller: critical pressure event polling check
08-03 17:06:42.844   917   917 D lowmemorykiller: thrashing: 4% thrashing_limit: 30%
08-03 17:06:42.844   917   917 D lowmemorykiller: No processes to kill with adj score >= 920
08-03 17:06:42.846 14428 14428 V Monotype: SetAppTypeFace- try to flip, app = com.linkbubble.playstore.dev
08-03 17:06:42.849 14428 14428 V Monotype:     Typeface getFontPathFlipFont - systemFont = default#default
08-03 17:06:42.849 14428 14428 I SystemFonts: Loading font config from /system/etc/font_fallback_ff.xml
08-03 17:06:42.852 14428 14428 D CompatChangeReporter: Compat change id reported: 247079863; UID 10461; state: ENABLED
08-03 17:06:42.859  2522  3993 I serviceDiscovery: [MdnsAdvertiser.wlan0] Probing finished for service 468
08-03 17:06:42.860  4112  4154 I NearbyMediums: WIFI_LAN registered service name:IzhYSzT8n14AAA type:null at ip:null port:0
08-03 17:06:42.860  4112 14062 I NearbyMediums: Successfully advertised IzhYSzT8n14AAA on serviceID NearbySharing over Wifi LAN.
08-03 17:06:42.861  4112 14062 I NearbyMediums: [WifiNetworkV2] WifiStatusChangedCallback registered for NearbySharing (wifiStatusChangedCallbacks.size:1)
08-03 17:06:42.861  4112 14062 I NearbyConnections: Get local endpoint id from the existing localEndpointId:8XK4 (last:18ZA) for client 160837402(0p:com.google.android.gms.nearby.sharing)
08-03 17:06:42.862  4112 14062 I NearbyMediums: Started BLE scanning, service-id=NearbyConnections.TxAdvertisement, is-extended-advert=true, power-level=2, scan-mode=3
08-03 17:06:42.862  4112 14062 I NearbyConnections: [InstantConnectionPcpMgr] In invalidateTxAdvertisementScanning(by final_updateAdvertising) tx advertisement scanning successfully started for enpointId:8XK4 serviceId:NearbySharing isScreenUnlocked:true powerLevel:BALANCED
08-03 17:06:42.862  4112 14062 I NearbyConnections: Found BleAdvertisement [ 0x23 0x4e 0x59 0x4b 0x59 0x11 0x34 0x2c 0x53 0x96 0x22 0x51 0x7e 0x4c 0xaa 0xb6 0xae 0xf5 0x21 0x44 0xe8 0xff 0x51 ] (with EndpointId NYKY and EndpointInfo [ 0x34 0x2c 0x53 0x96 0x22 0x51 0x7e 0x4c 0xaa 0xb6 0xae 0xf5 0x21 0x44 0xe8 0xff 0x51 ])
08-03 17:06:42.862  4112 14399 I NearbySharing: [broadcast provider] advertising options updated (BroadcastProviderOptions(powerLevel=2, flowId=1047126714405744711, uwbSenderInfo=[], deviceType=1, advertisingMediums=[8, 3, 6, 5, 4], upgradeMediums=[11, 5, 8, 6, 3, 9, 10, 2, 4, 7], useStableIdentifiers=false, allowBluetoothRadioToggling=false, allowWifiRadioToggling=false, enableBleL2capListening=false, allowGattConnections=false, enableFastAdvertisement=true)).
08-03 17:06:42.862  4112 14399 I NearbySharing: NearbySharing Internal event ReceiveManagerUpdate(mode=2, isEveryoneMode=false, dataUsage=2, useQrCode=false, success=true)
08-03 17:06:42.863  4112 14062 I NearbyConnections: ClientProxy(160837402) reporting onEndpointFound(NYKY)
08-03 17:06:42.863  4112 14062 I NearbyConnections: ClientProxy(160837402) reporting onEndpointDistanceChanged(NYKY, UNKNOWN)
08-03 17:06:42.863  4112 14062 I NearbyConnections: Found BleAdvertisement [ 0x23 0x45 0x36 0x38 0x34 0x11 0x16 0x25 0xb4 0xbb 0x08 0x8b 0x7e 0x52 0x15 0xd7 0x98 0x2a 0x10 0x91 0x23 0x94 0x3c ] (with EndpointId E684 and EndpointInfo [ 0x16 0x25 0xb4 0xbb 0x08 0x8b 0x7e 0x52 0x15 0xd7 0x98 0x2a 0x10 0x91 0x23 0x94 0x3c ])
08-03 17:06:42.863  4112 14063 I NearbySharing: [ClearcutLog] ADVERTISE_DEVICE_PRESENCE_START sessionId=0 flowId=1047126714405744711 sessionStatus: 1, visibility: 4
08-03 17:06:42.864  4112 14062 I NearbyConnections: ClientProxy(160837402) reporting onEndpointFound(E684)
08-03 17:06:42.865  4112 14062 I NearbyConnections: ClientProxy(160837402) reporting onEndpointDistanceChanged(E684, UNKNOWN)
08-03 17:06:42.865  4112 14060 I NearbySharing: NearbySharing Internal event EndpointDiscovered(endpointId=NYKY)
08-03 17:06:42.865  4112 14062 I NearbyConnections: Found BleAdvertisement [ 0x23 0x37 0x51 0x43 0x39 0x11 0x32 0x1b 0x54 0xa2 0xbf 0xa6 0x27 0xda 0x70 0x2e 0xd0 0xef 0xd5 0x4a 0xf8 0xa8 0x9b ] (with EndpointId 7QC9 and EndpointInfo [ 0x32 0x1b 0x54 0xa2 0xbf 0xa6 0x27 0xda 0x70 0x2e 0xd0 0xef 0xd5 0x4a 0xf8 0xa8 0x9b ])
08-03 17:06:42.865  4112 14062 I NearbyConnections: ClientProxy(160837402) reporting onEndpointFound(7QC9)
08-03 17:06:42.865  4112 14062 I NearbyConnections: ClientProxy(160837402) reporting onEndpointDistanceChanged(7QC9, UNKNOWN)
08-03 17:06:42.866  4112 14062 I NearbyConnections: Found BleAdvertisement [ 0x23 0x4e 0x59 0x4b 0x59 0x11 0x34 0x2c 0x53 0x96 0x22 0x51 0x7e 0x4c 0xaa 0xb6 0xae 0xf5 0x21 0x44 0xe8 0xff 0x51 ] (with EndpointId NYKY and EndpointInfo [ 0x34 0x2c 0x53 0x96 0x22 0x51 0x7e 0x4c 0xaa 0xb6 0xae 0xf5 0x21 0x44 0xe8 0xff 0x51 ])
08-03 17:06:42.866  4112 14062 I NearbyConnections: ClientProxy(160837402) ignoring onEndpointDistanceChanged(NYKY, UNKNOWN), because this distance has already been reported
08-03 17:06:42.866  4112 14062 I NearbyConnections: Found BleAdvertisement [ 0x23 0x45 0x53 0x37 0x54 0x11 0x32 0x7c 0x14 0x8f 0x7a 0x4a 0x48 0x29 0x73 0xe2 0x90 0xc6 0x79 0x14 0x48 0x65 0x2f ] (with EndpointId ES7T and EndpointInfo [ 0x32 0x7c 0x14 0x8f 0x7a 0x4a 0x48 0x29 0x73 0xe2 0x90 0xc6 0x79 0x14 0x48 0x65 0x2f ])
08-03 17:06:42.866  4112 14062 I NearbyConnections: ClientProxy(160837402) reporting onEndpointFound(ES7T)
08-03 17:06:42.867  1747  5119 D vendor.qti.bluetooth@1.1-ibs_handler: SerialClockVote: vote for UART CLK OFF
08-03 17:06:42.867  4112 14062 I NearbyConnections: ClientProxy(160837402) reporting onEndpointDistanceChanged(ES7T, UNKNOWN)
08-03 17:06:42.870  4112 14063 I NearbySharing: [NS_DISCOVERY] DiscoveryController reported Discovered(endpointId=NYKY, metadata=DeviceMetadata(version=1, deviceType=2, deviceName=Bruce的Pixel Tablet, displayName=Bruce Chang, modelName=Pixel Tablet, imageUri=content://com.google.android.gms.fileprovider/nearby_share_images/1362739359.jpg, isSelfShare=true, isKnown=true, bluetoothMacAddress=[36, -107, 47, -127, 83, 88], vendorId=0, matchesLocalQrCode=false), sharedCredential=SharedCredential(id=1963168301, publicKey=[48, 89, 48, 19, 6, 7, 42, -122, 72, -50, 61, 2, 1, 6, 8, 42, -122, 72, -50, 61, 3, 1, 7, 3, 66, 0, 4, 22, -64, -43, 123, 100, 5, 99, 76, -8, 36, -38, -22, 4, -58, -126, -44, -127, 50, 17, 83, 105, -78, -104, 76, 30, 101, -101, -6, 39, -86, -102, -95, 16, -21, 41, -97, 17, 11, 122, 26, -77, 103, 76, -101, 78, 118, -27, 97, -20, -55, -128, -53, -120, 110, 46, -126, 66, -68, 30, -24, 64, -114, 43, 104], authenticityKey=[81, -38, 115, -90, -94, 54, 48, -8, -121, 94, -52, 93, -104, 4, -52, -8, 113, 89, -53, 116, -19, 14, -95, -90, -30, 8, -69, -117, 117, -69, 42, 8], certificateMetadata=CertificateMetadata(deviceName=Bruce的Pixel Tablet, fullName=Bruce Chang, iconUrl=content://com.google.android.gms.fileprovider/nearby_share_images/1362739359.jpg, bluetoothMacAddress=[36, -107, 47, -127, 83, 88], accountName=brucex1986@gmail.com, modelName=Pixel Tablet, vendorId=0), hasSharedAccount=true))
08-03 17:06:42.870  4112 14063 I NearbySharing: [NS_DEBUG] Dedupped: same endpoint ID NYKY
08-03 17:06:42.870  4112 14063 I NearbySharing: {NS_DEBUG] previous receiver info ReceiverInfo(endpointId=NYKY, metadata=DeviceMetadata(version=1, deviceType=2, deviceName=Bruce的Pixel Tablet, displayName=Bruce Chang, modelName=Pixel Tablet, imageUri=content://com.google.android.gms.fileprovider/nearby_share_images/1362739359.jpg, isSelfShare=true, isKnown=true, bluetoothMacAddress=[36, -107, 47, -127, 83, 88], vendorId=0, matchesLocalQrCode=false), sharedCredential=SharedCredential(id=1963168301, publicKey=[48, 89, 48, 19, 6, 7, 42, -122, 72, -50, 61, 2, 1, 6, 8, 42, -122, 72, -50, 61, 3, 1, 7, 3, 66, 0, 4, 22, -64, -43, 123, 100, 5, 99, 76, -8, 36, -38, -22, 4, -58, -126, -44, -127, 50, 17, 83, 105, -78, -104, 76, 30, 101, -101, -6, 39, -86, -102, -95, 16, -21, 41, -97, 17, 11, 122, 26, -77, 103, 76, -101, 78, 118, -27, 97, -20, -55, -128, -53, -120, 110, 46, -126, 66, -68, 30, -24, 64, -114, 43, 104], authenticityKey=[81, -38, 115, -90, -94, 54, 48, -8, -121, 94, -52, 93, -104, 4, -52, -8, 113, 89, -53, 116, -19, 14, -95, -90, -30, 8, -69, -117, 117, -69, 42, 8], certificateMetadata=CertificateMetadata(deviceName=Bruce的Pixel Tablet, fullName=Bruce Chang, iconUrl=content://com.google.android.gms.fileprovider/nearby_share_images/1362739359.jpg, bluetoothMacAddress=[36, -107, 47, -127, 83, 88], accountName=brucex1986@gmail.com, modelName=Pixel Tablet, vendorId=0), hasSharedAccount=true), state=Tomb(delayedStateChangeJob=hxmv{Active}@22673ff))
08-03 17:06:42.870  4112 14063 I NearbySharing: NearbySharing Internal event ReceiverEndpointMapping(endpointId=NYKY, receiverId=9)
08-03 17:06:42.871  4112 14060 I NearbySharing: [NS_CONTROL] DiscoveryStateManager emitted ReportDiscovered(id=9, metadata=DeviceMetadata(version=1, deviceType=2, deviceName=Bruce的Pixel Tablet, displayName=Bruce Chang, modelName=Pixel Tablet, imageUri=content://com.google.android.gms.fileprovider/nearby_share_images/1362739359.jpg, isSelfShare=true, isKnown=true, bluetoothMacAddress=[36, -107, 47, -127, 83, 88], vendorId=0, matchesLocalQrCode=false)).
08-03 17:06:42.871  4112 14399 I NearbySharing: NearbySharing Internal event EndpointDiscovered(endpointId=E684)
08-03 17:06:42.871  4112 14060 I NearbySharing: NearbySharing Internal event ReceiverDiscovered(receiverId=9, deviceName=Bruce的Pixel Tablet, isKnown=true, isSelfShare=true, deviceType=2, hasMatchingQrCode=false, isExternal=false)
08-03 17:06:42.872  4112 14445 I NearbySharing: SendManager event Discovered(receiverId=9, receiverMetadata=DeviceMetadata(version=1, deviceType=2, deviceName=Bruce的Pixel Tablet, displayName=Bruce Chang, modelName=Pixel Tablet, imageUri=content://com.google.android.gms.fileprovider/nearby_share_images/1362739359.jpg, isSelfShare=true, isKnown=true, bluetoothMacAddress=[36, -107, 47, -127, 83, 88], vendorId=0, matchesLocalQrCode=false))
08-03 17:06:42.872  4112 14445 I NearbySharing: SendManager event DistanceChanged(receiverId=9, distance=1, rangingData=null)
08-03 17:06:42.874  2522  5143 D ShortcutService: rescanPackageIfNeeded 0@com.google.android.gms, forceRescan=false , isNewApp=false
08-03 17:06:42.875  4112 14383 I NearbySharing: [NS_DISCOVERY] DiscoveryController reported Discovered(endpointId=E684, metadata=DeviceMetadata(version=0, deviceType=3, deviceName=Bruce's PC, displayName=Bruce Chang, modelName=, imageUri=content://com.google.android.gms.fileprovider/nearby_share_images/-1200655384.jpg, isSelfShare=true, isKnown=true, bluetoothMacAddress=[-124, 27, 119, 22, 120, -24], vendorId=0, matchesLocalQrCode=false), sharedCredential=SharedCredential(id=1803512427, publicKey=[48, 89, 48, 19, 6, 7, 42, -122, 72, -50, 61, 2, 1, 6, 8, 42, -122, 72, -50, 61, 3, 1, 7, 3, 66, 0, 4, 59, -70, -13, -7, -100, -22, -123, -108, 118, -8, -77, -123, 109, 126, -6, -99, 39, -114, 93, 107, 24, -14, -121, -91, 43, -20, -12, 119, 104, 71, 99, -107, -93, 60, -118, 42, 82, -78, 31, -40, -64, 109, -90, -2, -88, -83, -80, -14, -111, -123, 69, -9, -117, -61, -122, -35, 90, -124, -118, -48, 123, 91, -100, -103], authenticityKey=[87, -92, 99, 14, 114, 125, 87, 56, 120, -110, 67, 1, -63, 76, -32, -30, -65, 110, -100, 116, -88, -111, -86, -79, -107, -9, -15, 80, 104, 37, -40, -77], certificateMetadata=CertificateMetadata(deviceName=Bruce's PC, fullName=Bruce Chang, iconUrl=content://com.google.android.gms.fileprovider/nearby_share_images/-1200655384.jpg, bluetoothMacAddress=[-124, 27, 119, 22, 120, -24], accountName=brucex1986@gmail.com, modelName=, vendorId=0), hasSharedAccount=true))
08-03 17:06:42.875  4112 14383 I NearbySharing: [NS_DEBUG] Dedupped: same endpoint ID E684
08-03 17:06:42.876  4112 14383 I NearbySharing: {NS_DEBUG] previous receiver info ReceiverInfo(endpointId=E684, metadata=DeviceMetadata(version=0, deviceType=3, deviceName=Bruce's PC, displayName=Bruce Chang, modelName=, imageUri=content://com.google.android.gms.fileprovider/nearby_share_images/-1200655384.jpg, isSelfShare=true, isKnown=true, bluetoothMacAddress=[-124, 27, 119, 22, 120, -24], vendorId=0, matchesLocalQrCode=false), sharedCredential=SharedCredential(id=1803512427, publicKey=[48, 89, 48, 19, 6, 7, 42, -122, 72, -50, 61, 2, 1, 6, 8, 42, -122, 72, -50, 61, 3, 1, 7, 3, 66, 0, 4, 59, -70, -13, -7, -100, -22, -123, -108, 118, -8, -77, -123, 109, 126, -6, -99, 39, -114, 93, 107, 24, -14, -121, -91, 43, -20, -12, 119, 104, 71, 99, -107, -93, 60, -118, 42, 82, -78, 31, -40, -64, 109, -90, -2, -88, -83, -80, -14, -111, -123, 69, -9, -117, -61, -122, -35, 90, -124, -118, -48, 123, 91, -100, -103], authenticityKey=[87, -92, 99, 14, 114, 125, 87, 56, 120, -110, 67, 1, -63, 76, -32, -30, -65, 110, -100, 116, -88, -111, -86, -79, -107, -9, -15, 80, 104, 37, -40, -77], certificateMetadata=CertificateMetadata(deviceName=Bruce's PC, fullName=Bruce Chang, iconUrl=content://com.google.android.gms.fileprovider/nearby_share_images/-1200655384.jpg, bluetoothMacAddress=[-124, 27, 119, 22, 120, -24], accountName=brucex1986@gmail.com, modelName=, vendorId=0), hasSharedAccount=true), state=Tomb(delayedStateChangeJob=hxmv{Active}@9d2f2b8))
08-03 17:06:42.876  4112 14383 I NearbySharing: NearbySharing Internal event ReceiverEndpointMapping(endpointId=E684, receiverId=7)
