07-28 21:34:14.779 E/KERNEL  (    0): [688399.702604][T18893] [BAT][CHG]asus_jeita_cc_worker g_Charger_mode is false 5 s
07-28 21:34:14.779 E/KERNEL  (    0): [688403.379831][ T2694] [cnd][0x409bb97745a5][21:34:14.774863] kiwi_v2: [2694:E:HDD] __wlan_hdd_cfg80211_stats_ext_request: Failed to get hw stats: 15
07-28 21:34:14.782 I/WifiHAL ( 1905): event received NL80211_CMD_VENDOR, vendor_id = 0x1374, subcmd = 0xd
07-28 21:34:14.783 I/cnss-daemon( 2754): nl80211 response handler invoked
07-28 21:34:14.783 I/cnss-daemon( 2754): nl80211_response_handler: cmd 103, vendorID 4980, subcmd 13  received
07-28 21:34:14.936 D/BoundBrokerSvc( 1126): onUnbind: Intent { act=com.google.android.gms.libs.gmscorelogger.service.START dat=chimera-action:/... cmp=com.google.android.gms/.chimera.PersistentDirectBootAwareApiService }
07-28 21:34:14.938 E/KERNEL  (    0): [688403.540270][T15388] [BAT][CHG]asus_panel_check_worker set BATTMAN_OEM_WORK_EVENT : WORK_PANEL_CHECK
07-28 21:34:14.938 E/KERNEL  (    0): [688403.541666][T23950] [adsp] evtlog= [ADSP][CHG]BattMngrTech_ASUS_Set_Panel_State panel 0x2609 is 2
07-28 21:34:14.938 E/KERNEL  (    0): [688403.541713][T23950] [adsp] evtlog= [ADSP][CHG]BattMngrTech_ASUS_Set_Panel_State panel 0x2640 is 2
07-28 21:34:14.938 E/KERNEL  (    0): [688403.541738][T23950] [adsp] evtlog= [ADSP][CHG]BattMngrTech_ASUS_Set_Panel_State panel_state=0, in_call=0 thermel_threshold=0
07-28 21:34:14.938 I/KERNEL  (    0): [688403.541761][T23950] [BAT][CHG]handle_message set property:11 successfully
07-28 21:34:15.044 E/ANDR-PERF-LM( 1986): StatsProvider: stats_nl_error_callback() 145: NL SOC receive error: No such process
07-28 21:34:15.044 E/ANDR-PERF-LM( 1986): StatsProvider: sendRecvData() 386: nl_recvmsgs failed return=-12
07-28 21:34:15.044 E/ANDR-PERF-LM( 1986): StatsProvider: getPIDStats() 198: sendRecvData returned error = -4
07-28 21:34:15.346 E/ANDR-PERF-LM( 1986): StatsProvider: stats_nl_error_callback() 145: NL SOC receive error: No such process
07-28 21:34:15.346 E/ANDR-PERF-LM( 1986): StatsProvider: sendRecvData() 386: nl_recvmsgs failed return=-12
07-28 21:34:15.346 E/ANDR-PERF-LM( 1986): StatsProvider: getPIDStats() 198: sendRecvData returned error = -4
07-28 21:34:15.647 E/ANDR-PERF-LM( 1986): StatsProvider: stats_nl_error_callback() 145: NL SOC receive error: No such process
07-28 21:34:15.647 E/ANDR-PERF-LM( 1986): StatsProvider: sendRecvData() 386: nl_recvmsgs failed return=-12
07-28 21:34:15.648 E/ANDR-PERF-LM( 1986): StatsProvider: getPIDStats() 198: sendRecvData returned error = -4
07-28 21:34:15.949 E/ANDR-PERF-LM( 1986): StatsProvider: stats_nl_error_callback() 145: NL SOC receive error: No such process
07-28 21:34:15.949 E/ANDR-PERF-LM( 1986): StatsProvider: sendRecvData() 386: nl_recvmsgs failed return=-12
07-28 21:34:15.949 E/ANDR-PERF-LM( 1986): StatsProvider: getPIDStats() 198: sendRecvData returned error = -4
07-28 21:34:16.218 E/KERNEL  (    0): [688404.819770][T18893] [BAT][CHG]asus_jeita_cc_worker set BATTMAN_OEM_WORK_EVENT : WORK_JEITA_CC
07-28 21:34:16.218 I/KERNEL  (    0): [688404.822741][T26344] [BAT][CHG]handle_message set property:11 successfully
07-28 21:34:16.250 E/ANDR-PERF-LM( 1986): StatsProvider: stats_nl_error_callback() 145: NL SOC receive error: No such process
07-28 21:34:16.251 E/ANDR-PERF-LM( 1986): StatsProvider: sendRecvData() 386: nl_recvmsgs failed return=-12
07-28 21:34:16.251 E/ANDR-PERF-LM( 1986): StatsProvider: getPIDStats() 198: sendRecvData returned error = -4
07-28 21:34:16.552 E/ANDR-PERF-LM( 1986): StatsProvider: stats_nl_error_callback() 145: NL SOC receive error: No such process
07-28 21:34:16.552 E/ANDR-PERF-LM( 1986): StatsProvider: sendRecvData() 386: nl_recvmsgs failed return=-12
07-28 21:34:16.552 E/ANDR-PERF-LM( 1986): StatsProvider: getPIDStats() 198: sendRecvData returned error = -4
07-28 21:34:16.730 E/KERNEL  (    0): [688404.822813][T18893] [BAT][CHG]asus_jeita_cc_worker g_Charger_mode is false 5 s
07-28 21:34:16.731 I/KERNEL  (    0): [688405.332570][T26344] (virq:irq_count)- 1:1008124733 11:490931038 33:283858425 6:173748400 2:96627668 20:80360219 363:27647109 35:26161958 335:24739111 246:14812002
07-28 21:34:16.731 I/KERNEL  (    0): [688405.332728][T26344] (cpu:irq_count)- 0:661208309 1:521640013 2:527653353 3:147903815 4:122270037 5:93601217 6:97872855 7:130179733
07-28 21:34:16.731 I/KERNEL  (    0): [688405.332788][T26344] (ipi:irq_count)- 0:1008124733 1:96627669 2:0 3:0 4:0 5:173748400 6:0
07-28 21:34:16.790 I/WifiHAL ( 1905): event received NL80211_CMD_VENDOR, vendor_id = 0x1374, subcmd = 0xd
07-28 21:34:16.790 I/cnss-daemon( 2754): nl80211 response handler invoked
07-28 21:34:16.790 I/cnss-daemon( 2754): nl80211_response_handler: cmd 103, vendorID 4980, subcmd 13  received
07-28 21:34:16.853 E/ANDR-PERF-LM( 1986): StatsProvider: stats_nl_error_callback() 145: NL SOC receive error: No such process
07-28 21:34:16.853 E/ANDR-PERF-LM( 1986): StatsProvider: sendRecvData() 386: nl_recvmsgs failed return=-12
07-28 21:34:16.853 E/ANDR-PERF-LM( 1986): StatsProvider: getPIDStats() 198: sendRecvData returned error = -4
07-28 21:34:16.897 D/FileUtils( 3158): Rounded bytes from 7565340672 to 8000000000
07-28 21:34:17.154 E/ANDR-PERF-LM( 1986): StatsProvider: stats_nl_error_callback() 145: NL SOC receive error: No such process
07-28 21:34:17.154 E/ANDR-PERF-LM( 1986): StatsProvider: sendRecvData() 386: nl_recvmsgs failed return=-12
07-28 21:34:17.155 E/ANDR-PERF-LM( 1986): StatsProvider: getPIDStats() 198: sendRecvData returned error = -4
07-28 21:34:17.455 E/ANDR-PERF-LM( 1986): StatsProvider: stats_nl_error_callback() 145: NL SOC receive error: No such process
07-28 21:34:17.455 E/ANDR-PERF-LM( 1986): StatsProvider: sendRecvData() 386: nl_recvmsgs failed return=-12
07-28 21:34:17.456 E/ANDR-PERF-LM( 1986): StatsProvider: getPIDStats() 198: sendRecvData returned error = -4
07-28 21:34:17.598 I/ThermalEngine( 6796): phone-skin-temp Reading 34533 .
07-28 21:34:17.757 E/ANDR-PERF-LM( 1986): StatsProvider: stats_nl_error_callback() 145: NL SOC receive error: No such process
07-28 21:34:17.757 E/ANDR-PERF-LM( 1986): StatsProvider: sendRecvData() 386: nl_recvmsgs failed return=-12
07-28 21:34:17.757 E/ANDR-PERF-LM( 1986): StatsProvider: getPIDStats() 198: sendRecvData returned error = -4
07-28 21:34:17.875 I/NearbyConnections( 1126): Invalidate cached hpkeKey for client 67219571
07-28 21:34:17.988 I/NearbyDiscovery( 1126): FastPair: isDestroyable: Scanner is alive. [CONTEXT service_id=265 ]
07-28 21:34:17.988 I/NearbyDiscovery( 1126): DiscoveryService: Skip stopSelf(), fast pair controller is not destroyable. [CONTEXT service_id=265 ]
07-28 21:34:18.058 E/ANDR-PERF-LM( 1986): StatsProvider: stats_nl_error_callback() 145: NL SOC receive error: No such process
07-28 21:34:18.058 E/ANDR-PERF-LM( 1986): StatsProvider: sendRecvData() 386: nl_recvmsgs failed return=-12
07-28 21:34:18.059 E/ANDR-PERF-LM( 1986): StatsProvider: getPIDStats() 198: sendRecvData returned error = -4
07-28 21:34:18.359 E/ANDR-PERF-LM( 1986): StatsProvider: stats_nl_error_callback() 145: NL SOC receive error: No such process
07-28 21:34:18.360 E/ANDR-PERF-LM( 1986): StatsProvider: sendRecvData() 386: nl_recvmsgs failed return=-12
07-28 21:34:18.360 E/ANDR-PERF-LM( 1986): StatsProvider: getPIDStats() 198: sendRecvData returned error = -4
07-28 21:34:18.661 E/ANDR-PERF-LM( 1986): StatsProvider: stats_nl_error_callback() 145: NL SOC receive error: No such process
07-28 21:34:18.661 E/ANDR-PERF-LM( 1986): StatsProvider: sendRecvData() 386: nl_recvmsgs failed return=-12
07-28 21:34:18.661 E/ANDR-PERF-LM( 1986): StatsProvider: getPIDStats() 198: sendRecvData returned error = -4
07-28 21:34:18.799 I/cnss-daemon( 2754): nl80211 response handler invoked
07-28 21:34:18.800 I/cnss-daemon( 2754): nl80211_response_handler: cmd 103, vendorID 4980, subcmd 13  received
07-28 21:34:18.800 I/WifiHAL ( 1905): event received NL80211_CMD_VENDOR, vendor_id = 0x1374, subcmd = 0xd
07-28 21:34:18.962 E/ANDR-PERF-LM( 1986): StatsProvider: stats_nl_error_callback() 145: NL SOC receive error: No such process
07-28 21:34:18.962 E/ANDR-PERF-LM( 1986): StatsProvider: sendRecvData() 386: nl_recvmsgs failed return=-12
07-28 21:34:18.962 E/ANDR-PERF-LM( 1986): StatsProvider: getPIDStats() 198: sendRecvData returned error = -4
07-28 21:34:19.263 E/ANDR-PERF-LM( 1986): StatsProvider: stats_nl_error_callback() 145: NL SOC receive error: No such process
07-28 21:34:19.264 E/ANDR-PERF-LM( 1986): StatsProvider: sendRecvData() 386: nl_recvmsgs failed return=-12
07-28 21:34:19.264 E/ANDR-PERF-LM( 1986): StatsProvider: getPIDStats() 198: sendRecvData returned error = -4
07-28 21:34:19.565 E/ANDR-PERF-LM( 1986): StatsProvider: stats_nl_error_callback() 145: NL SOC receive error: No such process
07-28 21:34:19.565 E/ANDR-PERF-LM( 1986): StatsProvider: sendRecvData() 386: nl_recvmsgs failed return=-12
07-28 21:34:19.565 E/ANDR-PERF-LM( 1986): StatsProvider: getPIDStats() 198: sendRecvData returned error = -4
07-28 21:34:19.867 E/ANDR-PERF-LM( 1986): StatsProvider: stats_nl_error_callback() 145: NL SOC receive error: No such process
07-28 21:34:19.867 E/ANDR-PERF-LM( 1986): StatsProvider: sendRecvData() 386: nl_recvmsgs failed return=-12
07-28 21:34:19.867 E/ANDR-PERF-LM( 1986): StatsProvider: getPIDStats() 198: sendRecvData returned error = -4
07-28 21:34:20.143 E/KERNEL  (    0): [688408.745531][T26344] [adsp] evtlog= main_ma=25,charger_type=2,input_vol=4359, AICL=0x1 0x260E=0x53 0x2682=0xff 0x2683=0x0
07-28 21:34:20.143 E/KERNEL  (    0): [688408.745621][T26344] [adsp] evtlog= scp_svs_db - fcc_ma=5000, icl_ma=500, vin_mv=5000
07-28 21:34:20.168 E/ANDR-PERF-LM( 1986): StatsProvider: stats_nl_error_callback() 145: NL SOC receive error: No such process
07-28 21:34:20.168 E/ANDR-PERF-LM( 1986): StatsProvider: sendRecvData() 386: nl_recvmsgs failed return=-12
07-28 21:34:20.168 E/ANDR-PERF-LM( 1986): StatsProvider: getPIDStats() 198: sendRecvData returned error = -4
07-28 21:34:20.456 E/fb4a.TigonNetworkSessionListenerManager(19171): skip handleDataTaskType when network disconnected
07-28 21:34:20.457 E/fb4a.msys(19171): E[N data-request]_HandleDataResponse(1928)=>Data request error for task 86CFACAE-21A9-4BE9-BE9E-957C13F21F85 (response type 1): network disconnected
07-28 21:34:20.464 E/fb4a.msys(19171): E[S sync]_createResponseError(265)=>Network Response 86CFACAE-21A9-4BE9-BE9E-957C13F21F85 contains sync error Error Domain=NSURLErrorDomain Code=1 UserInfo=0xb400006f12cecd80 {MCFErrorDirectLocalizedFailureReasonKey=network disconnected} - Underlying error (null): Error Domain=NSURLErrorDomain Code=1 UserInfo=0xb400006f12cecd80 {MCFErrorDirectLocalizedFailureReasonKey=network disconnected}
07-28 21:34:20.469 E/ANDR-PERF-LM( 1986): StatsProvider: stats_nl_error_callback() 145: NL SOC receive error: No such process
07-28 21:34:20.469 E/ANDR-PERF-LM( 1986): StatsProvider: sendRecvData() 386: nl_recvmsgs failed return=-12
07-28 21:34:20.469 E/ANDR-PERF-LM( 1986): StatsProvider: getPIDStats() 198: sendRecvData returned error = -4
07-28 21:34:20.770 E/ANDR-PERF-LM( 1986): StatsProvider: stats_nl_error_callback() 145: NL SOC receive error: No such process
07-28 21:34:20.770 E/ANDR-PERF-LM( 1986): StatsProvider: sendRecvData() 386: nl_recvmsgs failed return=-12
07-28 21:34:20.770 E/ANDR-PERF-LM( 1986): StatsProvider: getPIDStats() 198: sendRecvData returned error = -4
07-28 21:34:21.071 E/ANDR-PERF-LM( 1986): StatsProvider: stats_nl_error_callback() 145: NL SOC receive error: No such process
07-28 21:34:21.071 E/ANDR-PERF-LM( 1986): StatsProvider: sendRecvData() 386: nl_recvmsgs failed return=-12
07-28 21:34:21.072 E/ANDR-PERF-LM( 1986): StatsProvider: getPIDStats() 198: sendRecvData returned error = -4
07-28 21:34:21.090 W/KERNEL  (    0): [688409.683858][T18893] [K][KTOP] asus Kernel Top Statistic start (01-09 07:14:08)
07-28 21:34:21.090 I/KERNEL  (    0): [688409.694785][T18893] [K][KTOP]CPU Usage	PID	Name		Delta(908476191925 ns)
07-28 21:34:21.090 I/KERNEL  (    0): [688409.694812][T18893] [K][KTOP]     0.1%	3158	system_server		1696225075
07-28 21:34:21.090 I/KERNEL  (    0): [688409.694829][T18893] [K][KTOP]     0.1%	28783	tch.android.app		1276496510
07-28 21:34:21.090 I/KERNEL  (    0): [688409.694840][T18893] [K][KTOP]     0.1%	26077	droid.bustaiwan		926375652
07-28 21:34:21.090 I/KERNEL  (    0): [688409.694852][T18893] [K][KTOP]     0.0%	2910	adbd		873948756
07-28 21:34:21.090 I/KERNEL  (    0): [688409.694863][T18893] [K][KTOP]     0.0%	5735	ndroid.systemui		588298813
07-28 21:34:21.090 I/KERNEL  (    0): [688409.694875][T18893] [K][KTOP]     0.0%	1126	.gms.persistent		587558594
07-28 21:34:21.090 W/KERNEL  (    0): [688409.694926][T18893] [K][KTOP] asus Kernel Top Statistic done
07-28 21:34:21.341 E/KERNEL  (    0): [688409.943097][T18893] [BAT][CHG]asus_jeita_cc_worker set BATTMAN_OEM_WORK_EVENT : WORK_JEITA_CC
07-28 21:34:21.341 I/KERNEL  (    0): [688409.944855][T26344] [BAT][CHG]handle_message set property:11 successfully
07-28 21:34:21.373 E/ANDR-PERF-LM( 1986): StatsProvider: stats_nl_error_callback() 145: NL SOC receive error: No such process
07-28 21:34:21.373 E/ANDR-PERF-LM( 1986): StatsProvider: sendRecvData() 386: nl_recvmsgs failed return=-12
07-28 21:34:21.373 E/ANDR-PERF-LM( 1986): StatsProvider: getPIDStats() 198: sendRecvData returned error = -4
07-28 21:34:21.674 E/ANDR-PERF-LM( 1986): StatsProvider: stats_nl_error_callback() 145: NL SOC receive error: No such process
07-28 21:34:21.675 E/ANDR-PERF-LM( 1986): StatsProvider: sendRecvData() 386: nl_recvmsgs failed return=-12
07-28 21:34:21.675 E/ANDR-PERF-LM( 1986): StatsProvider: getPIDStats() 198: sendRecvData returned error = -4
07-28 21:34:21.899 D/FileUtils( 3158): Rounded bytes from 7565340672 to 8000000000
07-28 21:34:21.975 E/ANDR-PERF-LM( 1986): StatsProvider: stats_nl_error_callback() 145: NL SOC receive error: No such process
07-28 21:34:21.976 E/ANDR-PERF-LM( 1986): StatsProvider: sendRecvData() 386: nl_recvmsgs failed return=-12
07-28 21:34:21.976 E/ANDR-PERF-LM( 1986): StatsProvider: getPIDStats() 198: sendRecvData returned error = -4
07-28 21:34:22.277 E/ANDR-PERF-LM( 1986): StatsProvider: stats_nl_error_callback() 145: NL SOC receive error: No such process
07-28 21:34:22.277 E/ANDR-PERF-LM( 1986): StatsProvider: sendRecvData() 386: nl_recvmsgs failed return=-12
07-28 21:34:22.277 E/ANDR-PERF-LM( 1986): StatsProvider: getPIDStats() 198: sendRecvData returned error = -4
07-28 21:34:22.331 E/KERNEL  (    0): [688409.944967][T18893] [BAT][CHG]asus_jeita_cc_worker g_Charger_mode is false 5 s
07-28 21:34:22.331 E/KERNEL  (    0): [688410.931898][ T2694] [cnd][0x409bc21bcaad][21:34:22.326930] kiwi_v2: [2694:E:HDD] __wlan_hdd_cfg80211_stats_ext_request: Failed to get hw stats: 15
07-28 21:34:22.337 I/WifiHAL ( 1905): event received NL80211_CMD_VENDOR, vendor_id = 0x1374, subcmd = 0xd
07-28 21:34:22.338 I/cnss-daemon( 2754): nl80211 response handler invoked
07-28 21:34:22.338 I/cnss-daemon( 2754): nl80211_response_handler: cmd 103, vendorID 4980, subcmd 13  received
07-28 21:34:22.578 E/ANDR-PERF-LM( 1986): StatsProvider: stats_nl_error_callback() 145: NL SOC receive error: No such process
07-28 21:34:22.578 E/ANDR-PERF-LM( 1986): StatsProvider: sendRecvData() 386: nl_recvmsgs failed return=-12
07-28 21:34:22.578 E/ANDR-PERF-LM( 1986): StatsProvider: getPIDStats() 198: sendRecvData returned error = -4
07-28 21:34:22.610 I/ThermalEngine( 6796): phone-skin-temp Reading 34521 .
07-28 21:34:22.880 E/ANDR-PERF-LM( 1986): StatsProvider: stats_nl_error_callback() 145: NL SOC receive error: No such process
07-28 21:34:22.880 E/ANDR-PERF-LM( 1986): StatsProvider: sendRecvData() 386: nl_recvmsgs failed return=-12
07-28 21:34:22.880 E/ANDR-PERF-LM( 1986): StatsProvider: getPIDStats() 198: sendRecvData returned error = -4
07-28 21:34:23.133 E/fb4a.msys(19171): E[N MQTT]onConnectError(562)=>Connect Error: folly::AsyncSocketException: AsyncSocketException: connect failed, type = Socket not open, errno = 110 (Connection timed out)
07-28 21:34:23.181 E/ANDR-PERF-LM( 1986): StatsProvider: stats_nl_error_callback() 145: NL SOC receive error: No such process
07-28 21:34:23.181 E/ANDR-PERF-LM( 1986): StatsProvider: sendRecvData() 386: nl_recvmsgs failed return=-12
07-28 21:34:23.181 E/ANDR-PERF-LM( 1986): StatsProvider: getPIDStats() 198: sendRecvData returned error = -4
07-28 21:34:23.482 E/ANDR-PERF-LM( 1986): StatsProvider: stats_nl_error_callback() 145: NL SOC receive error: No such process
07-28 21:34:23.483 E/ANDR-PERF-LM( 1986): StatsProvider: sendRecvData() 386: nl_recvmsgs failed return=-12
07-28 21:34:23.483 E/ANDR-PERF-LM( 1986): StatsProvider: getPIDStats() 198: sendRecvData returned error = -4
07-28 21:34:23.784 E/ANDR-PERF-LM( 1986): StatsProvider: stats_nl_error_callback() 145: NL SOC receive error: No such process
07-28 21:34:23.784 E/ANDR-PERF-LM( 1986): StatsProvider: sendRecvData() 386: nl_recvmsgs failed return=-12
07-28 21:34:23.784 E/ANDR-PERF-LM( 1986): StatsProvider: getPIDStats() 198: sendRecvData returned error = -4
07-28 21:34:24.086 E/ANDR-PERF-LM( 1986): StatsProvider: stats_nl_error_callback() 145: NL SOC receive error: No such process
07-28 21:34:24.086 E/ANDR-PERF-LM( 1986): StatsProvider: sendRecvData() 386: nl_recvmsgs failed return=-12
07-28 21:34:24.087 E/ANDR-PERF-LM( 1986): StatsProvider: getPIDStats() 198: sendRecvData returned error = -4
07-28 21:34:24.346 I/WifiHAL ( 1905): event received NL80211_CMD_VENDOR, vendor_id = 0x1374, subcmd = 0xd
07-28 21:34:24.346 I/cnss-daemon( 2754): nl80211 response handler invoked
07-28 21:34:24.346 I/cnss-daemon( 2754): nl80211_response_handler: cmd 103, vendorID 4980, subcmd 13  received
07-28 21:34:24.387 E/ANDR-PERF-LM( 1986): StatsProvider: stats_nl_error_callback() 145: NL SOC receive error: No such process
07-28 21:34:24.387 E/ANDR-PERF-LM( 1986): StatsProvider: sendRecvData() 386: nl_recvmsgs failed return=-12
07-28 21:34:24.388 E/ANDR-PERF-LM( 1986): StatsProvider: getPIDStats() 198: sendRecvData returned error = -4
07-28 21:34:24.689 E/ANDR-PERF-LM( 1986): StatsProvider: stats_nl_error_callback() 145: NL SOC receive error: No such process
07-28 21:34:24.689 E/ANDR-PERF-LM( 1986): StatsProvider: sendRecvData() 386: nl_recvmsgs failed return=-12
07-28 21:34:24.689 E/ANDR-PERF-LM( 1986): StatsProvider: getPIDStats() 198: sendRecvData returned error = -4
07-28 21:34:24.990 E/ANDR-PERF-LM( 1986): StatsProvider: stats_nl_error_callback() 145: NL SOC receive error: No such process
07-28 21:34:24.991 E/ANDR-PERF-LM( 1986): StatsProvider: sendRecvData() 386: nl_recvmsgs failed return=-12
07-28 21:34:24.991 E/ANDR-PERF-LM( 1986): StatsProvider: getPIDStats() 198: sendRecvData returned error = -4
07-28 21:34:25.178 E/KERNEL  (    0): [688413.780655][T15388] [BAT][CHG]asus_jeita_rule_worker set BATTMAN_OEM_WORK_EVENT : WORK_JEITA_RULE
07-28 21:34:25.183 E/KERNEL  (    0): [688413.780875][T15082] [BAT][CHG]asus_panel_check_worker set BATTMAN_OEM_WORK_EVENT : WORK_PANEL_CHECK
07-28 21:34:25.183 E/KERNEL  (    0): [688413.786879][T26344] [adsp] evtlog= SW_recharge soc_perc = 6265, termination_status = 0x0
07-28 21:34:25.183 E/KERNEL  (    0): [688413.786879][T26344]
07-28 21:34:25.183 I/KERNEL  (    0): [688413.786935][T26344] [BAT][CHG]handle_message set property:11 successfully
07-28 21:34:25.183 E/KERNEL  (    0): [688413.788218][T14234] [adsp] evtlog= [ADSP][CHG]BattMngrTech_ASUS_Set_Panel_State panel 0x2609 is 2
07-28 21:34:25.183 E/KERNEL  (    0): [688413.788252][T14234] [adsp] evtlog= [ADSP][CHG]BattMngrTech_ASUS_Set_Panel_State panel 0x2640 is 2
07-28 21:34:25.183 E/KERNEL  (    0): [688413.788270][T14234] [adsp] evtlog= [ADSP][CHG]BattMngrTech_ASUS_Set_Panel_State panel_state=0, in_call=0 thermel_threshold=0
07-28 21:34:25.183 I/KERNEL  (    0): [688413.788290][T14234] [BAT][CHG]handle_message set property:11 successfully
07-28 21:34:25.295 E/ANDR-PERF-LM( 1986): StatsProvider: stats_nl_error_callback() 145: NL SOC receive error: No such process
07-28 21:34:25.295 E/ANDR-PERF-LM( 1986): StatsProvider: sendRecvData() 386: nl_recvmsgs failed return=-12
07-28 21:34:25.295 E/ANDR-PERF-LM( 1986): StatsProvider: getPIDStats() 198: sendRecvData returned error = -4
07-28 21:34:25.598 E/ANDR-PERF-LM( 1986): StatsProvider: stats_nl_error_callback() 145: NL SOC receive error: No such process
07-28 21:34:25.598 E/ANDR-PERF-LM( 1986): StatsProvider: sendRecvData() 386: nl_recvmsgs failed return=-12
07-28 21:34:25.598 E/ANDR-PERF-LM( 1986): StatsProvider: getPIDStats() 198: sendRecvData returned error = -4
07-28 21:34:25.903 E/ANDR-PERF-LM( 1986): StatsProvider: stats_nl_error_callback() 145: NL SOC receive error: No such process
07-28 21:34:25.903 E/ANDR-PERF-LM( 1986): StatsProvider: sendRecvData() 386: nl_recvmsgs failed return=-12
07-28 21:34:25.903 E/ANDR-PERF-LM( 1986): StatsProvider: getPIDStats() 198: sendRecvData returned error = -4
07-28 21:34:26.206 I/KERNEL  (    0): [688414.807169][T26344] (virq:irq_count)- 1:1008125526 11:490933535 33:283858520 6:173748962 2:96627849 20:80360541 363:27647129 35:26161975 335:24739124 246:14812002
07-28 21:34:26.205 E/ANDR-PERF-LM( 1986): StatsProvider: stats_nl_error_callback() 145: NL SOC receive error: No such process
07-28 21:34:26.205 E/ANDR-PERF-LM( 1986): StatsProvider: sendRecvData() 386: nl_recvmsgs failed return=-12
07-28 21:34:26.205 E/ANDR-PERF-LM( 1986): StatsProvider: getPIDStats() 198: sendRecvData returned error = -4
07-28 21:34:26.207 I/KERNEL  (    0): [688414.807303][T26344] (cpu:irq_count)- 0:661211271 1:521640761 2:527654462 3:147903835 4:122270057 5:93601228 6:97872861 7:130179737
07-28 21:34:26.207 I/KERNEL  (    0): [688414.807363][T26344] (ipi:irq_count)- 0:1008125526 1:96627849 2:0 3:0 4:0 5:173748962 6:0
07-28 21:34:26.356 I/WifiHAL ( 1905): event received NL80211_CMD_VENDOR, vendor_id = 0x1374, subcmd = 0xd
07-28 21:34:26.356 I/cnss-daemon( 2754): nl80211 response handler invoked
07-28 21:34:26.356 I/cnss-daemon( 2754): nl80211_response_handler: cmd 103, vendorID 4980, subcmd 13  received
07-28 21:34:26.458 E/KERNEL  (    0): [688415.059776][T18893] [BAT][CHG]asus_jeita_cc_worker set BATTMAN_OEM_WORK_EVENT : WORK_JEITA_CC
07-28 21:34:26.459 I/KERNEL  (    0): [688415.061056][T26344] [BAT][CHG]handle_message set property:11 successfully
07-28 21:34:26.509 E/ANDR-PERF-LM( 1986): StatsProvider: stats_nl_error_callback() 145: NL SOC receive error: No such process
07-28 21:34:26.509 E/ANDR-PERF-LM( 1986): StatsProvider: sendRecvData() 386: nl_recvmsgs failed return=-12
07-28 21:34:26.509 E/ANDR-PERF-LM( 1986): StatsProvider: getPIDStats() 198: sendRecvData returned error = -4
07-28 21:34:26.810 E/ANDR-PERF-LM( 1986): StatsProvider: stats_nl_error_callback() 145: NL SOC receive error: No such process
07-28 21:34:26.811 E/ANDR-PERF-LM( 1986): StatsProvider: sendRecvData() 386: nl_recvmsgs failed return=-12
07-28 21:34:26.811 E/ANDR-PERF-LM( 1986): StatsProvider: getPIDStats() 198: sendRecvData returned error = -4
07-28 21:34:26.899 D/FileUtils( 3158): Rounded bytes from 7565340672 to 8000000000
07-28 21:34:27.115 E/ANDR-PERF-LM( 1986): StatsProvider: stats_nl_error_callback() 145: NL SOC receive error: No such process
07-28 21:34:27.115 E/ANDR-PERF-LM( 1986): StatsProvider: sendRecvData() 386: nl_recvmsgs failed return=-12
07-28 21:34:27.115 E/ANDR-PERF-LM( 1986): StatsProvider: getPIDStats() 198: sendRecvData returned error = -4
07-28 21:34:27.416 E/ANDR-PERF-LM( 1986): StatsProvider: stats_nl_error_callback() 145: NL SOC receive error: No such process
07-28 21:34:27.417 E/ANDR-PERF-LM( 1986): StatsProvider: sendRecvData() 386: nl_recvmsgs failed return=-12
07-28 21:34:27.417 E/ANDR-PERF-LM( 1986): StatsProvider: getPIDStats() 198: sendRecvData returned error = -4
07-28 21:34:27.622 I/ThermalEngine( 6796): phone-skin-temp Reading 34515 .
07-28 21:34:27.718 E/ANDR-PERF-LM( 1986): StatsProvider: stats_nl_error_callback() 145: NL SOC receive error: No such process
07-28 21:34:27.718 E/ANDR-PERF-LM( 1986): StatsProvider: sendRecvData() 386: nl_recvmsgs failed return=-12
07-28 21:34:27.719 E/ANDR-PERF-LM( 1986): StatsProvider: getPIDStats() 198: sendRecvData returned error = -4
07-28 21:34:28.020 E/ANDR-PERF-LM( 1986): StatsProvider: stats_nl_error_callback() 145: NL SOC receive error: No such process
07-28 21:34:28.020 E/ANDR-PERF-LM( 1986): StatsProvider: sendRecvData() 386: nl_recvmsgs failed return=-12
07-28 21:34:28.020 E/ANDR-PERF-LM( 1986): StatsProvider: getPIDStats() 198: sendRecvData returned error = -4
07-28 21:34:28.321 E/ANDR-PERF-LM( 1986): StatsProvider: stats_nl_error_callback() 145: NL SOC receive error: No such process
07-28 21:34:28.321 E/ANDR-PERF-LM( 1986): StatsProvider: sendRecvData() 386: nl_recvmsgs failed return=-12
07-28 21:34:28.322 E/ANDR-PERF-LM( 1986): StatsProvider: getPIDStats() 198: sendRecvData returned error = -4
07-28 21:34:28.369 I/WifiHAL ( 1905): event received NL80211_CMD_VENDOR, vendor_id = 0x1374, subcmd = 0xd
07-28 21:34:28.369 I/cnss-daemon( 2754): nl80211 response handler invoked
07-28 21:34:28.369 I/cnss-daemon( 2754): nl80211_response_handler: cmd 103, vendorID 4980, subcmd 13  received
07-28 21:34:28.623 E/ANDR-PERF-LM( 1986): StatsProvider: stats_nl_error_callback() 145: NL SOC receive error: No such process
07-28 21:34:28.623 E/ANDR-PERF-LM( 1986): StatsProvider: sendRecvData() 386: nl_recvmsgs failed return=-12
07-28 21:34:28.623 E/ANDR-PERF-LM( 1986): StatsProvider: getPIDStats() 198: sendRecvData returned error = -4
07-28 21:34:28.925 E/ANDR-PERF-LM( 1986): StatsProvider: stats_nl_error_callback() 145: NL SOC receive error: No such process
07-28 21:34:28.925 E/ANDR-PERF-LM( 1986): StatsProvider: sendRecvData() 386: nl_recvmsgs failed return=-12
07-28 21:34:28.925 E/ANDR-PERF-LM( 1986): StatsProvider: getPIDStats() 198: sendRecvData returned error = -4
07-28 21:34:29.227 E/ANDR-PERF-LM( 1986): StatsProvider: stats_nl_error_callback() 145: NL SOC receive error: No such process
07-28 21:34:29.227 E/ANDR-PERF-LM( 1986): StatsProvider: sendRecvData() 386: nl_recvmsgs failed return=-12
07-28 21:34:29.227 E/ANDR-PERF-LM( 1986): StatsProvider: getPIDStats() 198: sendRecvData returned error = -4
07-28 21:34:29.274 E/KERNEL  (    0): [688415.061176][T18893] [BAT][CHG]asus_jeita_cc_worker g_Charger_mode is false 5 s
07-28 21:34:29.275 I/KERNEL  (    0): [688417.877034][T18893] [BAT][CHG]asus_long_full_cap_monitor_worker set BATTMAN_OEM_WORK_EVENT : WORK_LONG_FULL_CAP
07-28 21:34:29.275 I/KERNEL  (    0): [688417.878990][T23950] [BAT][CHG]handle_message set property:11 successfully
07-28 21:34:29.530 E/ANDR-PERF-LM( 1986): StatsProvider: stats_nl_error_callback() 145: NL SOC receive error: No such process
07-28 21:34:29.530 E/ANDR-PERF-LM( 1986): StatsProvider: sendRecvData() 386: nl_recvmsgs failed return=-12
07-28 21:34:29.530 E/ANDR-PERF-LM( 1986): StatsProvider: getPIDStats() 198: sendRecvData returned error = -4
07-28 21:34:29.832 E/ANDR-PERF-LM( 1986): StatsProvider: stats_nl_error_callback() 145: NL SOC receive error: No such process
07-28 21:34:29.832 E/ANDR-PERF-LM( 1986): StatsProvider: sendRecvData() 386: nl_recvmsgs failed return=-12
07-28 21:34:29.832 E/ANDR-PERF-LM( 1986): StatsProvider: getPIDStats() 198: sendRecvData returned error = -4
07-28 21:34:30.134 E/ANDR-PERF-LM( 1986): StatsProvider: stats_nl_error_callback() 145: NL SOC receive error: No such process
07-28 21:34:30.134 E/ANDR-PERF-LM( 1986): StatsProvider: sendRecvData() 386: nl_recvmsgs failed return=-12
07-28 21:34:30.135 E/ANDR-PERF-LM( 1986): StatsProvider: getPIDStats() 198: sendRecvData returned error = -4
07-28 21:34:30.435 E/ANDR-PERF-LM( 1986): StatsProvider: stats_nl_error_callback() 145: NL SOC receive error: No such process
07-28 21:34:30.435 E/ANDR-PERF-LM( 1986): StatsProvider: sendRecvData() 386: nl_recvmsgs failed return=-12
07-28 21:34:30.435 E/ANDR-PERF-LM( 1986): StatsProvider: getPIDStats() 198: sendRecvData returned error = -4
07-28 21:34:30.632 I/.gms.persistent( 1126): Explicit concurrent mark compact GC freed 52MB AllocSpace bytes, 115(14MB) LOS objects, 75% free, 29MB/118MB, paused 497us,3.534ms total 244.444ms
07-28 21:34:30.652 D/BluetoothSocket( 1126): close() this: XX:XX:XX:XX:D7:47, channel: 26, mSocketIS: android.net.LocalSocketImpl$SocketInputStream@eb49f2b, mSocketOS: android.net.LocalSocketImpl$SocketOutputStream@1a90f88, mSocket: null, mSocketState: CLOSED
07-28 21:34:30.655 W/.gms.persistent( 1126): ApkAssets: Deleting an ApkAssets object '<empty> and /data/app/~~j5sJ34pySBUf5VBAj0tNtQ==/com.google.android.apps.messaging-9-r1zYRdGeR7sJ7hC7reKQ==/base.apk' with 1 weak references
07-28 21:34:30.655 W/.gms.persistent( 1126): ApkAssets: Deleting an ApkAssets object '<empty> and /data/app/~~j5sJ34pySBUf5VBAj0tNtQ==/com.google.android.apps.messaging-9-r1zYRdGeR7sJ7hC7reKQ==/split_config.arm64_v8a.apk' with 1 weak references
07-28 21:34:30.655 W/.gms.persistent( 1126): ApkAssets: Deleting an ApkAssets object '<empty> and /data/app/~~j5sJ34pySBUf5VBAj0tNtQ==/com.google.android.apps.messaging-9-r1zYRdGeR7sJ7hC7reKQ==/split_config.en.apk' with 1 weak references
07-28 21:34:30.655 W/.gms.persistent( 1126): ApkAssets: Deleting an ApkAssets object '<empty> and /data/app/~~j5sJ34pySBUf5VBAj0tNtQ==/com.google.android.apps.messaging-9-r1zYRdGeR7sJ7hC7reKQ==/split_config.xxhdpi.apk' with 1 weak references
07-28 21:34:30.655 W/.gms.persistent( 1126): ApkAssets: Deleting an ApkAssets object '<empty> and /data/app/~~j5sJ34pySBUf5VBAj0tNtQ==/com.google.android.apps.messaging-9-r1zYRdGeR7sJ7hC7reKQ==/split_config.zh.apk' with 1 weak references
07-28 21:34:30.736 E/ANDR-PERF-LM( 1986): StatsProvider: stats_nl_error_callback() 145: NL SOC receive error: No such process
07-28 21:34:30.737 E/ANDR-PERF-LM( 1986): StatsProvider: sendRecvData() 386: nl_recvmsgs failed return=-12
07-28 21:34:30.737 E/ANDR-PERF-LM( 1986): StatsProvider: getPIDStats() 198: sendRecvData returned error = -4
07-28 21:34:31.038 E/ANDR-PERF-LM( 1986): StatsProvider: stats_nl_error_callback() 145: NL SOC receive error: No such process
07-28 21:34:31.038 E/ANDR-PERF-LM( 1986): StatsProvider: sendRecvData() 386: nl_recvmsgs failed return=-12
07-28 21:34:31.038 E/ANDR-PERF-LM( 1986): StatsProvider: getPIDStats() 198: sendRecvData returned error = -4
07-28 21:34:31.339 E/ANDR-PERF-LM( 1986): StatsProvider: stats_nl_error_callback() 145: NL SOC receive error: No such process
07-28 21:34:31.340 E/ANDR-PERF-LM( 1986): StatsProvider: sendRecvData() 386: nl_recvmsgs failed return=-12
07-28 21:34:31.340 E/ANDR-PERF-LM( 1986): StatsProvider: getPIDStats() 198: sendRecvData returned error = -4
07-28 21:34:31.582 E/KERNEL  (    0): [688420.182635][T18893] [BAT][CHG]asus_jeita_cc_worker set BATTMAN_OEM_WORK_EVENT : WORK_JEITA_CC
07-28 21:34:31.583 I/KERNEL  (    0): [688420.184560][T28967] [BAT][CHG]handle_message set property:11 successfully
07-28 21:34:31.641 E/ANDR-PERF-LM( 1986): StatsProvider: stats_nl_error_callback() 145: NL SOC receive error: No such process
07-28 21:34:31.641 E/ANDR-PERF-LM( 1986): StatsProvider: sendRecvData() 386: nl_recvmsgs failed return=-12
07-28 21:34:31.641 E/ANDR-PERF-LM( 1986): StatsProvider: getPIDStats() 198: sendRecvData returned error = -4
07-28 21:34:31.898 E/KERNEL  (    0): [688420.184685][T18893] [BAT][CHG]asus_jeita_cc_worker g_Charger_mode is false 5 s
07-28 21:34:31.898 D/FileUtils( 3158): Rounded bytes from 7565340672 to 8000000000
07-28 21:34:31.899 E/KERNEL  (    0): [688420.503108][ T2694] [cnd][0x409bcd0fdbca][21:34:31.898145] kiwi_v2: [2694:E:HDD] __wlan_hdd_cfg80211_stats_ext_request: Failed to get hw stats: 15
07-28 21:34:31.906 I/WifiHAL ( 1905): event received NL80211_CMD_VENDOR, vendor_id = 0x1374, subcmd = 0xd
07-28 21:34:31.906 I/cnss-daemon( 2754): nl80211 response handler invoked
07-28 21:34:31.907 I/cnss-daemon( 2754): nl80211_response_handler: cmd 103, vendorID 4980, subcmd 13  received
07-28 21:34:31.942 E/ANDR-PERF-LM( 1986): StatsProvider: stats_nl_error_callback() 145: NL SOC receive error: No such process
07-28 21:34:31.942 E/ANDR-PERF-LM( 1986): StatsProvider: sendRecvData() 386: nl_recvmsgs failed return=-12
07-28 21:34:31.942 E/ANDR-PERF-LM( 1986): StatsProvider: getPIDStats() 198: sendRecvData returned error = -4
07-28 21:34:32.243 E/ANDR-PERF-LM( 1986): StatsProvider: stats_nl_error_callback() 145: NL SOC receive error: No such process
07-28 21:34:32.243 E/ANDR-PERF-LM( 1986): StatsProvider: sendRecvData() 386: nl_recvmsgs failed return=-12
07-28 21:34:32.243 E/ANDR-PERF-LM( 1986): StatsProvider: getPIDStats() 198: sendRecvData returned error = -4
07-28 21:34:32.546 E/ANDR-PERF-LM( 1986): StatsProvider: stats_nl_error_callback() 145: NL SOC receive error: No such process
07-28 21:34:32.546 E/ANDR-PERF-LM( 1986): StatsProvider: sendRecvData() 386: nl_recvmsgs failed return=-12
07-28 21:34:32.546 E/ANDR-PERF-LM( 1986): StatsProvider: getPIDStats() 198: sendRecvData returned error = -4
07-28 21:34:32.637 I/ThermalEngine( 6796): phone-skin-temp Reading 34498 .
07-28 21:34:32.848 E/ANDR-PERF-LM( 1986): StatsProvider: stats_nl_error_callback() 145: NL SOC receive error: No such process
07-28 21:34:32.849 E/ANDR-PERF-LM( 1986): StatsProvider: sendRecvData() 386: nl_recvmsgs failed return=-12
07-28 21:34:32.849 E/ANDR-PERF-LM( 1986): StatsProvider: getPIDStats() 198: sendRecvData returned error = -4
07-28 21:34:33.150 E/ANDR-PERF-LM( 1986): StatsProvider: stats_nl_error_callback() 145: NL SOC receive error: No such process
07-28 21:34:33.150 E/ANDR-PERF-LM( 1986): StatsProvider: sendRecvData() 386: nl_recvmsgs failed return=-12
07-28 21:34:33.150 E/ANDR-PERF-LM( 1986): StatsProvider: getPIDStats() 198: sendRecvData returned error = -4
07-28 21:34:33.451 E/ANDR-PERF-LM( 1986): StatsProvider: stats_nl_error_callback() 145: NL SOC receive error: No such process
07-28 21:34:33.451 E/ANDR-PERF-LM( 1986): StatsProvider: sendRecvData() 386: nl_recvmsgs failed return=-12
07-28 21:34:33.452 E/ANDR-PERF-LM( 1986): StatsProvider: getPIDStats() 198: sendRecvData returned error = -4
07-28 21:34:33.754 E/ANDR-PERF-LM( 1986): StatsProvider: stats_nl_error_callback() 145: NL SOC receive error: No such process
07-28 21:34:33.754 E/ANDR-PERF-LM( 1986): StatsProvider: sendRecvData() 386: nl_recvmsgs failed return=-12
07-28 21:34:33.755 E/ANDR-PERF-LM( 1986): StatsProvider: getPIDStats() 198: sendRecvData returned error = -4
07-28 21:34:33.916 I/cnss-daemon( 2754): nl80211 response handler invoked
07-28 21:34:33.916 I/cnss-daemon( 2754): nl80211_response_handler: cmd 103, vendorID 4980, subcmd 13  received
07-28 21:34:33.916 I/WifiHAL ( 1905): event received NL80211_CMD_VENDOR, vendor_id = 0x1374, subcmd = 0xd
07-28 21:34:34.058 E/ANDR-PERF-LM( 1986): StatsProvider: stats_nl_error_callback() 145: NL SOC receive error: No such process
07-28 21:34:34.058 E/ANDR-PERF-LM( 1986): StatsProvider: sendRecvData() 386: nl_recvmsgs failed return=-12
07-28 21:34:34.058 E/ANDR-PERF-LM( 1986): StatsProvider: getPIDStats() 198: sendRecvData returned error = -4
07-28 21:34:34.362 E/ANDR-PERF-LM( 1986): StatsProvider: stats_nl_error_callback() 145: NL SOC receive error: No such process
07-28 21:34:34.362 E/ANDR-PERF-LM( 1986): StatsProvider: sendRecvData() 386: nl_recvmsgs failed return=-12
07-28 21:34:34.362 E/ANDR-PERF-LM( 1986): StatsProvider: getPIDStats() 198: sendRecvData returned error = -4
07-28 21:34:34.666 E/ANDR-PERF-LM( 1986): StatsProvider: stats_nl_error_callback() 145: NL SOC receive error: No such process
07-28 21:34:34.666 E/ANDR-PERF-LM( 1986): StatsProvider: sendRecvData() 386: nl_recvmsgs failed return=-12
07-28 21:34:34.666 E/ANDR-PERF-LM( 1986): StatsProvider: getPIDStats() 198: sendRecvData returned error = -4
07-28 21:34:34.970 E/ANDR-PERF-LM( 1986): StatsProvider: stats_nl_error_callback() 145: NL SOC receive error: No such process
07-28 21:34:34.971 E/ANDR-PERF-LM( 1986): StatsProvider: sendRecvData() 386: nl_recvmsgs failed return=-12
07-28 21:34:34.971 E/ANDR-PERF-LM( 1986): StatsProvider: getPIDStats() 198: sendRecvData returned error = -4
07-28 21:34:35.274 E/ANDR-PERF-LM( 1986): StatsProvider: stats_nl_error_callback() 145: NL SOC receive error: No such process
07-28 21:34:35.274 E/ANDR-PERF-LM( 1986): StatsProvider: sendRecvData() 386: nl_recvmsgs failed return=-12
07-28 21:34:35.275 E/ANDR-PERF-LM( 1986): StatsProvider: getPIDStats() 198: sendRecvData returned error = -4
07-28 21:34:35.418 E/KERNEL  (    0): [688424.020887][T15082] [BAT][CHG]asus_panel_check_worker set BATTMAN_OEM_WORK_EVENT : WORK_PANEL_CHECK
07-28 21:34:35.419 E/KERNEL  (    0): [688424.022780][T28967] [adsp] evtlog= [ADSP][CHG]BattMngrTech_ASUS_Set_Panel_State panel 0x2609 is 2
07-28 21:34:35.419 E/KERNEL  (    0): [688424.022855][T28967] [adsp] evtlog= [ADSP][CHG]BattMngrTech_ASUS_Set_Panel_State panel 0x2640 is 2
07-28 21:34:35.419 E/KERNEL  (    0): [688424.022874][T28967] [adsp] evtlog= [ADSP][CHG]BattMngrTech_ASUS_Set_Panel_State panel_state=0, in_call=0 thermel_threshold=0
07-28 21:34:35.419 I/KERNEL  (    0): [688424.022896][T28967] [BAT][CHG]handle_message set property:11 successfully
07-28 21:34:35.578 E/ANDR-PERF-LM( 1986): StatsProvider: stats_nl_error_callback() 145: NL SOC receive error: No such process
07-28 21:34:35.578 E/ANDR-PERF-LM( 1986): StatsProvider: sendRecvData() 386: nl_recvmsgs failed return=-12
07-28 21:34:35.578 E/ANDR-PERF-LM( 1986): StatsProvider: getPIDStats() 198: sendRecvData returned error = -4
07-28 21:34:35.583 W/ActivityManager( 3158): Unbind failed: could not find connection for android.os.BinderProxy@586a5e0
07-28 21:34:35.588 W/ActivityManager( 3158): Unable to start service Intent { act=android.telephony.satellite.SatelliteService pkg=vendor.qti.data.ntnsatapp } U=0: not found
07-28 21:34:35.674 I/KERNEL  (    0): [688424.276599][T28967] (virq:irq_count)- 1:1008126461 11:490935658 33:283858607 6:173749515 2:96628143 20:80360886 363:27647142 35:26161988 335:24739125 246:14812002
07-28 21:34:35.675 I/KERNEL  (    0): [688424.276733][T28967] (cpu:irq_count)- 0:661213785 1:521641504 2:527655574 3:147903938 4:122270185 5:93601345 6:97872869 7:130179745
07-28 21:34:35.675 I/KERNEL  (    0): [688424.276792][T28967] (ipi:irq_count)- 0:1008126461 1:96628143 2:0 3:0 4:0 5:173749515 6:0
07-28 21:34:35.880 E/ANDR-PERF-LM( 1986): StatsProvider: stats_nl_error_callback() 145: NL SOC receive error: No such process
07-28 21:34:35.880 E/ANDR-PERF-LM( 1986): StatsProvider: sendRecvData() 386: nl_recvmsgs failed return=-12
07-28 21:34:35.880 E/ANDR-PERF-LM( 1986): StatsProvider: getPIDStats() 198: sendRecvData returned error = -4
07-28 21:34:35.925 I/cnss-daemon( 2754): nl80211 response handler invoked
07-28 21:34:35.925 I/cnss-daemon( 2754): nl80211_response_handler: cmd 103, vendorID 4980, subcmd 13  received
07-28 21:34:35.925 I/WifiHAL ( 1905): event received NL80211_CMD_VENDOR, vendor_id = 0x1374, subcmd = 0xd
07-28 21:34:36.182 E/ANDR-PERF-LM( 1986): StatsProvider: stats_nl_error_callback() 145: NL SOC receive error: No such process
07-28 21:34:36.182 E/ANDR-PERF-LM( 1986): StatsProvider: sendRecvData() 386: nl_recvmsgs failed return=-12
07-28 21:34:36.183 E/ANDR-PERF-LM( 1986): StatsProvider: getPIDStats() 198: sendRecvData returned error = -4
07-28 21:34:36.486 E/ANDR-PERF-LM( 1986): StatsProvider: stats_nl_error_callback() 145: NL SOC receive error: No such process
07-28 21:34:36.486 E/ANDR-PERF-LM( 1986): StatsProvider: sendRecvData() 386: nl_recvmsgs failed return=-12
07-28 21:34:36.486 E/ANDR-PERF-LM( 1986): StatsProvider: getPIDStats() 198: sendRecvData returned error = -4
07-28 21:34:36.698 E/KERNEL  (    0): [688425.300364][T18893] [BAT][CHG]asus_jeita_cc_worker set BATTMAN_OEM_WORK_EVENT : WORK_JEITA_CC
07-28 21:34:36.699 I/KERNEL  (    0): [688425.302215][T23950] [BAT][CHG]handle_message set property:11 successfully
07-28 21:34:36.790 E/ANDR-PERF-LM( 1986): StatsProvider: stats_nl_error_callback() 145: NL SOC receive error: No such process
07-28 21:34:36.790 E/ANDR-PERF-LM( 1986): StatsProvider: sendRecvData() 386: nl_recvmsgs failed return=-12
07-28 21:34:36.791 E/ANDR-PERF-LM( 1986): StatsProvider: getPIDStats() 198: sendRecvData returned error = -4
07-28 21:34:36.897 D/FileUtils( 3158): Rounded bytes from 7565340672 to 8000000000
07-28 21:34:37.094 E/ANDR-PERF-LM( 1986): StatsProvider: stats_nl_error_callback() 145: NL SOC receive error: No such process
07-28 21:34:37.094 E/ANDR-PERF-LM( 1986): StatsProvider: sendRecvData() 386: nl_recvmsgs failed return=-12
07-28 21:34:37.095 E/ANDR-PERF-LM( 1986): StatsProvider: getPIDStats() 198: sendRecvData returned error = -4
07-28 21:34:37.396 E/ANDR-PERF-LM( 1986): StatsProvider: stats_nl_error_callback() 145: NL SOC receive error: No such process
07-28 21:34:37.396 E/ANDR-PERF-LM( 1986): StatsProvider: sendRecvData() 386: nl_recvmsgs failed return=-12
07-28 21:34:37.396 E/ANDR-PERF-LM( 1986): StatsProvider: getPIDStats() 198: sendRecvData returned error = -4
07-28 21:34:37.647 I/ThermalEngine( 6796): phone-skin-temp Reading 34487 .
07-28 21:34:37.698 E/ANDR-PERF-LM( 1986): StatsProvider: stats_nl_error_callback() 145: NL SOC receive error: No such process
07-28 21:34:37.698 E/ANDR-PERF-LM( 1986): StatsProvider: sendRecvData() 386: nl_recvmsgs failed return=-12
07-28 21:34:37.698 E/ANDR-PERF-LM( 1986): StatsProvider: getPIDStats() 198: sendRecvData returned error = -4
07-28 21:34:37.941 I/cnss-daemon( 2754): nl80211 response handler invoked
07-28 21:34:37.941 I/cnss-daemon( 2754): nl80211_response_handler: cmd 103, vendorID 4980, subcmd 13  received
07-28 21:34:37.941 I/WifiHAL ( 1905): event received NL80211_CMD_VENDOR, vendor_id = 0x1374, subcmd = 0xd
07-28 21:34:38.000 E/ANDR-PERF-LM( 1986): StatsProvider: stats_nl_error_callback() 145: NL SOC receive error: No such process
07-28 21:34:38.000 E/ANDR-PERF-LM( 1986): StatsProvider: sendRecvData() 386: nl_recvmsgs failed return=-12
07-28 21:34:38.000 E/ANDR-PERF-LM( 1986): StatsProvider: getPIDStats() 198: sendRecvData returned error = -4
07-28 21:34:38.301 E/ANDR-PERF-LM( 1986): StatsProvider: stats_nl_error_callback() 145: NL SOC receive error: No such process
07-28 21:34:38.301 E/ANDR-PERF-LM( 1986): StatsProvider: sendRecvData() 386: nl_recvmsgs failed return=-12
07-28 21:34:38.302 E/ANDR-PERF-LM( 1986): StatsProvider: getPIDStats() 198: sendRecvData returned error = -4
07-28 21:34:38.603 E/ANDR-PERF-LM( 1986): StatsProvider: stats_nl_error_callback() 145: NL SOC receive error: No such process
07-28 21:34:38.603 E/ANDR-PERF-LM( 1986): StatsProvider: sendRecvData() 386: nl_recvmsgs failed return=-12
07-28 21:34:38.603 E/ANDR-PERF-LM( 1986): StatsProvider: getPIDStats() 198: sendRecvData returned error = -4
07-28 21:34:38.904 E/ANDR-PERF-LM( 1986): StatsProvider: stats_nl_error_callback() 145: NL SOC receive error: No such process
07-28 21:34:38.904 E/ANDR-PERF-LM( 1986): StatsProvider: sendRecvData() 386: nl_recvmsgs failed return=-12
07-28 21:34:38.905 E/ANDR-PERF-LM( 1986): StatsProvider: getPIDStats() 198: sendRecvData returned error = -4
07-28 21:34:39.206 E/ANDR-PERF-LM( 1986): StatsProvider: stats_nl_error_callback() 145: NL SOC receive error: No such process
07-28 21:34:39.206 E/ANDR-PERF-LM( 1986): StatsProvider: sendRecvData() 386: nl_recvmsgs failed return=-12
07-28 21:34:39.206 E/ANDR-PERF-LM( 1986): StatsProvider: getPIDStats() 198: sendRecvData returned error = -4
07-28 21:34:39.508 E/ANDR-PERF-LM( 1986): StatsProvider: stats_nl_error_callback() 145: NL SOC receive error: No such process
07-28 21:34:39.508 E/ANDR-PERF-LM( 1986): StatsProvider: sendRecvData() 386: nl_recvmsgs failed return=-12
07-28 21:34:39.508 E/ANDR-PERF-LM( 1986): StatsProvider: getPIDStats() 198: sendRecvData returned error = -4
07-28 21:34:39.809 E/ANDR-PERF-LM( 1986): StatsProvider: stats_nl_error_callback() 145: NL SOC receive error: No such process
07-28 21:34:39.809 E/ANDR-PERF-LM( 1986): StatsProvider: sendRecvData() 386: nl_recvmsgs failed return=-12
07-28 21:34:39.810 E/ANDR-PERF-LM( 1986): StatsProvider: getPIDStats() 198: sendRecvData returned error = -4
07-28 21:34:39.872 I/AlarmManager( 1126): setExactAndAllowWhileIdle [name: GCM_HB_ALARM type: 2 triggerAtMillis: 3701095092]
07-28 21:34:39.873 D/AlarmManager( 3158): setImpl: (a) wakeup alarm (app): 10146/com.google.android.gms, action: com.google.android.gms.gcm.HEARTBEAT_ALARM, 3701095092
07-28 21:34:39.917 I/GCM     ( 1126): Message from 745476177629
07-28 21:34:39.924 I/NearbyDiscovery(10837): (REDACTED) onReceive Gcm for push notifications action=%s
07-28 21:34:39.927 I/NearbyFastPair(10837): TSS schedules the footprints recon sync task. [CONTEXT service_id=265 ]
07-28 21:34:39.927 I/NearbyDiscovery( 1126): (REDACTED) DiscoveryService onStartCommand action: %s
07-28 21:34:39.928 I/NearbyDiscovery( 1126): FastPair: executes the footprints force sync. [CONTEXT service_id=265 ]
07-28 21:34:39.929 I/NearbyFastPair(10837): (REDACTED) TaskSchedulerUtils scheduleTask %s.
07-28 21:34:39.930 I/NearbyFastPair(10837): (REDACTED) TaskSchedulerUtils scheduleTask %s success.
07-28 21:34:39.937 D/BoundBrokerSvc( 1126): onRebind: Intent { act=com.google.android.gms.auth.aang.events.services.START dat=chimera-action:/... cmp=com.google.android.gms/.chimera.PersistentApiService }
07-28 21:34:39.943 I/fcdx    ( 1126): (REDACTED) Starting batch sync for corpora: %s
07-28 21:34:39.949 I/fcdx    ( 1126): (REDACTED) The syncToken for corpus %s is %s and the syncRequestReason is %s
07-28 21:34:39.949 I/fcdx    ( 1126): (REDACTED) The syncToken for corpus %s is %s and the syncRequestReason is %s
07-28 21:34:40.110 E/ANDR-PERF-LM( 1986): StatsProvider: stats_nl_error_callback() 145: NL SOC receive error: No such process
07-28 21:34:40.110 E/ANDR-PERF-LM( 1986): StatsProvider: sendRecvData() 386: nl_recvmsgs failed return=-12
07-28 21:34:40.111 E/ANDR-PERF-LM( 1986): StatsProvider: getPIDStats() 198: sendRecvData returned error = -4
07-28 21:34:40.188 I/fche    ( 1126): (REDACTED) Writing data for these Geller corpora: %s
07-28 21:34:40.192 I/fche    ( 1126): (REDACTED) Writing metadata key: %s, corpus: %s
07-28 21:34:40.193 I/fche    ( 1126): (REDACTED) Writing metadata key: %s, corpus: %s
07-28 21:34:40.225 I/fche    ( 1126): (REDACTED) Writing data for these Geller corpora: %s
07-28 21:34:40.229 I/fche    ( 1126): (REDACTED) Writing metadata key: %s, corpus: %s
07-28 21:34:40.230 I/fche    ( 1126): (REDACTED) Writing metadata key: %s, corpus: %s
07-28 21:34:40.238 I/NearbyShared( 1126): (REDACTED) GellerSyncDeviceChangeListener: onSyncCompleted: corpus= %s
07-28 21:34:40.239 I/NearbyShared( 1126): (REDACTED) GellerSyncDeviceChangeListener: onSyncCompleted: corpus= %s
07-28 21:34:40.245 I/fcdx    ( 1126): (REDACTED) Starting batch sync for corpora: %s
07-28 21:34:40.251 I/fcdx    ( 1126): (REDACTED) The syncToken for corpus %s is %s and the syncRequestReason is %s
07-28 21:34:40.251 I/fcdx    ( 1126): (REDACTED) The syncToken for corpus %s is %s and the syncRequestReason is %s
07-28 21:34:40.382 I/fche    ( 1126): (REDACTED) Writing data for these Geller corpora: %s
07-28 21:34:40.387 I/fche    ( 1126): (REDACTED) Writing metadata key: %s, corpus: %s
07-28 21:34:40.389 I/fche    ( 1126): (REDACTED) Writing metadata key: %s, corpus: %s
07-28 21:34:40.394 I/fche    ( 1126): (REDACTED) Writing data for these Geller corpora: %s
07-28 21:34:40.396 I/fche    ( 1126): (REDACTED) Writing metadata key: %s, corpus: %s
07-28 21:34:40.399 I/fche    ( 1126): (REDACTED) Writing metadata key: %s, corpus: %s
07-28 21:34:40.407 I/NearbyShared( 1126): (REDACTED) GellerSyncDeviceChangeListener: onSyncCompleted: corpus= %s
07-28 21:34:40.408 I/NearbyShared( 1126): (REDACTED) GellerSyncDeviceChangeListener: onSyncCompleted: corpus= %s
07-28 21:34:40.413 E/ANDR-PERF-LM( 1986): StatsProvider: stats_nl_error_callback() 145: NL SOC receive error: No such process
07-28 21:34:40.413 E/ANDR-PERF-LM( 1986): StatsProvider: sendRecvData() 386: nl_recvmsgs failed return=-12
07-28 21:34:40.413 E/ANDR-PERF-LM( 1986): StatsProvider: getPIDStats() 198: sendRecvData returned error = -4
07-28 21:34:40.415 I/fcdx    ( 1126): (REDACTED) Starting batch sync for corpora: %s
07-28 21:34:40.425 I/fcdx    ( 1126): (REDACTED) The syncToken for corpus %s is %s and the syncRequestReason is %s
07-28 21:34:40.427 I/fcdx    ( 1126): (REDACTED) The syncToken for corpus %s is %s and the syncRequestReason is %s
07-28 21:34:40.550 I/fche    ( 1126): (REDACTED) Writing data for these Geller corpora: %s
07-28 21:34:40.554 I/fche    ( 1126): (REDACTED) Writing metadata key: %s, corpus: %s
07-28 21:34:40.558 I/fche    ( 1126): (REDACTED) Writing metadata key: %s, corpus: %s
07-28 21:34:40.564 I/fche    ( 1126): (REDACTED) Writing data for these Geller corpora: %s
07-28 21:34:40.566 I/fche    ( 1126): (REDACTED) Writing metadata key: %s, corpus: %s
07-28 21:34:40.568 I/fche    ( 1126): (REDACTED) Writing metadata key: %s, corpus: %s
07-28 21:34:40.578 I/NearbyShared( 1126): (REDACTED) GellerSyncDeviceChangeListener: onSyncCompleted: corpus= %s
07-28 21:34:40.579 I/NearbyShared( 1126): (REDACTED) GellerSyncDeviceChangeListener: onSyncCompleted: corpus= %s
07-28 21:34:40.585 I/fcdx    ( 1126): (REDACTED) Starting batch sync for corpora: %s
07-28 21:34:40.593 I/fcdx    ( 1126): (REDACTED) The syncToken for corpus %s is %s and the syncRequestReason is %s
07-28 21:34:40.595 I/fcdx    ( 1126): (REDACTED) The syncToken for corpus %s is %s and the syncRequestReason is %s
07-28 21:34:40.715 E/ANDR-PERF-LM( 1986): StatsProvider: stats_nl_error_callback() 145: NL SOC receive error: No such process
07-28 21:34:40.715 E/ANDR-PERF-LM( 1986): StatsProvider: sendRecvData() 386: nl_recvmsgs failed return=-12
07-28 21:34:40.715 E/ANDR-PERF-LM( 1986): StatsProvider: getPIDStats() 198: sendRecvData returned error = -4
07-28 21:34:40.781 I/fche    ( 1126): (REDACTED) Writing data for these Geller corpora: %s
07-28 21:34:40.786 I/fche    ( 1126): (REDACTED) Writing metadata key: %s, corpus: %s
07-28 21:34:40.788 I/fche    ( 1126): (REDACTED) Writing metadata key: %s, corpus: %s
