--------- beginning of main
07-28 21:33:01.438 E/ANDR-PERF-LM( 1986): StatsProvider: stats_nl_error_callback() 145: NL SOC receive error: No such process
07-28 21:33:01.438 E/ANDR-PERF-LM( 1986): StatsProvider: sendRecvData() 386: nl_recvmsgs failed return=-12
07-28 21:33:01.438 E/ANDR-PERF-LM( 1986): StatsProvider: getPIDStats() 198: sendRecvData returned error = -4
--------- beginning of kernel
07-28 21:33:01.643 I/KERNEL  (    0): [688330.245949][ T1104] logd: logdr: UID=2000 GID=2000 PID=28978 b tail=0 logMask=99 pid=0 start=0ns deadline=0ns
07-28 21:33:01.739 E/ANDR-PERF-LM( 1986): StatsProvider: stats_nl_error_callback() 145: NL SOC receive error: No such process
07-28 21:33:01.739 E/ANDR-PERF-LM( 1986): StatsProvider: sendRecvData() 386: nl_recvmsgs failed return=-12
07-28 21:33:01.740 E/ANDR-PERF-LM( 1986): StatsProvider: getPIDStats() 198: sendRecvData returned error = -4
07-28 21:33:01.897 D/FileUtils( 3158): Rounded bytes from 7565340672 to 8000000000
07-28 21:33:02.041 E/ANDR-PERF-LM( 1986): StatsProvider: stats_nl_error_callback() 145: NL SOC receive error: No such process
07-28 21:33:02.041 E/ANDR-PERF-LM( 1986): StatsProvider: sendRecvData() 386: nl_recvmsgs failed return=-12
07-28 21:33:02.041 E/ANDR-PERF-LM( 1986): StatsProvider: getPIDStats() 198: sendRecvData returned error = -4
07-28 21:33:02.217 I/S.FlushReqestGen(30794): Queueing async flush of data to disk for 2 listeners.
07-28 21:33:02.243 I/S.FlushReqestGen(30794): Async flush done.
07-28 21:33:02.243 D/U/AsyncTaskHelper(30794): setDebugUserGeography$5@1c863ab finished, thread=ATH-2. Queue time: 1ms. Run real=25 cpu=16 ms
07-28 21:33:02.342 E/ANDR-PERF-LM( 1986): StatsProvider: stats_nl_error_callback() 145: NL SOC receive error: No such process
07-28 21:33:02.343 E/ANDR-PERF-LM( 1986): StatsProvider: sendRecvData() 386: nl_recvmsgs failed return=-12
07-28 21:33:02.343 E/ANDR-PERF-LM( 1986): StatsProvider: getPIDStats() 198: sendRecvData returned error = -4
07-28 21:33:02.359 I/WifiHAL ( 1905): event received NL80211_CMD_VENDOR, vendor_id = 0x1374, subcmd = 0xd
07-28 21:33:02.359 I/cnss-daemon( 2754): nl80211 response handler invoked
07-28 21:33:02.359 I/cnss-daemon( 2754): nl80211_response_handler: cmd 103, vendorID 4980, subcmd 13  received
07-28 21:33:02.383 D/BadgeReceiver( 7092): onReceive: Asus badge update action
07-28 21:33:02.385 D/BadgeReceiver( 7092): BadgeReceiver():: pkg: org.telegram.messenger clz: org.telegram.messenger.DefaultIcon user: UserHandle{0} count: 114256 vip_count:0 badge_enable: true badge_type: 0 badge_style: 1
07-28 21:33:02.385 I/BadgeUtility( 7092): Badge DB update: org.telegram.messenger/org.telegram.messenger.DefaultIcon#0|114256|null
07-28 21:33:02.397 D/BadgeDataProvider( 7092): updateBadgeMap - userSerial: 0 userHandle: UserHandle{0}
07-28 21:33:02.397 D/BadgeDataProvider( 7092): updateBadgeMap - userSerial: 0 userHandle: UserHandle{0}
07-28 21:33:02.397 D/BadgeDataProvider( 7092): updateBadgeMap - userSerial: 0 userHandle: UserHandle{0}
07-28 21:33:02.397 D/BadgeDataProvider( 7092): updateBadgeMap - userSerial: 0 userHandle: UserHandle{0}
07-28 21:33:02.397 D/BadgeDataProvider( 7092): updateBadgeMap - userSerial: 0 userHandle: UserHandle{0}
07-28 21:33:02.397 D/BadgeDataProvider( 7092): updateBadgeMap - key: org.telegram.messenger/org.telegram.messenger.DefaultIcon#0 count: 114256 enable: true
07-28 21:33:02.397 D/BadgeDataProvider( 7092): updateBadgeMap - userSerial: 0 userHandle: UserHandle{0}
07-28 21:33:02.397 D/BadgeDataProvider( 7092): updateBadgeMap - userSerial: 0 userHandle: UserHandle{0}
07-28 21:33:02.398 D/BadgeDataProvider( 7092): updateBadgeMap - userSerial: 0 userHandle: UserHandle{0}
07-28 21:33:02.398 D/BadgeDataProvider( 7092): updateBadgeMap - userSerial: 0 userHandle: UserHandle{0}
07-28 21:33:02.398 D/BadgeDataProvider( 7092): updateBadgeMap - userSerial: 0 userHandle: UserHandle{0}
07-28 21:33:02.415 I/ThermalEngine( 6796): phone-skin-temp Reading 34715 .
07-28 21:33:02.644 E/ANDR-PERF-LM( 1986): StatsProvider: stats_nl_error_callback() 145: NL SOC receive error: No such process
07-28 21:33:02.644 E/ANDR-PERF-LM( 1986): StatsProvider: sendRecvData() 386: nl_recvmsgs failed return=-12
07-28 21:33:02.644 E/ANDR-PERF-LM( 1986): StatsProvider: getPIDStats() 198: sendRecvData returned error = -4
07-28 21:33:02.945 E/ANDR-PERF-LM( 1986): StatsProvider: stats_nl_error_callback() 145: NL SOC receive error: No such process
07-28 21:33:02.945 E/ANDR-PERF-LM( 1986): StatsProvider: sendRecvData() 386: nl_recvmsgs failed return=-12
07-28 21:33:02.945 E/ANDR-PERF-LM( 1986): StatsProvider: getPIDStats() 198: sendRecvData returned error = -4
--------- beginning of system
07-28 21:33:03.080 E/NotificationService( 3158): Package enqueue rate is 5.9176025. Shedding 0|org.telegram.messenger|2010957458|null|10218. package=org.telegram.messenger
07-28 21:33:03.090 D/androidtc( 6605): Initializing SystemTextClassifier, type = System
07-28 21:33:03.094 I/AiAiTextClassifier(25683): onCreateTextClassificationSession = TextClassificationSessionId {7e69518e-993d-43fb-8c06-ef236594ad80}
07-28 21:33:03.097 I/AiAiTextClassifier(25683): AiaiTextClassifierService.onSuggestConversationActions
07-28 21:33:03.191 I/AiAiTextClassifier(25683): onDestroyTextClassificationSession = TextClassificationSessionId {2546676a-981d-48c9-9985-4940c2ccd713}
07-28 21:33:03.191 D/androidtc( 6605): Initializing SystemTextClassifier, type = System
07-28 21:33:03.194 D/Telecom ( 3158): TelecomServiceImpl: canReadPhoneState callingPackage = android: TSI.iIMC(a)@B00
07-28 21:33:03.194 D/Telecom ( 3158): TelecomServiceImpl: isPrivilegedDialerCalling = android: TSI.iIMC(a)@B00
07-28 21:33:03.195 I/AiAiTextClassifier(25683): onCreateTextClassificationSession = TextClassificationSessionId {3ec3b83b-057a-4306-9fe3-d043c09aed47}
07-28 21:33:03.195 I/AiAiTextClassifier(25683): AiaiTextClassifierService.onSuggestConversationActions
07-28 21:33:03.233 D/NotificationListener( 5735): onNotificationPosted: org.telegram.messenger, isGroup|isAppGroup: true|true
07-28 21:33:03.234 D/SystemUILog|notification( 5735): NotificationListener:onNotificationPosted: org.telegram.messenger, isGroup|isAppGroup: true|true
07-28 21:33:03.234 D/InterruptionStateProvider( 5735): updateIsBlockable isImportanceLockedByCriticalDeviceFunction pkg: com.android.bluetooth
07-28 21:33:03.239 D/InterruptionStateProvider( 5735): updateIsBlockable isImportanceLockedByCriticalDeviceFunction pkg: android
07-28 21:33:03.239 D/InterruptionStateProvider( 5735): updateIsBlockable isImportanceLockedByCriticalDeviceFunction pkg: com.google.android.cellbroadcastreceiver
07-28 21:33:03.239 D/InterruptionStateProvider( 5735): updateIsBlockable isImportanceLockedByCriticalDeviceFunction pkg: com.android.bluetooth
07-28 21:33:03.240 D/InterruptionStateProvider( 5735): updateIsBlockable isImportanceLockedByCriticalDeviceFunction pkg: android
07-28 21:33:03.241 D/InterruptionStateProvider( 5735): updateIsBlockable isImportanceLockedByCriticalDeviceFunction pkg: android
07-28 21:33:03.242 D/InterruptionStateProvider( 5735): updateIsBlockable isImportanceLockedByCriticalDeviceFunction pkg: com.android.bluetooth
07-28 21:33:03.242 D/InterruptionStateProvider( 5735): updateIsBlockable isImportanceLockedByCriticalDeviceFunction pkg: com.asus.powersaver
07-28 21:33:03.245 D/InterruptionStateProvider( 5735): isBlockable pkg: android
07-28 21:33:03.245 E/ANDR-PERF-LM( 1986): StatsProvider: stats_nl_error_callback() 145: NL SOC receive error: No such process
07-28 21:33:03.246 E/ANDR-PERF-LM( 1986): StatsProvider: sendRecvData() 386: nl_recvmsgs failed return=-12
07-28 21:33:03.246 E/ANDR-PERF-LM( 1986): StatsProvider: getPIDStats() 198: sendRecvData returned error = -4
07-28 21:33:03.246 D/InterruptionStateProvider( 5735): isBlockable pkg: android
07-28 21:33:03.246 D/InterruptionStateProvider( 5735): isBlockable pkg: android
07-28 21:33:03.247 D/InterruptionStateProvider( 5735): isBlockable pkg: com.google.android.cellbroadcastreceiver
07-28 21:33:03.249 D/NotificationListener( 7092): onNotificationPosted: org.telegram.messenger
07-28 21:33:03.249 D/InterruptionStateProvider( 5735): isFgsOrUij pkg: com.digibites.accubattery
07-28 21:33:03.250 D/InterruptionStateProvider( 5735): isBlockable pkg: com.asus.powersaver
07-28 21:33:03.250 D/NotificationListener( 7092): NOTIFICATION_REMOVED: org.telegram.messenger count: 114256
07-28 21:33:03.250 D/InterruptionStateProvider( 5735): isBlockable pkg: com.android.bluetooth
07-28 21:33:03.250 D/InterruptionStateProvider( 5735): isBlockable pkg: com.android.bluetooth
07-28 21:33:03.250 D/InterruptionStateProvider( 5735): isBlockable pkg: com.android.bluetooth
07-28 21:33:03.251 D/SystemUILog( 5735): AsusNotificationManager:onNotificationRankingUpdate
07-28 21:33:03.251 D/MinimalistNotificationController( 5735): onNotificationRankingUpdate
07-28 21:33:03.251 D/PhoneNoticeController( 5735): updatePhoneNotice mIsShowPhoneNotice: false, mIsShowNotification: false, mIsAsusInCallUIVisible: false, shouldFilter: false
07-28 21:33:03.251 D/MinimalistNotificationController( 5735): isShowing:false | isAnswering():false
07-28 21:33:03.258 E/KERNEL  (    0): [688331.859675][T15082] [BAT][CHG]asus_panel_check_worker set BATTMAN_OEM_WORK_EVENT : WORK_PANEL_CHECK
07-28 21:33:03.258 E/KERNEL  (    0): [688331.860749][T28967] [adsp] evtlog= [ADSP][CHG]BattMngrTech_ASUS_Set_Panel_State panel 0x2609 is 2
07-28 21:33:03.258 E/KERNEL  (    0): [688331.860777][T28967] [adsp] evtlog= [ADSP][CHG]BattMngrTech_ASUS_Set_Panel_State panel 0x2640 is 2
07-28 21:33:03.258 E/KERNEL  (    0): [688331.860835][T28967] [adsp] evtlog= [ADSP][CHG]BattMngrTech_ASUS_Set_Panel_State panel_state=0, in_call=0 thermel_threshold=0
07-28 21:33:03.258 I/KERNEL  (    0): [688331.860851][T28967] [BAT][CHG]handle_message set property:11 successfully
07-28 21:33:03.269 D/Telecom ( 3158): TelecomServiceImpl: canReadPhoneState callingPackage = android: TSI.iIMC(a)@B08
07-28 21:33:03.269 D/Telecom ( 3158): TelecomServiceImpl: isPrivilegedDialerCalling = android: TSI.iIMC(a)@B08
07-28 21:33:03.298 D/Telecom ( 3158): TelecomServiceImpl: canReadPhoneState callingPackage = android: TSI.iIMC(a)@B1E
07-28 21:33:03.298 D/Telecom ( 3158): TelecomServiceImpl: isPrivilegedDialerCalling = android: TSI.iIMC(a)@B1E
07-28 21:33:03.330 D/NotificationListener( 5735): onNotificationPosted: org.telegram.messenger, isGroup|isAppGroup: true|true
07-28 21:33:03.330 D/SystemUILog|notification( 5735): NotificationListener:onNotificationPosted: org.telegram.messenger, isGroup|isAppGroup: true|true
07-28 21:33:03.330 D/InterruptionStateProvider( 5735): updateIsBlockable isImportanceLockedByCriticalDeviceFunction pkg: com.android.bluetooth
07-28 21:33:03.330 D/InterruptionStateProvider( 5735): updateIsBlockable isImportanceLockedByCriticalDeviceFunction pkg: android
07-28 21:33:03.330 D/InterruptionStateProvider( 5735): updateIsBlockable isImportanceLockedByCriticalDeviceFunction pkg: com.google.android.cellbroadcastreceiver
07-28 21:33:03.330 D/InterruptionStateProvider( 5735): updateIsBlockable isImportanceLockedByCriticalDeviceFunction pkg: com.android.bluetooth
07-28 21:33:03.330 D/InterruptionStateProvider( 5735): updateIsBlockable isImportanceLockedByCriticalDeviceFunction pkg: android
07-28 21:33:03.331 D/InterruptionStateProvider( 5735): updateIsBlockable isImportanceLockedByCriticalDeviceFunction pkg: android
07-28 21:33:03.331 D/InterruptionStateProvider( 5735): updateIsBlockable isImportanceLockedByCriticalDeviceFunction pkg: com.android.bluetooth
07-28 21:33:03.331 D/InterruptionStateProvider( 5735): updateIsBlockable isImportanceLockedByCriticalDeviceFunction pkg: com.asus.powersaver
07-28 21:33:03.331 D/InterruptionStateProvider( 5735): isBlockable pkg: android
07-28 21:33:03.332 D/InterruptionStateProvider( 5735): isBlockable pkg: android
07-28 21:33:03.332 D/InterruptionStateProvider( 5735): isBlockable pkg: android
07-28 21:33:03.332 D/InterruptionStateProvider( 5735): isBlockable pkg: com.google.android.cellbroadcastreceiver
07-28 21:33:03.334 D/InterruptionStateProvider( 5735): isFgsOrUij pkg: com.digibites.accubattery
07-28 21:33:03.334 D/InterruptionStateProvider( 5735): isBlockable pkg: com.asus.powersaver
07-28 21:33:03.334 D/InterruptionStateProvider( 5735): isBlockable pkg: com.android.bluetooth
07-28 21:33:03.334 D/InterruptionStateProvider( 5735): isBlockable pkg: com.android.bluetooth
07-28 21:33:03.334 D/InterruptionStateProvider( 5735): isBlockable pkg: com.android.bluetooth
07-28 21:33:03.335 D/SystemUILog( 5735): AsusNotificationManager:onNotificationRankingUpdate
07-28 21:33:03.335 D/MinimalistNotificationController( 5735): onNotificationRankingUpdate
07-28 21:33:03.335 D/PhoneNoticeController( 5735): updatePhoneNotice mIsShowPhoneNotice: false, mIsShowNotification: false, mIsAsusInCallUIVisible: false, shouldFilter: false
07-28 21:33:03.335 D/MinimalistNotificationController( 5735): isShowing:false | isAnswering():false
07-28 21:33:03.338 D/NotificationListener( 7092): onNotificationPosted: org.telegram.messenger
07-28 21:33:03.339 D/NotificationListener( 7092): NOTIFICATION_POSTED: org.telegram.messenger count: 72
07-28 21:33:03.361 D/NotificationListener( 5735): onNotificationPosted: org.telegram.messenger, isGroup|isAppGroup: true|true
07-28 21:33:03.361 D/SystemUILog|notification( 5735): NotificationListener:onNotificationPosted: org.telegram.messenger, isGroup|isAppGroup: true|true
07-28 21:33:03.361 D/InterruptionStateProvider( 5735): updateIsBlockable isImportanceLockedByCriticalDeviceFunction pkg: com.android.bluetooth
07-28 21:33:03.361 D/InterruptionStateProvider( 5735): updateIsBlockable isImportanceLockedByCriticalDeviceFunction pkg: android
07-28 21:33:03.361 D/InterruptionStateProvider( 5735): updateIsBlockable isImportanceLockedByCriticalDeviceFunction pkg: com.google.android.cellbroadcastreceiver
07-28 21:33:03.361 D/InterruptionStateProvider( 5735): updateIsBlockable isImportanceLockedByCriticalDeviceFunction pkg: com.android.bluetooth
07-28 21:33:03.361 D/InterruptionStateProvider( 5735): updateIsBlockable isImportanceLockedByCriticalDeviceFunction pkg: android
07-28 21:33:03.361 D/InterruptionStateProvider( 5735): updateIsBlockable isImportanceLockedByCriticalDeviceFunction pkg: android
07-28 21:33:03.361 D/InterruptionStateProvider( 5735): updateIsBlockable isImportanceLockedByCriticalDeviceFunction pkg: com.android.bluetooth
07-28 21:33:03.361 D/InterruptionStateProvider( 5735): updateIsBlockable isImportanceLockedByCriticalDeviceFunction pkg: com.asus.powersaver
07-28 21:33:03.361 D/InterruptionStateProvider( 5735): isBlockable pkg: android
07-28 21:33:03.361 D/InterruptionStateProvider( 5735): isBlockable pkg: android
07-28 21:33:03.361 D/InterruptionStateProvider( 5735): isBlockable pkg: android
07-28 21:33:03.362 D/InterruptionStateProvider( 5735): isBlockable pkg: com.google.android.cellbroadcastreceiver
07-28 21:33:03.362 D/InterruptionStateProvider( 5735): isFgsOrUij pkg: com.digibites.accubattery
07-28 21:33:03.362 D/InterruptionStateProvider( 5735): isBlockable pkg: com.asus.powersaver
07-28 21:33:03.362 D/InterruptionStateProvider( 5735): isBlockable pkg: com.android.bluetooth
07-28 21:33:03.362 D/InterruptionStateProvider( 5735): isBlockable pkg: com.android.bluetooth
07-28 21:33:03.362 D/InterruptionStateProvider( 5735): isBlockable pkg: com.android.bluetooth
07-28 21:33:03.363 D/SystemUILog( 5735): AsusNotificationManager:onNotificationRankingUpdate
07-28 21:33:03.363 D/MinimalistNotificationController( 5735): onNotificationRankingUpdate
07-28 21:33:03.363 D/PhoneNoticeController( 5735): updatePhoneNotice mIsShowPhoneNotice: false, mIsShowNotification: false, mIsAsusInCallUIVisible: false, shouldFilter: false
07-28 21:33:03.363 D/MinimalistNotificationController( 5735): isShowing:false | isAnswering():false
07-28 21:33:03.366 D/NotificationListener( 7092): onNotificationPosted: org.telegram.messenger
07-28 21:33:03.366 D/NotificationListener( 7092): NOTIFICATION_POSTED: org.telegram.messenger count: 1
07-28 21:33:03.369 E/KeymasterUtils( 1143): rsp_header->status: -28
07-28 21:33:03.369 E/KeyMasterHalDevice( 1143): abort_operation
07-28 21:33:03.369 E/KeyMasterHalDevice( 1143): ret: -28
07-28 21:33:03.397 E/KeymasterUtils( 1143): rsp_header->status: -28
07-28 21:33:03.397 E/KeyMasterHalDevice( 1143): abort_operation
07-28 21:33:03.397 E/KeyMasterHalDevice( 1143): ret: -28
07-28 21:33:03.447 I/LogHelper( 7092): {"total_pss":139201,"total_uss":92940,"dalvikPrivateClean":1140,"dalvikPrivateDirty":11028,"dalvikPss":12202,"dalvikSharedClean":676,"dalvikSharedDirty":200,"nativePrivateClean":1284,"nativePrivateDirty":25720,"nativePss":27018,"nativeSharedClean":624,"nativeSharedDirty":216,"nativeSwappablePss":0,"nativeSwappedOut":42128,"otherPrivateClean":13548,"otherPrivateDirty":40220,"otherPss":57867,"time":1753709283343}
07-28 21:33:03.546 E/ANDR-PERF-LM( 1986): StatsProvider: stats_nl_error_callback() 145: NL SOC receive error: No such process
07-28 21:33:03.547 E/ANDR-PERF-LM( 1986): StatsProvider: sendRecvData() 386: nl_recvmsgs failed return=-12
07-28 21:33:03.547 E/ANDR-PERF-LM( 1986): StatsProvider: getPIDStats() 198: sendRecvData returned error = -4
07-28 21:33:03.599 D/InterruptionStateProvider( 5735): handlePostedEntry pkg: org.telegram.messenger, wasAdded: false, isHeadsUpAlready: false, isHeadsUpEntry: false, shouldHeadsUpEver: false, shouldHeadsUpAgain: true, scenario: logical-summary-not-heads-up
07-28 21:33:03.600 D/InterruptionStateProvider( 5735): handlePostedEntry pkg: org.telegram.messenger, wasAdded: false, isHeadsUpAlready: false, isHeadsUpEntry: false, shouldHeadsUpEver: false, shouldHeadsUpAgain: true, scenario: logical-summary-not-heads-up
07-28 21:33:03.600 D/InterruptionStateProvider( 5735): handlePostedEntry pkg: org.telegram.messenger, wasAdded: false, isHeadsUpAlready: false, isHeadsUpEntry: false, shouldHeadsUpEver: false, shouldHeadsUpAgain: true, scenario: logical-summary-not-heads-up
07-28 21:33:03.847 E/ANDR-PERF-LM( 1986): StatsProvider: stats_nl_error_callback() 145: NL SOC receive error: No such process
07-28 21:33:03.848 E/ANDR-PERF-LM( 1986): StatsProvider: sendRecvData() 386: nl_recvmsgs failed return=-12
07-28 21:33:03.848 E/ANDR-PERF-LM( 1986): StatsProvider: getPIDStats() 198: sendRecvData returned error = -4
07-28 21:33:04.149 E/ANDR-PERF-LM( 1986): StatsProvider: stats_nl_error_callback() 145: NL SOC receive error: No such process
07-28 21:33:04.149 E/ANDR-PERF-LM( 1986): StatsProvider: sendRecvData() 386: nl_recvmsgs failed return=-12
07-28 21:33:04.149 E/ANDR-PERF-LM( 1986): StatsProvider: getPIDStats() 198: sendRecvData returned error = -4
07-28 21:33:04.374 I/WifiHAL ( 1905): event received NL80211_CMD_VENDOR, vendor_id = 0x1374, subcmd = 0xd
07-28 21:33:04.375 I/cnss-daemon( 2754): nl80211 response handler invoked
07-28 21:33:04.375 I/cnss-daemon( 2754): nl80211_response_handler: cmd 103, vendorID 4980, subcmd 13  received
07-28 21:33:04.451 E/ANDR-PERF-LM( 1986): StatsProvider: stats_nl_error_callback() 145: NL SOC receive error: No such process
07-28 21:33:04.451 E/ANDR-PERF-LM( 1986): StatsProvider: sendRecvData() 386: nl_recvmsgs failed return=-12
07-28 21:33:04.451 E/ANDR-PERF-LM( 1986): StatsProvider: getPIDStats() 198: sendRecvData returned error = -4
07-28 21:33:04.538 E/KERNEL  (    0): [688333.139820][T18893] [BAT][CHG]asus_jeita_cc_worker set BATTMAN_OEM_WORK_EVENT : WORK_JEITA_CC
07-28 21:33:04.539 I/KERNEL  (    0): [688333.141615][T28967] [BAT][CHG]handle_message set property:11 successfully
07-28 21:33:04.752 E/ANDR-PERF-LM( 1986): StatsProvider: stats_nl_error_callback() 145: NL SOC receive error: No such process
07-28 21:33:04.752 E/ANDR-PERF-LM( 1986): StatsProvider: sendRecvData() 386: nl_recvmsgs failed return=-12
07-28 21:33:04.753 E/ANDR-PERF-LM( 1986): StatsProvider: getPIDStats() 198: sendRecvData returned error = -4
07-28 21:33:05.054 E/ANDR-PERF-LM( 1986): StatsProvider: stats_nl_error_callback() 145: NL SOC receive error: No such process
07-28 21:33:05.054 E/ANDR-PERF-LM( 1986): StatsProvider: sendRecvData() 386: nl_recvmsgs failed return=-12
07-28 21:33:05.054 E/ANDR-PERF-LM( 1986): StatsProvider: getPIDStats() 198: sendRecvData returned error = -4
07-28 21:33:05.355 E/ANDR-PERF-LM( 1986): StatsProvider: stats_nl_error_callback() 145: NL SOC receive error: No such process
07-28 21:33:05.356 E/ANDR-PERF-LM( 1986): StatsProvider: sendRecvData() 386: nl_recvmsgs failed return=-12
07-28 21:33:05.356 E/ANDR-PERF-LM( 1986): StatsProvider: getPIDStats() 198: sendRecvData returned error = -4
07-28 21:33:05.559 I/AlarmManager( 1126): setExactAndAllowWhileIdle [name: GCM_HB_ALARM type: 2 triggerAtMillis: 3701000780]
07-28 21:33:05.560 D/AlarmManager( 3158): setImpl: (a) wakeup alarm (app): 10146/com.google.android.gms, action: com.google.android.gms.gcm.HEARTBEAT_ALARM, 3701000780
07-28 21:33:05.579 I/AlarmManager( 1126): setExactAndAllowWhileIdle [name: FcmRetry type: 2 triggerAtMillis: 3699920794]
07-28 21:33:05.581 D/AlarmManager( 3158): setImpl: (a) wakeup alarm (app): 10146/com.google.android.gms, action: com.google.android.chimera.IntentOperation.TARGETED_INTENT, 3699920794
07-28 21:33:05.581 I/AlarmManager( 1126): setExactAndAllowWhileIdle [name: GCM_HB_ALARM type: 2 triggerAtMillis: 3701000802]
07-28 21:33:05.582 D/AlarmManager( 3158): setImpl: (a) wakeup alarm (app): 10146/com.google.android.gms, action: com.google.android.gms.gcm.HEARTBEAT_ALARM, 3701000802
07-28 21:33:05.599 I/SentryBreadcrumb(28725): Kotlin NotificationClient received Notification.
07-28 21:33:05.656 E/ANDR-PERF-LM( 1986): StatsProvider: stats_nl_error_callback() 145: NL SOC receive error: No such process
07-28 21:33:05.656 E/ANDR-PERF-LM( 1986): StatsProvider: sendRecvData() 386: nl_recvmsgs failed return=-12
07-28 21:33:05.656 E/ANDR-PERF-LM( 1986): StatsProvider: getPIDStats() 198: sendRecvData returned error = -4
07-28 21:33:05.959 E/ANDR-PERF-LM( 1986): StatsProvider: stats_nl_error_callback() 145: NL SOC receive error: No such process
07-28 21:33:05.959 E/ANDR-PERF-LM( 1986): StatsProvider: sendRecvData() 386: nl_recvmsgs failed return=-12
07-28 21:33:05.960 E/ANDR-PERF-LM( 1986): StatsProvider: getPIDStats() 198: sendRecvData returned error = -4
07-28 21:33:06.171 I/AlarmManager( 1126): setExactAndAllowWhileIdle [name: GCM_HB_ALARM type: 2 triggerAtMillis: 3701001391]
07-28 21:33:06.172 D/AlarmManager( 3158): setImpl: (a) wakeup alarm (app): 10146/com.google.android.gms, action: com.google.android.gms.gcm.HEARTBEAT_ALARM, 3701001391
07-28 21:33:06.186 I/AlarmManager( 1126): setExactAndAllowWhileIdle [name: FcmRetry type: 2 triggerAtMillis: 3699921402]
07-28 21:33:06.187 D/AlarmManager( 3158): setImpl: (a) wakeup alarm (app): 10146/com.google.android.gms, action: com.google.android.chimera.IntentOperation.TARGETED_INTENT, 3699921402
07-28 21:33:06.200 I/SentryBreadcrumb(28725): Kotlin NotificationClient received Notification.
07-28 21:33:06.228 D/NotificationListener( 5735): onRankingUpdate
07-28 21:33:06.229 D/NotificationListener( 5735): dispatchRankingUpdate
07-28 21:33:06.229 D/InterruptionStateProvider( 5735): updateIsBlockable isImportanceLockedByCriticalDeviceFunction pkg: com.android.bluetooth
07-28 21:33:06.230 D/InterruptionStateProvider( 5735): updateIsBlockable isImportanceLockedByCriticalDeviceFunction pkg: android
07-28 21:33:06.230 D/InterruptionStateProvider( 5735): updateIsBlockable isImportanceLockedByCriticalDeviceFunction pkg: com.google.android.cellbroadcastreceiver
07-28 21:33:06.231 D/InterruptionStateProvider( 5735): updateIsBlockable isImportanceLockedByCriticalDeviceFunction pkg: com.android.bluetooth
07-28 21:33:06.232 D/InterruptionStateProvider( 5735): updateIsBlockable isImportanceLockedByCriticalDeviceFunction pkg: android
07-28 21:33:06.232 D/InterruptionStateProvider( 5735): updateIsBlockable isImportanceLockedByCriticalDeviceFunction pkg: android
07-28 21:33:06.233 D/InterruptionStateProvider( 5735): updateIsBlockable isImportanceLockedByCriticalDeviceFunction pkg: com.android.bluetooth
07-28 21:33:06.233 D/InterruptionStateProvider( 5735): updateIsBlockable isImportanceLockedByCriticalDeviceFunction pkg: com.asus.powersaver
07-28 21:33:06.234 D/InterruptionStateProvider( 5735): isBlockable pkg: android
07-28 21:33:06.235 D/InterruptionStateProvider( 5735): isBlockable pkg: android
07-28 21:33:06.235 D/InterruptionStateProvider( 5735): isBlockable pkg: android
07-28 21:33:06.236 D/InterruptionStateProvider( 5735): isBlockable pkg: com.google.android.cellbroadcastreceiver
07-28 21:33:06.239 D/InterruptionStateProvider( 5735): isFgsOrUij pkg: com.digibites.accubattery
07-28 21:33:06.239 D/InterruptionStateProvider( 5735): isBlockable pkg: com.asus.powersaver
07-28 21:33:06.240 D/InterruptionStateProvider( 5735): isBlockable pkg: com.android.bluetooth
07-28 21:33:06.240 D/InterruptionStateProvider( 5735): isBlockable pkg: com.android.bluetooth
07-28 21:33:06.240 D/InterruptionStateProvider( 5735): isBlockable pkg: com.android.bluetooth
07-28 21:33:06.240 D/SystemUILog( 5735): AsusNotificationManager:onNotificationRankingUpdate
07-28 21:33:06.240 D/MinimalistNotificationController( 5735): onNotificationRankingUpdate
07-28 21:33:06.240 D/PhoneNoticeController( 5735): updatePhoneNotice mIsShowPhoneNotice: false, mIsShowNotification: false, mIsAsusInCallUIVisible: false, shouldFilter: false
07-28 21:33:06.240 D/MinimalistNotificationController( 5735): isShowing:false | isAnswering():false
07-28 21:33:06.260 E/ANDR-PERF-LM( 1986): StatsProvider: stats_nl_error_callback() 145: NL SOC receive error: No such process
07-28 21:33:06.260 E/ANDR-PERF-LM( 1986): StatsProvider: sendRecvData() 386: nl_recvmsgs failed return=-12
07-28 21:33:06.260 E/ANDR-PERF-LM( 1986): StatsProvider: getPIDStats() 198: sendRecvData returned error = -4
07-28 21:33:06.267 W/ParceledListSlice( 3158): Element #91 is 21004 bytes.
07-28 21:33:06.267 W/ParceledListSlice( 3158): Element #94 is 16464 bytes.
07-28 21:33:06.270 W/ParceledListSlice( 3158): Element #95 is 16648 bytes.
07-28 21:33:06.270 W/ParceledListSlice( 3158): Element #96 is 17500 bytes.
07-28 21:33:06.270 W/ParceledListSlice( 3158): Element #97 is 16516 bytes.
07-28 21:33:06.272 W/ParceledListSlice( 3158): Element #91 is 21004 bytes.
07-28 21:33:06.272 W/ParceledListSlice( 3158): Element #99 is 16616 bytes.
07-28 21:33:06.273 W/ParceledListSlice( 3158): Element #102 is 17032 bytes.
07-28 21:33:06.274 W/ParceledListSlice( 3158): Element #94 is 16464 bytes.
07-28 21:33:06.276 W/ParceledListSlice( 3158): Element #106 is 16644 bytes.
07-28 21:33:06.277 W/ParceledListSlice( 3158): Element #95 is 16648 bytes.
07-28 21:33:06.277 W/ParceledListSlice( 3158): Element #107 is 16856 bytes.
07-28 21:33:06.277 W/ParceledListSlice( 3158): Element #96 is 17500 bytes.
07-28 21:33:06.277 W/ParceledListSlice( 3158): Element #97 is 16516 bytes.
07-28 21:33:06.281 W/ParceledListSlice( 3158): Element #99 is 16616 bytes.
07-28 21:33:06.282 W/ParceledListSlice( 3158): Element #111 is 17428 bytes.
07-28 21:33:06.282 W/ParceledListSlice( 3158): Element #112 is 17560 bytes.
07-28 21:33:06.282 W/ParceledListSlice( 3158): Element #102 is 17032 bytes.
07-28 21:33:06.284 W/ParceledListSlice( 3158): Element #113 is 17424 bytes.
07-28 21:33:06.288 W/ParceledListSlice( 3158): Element #106 is 16644 bytes.
07-28 21:33:06.288 W/ParceledListSlice( 3158): Element #107 is 16856 bytes.
07-28 21:33:06.288 D/InsetsController( 5735): hide(ime(), fromIme=false)
07-28 21:33:06.289 I/ImeTracker( 5735): com.android.systemui:f6585586: onRequestHide at ORIGIN_CLIENT reason HIDE_SOFT_INPUT_BY_INSETS_API fromUser false
07-28 21:33:06.289 I/ImeTracker( 5735): com.android.systemui:f6585586: onCancelled at PHASE_CLIENT_APPLY_ANIMATION
07-28 21:33:06.291 D/InsetsController( 5735): hide(ime(), fromIme=false)
07-28 21:33:06.291 I/ImeTracker( 5735): com.android.systemui:a192b779: onRequestHide at ORIGIN_CLIENT reason HIDE_SOFT_INPUT_BY_INSETS_API fromUser false
07-28 21:33:06.291 I/ImeTracker( 5735): com.android.systemui:a192b779: onCancelled at PHASE_CLIENT_APPLY_ANIMATION
07-28 21:33:06.292 W/ParceledListSlice( 3158): Element #144 is 17836 bytes.
07-28 21:33:06.292 W/ParceledListSlice( 3158): Overly large reply size: 82140
07-28 21:33:06.292 W/ParceledListSlice( 3158): Element #111 is 17428 bytes.
07-28 21:33:06.293 W/ParceledListSlice( 3158): Element #112 is 17560 bytes.
07-28 21:33:06.294 W/ParceledListSlice( 3158): Element #145 is 17776 bytes.
07-28 21:33:06.295 W/ParceledListSlice( 3158): Element #146 is 17768 bytes.
07-28 21:33:06.295 D/InsetsController( 5735): hide(ime(), fromIme=false)
07-28 21:33:06.295 W/ParceledListSlice( 3158): Element #147 is 17648 bytes.
07-28 21:33:06.295 I/ImeTracker( 5735): com.android.systemui:ed41f26b: onRequestHide at ORIGIN_CLIENT reason HIDE_SOFT_INPUT_BY_INSETS_API fromUser false
07-28 21:33:06.295 I/ImeTracker( 5735): com.android.systemui:ed41f26b: onCancelled at PHASE_CLIENT_APPLY_ANIMATION
07-28 21:33:06.298 D/InsetsController( 5735): hide(ime(), fromIme=false)
07-28 21:33:06.299 I/ImeTracker( 5735): com.android.systemui:fa74ca41: onRequestHide at ORIGIN_CLIENT reason HIDE_SOFT_INPUT_BY_INSETS_API fromUser false
07-28 21:33:06.299 I/ImeTracker( 5735): com.android.systemui:fa74ca41: onCancelled at PHASE_CLIENT_APPLY_ANIMATION
07-28 21:33:06.299 W/ParceledListSlice( 3158): Element #113 is 17424 bytes.
07-28 21:33:06.303 D/InsetsController( 5735): hide(ime(), fromIme=false)
07-28 21:33:06.304 I/ImeTracker( 5735): com.android.systemui:51aeb907: onRequestHide at ORIGIN_CLIENT reason HIDE_SOFT_INPUT_BY_INSETS_API fromUser false
07-28 21:33:06.304 I/ImeTracker( 5735): com.android.systemui:51aeb907: onCancelled at PHASE_CLIENT_APPLY_ANIMATION
07-28 21:33:06.305 E/KERNEL  (    0): [688333.141735][T18893] [BAT][CHG]asus_jeita_cc_worker g_Charger_mode is false 5 s
07-28 21:33:06.305 E/KERNEL  (    0): [688334.909844][T23950] [adsp] evtlog= asus_charger_para.cable_attach && usb_charger_status
07-28 21:33:06.305 W/ParceledListSlice( 3158): Element #144 is 17836 bytes.
07-28 21:33:06.305 W/ParceledListSlice( 3158): Overly large reply size: 82140
07-28 21:33:06.307 W/KERNEL  (    0): [688334.911802][ T1897] healthd: battery l=63 v=3950 t=32.0 h=2 st=2 c=-5127 fc=4135000 cc=12 chg=u
07-28 21:33:06.307 I/BatteryService( 3158): lv: 63, st: 2, st_ex: 2, h: 2, plug: 2, chg_lmt: 0, asus_c: 0, s: 0, ab: 0, wlma: 0, fwstate: 2, fwVer: 18
07-28 21:33:06.309 V/PowerSaverClient( 5735): onReceive(android.intent.action.BATTERY_CHANGED)
07-28 21:33:06.309 W/ParceledListSlice( 3158): Element #145 is 17776 bytes.
07-28 21:33:06.309 W/ParceledListSlice( 3158): Element #146 is 17768 bytes.
07-28 21:33:06.310 W/ParceledListSlice( 3158): Element #147 is 17648 bytes.
07-28 21:33:06.311 D/DeviceStatisticsService( 6653): onReceive: action= android.intent.action.BATTERY_CHANGED
07-28 21:33:06.314 V/PowerSaverClient( 5735): notSlow, isSlow=false, watt=0
07-28 21:33:06.314 W/ParceledListSlice( 3158): Element #182 is 20824 bytes.
07-28 21:33:06.315 D/QtiCarrierConfigHelper( 5917): WARNING, no carrier configs on phone Id: 0
07-28 21:33:06.314 D/GameModeHandler( 5686): ForwardReceiver onReceive: android.intent.action.BATTERY_CHANGED
07-28 21:33:06.317 W/ParceledListSlice( 3158): Element #183 is 21164 bytes.
07-28 21:33:06.317 W/ParceledListSlice( 3158): Element #184 is 21272 bytes.
07-28 21:33:06.318 W/ParceledListSlice( 3158): Element #185 is 21404 bytes.
07-28 21:33:06.318 D/DeviceIdleController( 3158): becomeActiveLocked, reason = charging activeUid = 1000
07-28 21:33:06.318 W/ParceledListSlice( 3158): Element #186 is 20684 bytes.
07-28 21:33:06.318 W/ParceledListSlice( 3158): Overly large reply size: 84548
07-28 21:33:06.320 E/KERNEL  (    0): [688334.924307][T26344] [adsp] evtlog= asus_charger_para.cable_attach && usb_charger_status
07-28 21:33:06.320 W/ParceledListSlice( 3158): Element #187 is 19992 bytes.
07-28 21:33:06.320 W/ParceledListSlice( 3158): Element #188 is 20544 bytes.
07-28 21:33:06.321 W/ParceledListSlice( 3158): Element #189 is 34976 bytes.
07-28 21:33:06.322 W/ParceledListSlice( 3158): Element #191 is 28856 bytes.
07-28 21:33:06.322 D/AsusBatteryUsageService( 5686): onReceive:android.intent.action.BATTERY_CHANGED
07-28 21:33:06.323 V/DeviceStatisticsService( 6653): chargerType=2 batteryLevel=63 totalBatteryCapacity=4112000
07-28 21:33:06.323 D/DeviceInfoAidlClient( 6653): isRadioOn()=true
07-28 21:33:06.323 D/PwrSvrSvc( 5686): extraBatHealth:2 changed:false extraStatus:2 chargingLimit:0
07-28 21:33:06.323 I/DeviceInfoAidlClient( 6653): isPowerInfoNeverSent=false batteryLevel=63 batteryLevelIndex=5 chargingMode=2 totalCapacity=4112000 powerSaveMode=false
07-28 21:33:06.323 D/PwrSvrSvc( 5686):  changed:false mCurBatLv:63 lv:63 statusChange:false plugChange:false mExtraPlugged:2 extraPlugged:2
07-28 21:33:06.323 D/PwrSvrSvc( 5686): getTriggerLvPref low_power_trigger_level=10
07-28 21:33:06.323 D/PwrSvrSvc( 5686): switchModeByExitTriggerLevel lv:63 triggerLv:10 mIsEnterUltraModeByLowPwr:false mSkipLowPwrModeNoti:false
07-28 21:33:06.324 W/ParceledListSlice( 3158): Element #182 is 20824 bytes.
07-28 21:33:06.325 I/BatteryService( 3158): lv: 63, st: 2, st_ex: 2, h: 2, plug: 2, chg_lmt: 0, asus_c: 0, s: 0, ab: 0, wlma: 0, fwstate: 2, fwVer: 18
07-28 21:33:06.327 W/ParceledListSlice( 3158): Element #183 is 21164 bytes.
07-28 21:33:06.327 W/ParceledListSlice( 3158): Element #184 is 21272 bytes.
07-28 21:33:06.328 W/ParceledListSlice( 3158): Element #185 is 21404 bytes.
07-28 21:33:06.328 W/ParceledListSlice( 3158): Element #186 is 20684 bytes.
07-28 21:33:06.328 W/ParceledListSlice( 3158): Overly large reply size: 84548
07-28 21:33:06.329 W/ParceledListSlice( 3158): Element #226 is 33300 bytes.
07-28 21:33:06.330 V/PowerSaverClient( 5735): onReceive(android.intent.action.BATTERY_CHANGED)
07-28 21:33:06.331 W/ParceledListSlice( 3158): Element #187 is 19992 bytes.
07-28 21:33:06.331 W/ParceledListSlice( 3158): Element #188 is 20544 bytes.
07-28 21:33:06.332 W/ParceledListSlice( 3158): Element #189 is 34976 bytes.
07-28 21:33:06.333 D/DeviceStatisticsService( 6653): onReceive: action= android.intent.action.BATTERY_CHANGED
07-28 21:33:06.333 W/ParceledListSlice( 3158): Element #227 is 32520 bytes.
07-28 21:33:06.334 W/ParceledListSlice( 3158): Element #228 is 32528 bytes.
07-28 21:33:06.334 D/QtiCarrierConfigHelper( 5917): WARNING, no carrier configs on phone Id: 0
07-28 21:33:06.334 W/ParceledListSlice( 3158): Element #229 is 32624 bytes.
07-28 21:33:06.334 W/ParceledListSlice( 3158): Overly large reply size: 97692
07-28 21:33:06.334 D/DeviceIdleController( 3158): becomeActiveLocked, reason = charging activeUid = 1000
07-28 21:33:06.336 W/ParceledListSlice( 3158): Element #230 is 32892 bytes.
07-28 21:33:06.336 W/ParceledListSlice( 3158): Element #231 is 31456 bytes.
07-28 21:33:06.336 W/ParceledListSlice( 3158): Element #232 is 32316 bytes.
07-28 21:33:06.336 W/ParceledListSlice( 3158): Overly large reply size: 96684
07-28 21:33:06.337 D/GameModeHandler( 5686): ForwardReceiver onReceive: android.intent.action.BATTERY_CHANGED
07-28 21:33:06.338 W/ParceledListSlice( 3158): Element #233 is 32256 bytes.
07-28 21:33:06.338 D/AsusBatteryUsageService( 5686): onReceive:android.intent.action.BATTERY_CHANGED
07-28 21:33:06.338 D/PwrSvrSvc( 5686): extraBatHealth:2 changed:false extraStatus:2 chargingLimit:0
07-28 21:33:06.338 D/PwrSvrSvc( 5686):  changed:false mCurBatLv:63 lv:63 statusChange:false plugChange:false mExtraPlugged:2 extraPlugged:2
07-28 21:33:06.338 D/PwrSvrSvc( 5686): getTriggerLvPref low_power_trigger_level=10
07-28 21:33:06.338 D/PwrSvrSvc( 5686): switchModeByExitTriggerLevel lv:63 triggerLv:10 mIsEnterUltraModeByLowPwr:false mSkipLowPwrModeNoti:false
07-28 21:33:06.339 V/PowerSaverClient( 5735): notSlow, isSlow=false, watt=0
07-28 21:33:06.339 V/DeviceStatisticsService( 6653): chargerType=2 batteryLevel=63 totalBatteryCapacity=4112000
07-28 21:33:06.339 W/ParceledListSlice( 3158): Element #191 is 28856 bytes.
07-28 21:33:06.350 W/ParceledListSlice( 3158): Element #226 is 33300 bytes.
07-28 21:33:06.352 W/ParceledListSlice( 3158): Element #91 is 21004 bytes.
07-28 21:33:06.352 W/ParceledListSlice( 3158): Element #94 is 16464 bytes.
07-28 21:33:06.353 W/ParceledListSlice( 3158): Element #95 is 16648 bytes.
07-28 21:33:06.353 W/ParceledListSlice( 3158): Element #96 is 17500 bytes.
07-28 21:33:06.353 W/ParceledListSlice( 3158): Element #97 is 16516 bytes.
07-28 21:33:06.355 W/ParceledListSlice( 3158): Element #99 is 16616 bytes.
07-28 21:33:06.355 W/ParceledListSlice( 3158): Element #102 is 17032 bytes.
07-28 21:33:06.355 W/ParceledListSlice( 3158): Element #227 is 32520 bytes.
07-28 21:33:06.356 W/ParceledListSlice( 3158): Element #228 is 32528 bytes.
07-28 21:33:06.356 W/ParceledListSlice( 3158): Element #229 is 32624 bytes.
07-28 21:33:06.356 W/ParceledListSlice( 3158): Overly large reply size: 97692
07-28 21:33:06.357 W/ParceledListSlice( 3158): Element #106 is 16644 bytes.
07-28 21:33:06.357 W/ParceledListSlice( 3158): Element #107 is 16856 bytes.
07-28 21:33:06.358 W/ParceledListSlice( 3158): Element #111 is 17428 bytes.
07-28 21:33:06.359 W/ParceledListSlice( 3158): Element #112 is 17560 bytes.
07-28 21:33:06.359 W/ParceledListSlice( 3158): Element #230 is 32892 bytes.
07-28 21:33:06.360 W/ParceledListSlice( 3158): Element #113 is 17424 bytes.
07-28 21:33:06.360 W/ParceledListSlice( 3158): Element #231 is 31456 bytes.
07-28 21:33:06.360 W/ParceledListSlice( 3158): Element #232 is 32316 bytes.
07-28 21:33:06.361 W/ParceledListSlice( 3158): Overly large reply size: 96684
07-28 21:33:06.362 W/ParceledListSlice( 3158): Element #144 is 17836 bytes.
07-28 21:33:06.362 W/ParceledListSlice( 3158): Overly large reply size: 82140
07-28 21:33:06.363 W/ParceledListSlice( 3158): Element #145 is 17776 bytes.
07-28 21:33:06.363 W/ParceledListSlice( 3158): Element #146 is 17768 bytes.
07-28 21:33:06.363 W/ParceledListSlice( 3158): Element #147 is 17648 bytes.
07-28 21:33:06.364 W/ParceledListSlice( 3158): Element #233 is 32256 bytes.
07-28 21:33:06.366 W/ParceledListSlice( 3158): Element #182 is 20824 bytes.
07-28 21:33:06.367 W/ParceledListSlice( 3158): Element #183 is 21164 bytes.
07-28 21:33:06.367 W/ParceledListSlice( 3158): Element #184 is 21272 bytes.
07-28 21:33:06.367 W/ParceledListSlice( 3158): Element #185 is 21404 bytes.
07-28 21:33:06.367 W/ParceledListSlice( 3158): Element #186 is 20684 bytes.
07-28 21:33:06.367 W/ParceledListSlice( 3158): Overly large reply size: 84548
07-28 21:33:06.369 W/ParceledListSlice( 3158): Element #187 is 19992 bytes.
07-28 21:33:06.369 W/ParceledListSlice( 3158): Element #188 is 20544 bytes.
07-28 21:33:06.369 W/ParceledListSlice( 3158): Element #189 is 34976 bytes.
07-28 21:33:06.370 W/ParceledListSlice( 3158): Element #191 is 28856 bytes.
07-28 21:33:06.374 W/ParceledListSlice( 3158): Element #226 is 33300 bytes.
07-28 21:33:06.375 I/WifiHAL ( 1905): event received NL80211_CMD_VENDOR, vendor_id = 0x1374, subcmd = 0xd
07-28 21:33:06.376 I/cnss-daemon( 2754): nl80211 response handler invoked
07-28 21:33:06.376 I/cnss-daemon( 2754): nl80211_response_handler: cmd 103, vendorID 4980, subcmd 13  received
07-28 21:33:06.376 W/ParceledListSlice( 3158): Element #227 is 32520 bytes.
07-28 21:33:06.376 W/ParceledListSlice( 3158): Element #228 is 32528 bytes.
07-28 21:33:06.376 W/ParceledListSlice( 3158): Element #229 is 32624 bytes.
07-28 21:33:06.376 W/ParceledListSlice( 3158): Overly large reply size: 97692
07-28 21:33:06.377 W/ParceledListSlice( 3158): Element #230 is 32892 bytes.
07-28 21:33:06.378 W/ParceledListSlice( 3158): Element #231 is 31456 bytes.
07-28 21:33:06.378 W/ParceledListSlice( 3158): Element #232 is 32316 bytes.
07-28 21:33:06.378 W/ParceledListSlice( 3158): Overly large reply size: 96684
07-28 21:33:06.379 W/ParceledListSlice( 3158): Element #233 is 32256 bytes.
07-28 21:33:06.380 W/ParceledListSlice( 3158): Element #91 is 21004 bytes.
07-28 21:33:06.380 W/ParceledListSlice( 3158): Element #94 is 16464 bytes.
07-28 21:33:06.382 W/ParceledListSlice( 3158): Element #95 is 16648 bytes.
07-28 21:33:06.382 W/ParceledListSlice( 3158): Element #96 is 17500 bytes.
07-28 21:33:06.382 W/ParceledListSlice( 3158): Element #97 is 16516 bytes.
07-28 21:33:06.383 W/ParceledListSlice( 3158): Element #99 is 16616 bytes.
07-28 21:33:06.383 W/ParceledListSlice( 3158): Element #102 is 17032 bytes.
07-28 21:33:06.385 W/ParceledListSlice( 3158): Element #106 is 16644 bytes.
07-28 21:33:06.385 W/ParceledListSlice( 3158): Element #107 is 16856 bytes.
07-28 21:33:06.386 W/ParceledListSlice( 3158): Element #111 is 17428 bytes.
07-28 21:33:06.387 W/ParceledListSlice( 3158): Element #112 is 17560 bytes.
07-28 21:33:06.388 W/ParceledListSlice( 3158): Element #113 is 17424 bytes.
07-28 21:33:06.389 W/ParceledListSlice( 3158): Element #144 is 17836 bytes.
07-28 21:33:06.390 W/ParceledListSlice( 3158): Overly large reply size: 82140
07-28 21:33:06.390 W/ParceledListSlice( 3158): Element #145 is 17776 bytes.
07-28 21:33:06.391 W/ParceledListSlice( 3158): Element #146 is 17768 bytes.
07-28 21:33:06.391 W/ParceledListSlice( 3158): Element #147 is 17648 bytes.
07-28 21:33:06.394 W/ParceledListSlice( 3158): Element #182 is 20824 bytes.
07-28 21:33:06.395 W/ParceledListSlice( 3158): Element #183 is 21164 bytes.
07-28 21:33:06.395 W/ParceledListSlice( 3158): Element #184 is 21272 bytes.
07-28 21:33:06.395 W/ParceledListSlice( 3158): Element #185 is 21404 bytes.
07-28 21:33:06.395 W/ParceledListSlice( 3158): Element #186 is 20684 bytes.
07-28 21:33:06.395 W/ParceledListSlice( 3158): Overly large reply size: 84548
07-28 21:33:06.396 W/ParceledListSlice( 3158): Element #187 is 19992 bytes.
07-28 21:33:06.397 W/ParceledListSlice( 3158): Element #188 is 20544 bytes.
07-28 21:33:06.397 W/ParceledListSlice( 3158): Element #189 is 34976 bytes.
07-28 21:33:06.398 W/ParceledListSlice( 3158): Element #191 is 28856 bytes.
07-28 21:33:06.403 W/ParceledListSlice( 3158): Element #226 is 33300 bytes.
07-28 21:33:06.404 W/ParceledListSlice( 3158): Element #227 is 32520 bytes.
07-28 21:33:06.404 W/ParceledListSlice( 3158): Element #228 is 32528 bytes.
07-28 21:33:06.404 W/ParceledListSlice( 3158): Element #229 is 32624 bytes.
07-28 21:33:06.404 W/ParceledListSlice( 3158): Overly large reply size: 97692
07-28 21:33:06.406 W/ParceledListSlice( 3158): Element #230 is 32892 bytes.
07-28 21:33:06.406 W/ParceledListSlice( 3158): Element #231 is 31456 bytes.
07-28 21:33:06.406 W/ParceledListSlice( 3158): Element #232 is 32316 bytes.
07-28 21:33:06.406 W/ParceledListSlice( 3158): Overly large reply size: 96684
07-28 21:33:06.408 W/ParceledListSlice( 3158): Element #233 is 32256 bytes.
07-28 21:33:06.412 W/View    ( 5735): requestLayout() improperly called by com.android.systemui.statusbar.policy.Clock{2b4952f V.ED..... ......ID 0,-16-84,98 #7f0b0243 app:id/clock} during layout: running second layout pass
07-28 21:33:06.429 D/NotificationListener( 5735): onRankingUpdate
07-28 21:33:06.431 D/PowerUI ( 5735): setSystemProperties(): key = vendor.asus.dis_flash_light, val = 0
07-28 21:33:06.432 V/Battery ( 5735): scale=100, level=63, status=2(2), plugged=2, health=2, asusCharger=0, isWirelessMisalignment=false
07-28 21:33:06.433 D/PowerUI ( 5735): setSystemProperties(): key = vendor.asus.dis_flash_light, val = 0
07-28 21:33:06.433 I/KERNEL  (    0): [688335.037773][    T1] init: processing action (vendor.asus.dis_flash_light=0) from (/vendor/etc/init/hw/init.asus.rc:574)
07-28 21:33:06.433 D/NotificationListener( 5735): dispatchRankingUpdate
07-28 21:33:06.433 D/InterruptionStateProvider( 5735): updateIsBlockable isImportanceLockedByCriticalDeviceFunction pkg: com.android.bluetooth
07-28 21:33:06.433 D/InterruptionStateProvider( 5735): updateIsBlockable isImportanceLockedByCriticalDeviceFunction pkg: android
07-28 21:33:06.433 D/InterruptionStateProvider( 5735): updateIsBlockable isImportanceLockedByCriticalDeviceFunction pkg: com.google.android.cellbroadcastreceiver
07-28 21:33:06.433 D/InterruptionStateProvider( 5735): updateIsBlockable isImportanceLockedByCriticalDeviceFunction pkg: com.android.bluetooth
07-28 21:33:06.433 D/InterruptionStateProvider( 5735): updateIsBlockable isImportanceLockedByCriticalDeviceFunction pkg: android
07-28 21:33:06.433 D/InterruptionStateProvider( 5735): updateIsBlockable isImportanceLockedByCriticalDeviceFunction pkg: android
07-28 21:33:06.433 D/InterruptionStateProvider( 5735): updateIsBlockable isImportanceLockedByCriticalDeviceFunction pkg: com.android.bluetooth
07-28 21:33:06.433 D/InterruptionStateProvider( 5735): updateIsBlockable isImportanceLockedByCriticalDeviceFunction pkg: com.asus.powersaver
07-28 21:33:06.433 D/InterruptionStateProvider( 5735): isBlockable pkg: android
07-28 21:33:06.433 D/InterruptionStateProvider( 5735): isBlockable pkg: android
07-28 21:33:06.433 D/InterruptionStateProvider( 5735): isBlockable pkg: android
07-28 21:33:06.434 D/InterruptionStateProvider( 5735): isBlockable pkg: com.google.android.cellbroadcastreceiver
07-28 21:33:06.434 V/Battery ( 5735): scale=100, level=63, status=2(2), plugged=2, health=2, asusCharger=0, isWirelessMisalignment=false
07-28 21:33:06.434 D/InterruptionStateProvider( 5735): isFgsOrUij pkg: com.digibites.accubattery
07-28 21:33:06.434 D/InterruptionStateProvider( 5735): isBlockable pkg: com.asus.powersaver
07-28 21:33:06.434 D/InterruptionStateProvider( 5735): isBlockable pkg: com.android.bluetooth
07-28 21:33:06.434 D/InterruptionStateProvider( 5735): isBlockable pkg: com.android.bluetooth
07-28 21:33:06.434 D/InterruptionStateProvider( 5735): isBlockable pkg: com.android.bluetooth
07-28 21:33:06.434 D/SystemUILog( 5735): AsusNotificationManager:onNotificationRankingUpdate
07-28 21:33:06.434 D/MinimalistNotificationController( 5735): onNotificationRankingUpdate
07-28 21:33:06.434 D/PhoneNoticeController( 5735): updatePhoneNotice mIsShowPhoneNotice: false, mIsShowNotification: false, mIsAsusInCallUIVisible: false, shouldFilter: false
07-28 21:33:06.434 D/MinimalistNotificationController( 5735): isShowing:false | isAnswering():false
07-28 21:33:06.435 I/KERNEL  (    0): [688335.038862][  T393] FLASH-ATD flash_led_store() id 0, command 2 0 0 rc=2
07-28 21:33:06.435 I/KERNEL  (    0): [688335.038878][  T393] FLASH-ATD asus_led_release() regulator already disabled, do nothing
07-28 21:33:06.435 I/KERNEL  (    0): [688335.038883][  T393] FLASH-ATD flash_led_store() id 0, command 2 0, rc 2, ATD status 1
07-28 21:33:06.435 I/KERNEL  (    0): [688335.039433][    T1] init: processing action (vendor.asus.dis_flash_light=0) from (/vendor/etc/init/hw/init.asus.rc:574)
07-28 21:33:06.435 I/KERNEL  (    0): [688335.039882][  T393] FLASH-ATD flash_led_store() id 0, command 2 0 0 rc=2
07-28 21:33:06.435 I/KERNEL  (    0): [688335.039891][  T393] FLASH-ATD asus_led_release() regulator already disabled, do nothing
07-28 21:33:06.435 I/KERNEL  (    0): [688335.039894][  T393] FLASH-ATD flash_led_store() id 0, command 2 0, rc 2, ATD status 1
07-28 21:33:06.561 E/ANDR-PERF-LM( 1986): StatsProvider: stats_nl_error_callback() 145: NL SOC receive error: No such process
07-28 21:33:06.561 E/ANDR-PERF-LM( 1986): StatsProvider: sendRecvData() 386: nl_recvmsgs failed return=-12
07-28 21:33:06.561 E/ANDR-PERF-LM( 1986): StatsProvider: getPIDStats() 198: sendRecvData returned error = -4
07-28 21:33:06.673 I/system_server( 3158): Background concurrent mark compact GC freed 65MB AllocSpace bytes, 185(34MB) LOS objects, 42% free, 128MB/224MB, paused 1.225ms,9.326ms total 449.881ms
07-28 21:33:06.677 I/BpBinder( 3158): onLastStrongRef automatically unlinking death recipients: 
07-28 21:33:06.692 W/system_server( 3158): ApkAssets: Deleting an ApkAssets object '<empty> and /data/app/~~8_5IbKFlXgw0d6QraO8-4A==/com.google.android.gms-18Idhfqq9v1wjdyMCIVUVw==/base.apk' with 1 weak references
07-28 21:33:06.693 W/system_server( 3158): ApkAssets: Deleting an ApkAssets object '<empty> and /data/app/~~8_5IbKFlXgw0d6QraO8-4A==/com.google.android.gms-18Idhfqq9v1wjdyMCIVUVw==/split_AdsDynamite_installtime.apk' with 1 weak references
07-28 21:33:06.693 W/system_server( 3158): ApkAssets: Deleting an ApkAssets object '<empty> and /data/app/~~8_5IbKFlXgw0d6QraO8-4A==/com.google.android.gms-18Idhfqq9v1wjdyMCIVUVw==/split_CronetDynamite_installtime.apk' with 1 weak references
07-28 21:33:06.693 W/system_server( 3158): ApkAssets: Deleting an ApkAssets object '<empty> and /data/app/~~8_5IbKFlXgw0d6QraO8-4A==/com.google.android.gms-18Idhfqq9v1wjdyMCIVUVw==/split_DynamiteLoader_installtime.apk' with 1 weak references
07-28 21:33:06.694 W/system_server( 3158): ApkAssets: Deleting an ApkAssets object '<empty> and /data/app/~~8_5IbKFlXgw0d6QraO8-4A==/com.google.android.gms-18Idhfqq9v1wjdyMCIVUVw==/split_DynamiteModulesA_installtime.apk' with 1 weak references
07-28 21:33:06.694 W/system_server( 3158): ApkAssets: Deleting an ApkAssets object '<empty> and /data/app/~~8_5IbKFlXgw0d6QraO8-4A==/com.google.android.gms-18Idhfqq9v1wjdyMCIVUVw==/split_DynamiteModulesC_installtime.apk' with 1 weak references
07-28 21:33:06.694 W/system_server( 3158): ApkAssets: Deleting an ApkAssets object '<empty> and /data/app/~~8_5IbKFlXgw0d6QraO8-4A==/com.google.android.gms-18Idhfqq9v1wjdyMCIVUVw==/split_GoogleCertificates_installtime.apk' with 1 weak references
07-28 21:33:06.695 W/system_server( 3158): ApkAssets: Deleting an ApkAssets object '<empty> and /data/app/~~8_5IbKFlXgw0d6QraO8-4A==/com.google.android.gms-18Idhfqq9v1wjdyMCIVUVw==/split_MapsDynamite_installtime.apk' with 1 weak references
07-28 21:33:06.695 W/system_server( 3158): ApkAssets: Deleting an ApkAssets object '<empty> and /data/app/~~8_5IbKFlXgw0d6QraO8-4A==/com.google.android.gms-18Idhfqq9v1wjdyMCIVUVw==/split_MeasurementDynamite_installtime.apk' with 1 weak references
