07-28 21:33:14.454 D/nativeloader(28994): Configuring clns-8 for other apk /system/framework/com.android.media.remotedisplay.jar. target_sdk_version=36, uses_libraries=ALL, library_path=/data/app/~~8_5IbKFlXgw0d6QraO8-4A==/com.google.android.gms-18Idhfqq9v1wjdyMCIVUVw==/lib/arm64:/data/app/~~8_5IbKFlXgw0d6QraO8-4A==/com.google.android.gms-18Idhfqq9v1wjdyMCIVUVw==/base.apk!/lib/arm64-v8a, permitted_path=/data:/mnt/expand:/data/user/0/com.google.android.gms
07-28 21:33:14.454 D/nativeloader(28994): Extending system_exposed_libraries: libbinauralrenderer_wrapper.qti.so:libhoaeffects.qti.so:libupdateprof.qti.so:libthermalclient.qti.so:libdiag_system.qti.so:libqape.qti.so:liblistenjni.qti.so
07-28 21:33:14.456 W/rbandroid.sleep(28994): ClassLoaderContext classpath size mismatch. expected=1, found=0 (DLC[];PCL[base.apk*129399461]{PCL[/system/framework/org.apache.http.legacy.jar*94547830]#PCL[/system/framework/com.android.media.remotedisplay.jar*2042759013]#PCL[/system/framework/com.android.location.provider.jar*3414091812]#PCL[/system_ext/framework/androidx.window.extensions.jar*3811030775]#PCL[/system_ext/framework/androidx.window.sidecar.jar*775381467]} | DLC[];PCL[])
07-28 21:33:14.460 I/rbandroid.sleep(28994): Waiting for a blocking GC AddRemoveAppImageSpace
07-28 21:33:14.462 D/nativeloader(28994): Configuring clns-9 for other apk /system/framework/com.android.location.provider.jar. target_sdk_version=36, uses_libraries=ALL, library_path=/data/app/~~8_5IbKFlXgw0d6QraO8-4A==/com.google.android.gms-18Idhfqq9v1wjdyMCIVUVw==/lib/arm64:/data/app/~~8_5IbKFlXgw0d6QraO8-4A==/com.google.android.gms-18Idhfqq9v1wjdyMCIVUVw==/base.apk!/lib/arm64-v8a, permitted_path=/data:/mnt/expand:/data/user/0/com.google.android.gms
07-28 21:33:14.462 D/nativeloader(28994): Extending system_exposed_libraries: libbinauralrenderer_wrapper.qti.so:libhoaeffects.qti.so:libupdateprof.qti.so:libthermalclient.qti.so:libdiag_system.qti.so:libqape.qti.so:liblistenjni.qti.so
07-28 21:33:14.463 I/DynamiteModule(28994): Considering local module com.google.android.gms.measurement.dynamite:141 and remote module com.google.android.gms.measurement.dynamite:153
07-28 21:33:14.463 I/DynamiteModule(28994): Selected remote version of com.google.android.gms.measurement.dynamite, version >= 153
07-28 21:33:14.463 V/DynamiteModule(28994): Dynamite loader version >= 2, using loadModule2NoCrashUtils
07-28 21:33:14.465 D/ApplicationLoaders(28994): Returning zygote-cached class loader: /system_ext/framework/androidx.window.extensions.jar
07-28 21:33:14.465 D/ApplicationLoaders(28994): Returning zygote-cached class loader: /system_ext/framework/androidx.window.sidecar.jar
07-28 21:33:14.470 W/com.facebook.UserSettingsManager(28994): The value for AdvertiserIDCollectionEnabled is currently set to FALSE so you're sending app events without collecting Advertiser ID. This can affect the quality of your advertising and analytics results.
07-28 21:33:14.515 E/com.facebook.GraphResponse(28994): GraphRequest can't be used when Facebook SDK isn't fully initialized
07-28 21:33:14.515 E/com.facebook.GraphResponse(28994): GraphRequest can't be used when Facebook SDK isn't fully initialized
07-28 21:33:14.517 E/com.facebook.GraphResponse(28994): GraphRequest can't be used when Facebook SDK isn't fully initialized
07-28 21:33:14.520 D/nativeloader(28994): Configuring clns-10 for other apk /data/app/~~8_5IbKFlXgw0d6QraO8-4A==/com.google.android.gms-18Idhfqq9v1wjdyMCIVUVw==/base.apk. target_sdk_version=36, uses_libraries=, library_path=/data/app/~~8_5IbKFlXgw0d6QraO8-4A==/com.google.android.gms-18Idhfqq9v1wjdyMCIVUVw==/lib/arm64:/data/app/~~8_5IbKFlXgw0d6QraO8-4A==/com.google.android.gms-18Idhfqq9v1wjdyMCIVUVw==/base.apk!/lib/arm64-v8a, permitted_path=/data:/mnt/expand:/data/user/0/com.google.android.gms
07-28 21:33:14.520 W/System  (28994): ClassLoader referenced unknown path: 
07-28 21:33:14.521 D/nativeloader(28994): Configuring clns-11 for other apk . target_sdk_version=36, uses_libraries=, library_path=/data/app/~~8_5IbKFlXgw0d6QraO8-4A==/com.google.android.gms-18Idhfqq9v1wjdyMCIVUVw==/lib/arm64:/data/app/~~8_5IbKFlXgw0d6QraO8-4A==/com.google.android.gms-18Idhfqq9v1wjdyMCIVUVw==/base.apk!/lib/arm64-v8a, permitted_path=/data:/mnt/expand:/data/user/0/com.google.android.gms
07-28 21:33:14.533 D/WM-WrkMgrInitializer(28994): Initializing WorkManager with default configuration.
07-28 21:33:14.536 W/ziparchive(28994): Unable to open '/system/framework/QXPerformance.dm': No such file or directory
07-28 21:33:14.536 W/ziparchive(28994): Unable to open '/system/framework/QXPerformance.dm': No such file or directory
07-28 21:33:14.540 W/rbandroid.sleep(28994): ClassLoaderContext classpath element checksum mismatch. expected=129399461, found=3059298526 (DLC[];PCL[base.apk*129399461]{PCL[/system/framework/org.apache.http.legacy.jar*94547830]#PCL[/system/framework/com.android.media.remotedisplay.jar*2042759013]#PCL[/system/framework/com.android.location.provider.jar*3414091812]#PCL[/system_ext/framework/androidx.window.extensions.jar*3811030775]#PCL[/system_ext/framework/androidx.window.sidecar.jar*775381467]} | DLC[];PCL[/data/app/~~SMHu9oDuUwtem9VgplgflA==/com.urbandroid.sleep-NOD7Wj1JLUAWAHHP70tITQ==/base.apk*3059298526]{PCL[/system_ext/framework/androidx.window.extensions.jar*3811030775]#PCL[/system_ext/framework/androidx.window.sidecar.jar*775381467]})
07-28 21:33:14.546 D/WM-PackageManagerHelper(28994): Skipping component enablement for androidx.work.impl.background.systemjob.SystemJobService
07-28 21:33:14.547 D/WM-Schedulers(28994): Created SystemJobScheduler and enabled SystemJobService
07-28 21:33:14.550 D/WM-ForceStopRunnable(28994): The default process name was not specified.
07-28 21:33:14.551 D/WM-ForceStopRunnable(28994): Performing cleanup operations.
07-28 21:33:14.555 W/ActivityManager( 3158): Unbind failed: could not find connection for android.os.BinderProxy@926078b
07-28 21:33:14.557 V/Monotype(28994): SetAppTypeFace- try to flip, app = com.urbandroid.sleep
07-28 21:33:14.558 W/ActivityManager( 3158): Unable to start service Intent { act=android.telephony.satellite.SatelliteService pkg=vendor.qti.data.ntnsatapp } U=0: not found
07-28 21:33:14.560 V/Monotype(28994):     Typeface getFontPathFlipFont - systemFont = default#default
07-28 21:33:14.560 I/SystemFonts(28994): Loading font config from /system/etc/font_fallback_ff.xml
07-28 21:33:14.581 D/WM-PackageManagerHelper(28994): Skipping component enablement for androidx.work.impl.background.systemalarm.RescheduleReceiver
07-28 21:33:14.602 E/rbandroid.sleep(28994): No package ID 6a found for resource ID 0x6a0b000f.
07-28 21:33:14.603 I/FA      (28994): App measurement initialized, version: 131000
07-28 21:33:14.603 I/FA      (28994): To enable debug logging run: adb shell setprop log.tag.FA VERBOSE
07-28 21:33:14.604 I/FA      (28994): To enable faster debug mode event logging run:
07-28 21:33:14.604 I/FA      (28994):   adb shell setprop debug.firebase.analytics.app com.urbandroid.sleep
07-28 21:33:14.626 D/FBAudienceNetwork(28994): SDK dex loading time: 75
07-28 21:33:14.630 D/BoundBrokerSvc(10837): onBind: Intent { act=com.google.android.gms.measurement.START pkg=com.google.android.gms }
07-28 21:33:14.630 D/BoundBrokerSvc(10837): Loading bound service for intent: Intent { act=com.google.android.gms.measurement.START pkg=com.google.android.gms }
07-28 21:33:14.631 D/CompatChangeReporter( 3158): Compat change id reported: 319471980; UID 10225; state: ENABLED
07-28 21:33:14.636 I/SleepAsAndroid(28994): [28Jul 21:33:14.635, main]: Loading first time 1553969274277
07-28 21:33:14.636 E/SleepAsAndroid(28994): [28Jul 21:33:14.636, main]: TrialFilter: installer package not available: Unknown package: com.urbandroid.sleep.full.key
07-28 21:33:14.637 E/SleepAsAndroid(28994): [28Jul 21:33:14.637, main]: TrialFilter: com.urbandroid.sleep.full.key no package info: com.urbandroid.sleep.full.key
07-28 21:33:14.637 I/SleepAsAndroid(28994): [28Jul 21:33:14.637, main]: TrialFilter: Package: is release APK
07-28 21:33:14.637 I/SleepAsAndroid(28994): [28Jul 21:33:14.637, main]: TrialFilter: Good sign: com.urbandroid.sleep.addon.port
07-28 21:33:14.637 E/SleepAsAndroid(28994): [28Jul 21:33:14.637, main]: TrialFilter: installer package not available: Unknown package: com.urbandroid.sleep.addon.stats
07-28 21:33:14.638 E/SleepAsAndroid(28994): [28Jul 21:33:14.638, main]: TrialFilter: installer package not available: Unknown package: com.urbandroid.sleep.addon.appwidget
07-28 21:33:14.638 E/SleepAsAndroid(28994): [28Jul 21:33:14.638, main]: TrialFilter: installer package not available: Unknown package: com.urbandroid.sleep.addon.lullaby
07-28 21:33:14.639 E/SleepAsAndroid(28994): [28Jul 21:33:14.639, main]: TrialFilter: installer package not available: Unknown package: com.urbandroid.sleep.captchapack
07-28 21:33:14.640 E/SleepAsAndroid(28994): [28Jul 21:33:14.640, main]: TrialFilter: installer package not available: Unknown package: com.urbandroid.sleep.addon.sony
07-28 21:33:14.640 E/SleepAsAndroid(28994): [28Jul 21:33:14.640, main]: TrialFilter: installer package not available: Unknown package: com.urbandroid.sleep.addon.samsung
07-28 21:33:14.641 E/SleepAsAndroid(28994): [28Jul 21:33:14.641, main]: TrialFilter: installer package not available: Unknown package: com.urbandroid.sleep.addon.generic.samsung
07-28 21:33:14.644 I/SleepAsAndroid(28994): [28Jul 21:33:14.644, main]: TrialFilter: check trial false
07-28 21:33:14.644 D/SleepAsAndroid(28994): [28Jul 21:33:14.644, main]: TrialFilter: T status: false
07-28 21:33:14.644 I/SleepAsAndroid(28994): [28Jul 21:33:14.644, main]: SleepApplication init
07-28 21:33:14.645 I/SleepAsAndroid(28994): [28Jul 21:33:14.645, main]: Theme: mode -1
07-28 21:33:14.645 I/SleepAsAndroid(28994): SleepApplication Setting theme -1
07-28 21:33:14.645 I/SleepAsAndroid(28994): [28Jul 21:33:14.645, main]: Theme: setTheme(-1)
07-28 21:33:14.650 E/com.facebook.GraphResponse(28994): GraphRequest can't be used when Facebook SDK isn't fully initialized
07-28 21:33:14.652 D/CompatChangeReporter(28994): Compat change id reported: 311402873; UID 10225; state: ENABLED
07-28 21:33:14.653 D/CompatChangeReporter(28994): Compat change id reported: 323349338; UID 10225; state: ENABLED
07-28 21:33:14.653 W/JobInfo (28994): Job 'com.urbandroid.sleep/.activityrecognition.SleepSegmentsUpdateIntentService#1018' has a deadline with no functional constraints. The deadline won't improve job execution latency. Consider removing the deadline.
07-28 21:33:14.654 D/CompatChangeReporter( 3158): Compat change id reported: 311402873; UID 10225; state: ENABLED
07-28 21:33:14.654 D/CompatChangeReporter( 3158): Compat change id reported: 323349338; UID 10225; state: ENABLED
07-28 21:33:14.654 W/JobInfo ( 3158): Job 'com.urbandroid.sleep/.activityrecognition.SleepSegmentsUpdateIntentService#1018' has a deadline with no functional constraints. The deadline won't improve job execution latency. Consider removing the deadline.
07-28 21:33:14.663 E/com.facebook.GraphResponse(28994): GraphRequest can't be used when Facebook SDK isn't fully initialized
07-28 21:33:14.667 E/com.facebook.GraphResponse(28994): GraphRequest can't be used when Facebook SDK isn't fully initialized
07-28 21:33:14.668 E/com.facebook.GraphResponse(28994): GraphRequest can't be used when Facebook SDK isn't fully initialized
07-28 21:33:14.670 E/com.facebook.GraphResponse(28994): GraphRequest can't be used when Facebook SDK isn't fully initialized
07-28 21:33:14.670 E/com.facebook.GraphResponse(28994): GraphRequest can't be used when Facebook SDK isn't fully initialized
07-28 21:33:14.671 E/com.facebook.GraphResponse(28994): GraphRequest can't be used when Facebook SDK isn't fully initialized
07-28 21:33:14.672 E/com.facebook.GraphResponse(28994): GraphRequest can't be used when Facebook SDK isn't fully initialized
07-28 21:33:14.672 E/com.facebook.GraphResponse(28994): GraphRequest can't be used when Facebook SDK isn't fully initialized
07-28 21:33:14.673 I/SleepAsAndroid(28994): [28Jul 21:33:14.671, AsyncTask #1]: New looper prepared: Looper (AsyncTask #1, tid 5215) {5c1c035}
07-28 21:33:14.682 I/SleepAsAndroid(28994): [28Jul 21:33:14.681, AsyncTask #1]: Permissions: Android SDK_INT 35
07-28 21:33:14.682 I/SleepAsAndroid(28994): [28Jul 21:33:14.682, AsyncTask #1]: Permissions: Android CODENAME REL
07-28 21:33:14.682 I/SleepAsAndroid(28994): [28Jul 21:33:14.682, AsyncTask #1]: Permissions: Android M
07-28 21:33:14.683 I/SleepAsAndroid(28994): [28Jul 21:33:14.683, AsyncTask #1]: SAC: Initializing SharedAppContext, new context: false
07-28 21:33:14.684 D/AdvertisingIdClient(10837): AdvertisingIdClient already created.
07-28 21:33:14.684 D/AdvertisingIdClient(10837): AdvertisingIdClient is not bounded. Starting to bind it...
07-28 21:33:14.685 D/SleepAsAndroid(28994): [28Jul 21:33:14.685, AsyncTask #1]: Alarms: calculateNextAlert() 1753709594685
07-28 21:33:14.691 D/AdvertisingIdClient(10837): AdvertisingIdClient is bounded
07-28 21:33:14.692 D/SleepAsAndroid(28994): [28Jul 21:33:14.692, AsyncTask #1]: Alarms: Candidates: 
07-28 21:33:14.692 D/SleepAsAndroid(28994): [28Jul 21:33:14.692, AsyncTask #1]: Alarms: nextAlert NULL alarm
07-28 21:33:14.692 I/SleepAsAndroid(28994): [28Jul 21:33:14.692, AsyncTask #1]: WakeUpCheck: counter 0
07-28 21:33:14.692 D/SleepAsAndroid(28994): [28Jul 21:33:14.692, AsyncTask #1]: Alarms:No next alarm
07-28 21:33:14.692 D/SleepAsAndroid(28994): [28Jul 21:33:14.692, AsyncTask #1]: Alarms:Disabling alarm
07-28 21:33:14.694 I/AdvertisingIdClient(10837): shouldSendLog 3697780867
07-28 21:33:14.695 I/AdvertisingIdClient(10837): GetInfoInternal elapse 11ms
07-28 21:33:14.699 E/ANDR-PERF-LM( 1986): StatsProvider: stats_nl_error_callback() 145: NL SOC receive error: No such process
07-28 21:33:14.699 E/ANDR-PERF-LM( 1986): StatsProvider: sendRecvData() 386: nl_recvmsgs failed return=-12
07-28 21:33:14.699 E/ANDR-PERF-LM( 1986): StatsProvider: getPIDStats() 198: sendRecvData returned error = -4
07-28 21:33:14.701 I/AdvertisingIdClient(10837): getting error as 17: API: ClientTelemetry.API is not available on this device. Connection failed with: ConnectionResult{statusCode=API_DISABLED_FOR_CONNECTION, resolution=null, message=null}
07-28 21:33:14.704 D/SleepAsAndroid(28994): [28Jul 21:33:14.704, AsyncTask #1]: Alarms: cancel #Intent;action=com.urbandroid.sleep.alarmclock.ALARM_ALERT;end
07-28 21:33:14.712 D/SleepAsAndroid(28994): [28Jul 21:33:14.712, AsyncTask #1]: Alarms: cancel #Intent;action=com.urbandroid.sleep.alarmclock.ALARM_ALERT;package=com.urbandroid.sleep;end
07-28 21:33:14.712 I/SleepAsAndroid(28994): [28Jul 21:33:14.712, AsyncTask #1]: Alarms: Resetting in memory last scheduled alarm
07-28 21:33:14.712 I/SleepAsAndroid(28994): [28Jul 21:33:14.712, AsyncTask #1]: SetAlarmCache:Resetting all SetAlarm cache
07-28 21:33:14.717 I/SleepAsAndroid(28994): [28Jul 21:33:14.717, AsyncTask #1]: SetAlarmCache:Resetting cache for: SHOW_SKIP
07-28 21:33:14.728 D/SleepAsAndroid(28994): [28Jul 21:33:14.728, AsyncTask #1]: Alarms:No next alarm, no alarm bedtime? false
07-28 21:33:14.733 D/SleepAsAndroid(28994): [28Jul 21:33:14.733, AsyncTask #1]: Alarms:no alarm bedtime for today Tue Jul 29 20:00:14 GMT+08:00 2025 bedtime null
07-28 21:33:14.735 D/SleepAsAndroid(28994): [28Jul 21:33:14.735, AsyncTask #1]: Dim property 1
07-28 21:33:14.735 I/SleepAsAndroid(28994): [28Jul 21:33:14.735, AsyncTask #1]: LockManager: Lock manager initialized. Suspend mode: WORKS WL settings: 4
07-28 21:33:14.735 I/SleepAsAndroid(28994): [28Jul 21:33:14.735, AsyncTask #1]: Global structures initialized: Mon Jul 28 21:33:14 GMT+08:00 2025
07-28 21:33:14.736 E/SleepAsAndroid(28994): [28Jul 21:33:14.736, AsyncTask #1]: TrialFilter: installer package not available: Unknown package: com.urbandroid.sleep.full.key
07-28 21:33:14.737 E/SleepAsAndroid(28994): [28Jul 21:33:14.737, AsyncTask #1]: TrialFilter: com.urbandroid.sleep.full.key no package info: com.urbandroid.sleep.full.key
07-28 21:33:14.737 I/SleepAsAndroid(28994): [28Jul 21:33:14.737, AsyncTask #1]: TrialFilter: Package: is release APK
07-28 21:33:14.738 I/SleepAsAndroid(28994): [28Jul 21:33:14.738, AsyncTask #1]: TrialFilter: Good sign: com.urbandroid.sleep.addon.port
07-28 21:33:14.738 E/SleepAsAndroid(28994): [28Jul 21:33:14.738, AsyncTask #1]: TrialFilter: installer package not available: Unknown package: com.urbandroid.sleep.addon.stats
07-28 21:33:14.739 E/SleepAsAndroid(28994): [28Jul 21:33:14.739, AsyncTask #1]: TrialFilter: installer package not available: Unknown package: com.urbandroid.sleep.addon.appwidget
07-28 21:33:14.741 E/SleepAsAndroid(28994): [28Jul 21:33:14.741, AsyncTask #1]: TrialFilter: installer package not available: Unknown package: com.urbandroid.sleep.addon.lullaby
07-28 21:33:14.743 E/SleepAsAndroid(28994): [28Jul 21:33:14.743, AsyncTask #1]: TrialFilter: installer package not available: Unknown package: com.urbandroid.sleep.captchapack
07-28 21:33:14.744 E/SleepAsAndroid(28994): [28Jul 21:33:14.744, AsyncTask #1]: TrialFilter: installer package not available: Unknown package: com.urbandroid.sleep.addon.sony
07-28 21:33:14.745 E/SleepAsAndroid(28994): [28Jul 21:33:14.745, AsyncTask #1]: TrialFilter: installer package not available: Unknown package: com.urbandroid.sleep.addon.samsung
07-28 21:33:14.747 E/SleepAsAndroid(28994): [28Jul 21:33:14.747, AsyncTask #1]: TrialFilter: installer package not available: Unknown package: com.urbandroid.sleep.addon.generic.samsung
07-28 21:33:14.753 I/SleepAsAndroid(28994): [28Jul 21:33:14.753, AsyncTask #1]: TrialFilter: check trial false
07-28 21:33:14.753 D/SleepAsAndroid(28994): [28Jul 21:33:14.753, AsyncTask #1]: TrialFilter: T status: false
07-28 21:33:14.754 I/SleepAsAndroid(28994): [28Jul 21:33:14.754, AsyncTask #1]: TrialFilter: Good sign: com.urbandroid.sleep.addon.port
07-28 21:33:14.755 E/SleepAsAndroid(28994): [28Jul 21:33:14.755, AsyncTask #1]: TrialFilter: installer package not available: Unknown package: com.urbandroid.sleep.addon.stats
07-28 21:33:14.756 E/SleepAsAndroid(28994): [28Jul 21:33:14.756, AsyncTask #1]: TrialFilter: installer package not available: Unknown package: com.urbandroid.sleep.addon.appwidget
07-28 21:33:14.757 E/SleepAsAndroid(28994): [28Jul 21:33:14.757, AsyncTask #1]: TrialFilter: installer package not available: Unknown package: com.urbandroid.sleep.addon.lullaby
07-28 21:33:14.759 E/SleepAsAndroid(28994): [28Jul 21:33:14.758, AsyncTask #1]: TrialFilter: installer package not available: Unknown package: com.urbandroid.sleep.captchapack
07-28 21:33:14.760 E/SleepAsAndroid(28994): [28Jul 21:33:14.759, AsyncTask #1]: TrialFilter: installer package not available: Unknown package: com.urbandroid.sleep.addon.sony
07-28 21:33:14.761 E/SleepAsAndroid(28994): [28Jul 21:33:14.760, AsyncTask #1]: TrialFilter: installer package not available: Unknown package: com.urbandroid.sleep.addon.samsung
07-28 21:33:14.762 E/SleepAsAndroid(28994): [28Jul 21:33:14.762, AsyncTask #1]: TrialFilter: installer package not available: Unknown package: com.urbandroid.sleep.addon.generic.samsung
07-28 21:33:14.763 I/SleepAsAndroid(28994): [28Jul 21:33:14.763, AsyncTask #1]: TrialFilter: initialize false
07-28 21:33:14.763 I/SleepAsAndroid(28994): [28Jul 21:33:14.763, AsyncTask #1]: Multiprocess init remote = false
07-28 21:33:14.765 D/SleepAsAndroid(28994): [28Jul 21:33:14.765, AsyncTask #1]: RingerModeUtil: Stream hearable in silent true stream: 4
07-28 21:33:14.767 I/SleepAsAndroid(28994): [28Jul 21:33:14.767, AsyncTask #1]: calendar:receiver: receiver registered
07-28 21:33:14.769 I/SleepAsAndroid(28994): [28Jul 21:33:14.769, AsyncTask #1]: Referrer: 'utm_source=google-play&utm_medium=organic'
07-28 21:33:14.772 I/SleepAsAndroid(28994): [28Jul 21:33:14.772, AsyncTask #2]: Country detected using TelephonyLocator: tw
07-28 21:33:14.778 E/KERNEL  (    0): [688343.380542][T18893] [BAT][CHG]asus_jeita_cc_worker set BATTMAN_OEM_WORK_EVENT : WORK_JEITA_CC
07-28 21:33:14.778 I/KERNEL  (    0): [688343.381739][T28967] [BAT][CHG]handle_message set property:11 successfully
07-28 21:33:14.778 I/SleepAsAndroid(28994): [28Jul 21:33:14.778, AsyncTask #1]: activity: Activity recognition using old transition API
07-28 21:33:14.779 I/SleepAsAndroid(28994): [28Jul 21:33:14.779, AsyncTask #1]: activity: transitions registration called
07-28 21:33:14.780 I/SleepAsAndroid(28994): [28Jul 21:33:14.780, AsyncTask #1]: AutoTracking:Scheduler: schedule: after null
07-28 21:33:14.783 I/SleepAsAndroid(28994): [28Jul 21:33:14.783, AsyncTask #1]: activity:ActivityBootReceiver$$ExternalSyntheticApiModelOutline0:  Sleep API SleepClassifyEvent Confidence=15 ts 2025-07-28 21:33:14 light 1 motion 6
07-28 21:33:14.789 D/CompatChangeReporter( 3158): Compat change id reported: 311208629; UID 10225; state: ENABLED
07-28 21:33:14.792 D/SleepAsAndroid(28994): [28Jul 21:33:14.791, DefaultDispatcher-worker-1]: Alarms: calculateNextAlert() 1753709594791
07-28 21:33:14.798 D/SleepAsAndroid(28994): [28Jul 21:33:14.798, DefaultDispatcher-worker-1]: Alarms: Candidates: 
07-28 21:33:14.798 D/SleepAsAndroid(28994): [28Jul 21:33:14.798, DefaultDispatcher-worker-1]: Alarms: nextAlert NULL alarm
07-28 21:33:14.799 I/SleepAsAndroid(28994): [28Jul 21:33:14.799, DefaultDispatcher-worker-1]: WakeUpCheck: counter 0
07-28 21:33:14.800 I/SleepAsAndroid(28994): [28Jul 21:33:14.800, DefaultDispatcher-worker-1]: Stats: initialize Fri Mar 15 21:33:14 GMT+08:00 2024 mode SCORE
07-28 21:33:14.802 I/SleepAsAndroid(28994): [28Jul 21:33:14.801, main]: activity: SUCCESS Activity recognition using new Sleep API
07-28 21:33:14.804 W/AppOps  ( 3158): Noting op not finished: uid 10225 pkg com.urbandroid.sleep code 79 startTime of in progress event=1753709594647
07-28 21:33:14.811 W/JobInfo ( 3158): Job 'com.urbandroid.sleep/.activityrecognition.SleepSegmentsUpdateIntentService#1018' has a deadline with no functional constraints. The deadline won't improve job execution latency. Consider removing the deadline.
07-28 21:33:14.829 I/SleepAsAndroid(28994): [28Jul 21:33:14.828, AsyncTask #1]: activity:ActivityBootReceiver$$ExternalSyntheticApiModelOutline0:  Sleep API SleepSegmentEvent from 2025-07-28 02:41:22 to 2025-07-28 08:59:22
07-28 21:33:14.829 I/SleepAsAndroid(28994): [28Jul 21:33:14.829, AsyncTask #1]: activity:ActivityBootReceiver$$ExternalSyntheticApiModelOutline0:  Sleep API SleepSegmentEvent from 2025-07-27 14:53:22 to 2025-07-27 17:59:22
07-28 21:33:14.831 I/SleepAsAndroid(28994): [28Jul 21:33:14.830, main]: activity: transitions successfully enabled batchingQueueSize=10000
07-28 21:33:14.831 W/AppOps  ( 3158): Noting op not finished: uid 10225 pkg com.urbandroid.sleep code 79 startTime of in progress event=1753709594647
07-28 21:33:14.832 D/SleepAsAndroid(28994): [28Jul 21:33:14.832, AsyncTask #1]: activity:estimate: start interval:  Sun Jul 27 20:00:00 GMT+08:00 2025 Mon Jul 28 07:00:00 GMT+08:00 2025
07-28 21:33:14.832 I/SleepAsAndroid(28994): [28Jul 21:33:14.832, AsyncTask #1]: Stats: initialize Fri Mar 15 21:33:14 GMT+08:00 2024 mode SCORE
07-28 21:33:15.000 E/ANDR-PERF-LM( 1986): StatsProvider: stats_nl_error_callback() 145: NL SOC receive error: No such process
07-28 21:33:15.000 E/ANDR-PERF-LM( 1986): StatsProvider: sendRecvData() 386: nl_recvmsgs failed return=-12
07-28 21:33:15.000 E/ANDR-PERF-LM( 1986): StatsProvider: getPIDStats() 198: sendRecvData returned error = -4
07-28 21:33:15.025 D/androidtc( 6605): Initializing SystemTextClassifier, type = System
07-28 21:33:15.026 I/AiAiTextClassifier(25683): onDestroyTextClassificationSession = TextClassificationSessionId {7e69518e-993d-43fb-8c06-ef236594ad80}
07-28 21:33:15.028 I/AiAiTextClassifier(25683): onCreateTextClassificationSession = TextClassificationSessionId {5027960f-7bfc-4adf-bb87-71ed6f1b8dca}
07-28 21:33:15.033 I/AiAiTextClassifier(25683): AiaiTextClassifierService.onSuggestConversationActions
07-28 21:33:15.052 E/NotificationService( 3158): Package enqueue rate is 9.593063. Shedding 0|org.telegram.messenger|-1204728051|null|10218. package=org.telegram.messenger
07-28 21:33:15.065 D/Telecom ( 3158): TelecomServiceImpl: canReadPhoneState callingPackage = android: TSI.iIMC(a)@B1U
07-28 21:33:15.065 D/Telecom ( 3158): TelecomServiceImpl: isPrivilegedDialerCalling = android: TSI.iIMC(a)@B1U
07-28 21:33:15.105 D/NotificationListener( 7092): onNotificationPosted: org.telegram.messenger
07-28 21:33:15.105 D/NotificationListener( 7092): NOTIFICATION_REMOVED: org.telegram.messenger count: 114259
07-28 21:33:15.106 D/NotificationListener( 5735): onNotificationPosted: org.telegram.messenger, isGroup|isAppGroup: true|true
07-28 21:33:15.106 D/SystemUILog|notification( 5735): NotificationListener:onNotificationPosted: org.telegram.messenger, isGroup|isAppGroup: true|true
07-28 21:33:15.106 D/InterruptionStateProvider( 5735): updateIsBlockable isImportanceLockedByCriticalDeviceFunction pkg: com.android.bluetooth
07-28 21:33:15.106 D/InterruptionStateProvider( 5735): updateIsBlockable isImportanceLockedByCriticalDeviceFunction pkg: android
07-28 21:33:15.106 D/InterruptionStateProvider( 5735): updateIsBlockable isImportanceLockedByCriticalDeviceFunction pkg: com.google.android.cellbroadcastreceiver
07-28 21:33:15.106 D/InterruptionStateProvider( 5735): updateIsBlockable isImportanceLockedByCriticalDeviceFunction pkg: com.android.bluetooth
07-28 21:33:15.106 D/InterruptionStateProvider( 5735): updateIsBlockable isImportanceLockedByCriticalDeviceFunction pkg: android
07-28 21:33:15.106 D/InterruptionStateProvider( 5735): updateIsBlockable isImportanceLockedByCriticalDeviceFunction pkg: android
07-28 21:33:15.106 D/androidtc( 6605): Initializing SystemTextClassifier, type = System
07-28 21:33:15.106 D/InterruptionStateProvider( 5735): updateIsBlockable isImportanceLockedByCriticalDeviceFunction pkg: com.android.bluetooth
07-28 21:33:15.106 D/InterruptionStateProvider( 5735): updateIsBlockable isImportanceLockedByCriticalDeviceFunction pkg: com.asus.powersaver
07-28 21:33:15.107 D/InterruptionStateProvider( 5735): isBlockable pkg: android
07-28 21:33:15.107 D/InterruptionStateProvider( 5735): isBlockable pkg: android
07-28 21:33:15.107 D/InterruptionStateProvider( 5735): isBlockable pkg: android
07-28 21:33:15.107 I/AiAiTextClassifier(25683): onDestroyTextClassificationSession = TextClassificationSessionId {3ec3b83b-057a-4306-9fe3-d043c09aed47}
07-28 21:33:15.107 D/InterruptionStateProvider( 5735): isBlockable pkg: com.google.android.cellbroadcastreceiver
07-28 21:33:15.108 D/InterruptionStateProvider( 5735): isFgsOrUij pkg: com.digibites.accubattery
07-28 21:33:15.108 D/InterruptionStateProvider( 5735): isBlockable pkg: com.asus.powersaver
07-28 21:33:15.108 D/InterruptionStateProvider( 5735): isBlockable pkg: com.android.bluetooth
07-28 21:33:15.108 D/InterruptionStateProvider( 5735): isBlockable pkg: com.android.bluetooth
07-28 21:33:15.108 D/InterruptionStateProvider( 5735): isBlockable pkg: com.android.bluetooth
07-28 21:33:15.108 D/SystemUILog( 5735): AsusNotificationManager:onNotificationRankingUpdate
07-28 21:33:15.108 D/MinimalistNotificationController( 5735): onNotificationRankingUpdate
07-28 21:33:15.108 D/PhoneNoticeController( 5735): updatePhoneNotice mIsShowPhoneNotice: false, mIsShowNotification: false, mIsAsusInCallUIVisible: false, shouldFilter: false
07-28 21:33:15.108 D/MinimalistNotificationController( 5735): isShowing:false | isAnswering():false
07-28 21:33:15.108 I/AiAiTextClassifier(25683): onCreateTextClassificationSession = TextClassificationSessionId {59b99117-526c-4a58-ad82-b85985ae760b}
07-28 21:33:15.110 I/AiAiTextClassifier(25683): AiaiTextClassifierService.onSuggestConversationActions
07-28 21:33:15.121 I/SleepAsAndroid(28994): [28Jul 21:33:15.121, DefaultDispatcher-worker-1]: Stats: Records 632
07-28 21:33:15.124 W/rbandroid.sleep(28994): Long monitor contention with owner DefaultDispatcher-worker-1 (29036) at void com.urbandroid.sleep.persistence.DbSleepRecordRepository.safeCloseDb()(SourceFile:1361) waiters=0 in java.util.List com.urbandroid.sleep.persistence.DbSleepRecordRepository.getSleepRecords(long, long, boolean) for 288ms
07-28 21:33:15.155 D/androidtc( 6605): Initializing SystemTextClassifier, type = System
07-28 21:33:15.159 I/AiAiTextClassifier(25683): onCreateTextClassificationSession = TextClassificationSessionId {ba63032f-c8f5-4610-8dfd-483051437acf}
07-28 21:33:15.159 I/AiAiTextClassifier(25683): AiaiTextClassifierService.onSuggestConversationActions
07-28 21:33:15.218 D/Telecom ( 3158): TelecomServiceImpl: canReadPhoneState callingPackage = android: TSI.iIMC(a)@B1c
07-28 21:33:15.218 D/Telecom ( 3158): TelecomServiceImpl: isPrivilegedDialerCalling = android: TSI.iIMC(a)@B1c
07-28 21:33:15.224 I/AiAiTextClassifier(25683): onDestroyTextClassificationSession = TextClassificationSessionId {ba63032f-c8f5-4610-8dfd-483051437acf}
07-28 21:33:15.225 D/Telecom ( 3158): TelecomServiceImpl: canReadPhoneState callingPackage = android: TSI.iIMC(a)@B1k
07-28 21:33:15.225 D/Telecom ( 3158): TelecomServiceImpl: isPrivilegedDialerCalling = android: TSI.iIMC(a)@B1k
07-28 21:33:15.232 I/AiAiTextClassifier(25683): onDestroyTextClassificationSession = TextClassificationSessionId {2171a9a0-a766-481e-9781-fe717e2d3023}
07-28 21:33:15.233 D/androidtc( 6605): Initializing SystemTextClassifier, type = System
07-28 21:33:15.236 I/AiAiTextClassifier(25683): onCreateTextClassificationSession = TextClassificationSessionId {d1bcf036-1056-427f-8f4f-b5d5b71386c1}
07-28 21:33:15.239 I/AiAiTextClassifier(25683): AiaiTextClassifierService.onSuggestConversationActions
07-28 21:33:15.254 D/NotificationListener( 7092): onNotificationPosted: org.telegram.messenger
07-28 21:33:15.254 D/NotificationListener( 7092): NOTIFICATION_POSTED: org.telegram.messenger count: 74
07-28 21:33:15.256 D/Telecom ( 3158): TelecomServiceImpl: canReadPhoneState callingPackage = android: TSI.iIMC(a)@B1s
07-28 21:33:15.256 D/Telecom ( 3158): TelecomServiceImpl: isPrivilegedDialerCalling = android: TSI.iIMC(a)@B1s
07-28 21:33:15.263 D/NotificationListener( 7092): onNotificationPosted: org.telegram.messenger
07-28 21:33:15.263 D/NotificationListener( 7092): NOTIFICATION_POSTED: org.telegram.messenger count: 2
07-28 21:33:15.264 D/Telecom ( 3158): TelecomServiceImpl: canReadPhoneState callingPackage = android: TSI.iIMC(a)@B14
07-28 21:33:15.264 D/Telecom ( 3158): TelecomServiceImpl: isPrivilegedDialerCalling = android: TSI.iIMC(a)@B14
07-28 21:33:15.265 D/NotificationListener( 5735): onNotificationPosted: org.telegram.messenger, isGroup|isAppGroup: true|true
07-28 21:33:15.265 D/SystemUILog|notification( 5735): NotificationListener:onNotificationPosted: org.telegram.messenger, isGroup|isAppGroup: true|true
07-28 21:33:15.265 D/InterruptionStateProvider( 5735): updateIsBlockable isImportanceLockedByCriticalDeviceFunction pkg: com.android.bluetooth
07-28 21:33:15.265 D/InterruptionStateProvider( 5735): updateIsBlockable isImportanceLockedByCriticalDeviceFunction pkg: android
07-28 21:33:15.265 D/InterruptionStateProvider( 5735): updateIsBlockable isImportanceLockedByCriticalDeviceFunction pkg: com.google.android.cellbroadcastreceiver
07-28 21:33:15.265 D/InterruptionStateProvider( 5735): updateIsBlockable isImportanceLockedByCriticalDeviceFunction pkg: com.android.bluetooth
07-28 21:33:15.265 D/InterruptionStateProvider( 5735): updateIsBlockable isImportanceLockedByCriticalDeviceFunction pkg: android
07-28 21:33:15.265 D/InterruptionStateProvider( 5735): updateIsBlockable isImportanceLockedByCriticalDeviceFunction pkg: android
07-28 21:33:15.266 D/InterruptionStateProvider( 5735): updateIsBlockable isImportanceLockedByCriticalDeviceFunction pkg: com.android.bluetooth
07-28 21:33:15.266 D/InterruptionStateProvider( 5735): updateIsBlockable isImportanceLockedByCriticalDeviceFunction pkg: com.asus.powersaver
07-28 21:33:15.268 D/Telecom ( 3158): TelecomServiceImpl: canReadPhoneState callingPackage = android: TSI.iIMC(a)@B2E
07-28 21:33:15.268 D/Telecom ( 3158): TelecomServiceImpl: isPrivilegedDialerCalling = android: TSI.iIMC(a)@B2E
07-28 21:33:15.266 D/InterruptionStateProvider( 5735): isBlockable pkg: android
07-28 21:33:15.269 D/InterruptionStateProvider( 5735): isBlockable pkg: android
07-28 21:33:15.269 D/InterruptionStateProvider( 5735): isBlockable pkg: android
07-28 21:33:15.269 D/InterruptionStateProvider( 5735): isBlockable pkg: com.google.android.cellbroadcastreceiver
07-28 21:33:15.270 E/KeymasterUtils( 1143): rsp_header->status: -28
07-28 21:33:15.270 E/KeyMasterHalDevice( 1143): abort_operation
07-28 21:33:15.270 E/KeyMasterHalDevice( 1143): ret: -28
07-28 21:33:15.271 D/InterruptionStateProvider( 5735): isFgsOrUij pkg: com.digibites.accubattery
07-28 21:33:15.271 D/InterruptionStateProvider( 5735): isBlockable pkg: com.asus.powersaver
07-28 21:33:15.271 D/InterruptionStateProvider( 5735): isBlockable pkg: com.android.bluetooth
07-28 21:33:15.271 D/InterruptionStateProvider( 5735): isBlockable pkg: com.android.bluetooth
07-28 21:33:15.271 D/InterruptionStateProvider( 5735): isBlockable pkg: com.android.bluetooth
07-28 21:33:15.271 D/SystemUILog( 5735): AsusNotificationManager:onNotificationRankingUpdate
07-28 21:33:15.271 D/MinimalistNotificationController( 5735): onNotificationRankingUpdate
07-28 21:33:15.271 D/PhoneNoticeController( 5735): updatePhoneNotice mIsShowPhoneNotice: false, mIsShowNotification: false, mIsAsusInCallUIVisible: false, shouldFilter: false
07-28 21:33:15.271 D/MinimalistNotificationController( 5735): isShowing:false | isAnswering():false
07-28 21:33:15.272 D/androidtc( 6605): Initializing SystemTextClassifier, type = System
07-28 21:33:15.274 D/NotificationListener( 5735): onNotificationPosted: org.telegram.messenger, isGroup|isAppGroup: true|true
07-28 21:33:15.276 I/SleepAsAndroid(28994): [28Jul 21:33:15.275, DefaultDispatcher-worker-1]: Merged records 492
07-28 21:33:15.276 I/SleepAsAndroid(28994): [28Jul 21:33:15.276, DefaultDispatcher-worker-1]: Stats: merged updated 492
07-28 21:33:15.276 I/AiAiTextClassifier(25683): onCreateTextClassificationSession = TextClassificationSessionId {ae0be6fc-df6a-4891-a5d7-fb831d6c25e9}
07-28 21:33:15.276 I/SleepAsAndroid(28994): [28Jul 21:33:15.276, DefaultDispatcher-worker-1]: Stats: init in 477ms
07-28 21:33:15.277 I/SleepAsAndroid(28994): [28Jul 21:33:15.276, DefaultDispatcher-worker-1]: activity:estimate: SleepTimeHistoryCalculator: initial estimate = Estimate BASIC [週日 07-27 20:00, 週一 07-28 07:00]
07-28 21:33:15.277 I/AiAiTextClassifier(25683): AiaiTextClassifierService.onSuggestConversationActions
07-28 21:33:15.285 I/SleepAsAndroid(28994): [28Jul 21:33:15.285, DefaultDispatcher-worker-1]: activity:estimate: SleepTimeHistoryCalculator: duration = 9, result = Estimate DB [週一 07-28 00:10, 週一 07-28 10:30]
07-28 21:33:15.294 D/NotificationListener( 7092): onNotificationPosted: org.telegram.messenger
07-28 21:33:15.294 D/NotificationListener( 7092): NOTIFICATION_POSTED: org.telegram.messenger count: 1
07-28 21:33:15.299 I/AiAiTextClassifier(25683): onDestroyTextClassificationSession = TextClassificationSessionId {ae0be6fc-df6a-4891-a5d7-fb831d6c25e9}
07-28 21:33:15.299 D/NotificationListener( 7092): onNotificationPosted: org.telegram.messenger
07-28 21:33:15.299 D/NotificationListener( 7092): NOTIFICATION_POSTED: org.telegram.messenger count: 1
07-28 21:33:15.300 D/SystemUILog|notification( 5735): NotificationListener:onNotificationPosted: org.telegram.messenger, isGroup|isAppGroup: true|true
07-28 21:33:15.300 D/InterruptionStateProvider( 5735): updateIsBlockable isImportanceLockedByCriticalDeviceFunction pkg: com.android.bluetooth
07-28 21:33:15.300 D/InterruptionStateProvider( 5735): updateIsBlockable isImportanceLockedByCriticalDeviceFunction pkg: android
07-28 21:33:15.300 D/InterruptionStateProvider( 5735): updateIsBlockable isImportanceLockedByCriticalDeviceFunction pkg: com.google.android.cellbroadcastreceiver
07-28 21:33:15.300 D/InterruptionStateProvider( 5735): updateIsBlockable isImportanceLockedByCriticalDeviceFunction pkg: com.android.bluetooth
07-28 21:33:15.300 E/KeymasterUtils( 1143): rsp_header->status: -28
07-28 21:33:15.300 D/InterruptionStateProvider( 5735): updateIsBlockable isImportanceLockedByCriticalDeviceFunction pkg: android
07-28 21:33:15.300 E/KeyMasterHalDevice( 1143): abort_operation
07-28 21:33:15.300 E/KeyMasterHalDevice( 1143): ret: -28
07-28 21:33:15.300 D/InterruptionStateProvider( 5735): updateIsBlockable isImportanceLockedByCriticalDeviceFunction pkg: android
07-28 21:33:15.300 D/InterruptionStateProvider( 5735): updateIsBlockable isImportanceLockedByCriticalDeviceFunction pkg: com.android.bluetooth
07-28 21:33:15.300 D/InterruptionStateProvider( 5735): updateIsBlockable isImportanceLockedByCriticalDeviceFunction pkg: com.asus.powersaver
07-28 21:33:15.300 E/ANDR-PERF-LM( 1986): StatsProvider: stats_nl_error_callback() 145: NL SOC receive error: No such process
07-28 21:33:15.300 E/ANDR-PERF-LM( 1986): StatsProvider: sendRecvData() 386: nl_recvmsgs failed return=-12
07-28 21:33:15.300 E/ANDR-PERF-LM( 1986): StatsProvider: getPIDStats() 198: sendRecvData returned error = -4
07-28 21:33:15.300 D/InterruptionStateProvider( 5735): isBlockable pkg: android
07-28 21:33:15.300 D/InterruptionStateProvider( 5735): isBlockable pkg: android
07-28 21:33:15.300 D/InterruptionStateProvider( 5735): isBlockable pkg: android
07-28 21:33:15.300 D/InterruptionStateProvider( 5735): isBlockable pkg: com.google.android.cellbroadcastreceiver
07-28 21:33:15.301 D/InterruptionStateProvider( 5735): isFgsOrUij pkg: com.digibites.accubattery
07-28 21:33:15.301 D/InterruptionStateProvider( 5735): isBlockable pkg: com.asus.powersaver
07-28 21:33:15.301 D/InterruptionStateProvider( 5735): isBlockable pkg: com.android.bluetooth
07-28 21:33:15.301 D/InterruptionStateProvider( 5735): isBlockable pkg: com.android.bluetooth
07-28 21:33:15.301 D/InterruptionStateProvider( 5735): isBlockable pkg: com.android.bluetooth
07-28 21:33:15.301 D/SystemUILog( 5735): AsusNotificationManager:onNotificationRankingUpdate
07-28 21:33:15.301 D/MinimalistNotificationController( 5735): onNotificationRankingUpdate
07-28 21:33:15.301 D/PhoneNoticeController( 5735): updatePhoneNotice mIsShowPhoneNotice: false, mIsShowNotification: false, mIsAsusInCallUIVisible: false, shouldFilter: false
07-28 21:33:15.301 D/MinimalistNotificationController( 5735): isShowing:false | isAnswering():false
07-28 21:33:15.304 D/NotificationListener( 7092): onNotificationPosted: org.telegram.messenger
07-28 21:33:15.304 D/NotificationListener( 7092): NOTIFICATION_POSTED: org.telegram.messenger count: 1
07-28 21:33:15.305 D/NotificationListener( 5735): onNotificationPosted: org.telegram.messenger, isGroup|isAppGroup: true|true
07-28 21:33:15.305 D/NotificationListener( 5735): onNotificationPosted: org.telegram.messenger, isGroup|isAppGroup: true|true
07-28 21:33:15.305 D/NotificationListener( 5735): onNotificationPosted: org.telegram.messenger, isGroup|isAppGroup: true|true
07-28 21:33:15.314 D/SystemUILog|notification( 5735): NotificationListener:onNotificationPosted: org.telegram.messenger, isGroup|isAppGroup: true|true
07-28 21:33:15.314 D/InterruptionStateProvider( 5735): updateIsBlockable isImportanceLockedByCriticalDeviceFunction pkg: com.android.bluetooth
07-28 21:33:15.314 D/InterruptionStateProvider( 5735): updateIsBlockable isImportanceLockedByCriticalDeviceFunction pkg: android
07-28 21:33:15.314 D/InterruptionStateProvider( 5735): updateIsBlockable isImportanceLockedByCriticalDeviceFunction pkg: com.google.android.cellbroadcastreceiver
07-28 21:33:15.315 D/InterruptionStateProvider( 5735): updateIsBlockable isImportanceLockedByCriticalDeviceFunction pkg: com.android.bluetooth
07-28 21:33:15.315 D/InterruptionStateProvider( 5735): updateIsBlockable isImportanceLockedByCriticalDeviceFunction pkg: android
07-28 21:33:15.315 D/InterruptionStateProvider( 5735): updateIsBlockable isImportanceLockedByCriticalDeviceFunction pkg: android
07-28 21:33:15.315 D/InterruptionStateProvider( 5735): updateIsBlockable isImportanceLockedByCriticalDeviceFunction pkg: com.android.bluetooth
07-28 21:33:15.315 D/InterruptionStateProvider( 5735): updateIsBlockable isImportanceLockedByCriticalDeviceFunction pkg: com.asus.powersaver
07-28 21:33:15.315 D/InterruptionStateProvider( 5735): isBlockable pkg: android
07-28 21:33:15.315 D/InterruptionStateProvider( 5735): isBlockable pkg: android
07-28 21:33:15.315 D/InterruptionStateProvider( 5735): isBlockable pkg: android
07-28 21:33:15.315 D/InterruptionStateProvider( 5735): isBlockable pkg: com.google.android.cellbroadcastreceiver
07-28 21:33:15.316 I/SleepAsAndroid(28994): [28Jul 21:33:15.315, AsyncTask #1]: Stats: Records 632
07-28 21:33:15.316 D/InterruptionStateProvider( 5735): isFgsOrUij pkg: com.digibites.accubattery
07-28 21:33:15.316 D/InterruptionStateProvider( 5735): isBlockable pkg: com.asus.powersaver
07-28 21:33:15.316 D/InterruptionStateProvider( 5735): isBlockable pkg: com.android.bluetooth
07-28 21:33:15.316 D/InterruptionStateProvider( 5735): isBlockable pkg: com.android.bluetooth
07-28 21:33:15.316 D/InterruptionStateProvider( 5735): isBlockable pkg: com.android.bluetooth
07-28 21:33:15.316 D/SystemUILog( 5735): AsusNotificationManager:onNotificationRankingUpdate
07-28 21:33:15.316 D/MinimalistNotificationController( 5735): onNotificationRankingUpdate
07-28 21:33:15.316 D/PhoneNoticeController( 5735): updatePhoneNotice mIsShowPhoneNotice: false, mIsShowNotification: false, mIsAsusInCallUIVisible: false, shouldFilter: false
07-28 21:33:15.316 D/MinimalistNotificationController( 5735): isShowing:false | isAnswering():false
07-28 21:33:15.318 D/SystemUILog|notification( 5735): NotificationListener:onNotificationPosted: org.telegram.messenger, isGroup|isAppGroup: true|true
07-28 21:33:15.319 D/InterruptionStateProvider( 5735): updateIsBlockable isImportanceLockedByCriticalDeviceFunction pkg: com.android.bluetooth
07-28 21:33:15.319 D/InterruptionStateProvider( 5735): updateIsBlockable isImportanceLockedByCriticalDeviceFunction pkg: android
07-28 21:33:15.319 D/InterruptionStateProvider( 5735): updateIsBlockable isImportanceLockedByCriticalDeviceFunction pkg: com.google.android.cellbroadcastreceiver
07-28 21:33:15.319 D/InterruptionStateProvider( 5735): updateIsBlockable isImportanceLockedByCriticalDeviceFunction pkg: com.android.bluetooth
07-28 21:33:15.319 D/InterruptionStateProvider( 5735): updateIsBlockable isImportanceLockedByCriticalDeviceFunction pkg: android
07-28 21:33:15.319 D/InterruptionStateProvider( 5735): updateIsBlockable isImportanceLockedByCriticalDeviceFunction pkg: android
07-28 21:33:15.319 D/InterruptionStateProvider( 5735): updateIsBlockable isImportanceLockedByCriticalDeviceFunction pkg: com.android.bluetooth
07-28 21:33:15.319 D/InterruptionStateProvider( 5735): updateIsBlockable isImportanceLockedByCriticalDeviceFunction pkg: com.asus.powersaver
07-28 21:33:15.319 D/InterruptionStateProvider( 5735): isBlockable pkg: android
07-28 21:33:15.319 D/InterruptionStateProvider( 5735): isBlockable pkg: android
07-28 21:33:15.319 D/InterruptionStateProvider( 5735): isBlockable pkg: android
07-28 21:33:15.319 D/InterruptionStateProvider( 5735): isBlockable pkg: com.google.android.cellbroadcastreceiver
07-28 21:33:15.320 D/InterruptionStateProvider( 5735): isFgsOrUij pkg: com.digibites.accubattery
07-28 21:33:15.320 D/InterruptionStateProvider( 5735): isBlockable pkg: com.asus.powersaver
07-28 21:33:15.320 D/InterruptionStateProvider( 5735): isBlockable pkg: com.android.bluetooth
07-28 21:33:15.320 D/InterruptionStateProvider( 5735): isBlockable pkg: com.android.bluetooth
07-28 21:33:15.320 D/InterruptionStateProvider( 5735): isBlockable pkg: com.android.bluetooth
07-28 21:33:15.320 D/SystemUILog( 5735): AsusNotificationManager:onNotificationRankingUpdate
07-28 21:33:15.320 D/MinimalistNotificationController( 5735): onNotificationRankingUpdate
07-28 21:33:15.320 D/PhoneNoticeController( 5735): updatePhoneNotice mIsShowPhoneNotice: false, mIsShowNotification: false, mIsAsusInCallUIVisible: false, shouldFilter: false
07-28 21:33:15.320 D/MinimalistNotificationController( 5735): isShowing:false | isAnswering():false
07-28 21:33:15.322 D/SystemUILog|notification( 5735): NotificationListener:onNotificationPosted: org.telegram.messenger, isGroup|isAppGroup: true|true
07-28 21:33:15.322 D/InterruptionStateProvider( 5735): updateIsBlockable isImportanceLockedByCriticalDeviceFunction pkg: com.android.bluetooth
07-28 21:33:15.322 D/InterruptionStateProvider( 5735): updateIsBlockable isImportanceLockedByCriticalDeviceFunction pkg: android
07-28 21:33:15.322 D/InterruptionStateProvider( 5735): updateIsBlockable isImportanceLockedByCriticalDeviceFunction pkg: com.google.android.cellbroadcastreceiver
07-28 21:33:15.322 D/InterruptionStateProvider( 5735): updateIsBlockable isImportanceLockedByCriticalDeviceFunction pkg: com.android.bluetooth
07-28 21:33:15.322 D/InterruptionStateProvider( 5735): updateIsBlockable isImportanceLockedByCriticalDeviceFunction pkg: android
07-28 21:33:15.322 D/InterruptionStateProvider( 5735): updateIsBlockable isImportanceLockedByCriticalDeviceFunction pkg: android
07-28 21:33:15.322 D/InterruptionStateProvider( 5735): updateIsBlockable isImportanceLockedByCriticalDeviceFunction pkg: com.android.bluetooth
07-28 21:33:15.322 D/InterruptionStateProvider( 5735): updateIsBlockable isImportanceLockedByCriticalDeviceFunction pkg: com.asus.powersaver
07-28 21:33:15.323 D/InterruptionStateProvider( 5735): isBlockable pkg: android
07-28 21:33:15.323 D/InterruptionStateProvider( 5735): isBlockable pkg: android
07-28 21:33:15.323 D/InterruptionStateProvider( 5735): isBlockable pkg: android
07-28 21:33:15.323 D/InterruptionStateProvider( 5735): isBlockable pkg: com.google.android.cellbroadcastreceiver
07-28 21:33:15.323 D/InterruptionStateProvider( 5735): isFgsOrUij pkg: com.digibites.accubattery
07-28 21:33:15.323 D/InterruptionStateProvider( 5735): isBlockable pkg: com.asus.powersaver
07-28 21:33:15.323 D/InterruptionStateProvider( 5735): isBlockable pkg: com.android.bluetooth
07-28 21:33:15.323 D/InterruptionStateProvider( 5735): isBlockable pkg: com.android.bluetooth
07-28 21:33:15.324 D/InterruptionStateProvider( 5735): isBlockable pkg: com.android.bluetooth
07-28 21:33:15.324 D/SystemUILog( 5735): AsusNotificationManager:onNotificationRankingUpdate
07-28 21:33:15.324 D/MinimalistNotificationController( 5735): onNotificationRankingUpdate
07-28 21:33:15.324 D/PhoneNoticeController( 5735): updatePhoneNotice mIsShowPhoneNotice: false, mIsShowNotification: false, mIsAsusInCallUIVisible: false, shouldFilter: false
07-28 21:33:15.324 D/MinimalistNotificationController( 5735): isShowing:false | isAnswering():false
07-28 21:33:15.329 E/KeymasterUtils( 1143): rsp_header->status: -28
07-28 21:33:15.329 E/KeyMasterHalDevice( 1143): abort_operation
07-28 21:33:15.329 E/KeyMasterHalDevice( 1143): ret: -28
07-28 21:33:15.330 I/SleepAsAndroid(28994): [28Jul 21:33:15.330, DefaultDispatcher-worker-1]: Stats: initialize Fri Mar 15 21:33:15 GMT+08:00 2024 mode SCORE
07-28 21:33:15.357 E/KeymasterUtils( 1143): rsp_header->status: -28
07-28 21:33:15.357 E/KeyMasterHalDevice( 1143): abort_operation
07-28 21:33:15.357 E/KeyMasterHalDevice( 1143): ret: -28
07-28 21:33:15.377 D/NotificationListener( 5735): onRankingUpdate
07-28 21:33:15.377 D/NotificationListener( 5735): dispatchRankingUpdate
07-28 21:33:15.377 D/InterruptionStateProvider( 5735): updateIsBlockable isImportanceLockedByCriticalDeviceFunction pkg: com.android.bluetooth
07-28 21:33:15.377 D/InterruptionStateProvider( 5735): updateIsBlockable isImportanceLockedByCriticalDeviceFunction pkg: android
07-28 21:33:15.377 D/InterruptionStateProvider( 5735): updateIsBlockable isImportanceLockedByCriticalDeviceFunction pkg: com.google.android.cellbroadcastreceiver
07-28 21:33:15.377 D/InterruptionStateProvider( 5735): updateIsBlockable isImportanceLockedByCriticalDeviceFunction pkg: com.android.bluetooth
07-28 21:33:15.377 D/InterruptionStateProvider( 5735): updateIsBlockable isImportanceLockedByCriticalDeviceFunction pkg: android
07-28 21:33:15.377 D/InterruptionStateProvider( 5735): updateIsBlockable isImportanceLockedByCriticalDeviceFunction pkg: android
07-28 21:33:15.377 D/InterruptionStateProvider( 5735): updateIsBlockable isImportanceLockedByCriticalDeviceFunction pkg: com.android.bluetooth
07-28 21:33:15.377 D/InterruptionStateProvider( 5735): updateIsBlockable isImportanceLockedByCriticalDeviceFunction pkg: com.asus.powersaver
07-28 21:33:15.377 D/InterruptionStateProvider( 5735): isBlockable pkg: android
07-28 21:33:15.377 D/InterruptionStateProvider( 5735): isBlockable pkg: android
07-28 21:33:15.377 D/InterruptionStateProvider( 5735): isBlockable pkg: android
07-28 21:33:15.377 D/InterruptionStateProvider( 5735): isBlockable pkg: com.google.android.cellbroadcastreceiver
07-28 21:33:15.378 D/InterruptionStateProvider( 5735): isFgsOrUij pkg: com.digibites.accubattery
07-28 21:33:15.378 D/InterruptionStateProvider( 5735): isBlockable pkg: com.asus.powersaver
07-28 21:33:15.378 D/InterruptionStateProvider( 5735): isBlockable pkg: com.android.bluetooth
07-28 21:33:15.378 D/InterruptionStateProvider( 5735): isBlockable pkg: com.android.bluetooth
07-28 21:33:15.378 D/InterruptionStateProvider( 5735): isBlockable pkg: com.android.bluetooth
07-28 21:33:15.378 D/SystemUILog( 5735): AsusNotificationManager:onNotificationRankingUpdate
07-28 21:33:15.378 D/MinimalistNotificationController( 5735): onNotificationRankingUpdate
07-28 21:33:15.378 D/PhoneNoticeController( 5735): updatePhoneNotice mIsShowPhoneNotice: false, mIsShowNotification: false, mIsAsusInCallUIVisible: false, shouldFilter: false
07-28 21:33:15.378 D/MinimalistNotificationController( 5735): isShowing:false | isAnswering():false
07-28 21:33:15.404 W/ParceledListSlice( 3158): Element #91 is 21004 bytes.
07-28 21:33:15.404 W/ParceledListSlice( 3158): Element #94 is 16464 bytes.
