07-28 21:35:03.092 E/ANDR-PERF-LM( 1986): StatsProvider: getPIDStats() 198: sendRecvData returned error = -4
07-28 21:35:03.392 E/ANDR-PERF-LM( 1986): StatsProvider: stats_nl_error_callback() 145: NL SOC receive error: No such process
07-28 21:35:03.393 E/ANDR-PERF-LM( 1986): StatsProvider: sendRecvData() 386: nl_recvmsgs failed return=-12
07-28 21:35:03.393 E/ANDR-PERF-LM( 1986): StatsProvider: getPIDStats() 198: sendRecvData returned error = -4
07-28 21:35:03.694 E/ANDR-PERF-LM( 1986): StatsProvider: stats_nl_error_callback() 145: NL SOC receive error: No such process
07-28 21:35:03.694 E/ANDR-PERF-LM( 1986): StatsProvider: sendRecvData() 386: nl_recvmsgs failed return=-12
07-28 21:35:03.695 E/ANDR-PERF-LM( 1986): StatsProvider: getPIDStats() 198: sendRecvData returned error = -4
07-28 21:35:03.998 E/ANDR-PERF-LM( 1986): StatsProvider: stats_nl_error_callback() 145: NL SOC receive error: No such process
07-28 21:35:03.998 E/ANDR-PERF-LM( 1986): StatsProvider: sendRecvData() 386: nl_recvmsgs failed return=-12
07-28 21:35:03.998 E/ANDR-PERF-LM( 1986): StatsProvider: getPIDStats() 198: sendRecvData returned error = -4
07-28 21:35:04.091 E/KERNEL  (    0): [688450.901317][T18893] [BAT][CHG]asus_jeita_cc_worker g_Charger_mode is false 5 s
07-28 21:35:04.091 I/KERNEL  (    0): [688452.695410][T14234] (virq:irq_count)- 1:1008130174 11:490942523 33:283858779 6:173751176 2:96628711 20:80361922 363:27647208 35:26162048 335:24739280 246:14812002
07-28 21:35:04.091 I/KERNEL  (    0): [688452.695766][T14234] (cpu:irq_count)- 0:661222048 1:521645562 2:527658650 3:147904074 4:122270313 5:93601508 6:97872888 7:130179764
07-28 21:35:04.091 I/KERNEL  (    0): [688452.695830][T14234] (ipi:irq_count)- 0:1008130174 1:96628711 2:0 3:0 4:0 5:173751176 6:0
07-28 21:35:04.302 E/ANDR-PERF-LM( 1986): StatsProvider: stats_nl_error_callback() 145: NL SOC receive error: No such process
07-28 21:35:04.302 E/ANDR-PERF-LM( 1986): StatsProvider: sendRecvData() 386: nl_recvmsgs failed return=-12
07-28 21:35:04.303 E/ANDR-PERF-LM( 1986): StatsProvider: getPIDStats() 198: sendRecvData returned error = -4
07-28 21:35:04.596 I/WifiHAL ( 1905): event received NL80211_CMD_VENDOR, vendor_id = 0x1374, subcmd = 0xd
07-28 21:35:04.596 I/cnss-daemon( 2754): nl80211 response handler invoked
07-28 21:35:04.596 I/cnss-daemon( 2754): nl80211_response_handler: cmd 103, vendorID 4980, subcmd 13  received
07-28 21:35:04.603 E/ANDR-PERF-LM( 1986): StatsProvider: stats_nl_error_callback() 145: NL SOC receive error: No such process
07-28 21:35:04.603 E/ANDR-PERF-LM( 1986): StatsProvider: sendRecvData() 386: nl_recvmsgs failed return=-12
07-28 21:35:04.604 E/ANDR-PERF-LM( 1986): StatsProvider: getPIDStats() 198: sendRecvData returned error = -4
07-28 21:35:04.906 E/ANDR-PERF-LM( 1986): StatsProvider: stats_nl_error_callback() 145: NL SOC receive error: No such process
07-28 21:35:04.907 E/ANDR-PERF-LM( 1986): StatsProvider: sendRecvData() 386: nl_recvmsgs failed return=-12
07-28 21:35:04.907 E/ANDR-PERF-LM( 1986): StatsProvider: getPIDStats() 198: sendRecvData returned error = -4
07-28 21:35:05.208 E/ANDR-PERF-LM( 1986): StatsProvider: stats_nl_error_callback() 145: NL SOC receive error: No such process
07-28 21:35:05.208 E/ANDR-PERF-LM( 1986): StatsProvider: sendRecvData() 386: nl_recvmsgs failed return=-12
07-28 21:35:05.208 E/ANDR-PERF-LM( 1986): StatsProvider: getPIDStats() 198: sendRecvData returned error = -4
07-28 21:35:05.509 E/ANDR-PERF-LM( 1986): StatsProvider: stats_nl_error_callback() 145: NL SOC receive error: No such process
07-28 21:35:05.509 E/ANDR-PERF-LM( 1986): StatsProvider: sendRecvData() 386: nl_recvmsgs failed return=-12
07-28 21:35:05.510 E/ANDR-PERF-LM( 1986): StatsProvider: getPIDStats() 198: sendRecvData returned error = -4
07-28 21:35:05.811 E/ANDR-PERF-LM( 1986): StatsProvider: stats_nl_error_callback() 145: NL SOC receive error: No such process
07-28 21:35:05.811 E/ANDR-PERF-LM( 1986): StatsProvider: sendRecvData() 386: nl_recvmsgs failed return=-12
07-28 21:35:05.811 E/ANDR-PERF-LM( 1986): StatsProvider: getPIDStats() 198: sendRecvData returned error = -4
07-28 21:35:06.112 E/ANDR-PERF-LM( 1986): StatsProvider: stats_nl_error_callback() 145: NL SOC receive error: No such process
07-28 21:35:06.112 E/ANDR-PERF-LM( 1986): StatsProvider: sendRecvData() 386: nl_recvmsgs failed return=-12
07-28 21:35:06.113 E/ANDR-PERF-LM( 1986): StatsProvider: getPIDStats() 198: sendRecvData returned error = -4
07-28 21:35:06.139 E/KERNEL  (    0): [688454.739796][T15082] [BAT][CHG]asus_panel_check_worker set BATTMAN_OEM_WORK_EVENT : WORK_PANEL_CHECK
07-28 21:35:06.139 E/KERNEL  (    0): [688454.741090][T14234] [adsp] evtlog= [ADSP][CHG]BattMngrTech_ASUS_Set_Panel_State panel 0x2609 is 2
07-28 21:35:06.139 E/KERNEL  (    0): [688454.741199][T14234] [adsp] evtlog= [ADSP][CHG]BattMngrTech_ASUS_Set_Panel_State panel 0x2640 is 2
07-28 21:35:06.139 E/KERNEL  (    0): [688454.741220][T14234] [adsp] evtlog= [ADSP][CHG]BattMngrTech_ASUS_Set_Panel_State panel_state=0, in_call=0 thermel_threshold=0
07-28 21:35:06.139 I/KERNEL  (    0): [688454.741240][T14234] [BAT][CHG]handle_message set property:11 successfully
07-28 21:35:06.315 E/KERNEL  (    0): [688454.915886][T26344] [adsp] evtlog= asus_charger_para.cable_attach && usb_charger_status
07-28 21:35:06.315 W/KERNEL  (    0): [688454.918127][ T1897] healthd: battery l=63 v=3950 t=32.0 h=2 st=2 c=-26001 fc=4135000 cc=12 chg=u
07-28 21:35:06.318 I/BatteryService( 3158): lv: 63, st: 2, st_ex: 2, h: 2, plug: 2, chg_lmt: 0, asus_c: 0, s: 0, ab: 0, wlma: 0, fwstate: 2, fwVer: 18
07-28 21:35:06.324 V/PowerSaverClient( 5735): onReceive(android.intent.action.BATTERY_CHANGED)
07-28 21:35:06.324 V/Battery ( 5735): scale=100, level=63, status=2(2), plugged=2, health=2, asusCharger=0, isWirelessMisalignment=false
07-28 21:35:06.325 D/GameModeHandler( 5686): ForwardReceiver onReceive: android.intent.action.BATTERY_CHANGED
07-28 21:35:06.325 D/PowerUI ( 5735): setSystemProperties(): key = vendor.asus.dis_flash_light, val = 0
07-28 21:35:06.326 D/DeviceStatisticsService( 6653): onReceive: action= android.intent.action.BATTERY_CHANGED
07-28 21:35:06.327 D/QtiCarrierConfigHelper( 5917): WARNING, no carrier configs on phone Id: 0
07-28 21:35:06.328 D/AsusBatteryUsageService( 5686): onReceive:android.intent.action.BATTERY_CHANGED
07-28 21:35:06.328 V/PowerSaverClient( 5735): notSlow, isSlow=false, watt=0
07-28 21:35:06.329 D/PwrSvrSvc( 5686): extraBatHealth:2 changed:false extraStatus:2 chargingLimit:0
07-28 21:35:06.329 D/PwrSvrSvc( 5686):  changed:false mCurBatLv:63 lv:63 statusChange:false plugChange:false mExtraPlugged:2 extraPlugged:2
07-28 21:35:06.329 D/PwrSvrSvc( 5686): getTriggerLvPref low_power_trigger_level=10
07-28 21:35:06.329 D/PwrSvrSvc( 5686): switchModeByExitTriggerLevel lv:63 triggerLv:10 mIsEnterUltraModeByLowPwr:false mSkipLowPwrModeNoti:false
07-28 21:35:06.329 D/DeviceIdleController( 3158): becomeActiveLocked, reason = charging activeUid = 1000
07-28 21:35:06.330 I/KERNEL  (    0): [688454.931647][    T1] init: processing action (vendor.asus.dis_flash_light=0) from (/vendor/etc/init/hw/init.asus.rc:574)
07-28 21:35:06.330 I/KERNEL  (    0): [688454.933048][  T393] FLASH-ATD flash_led_store() id 0, command 2 0 0 rc=2
07-28 21:35:06.330 I/KERNEL  (    0): [688454.933068][  T393] FLASH-ATD asus_led_release() regulator already disabled, do nothing
07-28 21:35:06.330 I/KERNEL  (    0): [688454.933075][  T393] FLASH-ATD flash_led_store() id 0, command 2 0, rc 2, ATD status 1
07-28 21:35:06.337 E/KERNEL  (    0): [688454.940201][T28967] [adsp] evtlog= asus_charger_para.cable_attach && usb_charger_status
07-28 21:35:06.337 I/BatteryService( 3158): lv: 63, st: 2, st_ex: 2, h: 2, plug: 2, chg_lmt: 0, asus_c: 0, s: 0, ab: 0, wlma: 0, fwstate: 2, fwVer: 18
07-28 21:35:06.338 V/DeviceStatisticsService( 6653): chargerType=2 batteryLevel=63 totalBatteryCapacity=4112000
07-28 21:35:06.340 V/PowerSaverClient( 5735): onReceive(android.intent.action.BATTERY_CHANGED)
07-28 21:35:06.340 V/Battery ( 5735): scale=100, level=63, status=2(2), plugged=2, health=2, asusCharger=0, isWirelessMisalignment=false
07-28 21:35:06.341 V/PowerSaverClient( 5735): notSlow, isSlow=false, watt=0
07-28 21:35:06.342 D/DeviceIdleController( 3158): becomeActiveLocked, reason = charging activeUid = 1000
07-28 21:35:06.342 D/DeviceStatisticsService( 6653): onReceive: action= android.intent.action.BATTERY_CHANGED
07-28 21:35:06.342 D/QtiCarrierConfigHelper( 5917): WARNING, no carrier configs on phone Id: 0
07-28 21:35:06.343 D/GameModeHandler( 5686): ForwardReceiver onReceive: android.intent.action.BATTERY_CHANGED
07-28 21:35:06.343 D/AsusBatteryUsageService( 5686): onReceive:android.intent.action.BATTERY_CHANGED
07-28 21:35:06.344 D/PowerUI ( 5735): setSystemProperties(): key = vendor.asus.dis_flash_light, val = 0
07-28 21:35:06.345 V/DeviceStatisticsService( 6653): chargerType=2 batteryLevel=63 totalBatteryCapacity=4112000
07-28 21:35:06.345 D/PwrSvrSvc( 5686): extraBatHealth:2 changed:false extraStatus:2 chargingLimit:0
07-28 21:35:06.345 D/PwrSvrSvc( 5686):  changed:false mCurBatLv:63 lv:63 statusChange:false plugChange:false mExtraPlugged:2 extraPlugged:2
07-28 21:35:06.345 D/PwrSvrSvc( 5686): getTriggerLvPref low_power_trigger_level=10
07-28 21:35:06.345 D/PwrSvrSvc( 5686): switchModeByExitTriggerLevel lv:63 triggerLv:10 mIsEnterUltraModeByLowPwr:false mSkipLowPwrModeNoti:false
07-28 21:35:06.346 I/KERNEL  (    0): [688454.950056][    T1] init: processing action (vendor.asus.dis_flash_light=0) from (/vendor/etc/init/hw/init.asus.rc:574)
07-28 21:35:06.346 I/KERNEL  (    0): [688454.950792][  T393] FLASH-ATD flash_led_store() id 0, command 2 0 0 rc=2
07-28 21:35:06.346 I/KERNEL  (    0): [688454.950806][  T393] FLASH-ATD asus_led_release() regulator already disabled, do nothing
07-28 21:35:06.346 I/KERNEL  (    0): [688454.950809][  T393] FLASH-ATD flash_led_store() id 0, command 2 0, rc 2, ATD status 1
07-28 21:35:06.414 E/ANDR-PERF-LM( 1986): StatsProvider: stats_nl_error_callback() 145: NL SOC receive error: No such process
07-28 21:35:06.414 E/ANDR-PERF-LM( 1986): StatsProvider: sendRecvData() 386: nl_recvmsgs failed return=-12
07-28 21:35:06.414 E/ANDR-PERF-LM( 1986): StatsProvider: getPIDStats() 198: sendRecvData returned error = -4
07-28 21:35:06.715 E/ANDR-PERF-LM( 1986): StatsProvider: stats_nl_error_callback() 145: NL SOC receive error: No such process
07-28 21:35:06.715 E/ANDR-PERF-LM( 1986): StatsProvider: sendRecvData() 386: nl_recvmsgs failed return=-12
07-28 21:35:06.715 E/ANDR-PERF-LM( 1986): StatsProvider: getPIDStats() 198: sendRecvData returned error = -4
07-28 21:35:06.898 D/FileUtils( 3158): Rounded bytes from 7565340672 to 8000000000
07-28 21:35:07.016 E/ANDR-PERF-LM( 1986): StatsProvider: stats_nl_error_callback() 145: NL SOC receive error: No such process
07-28 21:35:07.016 E/ANDR-PERF-LM( 1986): StatsProvider: sendRecvData() 386: nl_recvmsgs failed return=-12
07-28 21:35:07.017 E/ANDR-PERF-LM( 1986): StatsProvider: getPIDStats() 198: sendRecvData returned error = -4
07-28 21:35:07.318 E/ANDR-PERF-LM( 1986): StatsProvider: stats_nl_error_callback() 145: NL SOC receive error: No such process
07-28 21:35:07.318 E/ANDR-PERF-LM( 1986): StatsProvider: sendRecvData() 386: nl_recvmsgs failed return=-12
07-28 21:35:07.318 E/ANDR-PERF-LM( 1986): StatsProvider: getPIDStats() 198: sendRecvData returned error = -4
07-28 21:35:07.418 E/KERNEL  (    0): [688456.020783][T18893] [BAT][CHG]asus_jeita_cc_worker set BATTMAN_OEM_WORK_EVENT : WORK_JEITA_CC
07-28 21:35:07.419 I/KERNEL  (    0): [688456.022156][T14234] [BAT][CHG]handle_message set property:11 successfully
07-28 21:35:07.619 E/ANDR-PERF-LM( 1986): StatsProvider: stats_nl_error_callback() 145: NL SOC receive error: No such process
07-28 21:35:07.619 E/ANDR-PERF-LM( 1986): StatsProvider: sendRecvData() 386: nl_recvmsgs failed return=-12
07-28 21:35:07.620 E/ANDR-PERF-LM( 1986): StatsProvider: getPIDStats() 198: sendRecvData returned error = -4
07-28 21:35:07.740 I/ThermalEngine( 6796): phone-skin-temp Reading 34418 .
07-28 21:35:07.921 E/ANDR-PERF-LM( 1986): StatsProvider: stats_nl_error_callback() 145: NL SOC receive error: No such process
07-28 21:35:07.921 E/ANDR-PERF-LM( 1986): StatsProvider: sendRecvData() 386: nl_recvmsgs failed return=-12
07-28 21:35:07.921 E/ANDR-PERF-LM( 1986): StatsProvider: getPIDStats() 198: sendRecvData returned error = -4
07-28 21:35:08.123 E/KERNEL  (    0): [688456.022282][T18893] [BAT][CHG]asus_jeita_cc_worker g_Charger_mode is false 5 s
07-28 21:35:08.123 E/KERNEL  (    0): [688456.726641][ T2694] [cnd][0x409bf6843868][21:35:08.121673] kiwi_v2: [2694:E:HDD] __wlan_hdd_cfg80211_stats_ext_request: Failed to get hw stats: 15
07-28 21:35:08.130 I/WifiHAL ( 1905): event received NL80211_CMD_VENDOR, vendor_id = 0x1374, subcmd = 0xd
07-28 21:35:08.131 I/cnss-daemon( 2754): nl80211 response handler invoked
07-28 21:35:08.131 I/cnss-daemon( 2754): nl80211_response_handler: cmd 103, vendorID 4980, subcmd 13  received
07-28 21:35:08.222 E/ANDR-PERF-LM( 1986): StatsProvider: stats_nl_error_callback() 145: NL SOC receive error: No such process
07-28 21:35:08.223 E/ANDR-PERF-LM( 1986): StatsProvider: sendRecvData() 386: nl_recvmsgs failed return=-12
07-28 21:35:08.223 E/ANDR-PERF-LM( 1986): StatsProvider: getPIDStats() 198: sendRecvData returned error = -4
07-28 21:35:08.525 E/ANDR-PERF-LM( 1986): StatsProvider: stats_nl_error_callback() 145: NL SOC receive error: No such process
07-28 21:35:08.525 E/ANDR-PERF-LM( 1986): StatsProvider: sendRecvData() 386: nl_recvmsgs failed return=-12
07-28 21:35:08.525 E/ANDR-PERF-LM( 1986): StatsProvider: getPIDStats() 198: sendRecvData returned error = -4
07-28 21:35:08.826 E/ANDR-PERF-LM( 1986): StatsProvider: stats_nl_error_callback() 145: NL SOC receive error: No such process
07-28 21:35:08.827 E/ANDR-PERF-LM( 1986): StatsProvider: sendRecvData() 386: nl_recvmsgs failed return=-12
07-28 21:35:08.827 E/ANDR-PERF-LM( 1986): StatsProvider: getPIDStats() 198: sendRecvData returned error = -4
07-28 21:35:09.129 E/ANDR-PERF-LM( 1986): StatsProvider: stats_nl_error_callback() 145: NL SOC receive error: No such process
07-28 21:35:09.129 E/ANDR-PERF-LM( 1986): StatsProvider: sendRecvData() 386: nl_recvmsgs failed return=-12
07-28 21:35:09.129 E/ANDR-PERF-LM( 1986): StatsProvider: getPIDStats() 198: sendRecvData returned error = -4
07-28 21:35:09.431 E/ANDR-PERF-LM( 1986): StatsProvider: stats_nl_error_callback() 145: NL SOC receive error: No such process
07-28 21:35:09.431 E/ANDR-PERF-LM( 1986): StatsProvider: sendRecvData() 386: nl_recvmsgs failed return=-12
07-28 21:35:09.431 E/ANDR-PERF-LM( 1986): StatsProvider: getPIDStats() 198: sendRecvData returned error = -4
07-28 21:35:09.735 E/ANDR-PERF-LM( 1986): StatsProvider: stats_nl_error_callback() 145: NL SOC receive error: No such process
07-28 21:35:09.735 E/ANDR-PERF-LM( 1986): StatsProvider: sendRecvData() 386: nl_recvmsgs failed return=-12
07-28 21:35:09.735 E/ANDR-PERF-LM( 1986): StatsProvider: getPIDStats() 198: sendRecvData returned error = -4
07-28 21:35:10.036 E/ANDR-PERF-LM( 1986): StatsProvider: stats_nl_error_callback() 145: NL SOC receive error: No such process
07-28 21:35:10.037 E/ANDR-PERF-LM( 1986): StatsProvider: sendRecvData() 386: nl_recvmsgs failed return=-12
07-28 21:35:10.037 E/ANDR-PERF-LM( 1986): StatsProvider: getPIDStats() 198: sendRecvData returned error = -4
07-28 21:35:10.139 I/WifiHAL ( 1905): event received NL80211_CMD_VENDOR, vendor_id = 0x1374, subcmd = 0xd
07-28 21:35:10.139 I/cnss-daemon( 2754): nl80211 response handler invoked
07-28 21:35:10.139 I/cnss-daemon( 2754): nl80211_response_handler: cmd 103, vendorID 4980, subcmd 13  received
07-28 21:35:10.340 E/ANDR-PERF-LM( 1986): StatsProvider: stats_nl_error_callback() 145: NL SOC receive error: No such process
07-28 21:35:10.341 E/ANDR-PERF-LM( 1986): StatsProvider: sendRecvData() 386: nl_recvmsgs failed return=-12
07-28 21:35:10.341 E/ANDR-PERF-LM( 1986): StatsProvider: getPIDStats() 198: sendRecvData returned error = -4
07-28 21:35:10.645 E/ANDR-PERF-LM( 1986): StatsProvider: stats_nl_error_callback() 145: NL SOC receive error: No such process
07-28 21:35:10.645 E/ANDR-PERF-LM( 1986): StatsProvider: sendRecvData() 386: nl_recvmsgs failed return=-12
07-28 21:35:10.645 E/ANDR-PERF-LM( 1986): StatsProvider: getPIDStats() 198: sendRecvData returned error = -4
07-28 21:35:10.947 E/ANDR-PERF-LM( 1986): StatsProvider: stats_nl_error_callback() 145: NL SOC receive error: No such process
07-28 21:35:10.947 E/ANDR-PERF-LM( 1986): StatsProvider: sendRecvData() 386: nl_recvmsgs failed return=-12
07-28 21:35:10.947 E/ANDR-PERF-LM( 1986): StatsProvider: getPIDStats() 198: sendRecvData returned error = -4
07-28 21:35:11.248 E/ANDR-PERF-LM( 1986): StatsProvider: stats_nl_error_callback() 145: NL SOC receive error: No such process
07-28 21:35:11.249 E/ANDR-PERF-LM( 1986): StatsProvider: sendRecvData() 386: nl_recvmsgs failed return=-12
07-28 21:35:11.249 E/ANDR-PERF-LM( 1986): StatsProvider: getPIDStats() 198: sendRecvData returned error = -4
07-28 21:35:11.553 E/ANDR-PERF-LM( 1986): StatsProvider: stats_nl_error_callback() 145: NL SOC receive error: No such process
07-28 21:35:11.553 E/ANDR-PERF-LM( 1986): StatsProvider: sendRecvData() 386: nl_recvmsgs failed return=-12
07-28 21:35:11.553 E/ANDR-PERF-LM( 1986): StatsProvider: getPIDStats() 198: sendRecvData returned error = -4
07-28 21:35:11.857 E/ANDR-PERF-LM( 1986): StatsProvider: stats_nl_error_callback() 145: NL SOC receive error: No such process
07-28 21:35:11.857 E/ANDR-PERF-LM( 1986): StatsProvider: sendRecvData() 386: nl_recvmsgs failed return=-12
07-28 21:35:11.857 E/ANDR-PERF-LM( 1986): StatsProvider: getPIDStats() 198: sendRecvData returned error = -4
07-28 21:35:11.899 D/FileUtils( 3158): Rounded bytes from 7565340672 to 8000000000
07-28 21:35:12.157 I/WifiHAL ( 1905): event received NL80211_CMD_VENDOR, vendor_id = 0x1374, subcmd = 0xd
07-28 21:35:12.157 I/cnss-daemon( 2754): nl80211 response handler invoked
07-28 21:35:12.157 I/cnss-daemon( 2754): nl80211_response_handler: cmd 103, vendorID 4980, subcmd 13  received
07-28 21:35:12.159 E/ANDR-PERF-LM( 1986): StatsProvider: stats_nl_error_callback() 145: NL SOC receive error: No such process
07-28 21:35:12.159 E/ANDR-PERF-LM( 1986): StatsProvider: sendRecvData() 386: nl_recvmsgs failed return=-12
07-28 21:35:12.160 E/ANDR-PERF-LM( 1986): StatsProvider: getPIDStats() 198: sendRecvData returned error = -4
07-28 21:35:12.463 E/ANDR-PERF-LM( 1986): StatsProvider: stats_nl_error_callback() 145: NL SOC receive error: No such process
07-28 21:35:12.464 E/ANDR-PERF-LM( 1986): StatsProvider: sendRecvData() 386: nl_recvmsgs failed return=-12
07-28 21:35:12.464 E/ANDR-PERF-LM( 1986): StatsProvider: getPIDStats() 198: sendRecvData returned error = -4
07-28 21:35:12.542 E/KERNEL  (    0): [688461.145118][T18893] [BAT][CHG]asus_jeita_cc_worker set BATTMAN_OEM_WORK_EVENT : WORK_JEITA_CC
07-28 21:35:12.543 I/KERNEL  (    0): [688461.146811][T14234] [BAT][CHG]handle_message set property:11 successfully
07-28 21:35:12.753 I/ThermalEngine( 6796): phone-skin-temp Reading 34401 .
07-28 21:35:12.765 E/ANDR-PERF-LM( 1986): StatsProvider: stats_nl_error_callback() 145: NL SOC receive error: No such process
07-28 21:35:12.765 E/ANDR-PERF-LM( 1986): StatsProvider: sendRecvData() 386: nl_recvmsgs failed return=-12
07-28 21:35:12.765 E/ANDR-PERF-LM( 1986): StatsProvider: getPIDStats() 198: sendRecvData returned error = -4
07-28 21:35:13.050 E/AsusRouteMonitor( 2644): RTM_NEWNEIGH: target entry 192.168.50.1 cc:28:aa:5b:98:b0 NUD_STALE (0x4)
07-28 21:35:13.066 E/ANDR-PERF-LM( 1986): StatsProvider: stats_nl_error_callback() 145: NL SOC receive error: No such process
07-28 21:35:13.066 E/ANDR-PERF-LM( 1986): StatsProvider: sendRecvData() 386: nl_recvmsgs failed return=-12
07-28 21:35:13.067 E/ANDR-PERF-LM( 1986): StatsProvider: getPIDStats() 198: sendRecvData returned error = -4
07-28 21:35:13.368 E/ANDR-PERF-LM( 1986): StatsProvider: stats_nl_error_callback() 145: NL SOC receive error: No such process
07-28 21:35:13.368 E/ANDR-PERF-LM( 1986): StatsProvider: sendRecvData() 386: nl_recvmsgs failed return=-12
07-28 21:35:13.368 E/ANDR-PERF-LM( 1986): StatsProvider: getPIDStats() 198: sendRecvData returned error = -4
07-28 21:35:13.565 E/KERNEL  (    0): [688461.146993][T18893] [BAT][CHG]asus_jeita_cc_worker g_Charger_mode is false 5 s
07-28 21:35:13.565 I/KERNEL  (    0): [688462.167789][T23950] (virq:irq_count)- 1:1008131103 11:490944592 33:283858794 6:173751717 2:96628886 20:80362202 363:27647294 35:26162114 335:24739289 246:14812002
07-28 21:35:13.565 I/KERNEL  (    0): [688462.167951][T23950] (cpu:irq_count)- 0:661224480 1:521646869 2:527659358 3:147904113 4:122270367 5:93601531 6:97872891 7:130179767
07-28 21:35:13.565 I/KERNEL  (    0): [688462.168009][T23950] (ipi:irq_count)- 0:1008131103 1:96628886 2:0 3:0 4:0 5:173751717 6:0
07-28 21:35:13.670 E/ANDR-PERF-LM( 1986): StatsProvider: stats_nl_error_callback() 145: NL SOC receive error: No such process
07-28 21:35:13.671 E/ANDR-PERF-LM( 1986): StatsProvider: sendRecvData() 386: nl_recvmsgs failed return=-12
07-28 21:35:13.671 E/ANDR-PERF-LM( 1986): StatsProvider: getPIDStats() 198: sendRecvData returned error = -4
07-28 21:35:13.972 E/ANDR-PERF-LM( 1986): StatsProvider: stats_nl_error_callback() 145: NL SOC receive error: No such process
07-28 21:35:13.972 E/ANDR-PERF-LM( 1986): StatsProvider: sendRecvData() 386: nl_recvmsgs failed return=-12
07-28 21:35:13.972 E/ANDR-PERF-LM( 1986): StatsProvider: getPIDStats() 198: sendRecvData returned error = -4
07-28 21:35:14.170 I/WifiHAL ( 1905): event received NL80211_CMD_VENDOR, vendor_id = 0x1374, subcmd = 0xd
07-28 21:35:14.170 I/cnss-daemon( 2754): nl80211 response handler invoked
07-28 21:35:14.170 I/cnss-daemon( 2754): nl80211_response_handler: cmd 103, vendorID 4980, subcmd 13  received
07-28 21:35:14.277 E/ANDR-PERF-LM( 1986): StatsProvider: stats_nl_error_callback() 145: NL SOC receive error: No such process
07-28 21:35:14.277 E/ANDR-PERF-LM( 1986): StatsProvider: sendRecvData() 386: nl_recvmsgs failed return=-12
07-28 21:35:14.277 E/ANDR-PERF-LM( 1986): StatsProvider: getPIDStats() 198: sendRecvData returned error = -4
07-28 21:35:14.578 E/ANDR-PERF-LM( 1986): StatsProvider: stats_nl_error_callback() 145: NL SOC receive error: No such process
07-28 21:35:14.579 E/ANDR-PERF-LM( 1986): StatsProvider: sendRecvData() 386: nl_recvmsgs failed return=-12
07-28 21:35:14.579 E/ANDR-PERF-LM( 1986): StatsProvider: getPIDStats() 198: sendRecvData returned error = -4
07-28 21:35:14.882 E/ANDR-PERF-LM( 1986): StatsProvider: stats_nl_error_callback() 145: NL SOC receive error: No such process
07-28 21:35:14.883 E/ANDR-PERF-LM( 1986): StatsProvider: sendRecvData() 386: nl_recvmsgs failed return=-12
07-28 21:35:14.883 E/ANDR-PERF-LM( 1986): StatsProvider: getPIDStats() 198: sendRecvData returned error = -4
07-28 21:35:15.184 E/ANDR-PERF-LM( 1986): StatsProvider: stats_nl_error_callback() 145: NL SOC receive error: No such process
07-28 21:35:15.184 E/ANDR-PERF-LM( 1986): StatsProvider: sendRecvData() 386: nl_recvmsgs failed return=-12
07-28 21:35:15.184 E/ANDR-PERF-LM( 1986): StatsProvider: getPIDStats() 198: sendRecvData returned error = -4
07-28 21:35:15.486 E/ANDR-PERF-LM( 1986): StatsProvider: stats_nl_error_callback() 145: NL SOC receive error: No such process
07-28 21:35:15.486 E/ANDR-PERF-LM( 1986): StatsProvider: sendRecvData() 386: nl_recvmsgs failed return=-12
07-28 21:35:15.486 E/ANDR-PERF-LM( 1986): StatsProvider: getPIDStats() 198: sendRecvData returned error = -4
07-28 21:35:15.787 E/ANDR-PERF-LM( 1986): StatsProvider: stats_nl_error_callback() 145: NL SOC receive error: No such process
07-28 21:35:15.788 E/ANDR-PERF-LM( 1986): StatsProvider: sendRecvData() 386: nl_recvmsgs failed return=-12
07-28 21:35:15.788 E/ANDR-PERF-LM( 1986): StatsProvider: getPIDStats() 198: sendRecvData returned error = -4
07-28 21:35:16.089 E/ANDR-PERF-LM( 1986): StatsProvider: stats_nl_error_callback() 145: NL SOC receive error: No such process
07-28 21:35:16.089 E/ANDR-PERF-LM( 1986): StatsProvider: sendRecvData() 386: nl_recvmsgs failed return=-12
07-28 21:35:16.089 E/ANDR-PERF-LM( 1986): StatsProvider: getPIDStats() 198: sendRecvData returned error = -4
07-28 21:35:16.379 E/KERNEL  (    0): [688464.980931][T15082] [BAT][CHG]asus_panel_check_worker set BATTMAN_OEM_WORK_EVENT : WORK_PANEL_CHECK
07-28 21:35:16.379 E/KERNEL  (    0): [688464.982813][T23950] [adsp] evtlog= [ADSP][CHG]BattMngrTech_ASUS_Set_Panel_State panel 0x2609 is 2
07-28 21:35:16.379 E/KERNEL  (    0): [688464.982887][T23950] [adsp] evtlog= [ADSP][CHG]BattMngrTech_ASUS_Set_Panel_State panel 0x2640 is 2
07-28 21:35:16.379 E/KERNEL  (    0): [688464.982906][T23950] [adsp] evtlog= [ADSP][CHG]BattMngrTech_ASUS_Set_Panel_State panel_state=0, in_call=0 thermel_threshold=0
07-28 21:35:16.379 I/KERNEL  (    0): [688464.982926][T23950] [BAT][CHG]handle_message set property:11 successfully
07-28 21:35:16.384 I/U.Notification(30794): Acquire charge wakelock for 15 min
07-28 21:35:16.390 E/ANDR-PERF-LM( 1986): StatsProvider: stats_nl_error_callback() 145: NL SOC receive error: No such process
07-28 21:35:16.390 E/ANDR-PERF-LM( 1986): StatsProvider: sendRecvData() 386: nl_recvmsgs failed return=-12
07-28 21:35:16.392 E/ANDR-PERF-LM( 1986): StatsProvider: getPIDStats() 198: sendRecvData returned error = -4
07-28 21:35:16.693 E/ANDR-PERF-LM( 1986): StatsProvider: stats_nl_error_callback() 145: NL SOC receive error: No such process
07-28 21:35:16.693 E/ANDR-PERF-LM( 1986): StatsProvider: sendRecvData() 386: nl_recvmsgs failed return=-12
07-28 21:35:16.693 E/ANDR-PERF-LM( 1986): StatsProvider: getPIDStats() 198: sendRecvData returned error = -4
07-28 21:35:16.898 D/FileUtils( 3158): Rounded bytes from 7565340672 to 8000000000
07-28 21:35:16.994 E/ANDR-PERF-LM( 1986): StatsProvider: stats_nl_error_callback() 145: NL SOC receive error: No such process
07-28 21:35:16.994 E/ANDR-PERF-LM( 1986): StatsProvider: sendRecvData() 386: nl_recvmsgs failed return=-12
07-28 21:35:16.994 E/ANDR-PERF-LM( 1986): StatsProvider: getPIDStats() 198: sendRecvData returned error = -4
07-28 21:35:17.295 E/ANDR-PERF-LM( 1986): StatsProvider: stats_nl_error_callback() 145: NL SOC receive error: No such process
07-28 21:35:17.295 E/ANDR-PERF-LM( 1986): StatsProvider: sendRecvData() 386: nl_recvmsgs failed return=-12
07-28 21:35:17.296 E/ANDR-PERF-LM( 1986): StatsProvider: getPIDStats() 198: sendRecvData returned error = -4
07-28 21:35:17.597 E/ANDR-PERF-LM( 1986): StatsProvider: stats_nl_error_callback() 145: NL SOC receive error: No such process
07-28 21:35:17.597 E/ANDR-PERF-LM( 1986): StatsProvider: sendRecvData() 386: nl_recvmsgs failed return=-12
07-28 21:35:17.597 E/ANDR-PERF-LM( 1986): StatsProvider: getPIDStats() 198: sendRecvData returned error = -4
07-28 21:35:17.658 E/KERNEL  (    0): [688466.259769][T18893] [BAT][CHG]asus_jeita_cc_worker set BATTMAN_OEM_WORK_EVENT : WORK_JEITA_CC
07-28 21:35:17.659 I/KERNEL  (    0): [688466.262510][T26344] [BAT][CHG]handle_message set property:11 successfully
07-28 21:35:17.690 E/KERNEL  (    0): [688466.262614][T18893] [BAT][CHG]asus_jeita_cc_worker g_Charger_mode is false 5 s
07-28 21:35:17.691 E/KERNEL  (    0): [688466.293531][ T2694] [cnd][0x409c0177054b][21:35:17.688565] kiwi_v2: [2694:E:HDD] __wlan_hdd_cfg80211_stats_ext_request: Failed to get hw stats: 15
07-28 21:35:17.697 I/cnss-daemon( 2754): nl80211 response handler invoked
07-28 21:35:17.697 I/cnss-daemon( 2754): nl80211_response_handler: cmd 103, vendorID 4980, subcmd 13  received
07-28 21:35:17.697 I/WifiHAL ( 1905): event received NL80211_CMD_VENDOR, vendor_id = 0x1374, subcmd = 0xd
07-28 21:35:17.770 I/ThermalEngine( 6796): phone-skin-temp Reading 34389 .
07-28 21:35:17.898 E/ANDR-PERF-LM( 1986): StatsProvider: stats_nl_error_callback() 145: NL SOC receive error: No such process
07-28 21:35:17.899 E/ANDR-PERF-LM( 1986): StatsProvider: sendRecvData() 386: nl_recvmsgs failed return=-12
07-28 21:35:17.899 E/ANDR-PERF-LM( 1986): StatsProvider: getPIDStats() 198: sendRecvData returned error = -4
07-28 21:35:18.200 E/ANDR-PERF-LM( 1986): StatsProvider: stats_nl_error_callback() 145: NL SOC receive error: No such process
07-28 21:35:18.200 E/ANDR-PERF-LM( 1986): StatsProvider: sendRecvData() 386: nl_recvmsgs failed return=-12
07-28 21:35:18.200 E/ANDR-PERF-LM( 1986): StatsProvider: getPIDStats() 198: sendRecvData returned error = -4
07-28 21:35:18.501 E/ANDR-PERF-LM( 1986): StatsProvider: stats_nl_error_callback() 145: NL SOC receive error: No such process
07-28 21:35:18.501 E/ANDR-PERF-LM( 1986): StatsProvider: sendRecvData() 386: nl_recvmsgs failed return=-12
07-28 21:35:18.502 E/ANDR-PERF-LM( 1986): StatsProvider: getPIDStats() 198: sendRecvData returned error = -4
07-28 21:35:18.803 E/ANDR-PERF-LM( 1986): StatsProvider: stats_nl_error_callback() 145: NL SOC receive error: No such process
07-28 21:35:18.803 E/ANDR-PERF-LM( 1986): StatsProvider: sendRecvData() 386: nl_recvmsgs failed return=-12
07-28 21:35:18.803 E/ANDR-PERF-LM( 1986): StatsProvider: getPIDStats() 198: sendRecvData returned error = -4
07-28 21:35:19.034 W/ActivityManager( 3158): Unbind failed: could not find connection for android.os.BinderProxy@3104a07
07-28 21:35:19.040 W/ActivityManager( 3158): Unable to start service Intent { act=android.telephony.satellite.SatelliteService pkg=vendor.qti.data.ntnsatapp } U=0: not found
07-28 21:35:19.105 E/ANDR-PERF-LM( 1986): StatsProvider: stats_nl_error_callback() 145: NL SOC receive error: No such process
07-28 21:35:19.106 E/ANDR-PERF-LM( 1986): StatsProvider: sendRecvData() 386: nl_recvmsgs failed return=-12
07-28 21:35:19.106 E/ANDR-PERF-LM( 1986): StatsProvider: getPIDStats() 198: sendRecvData returned error = -4
07-28 21:35:19.408 E/ANDR-PERF-LM( 1986): StatsProvider: stats_nl_error_callback() 145: NL SOC receive error: No such process
07-28 21:35:19.408 E/ANDR-PERF-LM( 1986): StatsProvider: sendRecvData() 386: nl_recvmsgs failed return=-12
07-28 21:35:19.408 E/ANDR-PERF-LM( 1986): StatsProvider: getPIDStats() 198: sendRecvData returned error = -4
07-28 21:35:19.705 I/cnss-daemon( 2754): nl80211 response handler invoked
07-28 21:35:19.705 I/WifiHAL ( 1905): event received NL80211_CMD_VENDOR, vendor_id = 0x1374, subcmd = 0xd
07-28 21:35:19.705 I/cnss-daemon( 2754): nl80211_response_handler: cmd 103, vendorID 4980, subcmd 13  received
07-28 21:35:19.709 E/ANDR-PERF-LM( 1986): StatsProvider: stats_nl_error_callback() 145: NL SOC receive error: No such process
07-28 21:35:19.709 E/ANDR-PERF-LM( 1986): StatsProvider: sendRecvData() 386: nl_recvmsgs failed return=-12
07-28 21:35:19.709 E/ANDR-PERF-LM( 1986): StatsProvider: getPIDStats() 198: sendRecvData returned error = -4
07-28 21:35:20.010 E/ANDR-PERF-LM( 1986): StatsProvider: stats_nl_error_callback() 145: NL SOC receive error: No such process
07-28 21:35:20.011 E/ANDR-PERF-LM( 1986): StatsProvider: sendRecvData() 386: nl_recvmsgs failed return=-12
07-28 21:35:20.011 E/ANDR-PERF-LM( 1986): StatsProvider: getPIDStats() 198: sendRecvData returned error = -4
07-28 21:35:20.170 E/KERNEL  (    0): [688468.773577][T23950] [adsp] evtlog= main_ma=72,charger_type=2,input_vol=4272, AICL=0x2 0x260E=0x53 0x2682=0xff 0x2683=0x0
07-28 21:35:20.171 E/KERNEL  (    0): [688468.773682][T23950] [adsp] evtlog= scp_svs_db - fcc_ma=5000, icl_ma=500, vin_mv=5000
07-28 21:35:20.312 E/ANDR-PERF-LM( 1986): StatsProvider: stats_nl_error_callback() 145: NL SOC receive error: No such process
07-28 21:35:20.312 E/ANDR-PERF-LM( 1986): StatsProvider: sendRecvData() 386: nl_recvmsgs failed return=-12
07-28 21:35:20.312 E/ANDR-PERF-LM( 1986): StatsProvider: getPIDStats() 198: sendRecvData returned error = -4
07-28 21:35:20.524 E/fb4a.TigonNetworkSessionListenerManager(19171): skip handleDataTaskType when network disconnected
07-28 21:35:20.525 E/fb4a.msys(19171): E[N data-request]_HandleDataResponse(1928)=>Data request error for task E1D17183-F3BC-4259-8E9B-5EE94F8D8BEA (response type 1): network disconnected
07-28 21:35:20.530 E/fb4a.msys(19171): E[S sync]_createResponseError(265)=>Network Response E1D17183-F3BC-4259-8E9B-5EE94F8D8BEA contains sync error Error Domain=NSURLErrorDomain Code=1 UserInfo=0xb400006f12c7c3a0 {MCFErrorDirectLocalizedFailureReasonKey=network disconnected} - Underlying error (null): Error Domain=NSURLErrorDomain Code=1 UserInfo=0xb400006f12c7c3a0 {MCFErrorDirectLocalizedFailureReasonKey=network disconnected}
07-28 21:35:20.613 E/ANDR-PERF-LM( 1986): StatsProvider: stats_nl_error_callback() 145: NL SOC receive error: No such process
07-28 21:35:20.613 E/ANDR-PERF-LM( 1986): StatsProvider: sendRecvData() 386: nl_recvmsgs failed return=-12
07-28 21:35:20.614 E/ANDR-PERF-LM( 1986): StatsProvider: getPIDStats() 198: sendRecvData returned error = -4
07-28 21:35:20.916 E/ANDR-PERF-LM( 1986): StatsProvider: stats_nl_error_callback() 145: NL SOC receive error: No such process
07-28 21:35:20.916 E/ANDR-PERF-LM( 1986): StatsProvider: sendRecvData() 386: nl_recvmsgs failed return=-12
07-28 21:35:20.916 E/ANDR-PERF-LM( 1986): StatsProvider: getPIDStats() 198: sendRecvData returned error = -4
07-28 21:35:21.217 E/ANDR-PERF-LM( 1986): StatsProvider: stats_nl_error_callback() 145: NL SOC receive error: No such process
07-28 21:35:21.217 E/ANDR-PERF-LM( 1986): StatsProvider: sendRecvData() 386: nl_recvmsgs failed return=-12
07-28 21:35:21.218 E/ANDR-PERF-LM( 1986): StatsProvider: getPIDStats() 198: sendRecvData returned error = -4
07-28 21:35:21.521 E/ANDR-PERF-LM( 1986): StatsProvider: stats_nl_error_callback() 145: NL SOC receive error: No such process
07-28 21:35:21.522 E/ANDR-PERF-LM( 1986): StatsProvider: sendRecvData() 386: nl_recvmsgs failed return=-12
07-28 21:35:21.522 E/ANDR-PERF-LM( 1986): StatsProvider: getPIDStats() 198: sendRecvData returned error = -4
07-28 21:35:21.717 I/WifiHAL ( 1905): event received NL80211_CMD_VENDOR, vendor_id = 0x1374, subcmd = 0xd
07-28 21:35:21.719 I/cnss-daemon( 2754): nl80211 response handler invoked
07-28 21:35:21.719 I/cnss-daemon( 2754): nl80211_response_handler: cmd 103, vendorID 4980, subcmd 13  received
07-28 21:35:21.823 E/ANDR-PERF-LM( 1986): StatsProvider: stats_nl_error_callback() 145: NL SOC receive error: No such process
07-28 21:35:21.823 E/ANDR-PERF-LM( 1986): StatsProvider: sendRecvData() 386: nl_recvmsgs failed return=-12
07-28 21:35:21.824 E/ANDR-PERF-LM( 1986): StatsProvider: getPIDStats() 198: sendRecvData returned error = -4
07-28 21:35:21.900 D/FileUtils( 3158): Rounded bytes from 7565340672 to 8000000000
07-28 21:35:22.127 E/ANDR-PERF-LM( 1986): StatsProvider: stats_nl_error_callback() 145: NL SOC receive error: No such process
07-28 21:35:22.128 E/ANDR-PERF-LM( 1986): StatsProvider: sendRecvData() 386: nl_recvmsgs failed return=-12
07-28 21:35:22.128 E/ANDR-PERF-LM( 1986): StatsProvider: getPIDStats() 198: sendRecvData returned error = -4
07-28 21:35:22.429 E/ANDR-PERF-LM( 1986): StatsProvider: stats_nl_error_callback() 145: NL SOC receive error: No such process
07-28 21:35:22.429 E/ANDR-PERF-LM( 1986): StatsProvider: sendRecvData() 386: nl_recvmsgs failed return=-12
07-28 21:35:22.430 E/ANDR-PERF-LM( 1986): StatsProvider: getPIDStats() 198: sendRecvData returned error = -4
07-28 21:35:22.530 W/KERNEL  (    0): [688471.123803][T18893] [K][KTOP] asus Kernel Top Statistic start (01-09 07:15:09)
07-28 21:35:22.531 I/KERNEL  (    0): [688471.135971][T18893] [K][KTOP]CPU Usage	PID	Name		Delta(918187610478 ns)
07-28 21:35:22.531 I/KERNEL  (    0): [688471.135992][T18893] [K][KTOP]     0.1%	28783	tch.android.app		1340729707
07-28 21:35:22.531 I/KERNEL  (    0): [688471.136009][T18893] [K][KTOP]     0.1%	26077	droid.bustaiwan		1019597485
07-28 21:35:22.531 I/KERNEL  (    0): [688471.136023][T18893] [K][KTOP]     0.0%	1126	.gms.persistent		881833163
07-28 21:35:22.531 I/KERNEL  (    0): [688471.136038][T18893] [K][KTOP]     0.0%	2910	adbd		834575199
07-28 21:35:22.531 I/KERNEL  (    0): [688471.136051][T18893] [K][KTOP]     0.0%	3158	system_server		826634593
07-28 21:35:22.531 I/KERNEL  (    0): [688471.136064][T18893] [K][KTOP]     0.0%	23950	kworker/u16:4		300294133
07-28 21:35:22.534 W/KERNEL  (    0): [688471.136170][T18893] [K][KTOP] asus Kernel Top Statistic done
07-28 21:35:22.731 E/ANDR-PERF-LM( 1986): StatsProvider: stats_nl_error_callback() 145: NL SOC receive error: No such process
07-28 21:35:22.731 E/ANDR-PERF-LM( 1986): StatsProvider: sendRecvData() 386: nl_recvmsgs failed return=-12
07-28 21:35:22.732 E/ANDR-PERF-LM( 1986): StatsProvider: getPIDStats() 198: sendRecvData returned error = -4
07-28 21:35:22.782 E/KERNEL  (    0): [688471.382999][T18893] [BAT][CHG]asus_jeita_cc_worker set BATTMAN_OEM_WORK_EVENT : WORK_JEITA_CC
07-28 21:35:22.782 I/ThermalEngine( 6796): phone-skin-temp Reading 34366 .
07-28 21:35:22.782 I/KERNEL  (    0): [688471.384583][T14234] [BAT][CHG]handle_message set property:11 successfully
07-28 21:35:23.033 E/ANDR-PERF-LM( 1986): StatsProvider: stats_nl_error_callback() 145: NL SOC receive error: No such process
07-28 21:35:23.033 E/ANDR-PERF-LM( 1986): StatsProvider: sendRecvData() 386: nl_recvmsgs failed return=-12
07-28 21:35:23.033 E/ANDR-PERF-LM( 1986): StatsProvider: getPIDStats() 198: sendRecvData returned error = -4
07-28 21:35:23.035 E/KERNEL  (    0): [688471.384699][T18893] [BAT][CHG]asus_jeita_cc_worker g_Charger_mode is false 5 s
07-28 21:35:23.035 I/KERNEL  (    0): [688471.636470][T28967] (virq:irq_count)- 1:1008131928 11:490946666 33:283858816 6:173752254 2:96629055 20:80362490 363:27647310 35:26162129 335:24739295 246:14812002
07-28 21:35:23.035 I/KERNEL  (    0): [688471.636648][T28967] (cpu:irq_count)- 0:661226928 1:521647969 2:527660072 3:147904125 4:122270382 5:93601534 6:97872893 7:130179769
07-28 21:35:23.035 I/KERNEL  (    0): [688471.636709][T28967] (ipi:irq_count)- 0:1008131928 1:96629055 2:0 3:0 4:0 5:173752254 6:0
07-28 21:35:23.335 E/ANDR-PERF-LM( 1986): StatsProvider: stats_nl_error_callback() 145: NL SOC receive error: No such process
07-28 21:35:23.335 E/ANDR-PERF-LM( 1986): StatsProvider: sendRecvData() 386: nl_recvmsgs failed return=-12
07-28 21:35:23.336 E/ANDR-PERF-LM( 1986): StatsProvider: getPIDStats() 198: sendRecvData returned error = -4
07-28 21:35:23.637 E/ANDR-PERF-LM( 1986): StatsProvider: stats_nl_error_callback() 145: NL SOC receive error: No such process
07-28 21:35:23.637 E/ANDR-PERF-LM( 1986): StatsProvider: sendRecvData() 386: nl_recvmsgs failed return=-12
07-28 21:35:23.637 E/ANDR-PERF-LM( 1986): StatsProvider: getPIDStats() 198: sendRecvData returned error = -4
07-28 21:35:23.728 I/WifiHAL ( 1905): event received NL80211_CMD_VENDOR, vendor_id = 0x1374, subcmd = 0xd
07-28 21:35:23.729 I/cnss-daemon( 2754): nl80211 response handler invoked
07-28 21:35:23.729 I/cnss-daemon( 2754): nl80211_response_handler: cmd 103, vendorID 4980, subcmd 13  received
07-28 21:35:23.939 E/ANDR-PERF-LM( 1986): StatsProvider: stats_nl_error_callback() 145: NL SOC receive error: No such process
07-28 21:35:23.939 E/ANDR-PERF-LM( 1986): StatsProvider: sendRecvData() 386: nl_recvmsgs failed return=-12
07-28 21:35:23.939 E/ANDR-PERF-LM( 1986): StatsProvider: getPIDStats() 198: sendRecvData returned error = -4
07-28 21:35:24.240 E/ANDR-PERF-LM( 1986): StatsProvider: stats_nl_error_callback() 145: NL SOC receive error: No such process
07-28 21:35:24.240 E/ANDR-PERF-LM( 1986): StatsProvider: sendRecvData() 386: nl_recvmsgs failed return=-12
07-28 21:35:24.240 E/ANDR-PERF-LM( 1986): StatsProvider: getPIDStats() 198: sendRecvData returned error = -4
07-28 21:35:24.544 E/ANDR-PERF-LM( 1986): StatsProvider: stats_nl_error_callback() 145: NL SOC receive error: No such process
07-28 21:35:24.544 E/ANDR-PERF-LM( 1986): StatsProvider: sendRecvData() 386: nl_recvmsgs failed return=-12
07-28 21:35:24.545 E/ANDR-PERF-LM( 1986): StatsProvider: getPIDStats() 198: sendRecvData returned error = -4
07-28 21:35:24.846 E/ANDR-PERF-LM( 1986): StatsProvider: stats_nl_error_callback() 145: NL SOC receive error: No such process
07-28 21:35:24.846 E/ANDR-PERF-LM( 1986): StatsProvider: sendRecvData() 386: nl_recvmsgs failed return=-12
07-28 21:35:24.846 E/ANDR-PERF-LM( 1986): StatsProvider: getPIDStats() 198: sendRecvData returned error = -4
07-28 21:35:25.151 E/ANDR-PERF-LM( 1986): StatsProvider: stats_nl_error_callback() 145: NL SOC receive error: No such process
07-28 21:35:25.151 E/ANDR-PERF-LM( 1986): StatsProvider: sendRecvData() 386: nl_recvmsgs failed return=-12
07-28 21:35:25.151 E/ANDR-PERF-LM( 1986): StatsProvider: getPIDStats() 198: sendRecvData returned error = -4
07-28 21:35:25.452 E/ANDR-PERF-LM( 1986): StatsProvider: stats_nl_error_callback() 145: NL SOC receive error: No such process
07-28 21:35:25.452 E/ANDR-PERF-LM( 1986): StatsProvider: sendRecvData() 386: nl_recvmsgs failed return=-12
07-28 21:35:25.452 E/ANDR-PERF-LM( 1986): StatsProvider: getPIDStats() 198: sendRecvData returned error = -4
07-28 21:35:25.753 E/ANDR-PERF-LM( 1986): StatsProvider: stats_nl_error_callback() 145: NL SOC receive error: No such process
07-28 21:35:25.753 E/ANDR-PERF-LM( 1986): StatsProvider: sendRecvData() 386: nl_recvmsgs failed return=-12
07-28 21:35:25.754 E/ANDR-PERF-LM( 1986): StatsProvider: getPIDStats() 198: sendRecvData returned error = -4
07-28 21:35:26.055 E/ANDR-PERF-LM( 1986): StatsProvider: stats_nl_error_callback() 145: NL SOC receive error: No such process
07-28 21:35:26.055 E/ANDR-PERF-LM( 1986): StatsProvider: sendRecvData() 386: nl_recvmsgs failed return=-12
07-28 21:35:26.055 E/ANDR-PERF-LM( 1986): StatsProvider: getPIDStats() 198: sendRecvData returned error = -4
07-28 21:35:26.356 E/ANDR-PERF-LM( 1986): StatsProvider: stats_nl_error_callback() 145: NL SOC receive error: No such process
07-28 21:35:26.356 E/ANDR-PERF-LM( 1986): StatsProvider: sendRecvData() 386: nl_recvmsgs failed return=-12
07-28 21:35:26.357 E/ANDR-PERF-LM( 1986): StatsProvider: getPIDStats() 198: sendRecvData returned error = -4
07-28 21:35:26.622 E/KERNEL  (    0): [688475.220988][T15082] [BAT][CHG]asus_jeita_rule_worker set BATTMAN_OEM_WORK_EVENT : WORK_JEITA_RULE
07-28 21:35:26.623 E/KERNEL  (    0): [688475.223652][T15388] [BAT][CHG]asus_panel_check_worker set BATTMAN_OEM_WORK_EVENT : WORK_PANEL_CHECK
07-28 21:35:26.623 E/KERNEL  (    0): [688475.224809][T14234] [adsp] evtlog= SW_recharge soc_perc = 6265, termination_status = 0x0
07-28 21:35:26.623 E/KERNEL  (    0): [688475.224809][T14234]
07-28 21:35:26.623 I/KERNEL  (    0): [688475.224875][T14234] [BAT][CHG]handle_message set property:11 successfully
07-28 21:35:26.623 E/KERNEL  (    0): [688475.226349][T23950] [adsp] evtlog= [ADSP][CHG]BattMngrTech_ASUS_Set_Panel_State panel 0x2609 is 2
07-28 21:35:26.623 E/KERNEL  (    0): [688475.226384][T23950] [adsp] evtlog= [ADSP][CHG]BattMngrTech_ASUS_Set_Panel_State panel 0x2640 is 2
07-28 21:35:26.623 E/KERNEL  (    0): [688475.226454][T14234] [adsp] evtlog= [ADSP][CHG]BattMngrTech_ASUS_Set_Panel_State panel_state=0, in_call=0 thermel_threshold=0
07-28 21:35:26.623 I/KERNEL  (    0): [688475.226520][T23950] [BAT][CHG]handle_message set property:11 successfully
07-28 21:35:26.657 E/ANDR-PERF-LM( 1986): StatsProvider: stats_nl_error_callback() 145: NL SOC receive error: No such process
07-28 21:35:26.658 E/ANDR-PERF-LM( 1986): StatsProvider: sendRecvData() 386: nl_recvmsgs failed return=-12
07-28 21:35:26.658 E/ANDR-PERF-LM( 1986): StatsProvider: getPIDStats() 198: sendRecvData returned error = -4
07-28 21:35:26.898 D/FileUtils( 3158): Rounded bytes from 7565340672 to 8000000000
07-28 21:35:26.959 E/ANDR-PERF-LM( 1986): StatsProvider: stats_nl_error_callback() 145: NL SOC receive error: No such process
07-28 21:35:26.959 E/ANDR-PERF-LM( 1986): StatsProvider: sendRecvData() 386: nl_recvmsgs failed return=-12
07-28 21:35:26.959 E/ANDR-PERF-LM( 1986): StatsProvider: getPIDStats() 198: sendRecvData returned error = -4
07-28 21:35:27.260 I/WifiHAL ( 1905): event received NL80211_CMD_VENDOR, vendor_id = 0x1374, subcmd = 0xd
07-28 21:35:27.260 E/ANDR-PERF-LM( 1986): StatsProvider: stats_nl_error_callback() 145: NL SOC receive error: No such process
07-28 21:35:27.260 E/ANDR-PERF-LM( 1986): StatsProvider: sendRecvData() 386: nl_recvmsgs failed return=-12
07-28 21:35:27.260 E/ANDR-PERF-LM( 1986): StatsProvider: getPIDStats() 198: sendRecvData returned error = -4
07-28 21:35:27.261 I/cnss-daemon( 2754): nl80211 response handler invoked
07-28 21:35:27.261 I/cnss-daemon( 2754): nl80211_response_handler: cmd 103, vendorID 4980, subcmd 13  received
07-28 21:35:27.262 E/KERNEL  (    0): [688475.859861][ T2694] [cnd][0x409c0c69a7e3][21:35:27.254893] kiwi_v2: [2694:E:HDD] __wlan_hdd_cfg80211_stats_ext_request: Failed to get hw stats: 15
07-28 21:35:27.561 E/ANDR-PERF-LM( 1986): StatsProvider: stats_nl_error_callback() 145: NL SOC receive error: No such process
07-28 21:35:27.561 E/ANDR-PERF-LM( 1986): StatsProvider: sendRecvData() 386: nl_recvmsgs failed return=-12
07-28 21:35:27.562 E/ANDR-PERF-LM( 1986): StatsProvider: getPIDStats() 198: sendRecvData returned error = -4
07-28 21:35:27.796 I/ThermalEngine( 6796): phone-skin-temp Reading 34366 .
07-28 21:35:27.863 E/ANDR-PERF-LM( 1986): StatsProvider: stats_nl_error_callback() 145: NL SOC receive error: No such process
07-28 21:35:27.863 E/ANDR-PERF-LM( 1986): StatsProvider: sendRecvData() 386: nl_recvmsgs failed return=-12
07-28 21:35:27.863 E/ANDR-PERF-LM( 1986): StatsProvider: getPIDStats() 198: sendRecvData returned error = -4
07-28 21:35:27.898 E/KERNEL  (    0): [688476.500585][T18893] [BAT][CHG]asus_jeita_cc_worker set BATTMAN_OEM_WORK_EVENT : WORK_JEITA_CC
07-28 21:35:27.898 I/KERNEL  (    0): [688476.502808][T23950] [BAT][CHG]handle_message set property:11 successfully
07-28 21:35:28.164 E/ANDR-PERF-LM( 1986): StatsProvider: stats_nl_error_callback() 145: NL SOC receive error: No such process
07-28 21:35:28.165 E/ANDR-PERF-LM( 1986): StatsProvider: sendRecvData() 386: nl_recvmsgs failed return=-12
07-28 21:35:28.165 E/ANDR-PERF-LM( 1986): StatsProvider: getPIDStats() 198: sendRecvData returned error = -4
07-28 21:35:28.466 E/ANDR-PERF-LM( 1986): StatsProvider: stats_nl_error_callback() 145: NL SOC receive error: No such process
07-28 21:35:28.466 E/ANDR-PERF-LM( 1986): StatsProvider: sendRecvData() 386: nl_recvmsgs failed return=-12
07-28 21:35:28.466 E/ANDR-PERF-LM( 1986): StatsProvider: getPIDStats() 198: sendRecvData returned error = -4
07-28 21:35:28.709 I/AlarmManager( 1126): setExactAndAllowWhileIdle [name: GCM_HB_ALARM type: 2 triggerAtMillis: 3701143929]
07-28 21:35:28.710 D/AlarmManager( 3158): setImpl: (a) wakeup alarm (app): 10146/com.google.android.gms, action: com.google.android.gms.gcm.HEARTBEAT_ALARM, 3701143929
07-28 21:35:28.720 I/AlarmManager( 1126): setExactAndAllowWhileIdle [name: FcmRetry type: 2 triggerAtMillis: 3700063938]
07-28 21:35:28.720 D/AlarmManager( 3158): setImpl: (a) wakeup alarm (app): 10146/com.google.android.gms, action: com.google.android.chimera.IntentOperation.TARGETED_INTENT, 3700063938
07-28 21:35:28.726 D/CompatChangeReporter( 3158): Compat change id reported: 151861875; UID 10161; state: ENABLED
07-28 21:35:28.726 I/AlarmManager( 1126): setExactAndAllowWhileIdle [name: GCM_HB_ALARM type: 2 triggerAtMillis: 3701143947]
07-28 21:35:28.727 V/GrammaticalInflectionUtils( 3158): AttributionSource: android.content.AttributionSource@e255af83 does not have READ_SYSTEM_GRAMMATICAL_GENDER permission.
07-28 21:35:28.727 D/AlarmManager( 3158): setImpl: (a) wakeup alarm (app): 10146/com.google.android.gms, action: com.google.android.gms.gcm.HEARTBEAT_ALARM, 3701143947
07-28 21:35:28.745 D/Zygote  ( 1829): Forked child process 29116
07-28 21:35:28.746 I/ActivityManager( 3158): Start proc 29116:com.android.chrome/u0a161 for broadcast {com.android.chrome/com.google.firebase.iid.FirebaseInstanceIdReceiver}
07-28 21:35:28.759 I/AlarmManager( 1126): setExactAndAllowWhileIdle [name: GCM_HB_ALARM type: 2 triggerAtMillis: 3701143979]
07-28 21:35:28.759 D/AlarmManager( 3158): setImpl: (a) wakeup alarm (app): 10146/com.google.android.gms, action: com.google.android.gms.gcm.HEARTBEAT_ALARM, 3701143979
07-28 21:35:28.767 E/ANDR-PERF-LM( 1986): StatsProvider: stats_nl_error_callback() 145: NL SOC receive error: No such process
07-28 21:35:28.767 E/ANDR-PERF-LM( 1986): StatsProvider: sendRecvData() 386: nl_recvmsgs failed return=-12
07-28 21:35:28.767 E/ANDR-PERF-LM( 1986): StatsProvider: getPIDStats() 198: sendRecvData returned error = -4
07-28 21:35:28.767 I/.android.chrome(29116): Using CollectorTypeCMC GC.
07-28 21:35:28.769 I/AlarmManager( 1126): setExactAndAllowWhileIdle [name: FcmRetry type: 2 triggerAtMillis: 3700063938]
07-28 21:35:28.769 D/AlarmManager( 3158): setImpl: (a) wakeup alarm (app): 10146/com.google.android.gms, action: com.google.android.chimera.IntentOperation.TARGETED_INTENT, 3700063938
07-28 21:35:28.771 E/.android.chrome(29116): Not starting debugger since process cannot load the jdwp agent.
07-28 21:35:28.774 D/nativeloader(29116): Load libframework-connectivity-tiramisu-jni.so using APEX ns com_android_tethering for caller /apex/com.android.tethering/javalib/framework-connectivity-t.jar: ok
07-28 21:35:28.780 D/CompatibilityInfo( 3158): mCompatibilityFlags - 0
07-28 21:35:28.780 D/CompatibilityInfo( 3158): applicationDensity - 374
07-28 21:35:28.780 D/CompatibilityInfo( 3158): applicationScale - 1.0
07-28 21:35:28.784 D/ForegroundUtils( 8213): Foreground UID status:
07-28 21:35:28.785 D/ForegroundUtils( 8213): UID: 1002 is in foreground: true
07-28 21:35:28.785 D/ForegroundUtils( 8213): UID: 10049 is in foreground: true
07-28 21:35:28.785 D/ForegroundUtils( 8213): UID: 10064 is in foreground: false
07-28 21:35:28.785 D/ForegroundUtils( 8213): UID: 10093 is in foreground: false
07-28 21:35:28.786 D/ForegroundUtils( 8213): UID: 10146 is in foreground: true
07-28 21:35:28.789 D/ForegroundUtils( 8213): UID: 10150 is in foreground: false
07-28 21:35:28.790 D/ForegroundUtils( 8213): UID: 10175 is in foreground: true
