08-03 16:10:10.200  1757  1757 I sensors-hal: set_config:57, sample_period_ns is adjusted to 200000000 based on min/max delay_ns
08-03 16:10:10.200  1757  1757 E sensors-hal: batch:202, [SSC_HAL] batch, type=android.sensor.accelerometer, handle=11, period=200(ms), timeout=2000(ms) request completed
08-03 16:10:10.200  2522  2522 I SensorService: [SensorN] EnableSensorE:type=1(icm4x6xx Accelerometer Non-wakeup),uid=1000,pid=2522,pkg=com.android.server.power.FaceDownDetector
08-03 16:10:10.200  1757  1757 I sensors-hal: activate:177, [HIDL-IMPL] activate Enable handle=11
08-03 16:10:10.200  1757  1757 I sensors-hal: acquire_ssc_interface:93, acquire_ssc_interface with sensor_id 49 , conn_type 2 
08-03 16:10:10.200  2522  4291 D AlarmManager: setImpl: (a) wakeup alarm (app): 10049/com.android.systemui, action: , 419103005
08-03 16:10:10.201 16134 16158 D NotificationListener: NOTIFICATION_POSTED: org.telegram.messenger count: 11
08-03 16:10:10.201  1740  1915 E minksocket: MinkIPC_QRTR_Service: client with node 1 port 798e went down
08-03 16:10:10.201  4458  4475 I bt_shim_scanner: system/main/shim/le_scanning_manager.cc:172 RegisterScanner: in shim layer
08-03 16:10:10.201  1740  1928 E minksocket: MinkIPC_QRTR_Service: client with node 1 port 798e went down
08-03 16:10:10.201  1740  1915 E minksocket: MinkIPC_QRTR_Service: client with node 1 port 798f went down
08-03 16:10:10.202  1740  1915 E minksocket: MinkIPC_QRTR_Service: client with node 1 port 7990 went down
08-03 16:10:10.202  1740  1928 E minksocket: MinkIPC_QRTR_Service: client with node 1 port 798f went down
08-03 16:10:10.202  1740  1928 E minksocket: MinkIPC_QRTR_Service: client with node 1 port 7990 went down
08-03 16:10:10.202  1757  1757 I sensors-hal: ssc_qmi:26, ssc_qmi
08-03 16:10:10.203  1757  1757 I sensors-hal: register_cb:295, register_cb start this=0xb40000743c3cca70x
08-03 16:10:10.203  1757  1757 I sensors-hal: register_cb:311, register_cb End with succes
08-03 16:10:10.203  1757  1757 I sensors-hal: send_sensor_config_request:471, resampler is used, set resampler config
08-03 16:10:10.203  1740  1928 E minksocket: MinkIPC_QRTR_Service: client with node 1 port 7991 went down
08-03 16:10:10.203  1757  1757 I sensors-hal: send_sync_sensor_request:414, send sync request
08-03 16:10:10.203  1757  1757 I sensors-hal: send_sync_sensor_request:424, send_sync_sensor_request before send_request for accel with SUID low=6360260105974108950 high=7037810611998542250
08-03 16:10:10.203  1757  1757 I sensors-hal: send_request:320, send_request start this=0xb40000743c3cca70x 
08-03 16:10:10.203  1740  1915 E minksocket: MinkIPC_QRTR_Service: client with node 1 port 7991 went down
08-03 16:10:10.203  1757  1757 I sensors-hal: send_request:405, send_request completed, this=0xb40000743c3cca70x
08-03 16:10:10.203  1757  1757 I sensors-hal: send_sync_sensor_request:443, wait for notification of response
08-03 16:10:10.203  1606  2402 D BluetoothLeScanner: onScannerRegistered() - status=0 scannerId=1 mScannerId=0
08-03 16:10:10.203  2522  7027 W ParceledListSlice: Element #102 is 17636 bytes.
08-03 16:10:10.203  4458  4475 I BtGatt.ScanHelper: [BLE]start scan with filters. callingPackage: com.google.android.gms|scannerId=1|ScanMode=BALANCED|callbackType=ALL_MATCHES
08-03 16:10:10.204  4380  4380 D KeyguardUpdateMonitor: getUnlockedSubIdForState iRealState = 5 slotId = 1
08-03 16:10:10.204  4380  4380 D KeyguardSecurityModel: getSecurityMode security = 0
08-03 16:10:10.204  4458  4475 I BtGatt.ScanHelper: [BLE]enforcePrivilegedPermissionIfNeeded([BluetoothLeScanFilter [mDeviceName=null, mDeviceAddress=null, mUuid=null, mUuidMask=null, mServiceSolicitationUuid=null, mServiceSolicitationUuidMask=null, mServiceDataUuid=0000feaa-0000-1000-8000-00805f9b34fb, mServiceData=[64], mServiceDataMask=[-16], mManufacturerId=-1, mManufacturerData=null, mManufacturerDataMask=null, mAdvertisingDataType=-1, mAdvertisingData=null, mAdvertisingDataMask=null, mTransportBlockFilter=null, mGroupBasedFiltering=false], BluetoothLeScanFilter [mDeviceName=null, mDeviceAddress=null, mUuid=null, mUuidMask=null, mServiceSolicitationUuid=null, mServiceSolicitationUuidMask=null, mServiceDataUuid=0000fff6-0000-1000-8000-00805f9b34fb, mServiceData=[0], mServiceDataMask=[0], mManufacturerId=-1, mManufacturerData=null, mManufacturerDataMask=null, mAdvertisingDataType=-1, mAdvertisingData=null, mAdvertisingDataMask=null, mTransportBlockFilter=null, mGroupBasedFiltering=false], BluetoothLeScanFilter [mDeviceName=null, mDeviceAddress=null, mUuid=null, mUuidMask=null, mServiceSolicitationUuid=null, mServiceSolicitationUuidMask=null, mServiceDataUuid=0000fe2c-0000-1000-8000-00805f9b34fb, mServiceData=[0], mServiceDataMask=[0], mManufacturerId=-1, mManufacturerData=null, mManufacturerDataMask=null, mAdvertisingDataType=-1, mAdvertisingData=null, mAdvertisingDataMask=null, mTransportBlockFilter=null, mGroupBasedFiltering=false]])
08-03 16:10:10.204  1757 28935 I sensors-hal: ssc_conn_resp_cb:724, resp_value = 0 for accel 
08-03 16:10:10.204  1757 28935 I sensors-hal: handle_resp_cb:507, handle_resp_cb Ended this=0xb40000743c3cca70x
08-03 16:10:10.204  1757  1757 I sensors-hal: send_sync_sensor_request:449, takes 1 ms to receive the response with 0
08-03 16:10:10.204  1757  1757 E sensors-hal: activate:150, [SSC_HAL] activate, type=android.sensor.accelerometer, Enable, handle=11 completed
08-03 16:10:10.205  2522  2522 I SensorService: [SensorN] sensor device activate locked Enable (handle=11) completed
08-03 16:10:10.205  2522  2522 I SensorService: [SensorN] EnableSensorX:type=1(icm4x6xx Accelerometer Non-wakeup),uid=1000,pid=2522,pkg=com.android.server.power.FaceDownDetector
08-03 16:10:10.205  2522  2522 D SensorManager: [+] 1, 1, com.android.server.power.FaceDownDetector@f5d3fd0
08-03 16:10:10.206  2522  2522 I BrightnessSynchronizer: New PendingUpdate: {[243] 0.017252984(f), mUpdatedTypes=0, mConfirmedTypes=0, mTimeUpdated=0}, prev=null
08-03 16:10:10.206  2522  6372 W ParceledListSlice: Element #135 is 21456 bytes.
08-03 16:10:10.206  2522  6372 W ParceledListSlice: Element #136 is 35836 bytes.
08-03 16:10:10.207  2522  6372 W ParceledListSlice: Element #138 is 37716 bytes.
08-03 16:10:10.207  2522  6372 W ParceledListSlice: Element #140 is 17544 bytes.
08-03 16:10:10.207  2522  2522 I ImsPowerCtrl.OpFx: [restore optiflex] speedup: true->true, auto: true->true
08-03 16:10:10.207  2522  2522 I ImsPowerCtrl: Screen On
08-03 16:10:10.208  4458  5257 I bt_shim_scanner: system/main/shim/le_scanning_manager.cc:282 ScanFilterEnable: in shim layer
08-03 16:10:10.208  1606  2518 I NearbyDiscovery: (REDACTED) FastPairScanner: Start scanning, mode=%s
08-03 16:10:10.208  4458  5257 I bt_shim_scanner: system/main/shim/le_scanning_manager.cc:258 ScanFilterAdd: in shim layer
08-03 16:10:10.208  4458  5257 I bt_shim_scanner: system/main/shim/le_scanning_manager.cc:220 ScanFilterParamSetup: in shim layer, clientIf=1
08-03 16:10:10.209  1747  1747 D vendor.qti.bluetooth@1.1-wake_lock: Acquire wakelock is acquired 
08-03 16:10:10.209  4458  5257 I bt_shim_scanner: system/main/shim/le_scanning_manager.cc:258 ScanFilterAdd: in shim layer
08-03 16:10:10.210  4458  5257 I bt_shim_scanner: system/main/shim/le_scanning_manager.cc:220 ScanFilterParamSetup: in shim layer, clientIf=1
08-03 16:10:10.210  4458  5257 I bt_shim_scanner: system/main/shim/le_scanning_manager.cc:258 ScanFilterAdd: in shim layer
08-03 16:10:10.212  4458  5257 I bt_shim_scanner: system/main/shim/le_scanning_manager.cc:220 ScanFilterParamSetup: in shim layer, clientIf=1
08-03 16:10:10.213  4458  5257 I bt_shim_scanner: system/main/shim/le_scanning_manager.cc:185 Scan: in shim layer started
08-03 16:10:10.213  4458  5257 I bt_shim_scanner: system/main/shim/le_scanning_manager.cc:185 Scan: in shim layer stopped
08-03 16:10:10.213  4458  5257 W BtGatt.JNI: android/app/jni/com_android_bluetooth_gatt.cpp:1597 gattSetScanParametersNative: gattSetScanParametersNative
08-03 16:10:10.213  4458  5257 I bt_shim_scanner: system/main/shim/le_scanning_manager.cc:363 SetScanParameters: in shim layer, scannerId=1
08-03 16:10:10.213  4458  5257 I bt_shim_scanner: system/main/shim/le_scanning_manager.cc:185 Scan: in shim layer started
08-03 16:10:10.214  1747  5117 I vendor.qti.bluetooth@1.1-ibs_handler: ProcessIbsCmd: Signal wack_cond_
08-03 16:10:10.214  1747  1747 D vendor.qti.bluetooth@1.1-ibs_handler: DeviceWakeUp: Unblocked from waiting for FC, pthread_cond_timedwait ret = 0
08-03 16:10:10.214  4458  4743 I bluetooth: system/gd/hci/le_scanning_manager.cc:690 stop_scan: Scanning already stopped, return!
08-03 16:10:10.214  4458  4743 I bluetooth: system/gd/hci/le_address_manager.cc:229 register_client: Client registered
08-03 16:10:10.214  4458  4743 I bluetooth: system/gd/hci/le_address_manager.cc:244 unregister_client: Client unregistered
08-03 16:10:10.214  4458  4743 I bluetooth: system/gd/hci/le_scanning_manager.cc:690 stop_scan: Scanning already stopped, return!
08-03 16:10:10.214  4458  4743 I bluetooth: system/gd/hci/le_address_manager.cc:229 register_client: Client registered
08-03 16:10:10.215  2522  4291 W ParceledListSlice: Element #170 is 33444 bytes.
08-03 16:10:10.215  2522  4291 W ParceledListSlice: Element #171 is 32524 bytes.
08-03 16:10:10.218  5375  5572 I ThermalEngine: phone-skin-temp Reading 34447 .
08-03 16:10:10.218  1803  2025 I SDM     : HWDeviceDRM::NullCommit: Null commit succeeded crtc=164
08-03 16:10:10.218     0     0 W KERNEL  : [419098.053032][  T939] [FTS_TS]fts_ts_panel_notifier_callback:Notification type:2, early_trigger:1
08-03 16:10:10.218     0     0 W KERNEL  : [419098.053046][  T939] [FTS_TS]fts_ts_panel_notifier_callback:resume notification pre commit
08-03 16:10:10.218     0     0 W KERNEL  : [419098.053046][  T939]
08-03 16:10:10.218     0     0 I KERNEL  : [419098.053051][  T939] gf3626_spi: [GF][goodix_fp_panel_notifier_callback] Display on
08-03 16:10:10.218     0     0 I KERNEL  : [419098.053095][  T939] [BAT][CHG]Display on
08-03 16:10:10.218     0     0 I KERNEL  : [419098.053245][  T939] [Display][msm-dsi:dsi_display_set_power] exit AOD, enter NOLP
08-03 16:10:10.218  1803  2025 I SDM     : DisplayBase::WaitForCompletion: Wait for cached retire fence to be in steady state
08-03 16:10:10.218  2780  3087 D [GF_HAL][gf_hal_device]: [gf_hal_netlink_recv] send message value=3
08-03 16:10:10.218  2780  3086 D [GF_HAL][gf_hal_device]: [gf_handle_thread] GF_NETLINK_SCREEN_ON
08-03 16:10:10.218  2780  3086 V [GF_HAL][gf_hal]: [gf_hal_screen_on] enter
08-03 16:10:10.218  2780  3086 I [GF_HAL][gf_hal]: [gf_hal_screen_on]
08-03 16:10:10.218  2780  3086 V [GF_HAL][gf_hal_milan]: [hal_milan_screen_on] enter
08-03 16:10:10.218  2780  3086 E [GF_HAL][gf_hal_milan]: [hal_milan_screen_on] milan_screen_state_flag=0, hal_milan_authenticate_flag=0
08-03 16:10:10.218  2780  3086 E [GF_HAL][gf_hal_milan]: [hal_milan_screen_on] skip cmd_auth_resualt
08-03 16:10:10.218  2780  3086 V [GF_HAL][gf_hal_common]: [gf_hal_common_screen_on] enter
08-03 16:10:10.218  2780  3086 V [GF_HAL][gf_hal_common]: [gf_hal_invoke_command_ex] enter
08-03 16:10:10.218  2780  3086 V [GF_HAL][gf_hal_common]: [gf_hal_invoke_command] enter
08-03 16:10:10.218  2780  3086 V [GF_HAL][gf_hal_milan]: [hal_milan_invoke_command] enter
08-03 16:10:10.218  2780  3086 D [gf_ca_entry]: [gf_ca_invoke_command] enter
08-03 16:10:10.218  2780  3086 D [gf_ca_entry]: [gf_ta_send_modified_cmd_req] enter
08-03 16:10:10.218  2780  3086 D [gf_ca_entry]: [gf_ta_send_modified_cmd_req] begin token 161, cmd_id=1017
08-03 16:10:10.218  2780  3086 D [gf_sec_ion]: [gf_sec_ion_malloc] enter
08-03 16:10:10.218  2780  3086 D [gf_sec_ion]: [gf_sec_ion_malloc] gf_sec_ion_malloc data_size = 192
08-03 16:10:10.218  2780  3086 D [gf_sec_ion]: [gf_sec_ion_malloc] exit
08-03 16:10:10.218  2780  3086 D [gf_ca_entry]: [gf_ta_send_modified_cmd_req] whitebox is disabled.
08-03 16:10:10.218  2780  3086 D QSEECOMPAT: DMA_BUF_IOCTL_SYNC found valid dma_buf fd:7
08-03 16:10:10.218  2780  3086 E QSEECOMPAT: invalid fd:0
08-03 16:10:10.218  2780  3086 E QSEECOMPAT: invalid fd:0
08-03 16:10:10.218  2780  3086 E QSEECOMPAT: invalid fd:0
08-03 16:10:10.221  4380  4576 D KeyguardTransitionRepository: (Internal) Setting current transition info: TransitionInfo(ownerName=FromAodTransitionInteractor(listen for aod to awake), from=AOD, to=LOCKSCREEN, animated)
08-03 16:10:10.222     0     0 E KERNEL  : [419098.053449][T24632] [BAT][CHG][ERR]panelOn= 0x1
08-03 16:10:10.222     0     0 I KERNEL  : [419098.054823][T26339] [BAT][CHG]handle_message set property:6 successfully
08-03 16:10:10.222 16591 16637 D QtiRadioAidl: onNrIconTypeChange: slotId = 0, type = 0
08-03 16:10:10.222 16591 16637 D QtiRadioProxy: onNrIconType slotId = 0 NrIconType = NrIconType: 0
08-03 16:10:10.222 16591 16640 D QtiRadioProxyHandler: : handleMessage msg.what = 1
08-03 16:10:10.222 16591 16640 D QtiRadioProxyHandler: : EVENT_ON_NR_ICON_TYPE
08-03 16:10:10.222 16591 16640 D ExtTelephonyServiceImpl: Retrieved callbacks for event = 20 list = [com.qti.extphone.IExtPhoneCallback$Stub$Proxy@417f6d2]
08-03 16:10:10.222 16591 16640 D QtiRadioProxy: onNrIconType: Responding back for transaction = null
08-03 16:10:10.223  4587  4912 D ExtPhoneCallbackListener: handleMessage
08-03 16:10:10.223  4587  4912 D ExtPhoneCallbackListener:  what=0x14 msg={ when=0 what=20 obj=Result{mSlotId=0, mToken=Token: -1, mStatus=Status: 1, mError=0, mData=NrIconType: 0} target=com.qti.extphone.ExtPhoneCallbackListener$1 }
08-03 16:10:10.223  4587  4912 D ExtPhoneCallbackListener: UNIMPLEMENTED: onNrIconType: slotId = 0 token = Token: -1 status = Status: 1 NrIconType = NrIconType: 0
08-03 16:10:10.224  2522  2582 D ActivityManager: Freezer disabled
08-03 16:10:10.224  2522  2582 D ActivityManager: freezer override set to true
08-03 16:10:10.225  4510  4725 W IWlanNetworkService: 125 > Response Processed
08-03 16:10:10.226  4340  4340 D NotificationState: updateList: currentList size = 21
08-03 16:10:10.228     0     0 I KERNEL  : [419098.061886][  T939] [Display][msm-dsi:dsi_display_set_power] enter NOLP succeed (rc=0)
08-03 16:10:10.228  4380  4380 V DozeAsusAlwaysOnDisplay: isShowing: false
08-03 16:10:10.228  4380  8669 V AlwaysOnClient: target SHOWING -> CONNECTED
08-03 16:10:10.228  4380  8669 V AlwaysOnClient: current SHOWING -> CONNECTED
08-03 16:10:10.228  4380  8669 V AlwaysOnConnection: sendMessage: HIDE(5201)
08-03 16:10:10.228  4380  4380 D GlobalActionsImpl: disable displayId:0|state1:16777216state2:0|disabled:false
08-03 16:10:10.228  4380  4380 D GlobalActionsImpl: disable displayId:0|state1:16777216state2:0|disabled:false
08-03 16:10:10.229  4380  8677 I MinTimer: AlwaysOnClient is removed
08-03 16:10:10.231 16591 16637 D QtiOemHookAidl: oemHookRawIndication length=21
08-03 16:10:10.231 16591 16591 D QcrilMsgTunnelIfaceManager: handleMessage what = 0
08-03 16:10:10.231  2522  4291 W ParceledListSlice: Element #51 is 17348 bytes.
08-03 16:10:10.232  2522  4291 W ParceledListSlice: Element #57 is 16432 bytes.
08-03 16:10:10.233  4340  9073 V AlwaysOnService: handleMessage: HIDE_UI(5201)
08-03 16:10:10.233  4340  9073 V FloatingWindowManager: maybeAddOrRemoveView: false, available=true, enabled=true, isUiRequested=false
08-03 16:10:10.233  4340  9073 V FloatingWindowManager: isUiShowing: false
08-03 16:10:10.233  4340  9073 I AlwaysOn:ShowAlwaysOnView:  [V] release() ...
08-03 16:10:10.233  2522  7027 W ParceledListSlice: Element #61 is 17408 bytes.
08-03 16:10:10.234  4340  9073 V BatteryState: removeListener: com.asus.alwayson.style.StyleImage@7b62aaf, size=0
08-03 16:10:10.237  2522  7027 W ParceledListSlice: Element #100 is 17764 bytes.
08-03 16:10:10.237  2522  7027 W ParceledListSlice: Element #101 is 17756 bytes.
08-03 16:10:10.237  2522  6235 D NotificationManagerService$NotificationListeners: Removing active service ComponentInfo{com.asus.alwayson/com.asus.alwayson.receiver.NotificationService}
08-03 16:10:10.237  2522  4291 W ParceledListSlice: Element #102 is 17636 bytes.
08-03 16:10:10.237  2780  3086 D [gf_sec_ion]: [gf_sec_ion_free] enter
08-03 16:10:10.237  2780  3086 D [gf_sec_ion]: [gf_sec_ion_free] gf_sec_ion_free ion_local_flag is not true
08-03 16:10:10.237  2780  3086 D [gf_sec_ion]: [gf_sec_ion_free] exit
08-03 16:10:10.237  2780  3086 D [gf_ca_entry]: [gf_ta_send_modified_cmd_req] exit
08-03 16:10:10.237  2780  3086 D [gf_ca_entry]: [gf_ca_invoke_command] gx_ta_send_modified_cmd_req success
08-03 16:10:10.237  2780  3086 D [gf_ca_entry]: [gf_ca_invoke_command] ta execution succeed
08-03 16:10:10.238  2780  3086 D [gf_ca_entry]: [gf_ca_invoke_command] exit
08-03 16:10:10.238  2780  3086 E [GF_HAL][gf_hal_milan]: [hal_milan_invoke_command] err=GF_SUCCESS, errno=0. reset g_hal_over_current_count to 0!
08-03 16:10:10.238  2780  3086 D [GF_HAL][gf_hal_milan]: [hal_milan_invoke_command] cmd_id=GF_CMD_SCREEN_ON, cmd_id=1017
08-03 16:10:10.238  2780  3086 D [GF_HAL][gf_hal_milan]: [hal_milan_invoke_command] g_mode=MODE_NAV, g_mode=4
08-03 16:10:10.238  2780  3086 D [GF_HAL][gf_hal_milan]: [hal_milan_invoke_command] g_operation=OPERATION_NAV, g_operation=6
08-03 16:10:10.238  2780  3086 V [GF_HAL][gf_hal_milan]: [hal_milan_invoke_command] exit
08-03 16:10:10.238  2780  3086 V [GF_HAL][gf_hal_common]: [gf_hal_invoke_command] exit
08-03 16:10:10.238  2780  3086 V [GF_HAL][gf_hal_common]: [gf_hal_invoke_command_ex] exit
08-03 16:10:10.238  2780  3086 V [GF_HAL][gf_hal_common]: [gf_hal_common_screen_on] exit
08-03 16:10:10.238  2780  3086 V [GF_HAL][gf_hal_milan]: [hal_milan_screen_on] exit
08-03 16:10:10.238  2780  3086 V [GF_HAL][gf_hal]: [gf_hal_screen_on] exit
08-03 16:10:10.238  4340  9073 I StyleImage: Release wakelock due to the end of style
08-03 16:10:10.238 16591 16637 D QtiRadioAidl: onNrIconTypeChange: slotId = 1, type = 0
08-03 16:10:10.238 16591 16637 D QtiRadioProxy: onNrIconType slotId = 1 NrIconType = NrIconType: 0
08-03 16:10:10.238 16591 16640 D QtiRadioProxyHandler: : handleMessage msg.what = 1
08-03 16:10:10.238 16591 16640 D QtiRadioProxyHandler: : EVENT_ON_NR_ICON_TYPE
08-03 16:10:10.239 16591 16640 D ExtTelephonyServiceImpl: Retrieved callbacks for event = 20 list = [com.qti.extphone.IExtPhoneCallback$Stub$Proxy@417f6d2]
08-03 16:10:10.239  4587  5006 D PhoneInterfaceManager: isDataEnabled: true, subId=1
08-03 16:10:10.239 16591 16640 D QtiRadioProxy: onNrIconType: Responding back for transaction = null
08-03 16:10:10.239  4587  4912 D ExtPhoneCallbackListener: handleMessage
08-03 16:10:10.239  4587  4912 D ExtPhoneCallbackListener:  what=0x14 msg={ when=-1ms what=20 obj=Result{mSlotId=1, mToken=Token: -1, mStatus=Status: 1, mError=0, mData=NrIconType: 0} target=com.qti.extphone.ExtPhoneCallbackListener$1 }
08-03 16:10:10.239  4587  4912 D ExtPhoneCallbackListener: UNIMPLEMENTED: onNrIconType: slotId = 1 token = Token: -1 status = Status: 1 NrIconType = NrIconType: 0
08-03 16:10:10.239  2522  6235 W ParceledListSlice: Element #135 is 21456 bytes.
08-03 16:10:10.239  2522  6235 W ParceledListSlice: Element #136 is 35836 bytes.
08-03 16:10:10.240  4587  4587 D QC_RIL_OEM_HOOK: Received Broadcast Intent ACTION_UNSOL_RESPONSE_OEM_HOOK_RAW
08-03 16:10:10.240  4587  4587 D QC_RIL_OEM_HOOK: Oem ID in QCRILHOOK UNSOL RESP is QOEMHOOK
08-03 16:10:10.242  2522  4291 W ParceledListSlice: Element #138 is 37716 bytes.
08-03 16:10:10.242  2522  4291 W ParceledListSlice: Element #140 is 17544 bytes.
08-03 16:10:10.244  4510  4725 W IWlanNetworkService: 126 > Response Processed
08-03 16:10:10.245  2522  7027 V WindowManager: removeIfPossible: Window{c0eb8b7 u0 AlwaysOnDisplay} callers=com.android.server.wm.WindowManagerService.removeClientToken:2449 com.android.server.wm.Session.remove:295 android.view.IWindowSession$Stub.onTransact:700 com.android.server.wm.Session.onTransact:227 android.os.Binder.execTransactInternal:1505 
08-03 16:10:10.245  2522  7027 W InputManager-JNI: Input channel object 'c0eb8b7 AlwaysOnDisplay (client)' was disposed without first being removed with the input manager!
08-03 16:10:10.245  2522  7027 V WindowManager: Remove Window{c0eb8b7 u0 AlwaysOnDisplay}: mSurfaceController=Surface(name=AlwaysOnDisplay)/@0x5aa46d8 mAnimatingExit=false mRemoveOnExit=false mHasSurface=true surfaceShowing=true animating=false app-animation=false mDisplayFrozen=false callers=com.android.server.wm.WindowManagerService.removeClientToken:2449 com.android.server.wm.Session.remove:295 android.view.IWindowSession$Stub.onTransact:700 com.android.server.wm.Session.onTransact:227 android.os.Binder.execTransactInternal:1505 android.os.Binder.execTransact:1444 
08-03 16:10:10.245  2522  7027 I WindowManager: SURFACE DESTROY: Window{c0eb8b7 u0 AlwaysOnDisplay}. java.lang.RuntimeException
08-03 16:10:10.245  2522  7027 I WindowManager: Destroying surface Surface(name=AlwaysOnDisplay)/@0x5aa46d8 called by com.android.server.wm.WindowStateAnimator.destroySurface:675 com.android.server.wm.WindowStateAnimator.destroySurfaceLocked:381 com.android.server.wm.WindowState.removeImmediately:2419 com.android.server.wm.WindowState.removeIfPossible:2583 com.android.server.wm.WindowManagerService.removeClientToken:2449 com.android.server.wm.Session.remove:295 android.view.IWindowSession$Stub.onTransact:700 com.android.server.wm.Session.onTransact:227 
08-03 16:10:10.246  2522  7027 V WindowManager: postWindowRemoveCleanupLocked: Window{c0eb8b7 u0 AlwaysOnDisplay}
08-03 16:10:10.246  2522  6372 W ParceledListSlice: Element #170 is 33444 bytes.
08-03 16:10:10.246  2522  6372 W ParceledListSlice: Element #171 is 32524 bytes.
08-03 16:10:10.246  2522  7027 V WindowManager: Removing Window{c0eb8b7 u0 AlwaysOnDisplay} from WindowToken{762af51 type=2015 android.os.BinderProxy@ce022ea}
08-03 16:10:10.247  2522  7027 V WindowManager: findFocusedWindow: Found new focus @ Window{d6e5734 u0 NotificationShade}
08-03 16:10:10.249  4340  4340 D NotificationState: {(com.instagram.android, 0)=2, (com.instagram.barcelona, 0)=8, (android, -1)=3, (com.google.android.calendar, 0)=2, (com.google.android.youtube, 0)=7, (com.asus.powersaver, 0)=2, (com.google.android.apps.tasks, 0)=22, (gogolook.callgogolook2, 0)=1, (com.discord, 0)=26, (com.google.android.apps.maps, 0)=4, (com.google.android.gm, 0)=17, (org.cwb, 0)=22, (com.linkedin.android, 0)=13, (com.google.android.gms, 0)=5, (tv.twitch.android.app, 0)=26, (com.facebook.katana, 0)=4, (org.telegram.messenger, 0)=8, (com.ubercab.eats, 0)=11, (com.valvesoftware.android.steam.community, 0)=1, (com.android.providers.downloads, 0)=12, (com.google.android.googlequicksearchbox, 0)=2}
08-03 16:10:10.252     0     0 W KERNEL  : [419098.086338][  T939] [FTS_TS]fts_ts_panel_notifier_callback:Notification type:2, early_trigger:0
08-03 16:10:10.252     0     0 W KERNEL  : [419098.086377][T15855] [FTS_TS]fts_ts_resume: Enter
08-03 16:10:10.251  1803  2025 I SDM     : DisplayBase::WaitForCompletion: Cached retire fence is in ready state
08-03 16:10:10.252     0     0 I KERNEL  : [419098.086389][T15855] [FTS_TS/I]fts_ts_resume:Is enter gesture mode 0
08-03 16:10:10.252     0     0 W KERNEL  : [419098.086390][T15855] [FTS_TS]fts_power_source_ctrl:regulator enable !
08-03 16:10:10.251  1803  2025 I SDM     : DisplayBase::SetDisplayState: active 1-1 state 1-1 pending_power_state_ 0
08-03 16:10:10.252  4340  4340 W NotificationState: getActiveNotifications is failed: java.lang.SecurityException: Disallowed call from unknown notification listener: android.service.notification.INotificationListener$Stub$Proxy@9d98421 class android.service.notification.INotificationListener$Stub$Proxy
08-03 16:10:10.252  1803  2025 D IRIS_LOG_SERV: SetPowerMode-2,0
08-03 16:10:10.252  1803  2025 E IRIS_LOG_IO: irisConfigureGetIoctl(56) failed: -1
08-03 16:10:10.252  1803  2025 E IRIS_LOG_SERV: can not get IRIS_ANALOG_BYPASS_MODE!
08-03 16:10:10.252  1803  2025 D IRIS_LOG_SERV: default mode: IRIS_SERVICE_MODE_BYPASS
08-03 16:10:10.252  1900  1900 D SurfaceFlinger: [Display] FPS, resuming
08-03 16:10:10.252  1900  1900 D SurfaceFlinger: Finished setting power mode 2 on display 4630947220766978691
08-03 16:10:10.252  1900  2047 E SurfaceFlinger: [Display] FPS, resumed
08-03 16:10:10.253  1900  1900 W Layer   : gatherBufferInfo: Received unknown dataspace from gralloc
08-03 16:10:10.253  4340  4340 D NotificationState: updateList: currentList size = 0
08-03 16:10:10.253  4340  4340 D GameModeHandler: ForwardReceiver onReceive: android.intent.action.SCREEN_ON
08-03 16:10:10.254  2522  4237 D InadvertentTouchController: <MSG_DISPLAY_CHANGED> mInadvertentTouchEnable or mCompleteSetupWizard false. return
08-03 16:10:10.254  2522  2543 D DisplayManagerService: Ignore redundant display event 0/2 to 10149/17772
08-03 16:10:10.254  1887  2052 V AudioFlinger: setParameters(): io 0, keyvalue screen_state=on, calling pid 2522 calling uid 1000
08-03 16:10:10.254  1887  2052 V AudioFlinger: setParameters: filtered keyvalue screen_state=on
08-03 16:10:10.254  2522  2543 D DisplayManagerService: Ignore redundant display event 0/2 to 10161/24790
08-03 16:10:10.255  2522  2543 D DisplayManagerService: Ignore redundant display event 0/2 to 10115/26391
08-03 16:10:10.255  2522  2543 D DisplayManagerService: Ignore redundant display event 0/2 to 10218/26427
08-03 16:10:10.255  2522  2543 D DisplayManagerService: Ignore redundant display event 0/2 to 10217/27488
08-03 16:10:10.255  2522  2543 D DisplayManagerService: Ignore redundant display event 0/2 to 10241/30308
08-03 16:10:10.255  2522  2537 V WindowManager: findFocusedWindow: Found new focus @ Window{d6e5734 u0 NotificationShade}
08-03 16:10:10.255  2522  2541 D WindowManager: DeferredDisplayUpdater: partially applying DisplayInfo immediately
08-03 16:10:10.255  1746 10450 D AHAL: AudioDevice: SetParameters: 1535: enter: screen_state=on
08-03 16:10:10.256  1746 10450 D AHAL: AudioVoice: VoiceSetParameters: 100: Enter params: screen_state=on
08-03 16:10:10.256  1746 10450 D AHAL: AudioVoice: VoiceSetParameters: 321: Exit ret: 0
08-03 16:10:10.256  1746 10450 D AHAL: hfp: hfp_set_parameters: 444: enter
08-03 16:10:10.256  1746 10450 D AHAL: FM: fm_set_parameters: 261: Enter
08-03 16:10:10.256  1746 10450 D AHAL: FM: fm_set_parameters: 319: exit
08-03 16:10:10.256  1746 10450 D AHAL: AudioDevice: SetParameters: 1597:  - screen = on
08-03 16:10:10.256  1746 10450 I PAL: ResourceManager: setParameter: 8840: Screen State:1
08-03 16:10:10.256  1746 10450 D AHAL: AudioDevice: SetParameters: 2269: exit: screen_state=on
08-03 16:10:10.257  1887  2052 V AudioFlinger: setVolLimitParameters(): keyvalue screen_state=on, calling pid 2522 calling uid 1000
08-03 16:10:10.258  4380  4787 D ScreenDecorations: onDisplayChanged mRotation:0|newRotation:0
08-03 16:10:10.262  4340  4340 W NotificationState: updateList before register
08-03 16:10:10.262  4340  4340 W NotificationState: updateList before register
08-03 16:10:10.262  4340  4340 D GameGenieHandler: GameGenieReceiver onReceive: android.intent.action.SCREEN_ON
08-03 16:10:10.262  4340  4340 D GameGenieHandler: handleLockUnlock action: android.intent.action.SCREEN_ON, mKeepEsportsModeAfterResume: false
08-03 16:10:10.263  2522  4401 D WindowManager: finishDrawingWindow: Window{d6e5734 u0 NotificationShade} mDrawState=DRAW_PENDING
08-03 16:10:10.265  4380  4380 D DozeAsusAlwaysOnDisplay: onDisplayChanged 2
08-03 16:10:10.265  4380  4380 D NotificationListener: onNotificationPosted: org.telegram.messenger, isGroup|isAppGroup: true|true
08-03 16:10:10.265  4510  4725 W IWlanNetworkService: 127 > Response Processed
08-03 16:10:10.265  4380  4380 D NotificationListener: onNotificationPosted: org.telegram.messenger, isGroup|isAppGroup: true|true
08-03 16:10:10.265  4380  4380 D AsusNotificationManager: setImeWindowStatus mIsImeShowing: false
08-03 16:10:10.265  4380  4380 D EdgeBackGestureHandler: SysUi flags: 2013266118->2013266116
08-03 16:10:10.265  4380  4380 D NavigationBar: Navigation bar WINDOW_STATE_SHOWING
08-03 16:10:10.266  4380  4380 I KeyguardTransitionRepository: STARTED transition: TransitionStep(from=AOD, to=LOCKSCREEN, value=0.0, transitionState=STARTED, ownerName=FromAodTransitionInteractor(listen for aod to awake))
08-03 16:10:10.266  2522  2544 V WindowManager: commitVisibility: WallpaperWindowToken{ca3f9a5 token=android.os.Binder@d909b9c}: visible=false mVisibleRequested=true
08-03 16:10:10.266  4380  4380 D DeviceEntryFaceAuthInteractor: runFaceAuth, uiEvent: Face auth stopped or started due to keyguard visibility changed., isLockedOut: false
08-03 16:10:10.266  4380  4380 D DeviceEntryFaceAuthRepository: requestAuthenticate, canRunFaceAuth: false, canRunDetection: false, cancellationInProgress: false, fallbackToDetection: true
08-03 16:10:10.267  2522  2544 V WindowManager: setClientVisible: WallpaperWindowToken{ca3f9a5 token=android.os.Binder@d909b9c} clientVisible=true Callers=com.android.server.wm.WallpaperWindowToken.setVisible:194 com.android.server.wm.WallpaperWindowToken.commitVisibility:244 com.android.server.wm.WallpaperWindowToken.setVisibility:232 com.android.server.wm.WallpaperWindowToken.updateWallpaperWindows:158 com.android.server.wm.WallpaperController.updateWallpaperTokens:893 
08-03 16:10:10.267  2522  2544 I WindowManager: commitFinishDrawingLocked: mDrawState=READY_TO_SHOW Surface(name=NotificationShade)/@0x3403432
08-03 16:10:10.267  2522  2544 I WindowManager: Cancelling animation restarting=false for Window{d6e5734 u0 NotificationShade}
08-03 16:10:10.267  2522  2544 V WindowManager: performShowLocked: mDrawState=HAS_DRAWN in Window{d6e5734 u0 NotificationShade}
08-03 16:10:10.269     0     0 W KERNEL  : [419098.103575][T15855] [FTS_TS]fts_reset_proc:tp reset
08-03 16:10:10.271  4510  4725 W IWlanNetworkService: 128 > Response Processed
08-03 16:10:10.271  2522  3130 I DisplayPowerController2[0]: Unblocked screen on after 92 ms
08-03 16:10:10.271  2522  4401 I SensorService: [SensorN] createSensorEventConnection: uid=10050,pid=4502,pkg=android.view.OrientationEventListener,opPkg=com.dirac.acs
08-03 16:10:10.272  1757  1757 I sensors-hal: batch:185, [HIDL-IMPL] batch period=200(ms) handle=11
08-03 16:10:10.272  1757  1757 I sensors-hal: set_config:57, sample_period_ns is adjusted to 200000000 based on min/max delay_ns
08-03 16:10:10.272  1757  1757 E sensors-hal: update_config:567, [SSC_HAL] update config for icm4x6xx Accelerometer Non-wakeup
08-03 16:10:10.272  1757  1757 E sensors-hal: update_config:569, [SSC_HAL] update config get mutex for icm4x6xx Accelerometer Non-wakeup
08-03 16:10:10.272  1757  1757 I sensors-hal: send_sensor_config_request:471, resampler is used, set resampler config
08-03 16:10:10.272  1757  1757 I sensors-hal: send_sync_sensor_request:414, send sync request
08-03 16:10:10.272  1757  1757 I sensors-hal: send_sync_sensor_request:424, send_sync_sensor_request before send_request for accel with SUID low=6360260105974108950 high=7037810611998542250
08-03 16:10:10.272  1757  1757 I sensors-hal: send_request:320, send_request start this=0xb40000743c3cca70x 
08-03 16:10:10.272  1757  1757 I sensors-hal: send_request:405, send_request completed, this=0xb40000743c3cca70x
08-03 16:10:10.272  1757  1757 I sensors-hal: send_sync_sensor_request:443, wait for notification of response
08-03 16:10:10.272  2522  3130 D DisplayPowerController2[0]: ASUS BL Apply manual brightness. autoBrightnessEnabled:true brightnessState:0.0, currentBrightnessSetting: 0.0
08-03 16:10:10.273  2522  3130 D DisplayPowerController2[0]: ASUS BL Apply manual brightness. autoBrightnessEnabled:true brightnessState:0.0, currentBrightnessSetting: 0.0
08-03 16:10:10.273  2522  4033 I MR2ServiceImpl: Updating composite discovery preference | preference: RouteDiscoveryRequest{ preferredFeatures={}, activeScan=false }, active routers: []
08-03 16:10:10.273  4380  5128 V KeyguardService: onScreenTurnedOn()
08-03 16:10:10.273  2522  2541 D WindowManager: MSG_UPDATE_ORIENTATION_LISTENER
08-03 16:10:10.273  2522  2541 D WindowManager: MSG_UPDATE_ORIENTATION_LISTENER
08-03 16:10:10.274  1757 28935 I sensors-hal: ssc_conn_resp_cb:724, resp_value = 0 for accel 
08-03 16:10:10.274  1757 28935 I sensors-hal: handle_resp_cb:507, handle_resp_cb Ended this=0xb40000743c3cca70x
08-03 16:10:10.274     0     0 I KERNEL  : [419098.108289][    T1] init: processing action (vendor.screen.turning-off=*) from (/vendor/etc/init/hw/init.asus.rc:532)
08-03 16:10:10.274  2522  3130 I DreamManagerService: Gently waking up from dream.
08-03 16:10:10.274  1757  1757 I sensors-hal: send_sync_sensor_request:449, takes 1 ms to receive the response with 0
08-03 16:10:10.274  1757  1757 E sensors-hal: update_config:571, [SSC_HAL] update config for icm4x6xx Accelerometer Non-wakeup completed
08-03 16:10:10.274  1757  1757 E sensors-hal: batch:202, [SSC_HAL] batch, type=android.sensor.accelerometer, handle=11, period=200(ms), timeout=0(ms) request completed
08-03 16:10:10.274  1757  1757 I sensors-hal: flush:192, [HIDL-IMPL] flush handle=11
08-03 16:10:10.274  1757  1757 I sensors-hal: send_sync_sensor_request:414, send sync request
08-03 16:10:10.274  1757  1757 I sensors-hal: send_sync_sensor_request:424, send_sync_sensor_request before send_request for accel with SUID low=6360260105974108950 high=7037810611998542250
08-03 16:10:10.274  1757  1757 I sensors-hal: send_request:320, send_request start this=0xb40000743c3cca70x 
08-03 16:10:10.274  1757  1757 I sensors-hal: send_request:405, send_request completed, this=0xb40000743c3cca70x
08-03 16:10:10.274  1757  1757 I sensors-hal: send_sync_sensor_request:443, wait for notification of response
08-03 16:10:10.275  1757 28935 I sensors-hal: ssc_conn_resp_cb:724, resp_value = 0 for accel 
08-03 16:10:10.275  1757 28935 I sensors-hal: handle_resp_cb:507, handle_resp_cb Ended this=0xb40000743c3cca70x
08-03 16:10:10.275  1757  1757 I sensors-hal: send_sync_sensor_request:449, takes 0 ms to receive the response with 0
08-03 16:10:10.275  1757  1757 E sensors-hal: flush:232, [SSC_HAL] flush, type=android.sensor.accelerometer, handle=11 completed
08-03 16:10:10.275     0     0 I KERNEL  : [419098.108946][ T2025] [Display][msm-dsi:dsi_panel_update_backlight] [from] set bl=1
08-03 16:10:10.275  2522  4401 I SensorService: [SensorN] EnableSensorE:type=1(icm4x6xx Accelerometer Non-wakeup),uid=10050,pid=4502,pkg=android.view.OrientationEventListener
08-03 16:10:10.276  2522  4401 I SensorService: [SensorN] EnableSensorX:type=1(icm4x6xx Accelerometer Non-wakeup),uid=10050,pid=4502,pkg=android.view.OrientationEventListener
08-03 16:10:10.276  4502  4502 D SensorManager: [+] 1, 1, android.view.OrientationEventListener$SensorEventListenerImpl@6b3b609
08-03 16:10:10.276  2522  2541 I SensorService: [SensorN] createSensorEventConnection: uid=1000,pid=2522,pkg=com.android.server.wm.WindowOrientationListener$AccelSensorJudge,opPkg=android
08-03 16:10:10.276  1757  1757 I sensors-hal: batch:185, [HIDL-IMPL] batch period=66(ms) handle=11
08-03 16:10:10.276  1757  1757 I sensors-hal: set_config:57, sample_period_ns is adjusted to 66667000 based on min/max delay_ns
08-03 16:10:10.276  1757  1757 E sensors-hal: update_config:567, [SSC_HAL] update config for icm4x6xx Accelerometer Non-wakeup
08-03 16:10:10.276  1757  1757 E sensors-hal: update_config:569, [SSC_HAL] update config get mutex for icm4x6xx Accelerometer Non-wakeup
08-03 16:10:10.276  1757  1757 I sensors-hal: send_sensor_config_request:471, resampler is used, set resampler config
08-03 16:10:10.276  1757  1757 I sensors-hal: send_sync_sensor_request:414, send sync request
08-03 16:10:10.276  1757  1757 I sensors-hal: send_sync_sensor_request:424, send_sync_sensor_request before send_request for accel with SUID low=6360260105974108950 high=7037810611998542250
08-03 16:10:10.277  1757  1757 I sensors-hal: send_request:320, send_request start this=0xb40000743c3cca70x 
08-03 16:10:10.277  1757  1757 I sensors-hal: send_request:405, send_request completed, this=0xb40000743c3cca70x
08-03 16:10:10.277  1757  1757 I sensors-hal: send_sync_sensor_request:443, wait for notification of response
08-03 16:10:10.277  4380  4380 W View    : requestLayout() improperly called by com.android.systemui.statusbar.policy.Clock{b075efa V.ED..... ......ID 0,-16-84,98 #7f0b0243 app:id/clock} during layout: running second layout pass
08-03 16:10:10.277  4380  4380 W View    : requestLayout() improperly called by com.android.systemui.statusbar.phone.StatusIconContainer{a12a177 V.E...... ......ID 0,31-166,82 #7f0b0871 app:id/statusIcons} during layout: running second layout pass
08-03 16:10:10.277  2522  3851 D KeyLayoutMap: mapKey: scanCode=116, usageCode=0x00000000 ~ Result keyCode=26, outFlags=0x00000000.
08-03 16:10:10.277  2522  3851 D InputDispatcher: notifyKey - id=2622ffc7, eventTime=419098082185000, deviceId=5, source=KEYBOARD, displayId=-1policyFlags=0x0, action=UP, flags=0x8, keyCode=26, scanCode=0x74, metaState=0x0, downTime=419097933988000
08-03 16:10:10.277  2522  3611 D WindowManager: finishDrawingWindow: Window{d6e5734 u0 NotificationShade} mDrawState=HAS_DRAWN
08-03 16:10:10.277     0     0 W KERNEL  : [419098.111965][  T797] [keypad][pm8941-pwrkey.c] keycode=116, state=release
08-03 16:10:10.278  1757 28935 I sensors-hal: ssc_conn_resp_cb:724, resp_value = 0 for accel 
08-03 16:10:10.278  1757 28935 I sensors-hal: handle_resp_cb:507, handle_resp_cb Ended this=0xb40000743c3cca70x
08-03 16:10:10.278  1757  1757 I sensors-hal: send_sync_sensor_request:449, takes 1 ms to receive the response with 0
08-03 16:10:10.278  1757  1757 E sensors-hal: update_config:571, [SSC_HAL] update config for icm4x6xx Accelerometer Non-wakeup completed
08-03 16:10:10.278  1757  1757 E sensors-hal: batch:202, [SSC_HAL] batch, type=android.sensor.accelerometer, handle=11, period=66(ms), timeout=100(ms) request completed
08-03 16:10:10.278  1757  1757 I sensors-hal: flush:192, [HIDL-IMPL] flush handle=11
08-03 16:10:10.278  1757  1757 I sensors-hal: send_sync_sensor_request:414, send sync request
08-03 16:10:10.278  1757  1757 I sensors-hal: send_sync_sensor_request:424, send_sync_sensor_request before send_request for accel with SUID low=6360260105974108950 high=7037810611998542250
08-03 16:10:10.278  1757  1757 I sensors-hal: send_request:320, send_request start this=0xb40000743c3cca70x 
08-03 16:10:10.278  1757  1757 I sensors-hal: send_request:405, send_request completed, this=0xb40000743c3cca70x
08-03 16:10:10.278  1757  1757 I sensors-hal: send_sync_sensor_request:443, wait for notification of response
08-03 16:10:10.278  4380  5128 V KeyguardService: onFinishedWakingUp()
08-03 16:10:10.278  4609  4609 E DPMJ    : |SERVICE| sendScreenState state  trueand int value 1
08-03 16:10:10.279  1757 28935 I sensors-hal: ssc_conn_resp_cb:724, resp_value = 0 for accel 
08-03 16:10:10.279  1757 28935 I sensors-hal: handle_resp_cb:507, handle_resp_cb Ended this=0xb40000743c3cca70x
08-03 16:10:10.279  1757  1757 I sensors-hal: send_sync_sensor_request:449, takes 0 ms to receive the response with 0
08-03 16:10:10.279  1757  1757 E sensors-hal: flush:232, [SSC_HAL] flush, type=android.sensor.accelerometer, handle=11 completed
08-03 16:10:10.279  4380  5035 V FpEarlyWakeUp: request false, reason=WAKING_UP_POWER_KEY
08-03 16:10:10.279  2522  2541 I SensorService: [SensorN] EnableSensorE:type=1(icm4x6xx Accelerometer Non-wakeup),uid=1000,pid=2522,pkg=com.android.server.wm.WindowOrientationListener$AccelSensorJudge
08-03 16:10:10.279  2522  2541 I SensorService: [SensorN] EnableSensorX:type=1(icm4x6xx Accelerometer Non-wakeup),uid=1000,pid=2522,pkg=com.android.server.wm.WindowOrientationListener$AccelSensorJudge
08-03 16:10:10.279  2522  2541 D SensorManager: [+] 2, 1, com.android.server.wm.WindowOrientationListener$AccelSensorJudge@5f72514
08-03 16:10:10.280  4380  5125 V SmartKeyHandler: handleNavigationKey: 837
08-03 16:10:10.280  4380  5125 I SmartCoverHandler: handleSystemKey: 837
08-03 16:10:10.280  4380  5125 I InstantCameraShortcutHandler: handleSystemKey: 837
08-03 16:10:10.280  4380  5125 V SmartKeyHandler: handleNavigationKey: 26
08-03 16:10:10.280  4380  5125 I SmartCoverHandler: handleSystemKey: 26
08-03 16:10:10.280  4380  5125 I InstantCameraShortcutHandler: handleSystemKey: 26
08-03 16:10:10.281  4380  5035 V FpEarlyWakeUp: request false, reason=KEY_FINGERPRINT_POWER
08-03 16:10:10.281  4380  5035 V FpEarlyWakeUp: request false, reason=KEY_POWER_KEY
08-03 16:10:10.281  2522  4401 W ParceledListSlice: Element #3 is 32520 bytes.
08-03 16:10:10.282 16591 16591 D DeviceStatisticsService: onReceive: action= android.intent.action.SCREEN_ON
08-03 16:10:10.282 16591 16591 D DeviceStatisticsService: Send device is interactive
08-03 16:10:10.282 16591 16591 D DeviceInfoAidlClient: getDeviceInfoSupportStatus()=1
08-03 16:10:10.282 16591 16591 D DeviceInfoAidlClient: isRadioOn()=true
08-03 16:10:10.282 16591 16591 I DeviceInfoAidlClient: deviceState=2
08-03 16:10:10.282  4380  4380 D DozeAsusAlwaysOnDisplay: onDisplayChanged 2
08-03 16:10:10.282  4380  4380 D SystemUILog|notification: NotificationListener:onNotificationPosted: org.telegram.messenger, isGroup|isAppGroup: true|true
08-03 16:10:10.282  4380  4380 D InterruptionStateProvider: updateIsBlockable isImportanceLockedByCriticalDeviceFunction pkg: android
08-03 16:10:10.282  4380  4380 D InterruptionStateProvider: updateIsBlockable isImportanceLockedByCriticalDeviceFunction pkg: com.asus.powersaver
08-03 16:10:10.282  4380  4380 D InterruptionStateProvider: updateIsBlockable isImportanceLockedByCriticalDeviceFunction pkg: android
08-03 16:10:10.282  4380  4380 D InterruptionStateProvider: updateIsBlockable isImportanceLockedByCriticalDeviceFunction pkg: android
08-03 16:10:10.282  4380  4380 D InterruptionStateProvider: updateIsBlockable isImportanceLockedByCriticalDeviceFunction pkg: com.asus.powersaver
08-03 16:10:10.282  4380  4380 D InterruptionStateProvider: isBlockable pkg: android
08-03 16:10:10.282  4380  4380 D InterruptionStateProvider: isBlockable pkg: android
08-03 16:10:10.282  4380  4380 D InterruptionStateProvider: isBlockable pkg: android
08-03 16:10:10.282  4380  4380 D InterruptionStateProvider: isBlockable pkg: com.asus.powersaver
08-03 16:10:10.282  4380  4380 D InterruptionStateProvider: isBlockable pkg: com.asus.powersaver
08-03 16:10:10.283  4380  4380 D SystemUILog: AsusNotificationManager:onNotificationRankingUpdate
08-03 16:10:10.283  4380  4380 D MinimalistNotificationController: onNotificationRankingUpdate
08-03 16:10:10.283  4380  4380 D PhoneNoticeController: updatePhoneNotice mIsShowPhoneNotice: false, mIsShowNotification: false, mIsAsusInCallUIVisible: false, shouldFilter: false
08-03 16:10:10.283  4380  4380 D MinimalistNotificationController: isShowing:false | isAnswering():false
08-03 16:10:10.283 16591 16591 D QC_RIL_OEM_HOOK: Received Broadcast Intent ACTION_UNSOL_RESPONSE_OEM_HOOK_RAW
08-03 16:10:10.284 16591 16591 D QC_RIL_OEM_HOOK: Oem ID in QCRILHOOK UNSOL RESP is QOEMHOOK
08-03 16:10:10.284 16591 16591 D QC_RIL_OEM_HOOK: Received Broadcast Intent ACTION_UNSOL_RESPONSE_OEM_HOOK_RAW
08-03 16:10:10.284 16591 16591 D QC_RIL_OEM_HOOK: Oem ID in QCRILHOOK UNSOL RESP is QOEMHOOK
08-03 16:10:10.284  4380  4380 D SystemUILog|notification: NotificationListener:onNotificationPosted: org.telegram.messenger, isGroup|isAppGroup: true|true
08-03 16:10:10.284  4380  4380 D InterruptionStateProvider: updateIsBlockable isImportanceLockedByCriticalDeviceFunction pkg: android
08-03 16:10:10.284  4380  4380 D InterruptionStateProvider: updateIsBlockable isImportanceLockedByCriticalDeviceFunction pkg: com.asus.powersaver
08-03 16:10:10.284  4380  4380 D InterruptionStateProvider: updateIsBlockable isImportanceLockedByCriticalDeviceFunction pkg: android
08-03 16:10:10.284  4380  4380 D InterruptionStateProvider: updateIsBlockable isImportanceLockedByCriticalDeviceFunction pkg: android
08-03 16:10:10.284  4380  4380 D InterruptionStateProvider: updateIsBlockable isImportanceLockedByCriticalDeviceFunction pkg: com.asus.powersaver
08-03 16:10:10.285  4380  4380 D InterruptionStateProvider: isBlockable pkg: android
08-03 16:10:10.285  4380  4380 D InterruptionStateProvider: isBlockable pkg: android
08-03 16:10:10.285  4380  4380 D InterruptionStateProvider: isBlockable pkg: android
08-03 16:10:10.285  4380  4380 D InterruptionStateProvider: isBlockable pkg: com.asus.powersaver
08-03 16:10:10.285  4380  4380 D InterruptionStateProvider: isBlockable pkg: com.asus.powersaver
08-03 16:10:10.285  4380  4380 D SystemUILog: AsusNotificationManager:onNotificationRankingUpdate
08-03 16:10:10.285  4380  4380 D MinimalistNotificationController: onNotificationRankingUpdate
08-03 16:10:10.285  4380  4380 D PhoneNoticeController: updatePhoneNotice mIsShowPhoneNotice: false, mIsShowNotification: false, mIsAsusInCallUIVisible: false, shouldFilter: false
08-03 16:10:10.285  4380  4380 D MinimalistNotificationController: isShowing:false | isAnswering():false
08-03 16:10:10.286  2522  2522 D Telecom : AsusTelephonyUtils: isSupportSmartVolumeElseAIRingtoneFeature(): return true, APILevelMoreThan27 = true
08-03 16:10:10.286  2522  2522 D Telecom : AsusTelephonyUtils: isAPILevelMoreThan28(): return true
08-03 16:10:10.288  4340  8523 D ScheduledCharging: processData protection:0, plug:0, unplug:0, bat:0, mThresholdBatLv100:1.0, mNotificationFlag:false CurrentBat:1.0 acPlug:true
08-03 16:10:10.291  4340  4340 D SuspiciousAppDetectionSvc: Receive SCREEN ON intent
08-03 16:10:10.291  4340  4340 D SuspiciousAppDetectionSvc: cancelExactAlarm
08-03 16:10:10.294  2522  7027 W ParceledListSlice: Element #3 is 32520 bytes.
08-03 16:10:10.296 26391 26391 I LoadedApk: Performing receive of Intent { act=android.intent.action.SCREEN_ON flg=0x50200010 }, receiver=X.7h8@482fdd, duration=26
08-03 16:10:10.298 30482 30487 I k.callgogolook2: Background concurrent mark compact GC freed 18MB AllocSpace bytes, 138(13MB) LOS objects, 75% free, 10MB/42MB, paused 469us,2.545ms total 114.321ms
08-03 16:10:10.300  2522  3980 D WifiStaIfaceHidlImpl: getCachedScanData is not implemented by HIDL
08-03 16:10:10.303  4587  5003 D PhoneInterfaceManager: isDataEnabled: true, subId=1
08-03 16:10:10.303  4380  4380 V SysUiUserPresentManager: Is device interactive: false -> true
08-03 16:10:10.304  4380  4380 D EventBus: No subscribers registered for event class com.asus.systemui.SysUiUserPresentManager$IsDeviceInteractiveMessageEvent
08-03 16:10:10.304  4380  4380 D EventBus: No subscribers registered for event class org.greenrobot.eventbus.NoSubscriberEvent
08-03 16:10:10.304  4380  4380 V SysUiUserPresentManager: Is user present: false -> false
08-03 16:10:10.305  2522  6371 I DreamManagerService: Leaving dreamland.
08-03 16:10:10.305  2522  6372 W ContextImpl: Calling a method in the system process without a qualified user: android.app.ContextImpl.sendBroadcastMultiplePermissions:1299 android.content.Context.sendBroadcastMultiplePermissions:2522 com.android.server.TelephonyRegistry.broadcastServiceStateChanged:3769 com.android.server.TelephonyRegistry.notifyServiceStateForPhoneId:1775 com.android.internal.telephony.ITelephonyRegistry$Stub.onTransact:553 
08-03 16:10:10.309  2522  2540 I DreamController: Stopping dream: name=ComponentInfo{com.android.systemui/com.android.systemui.doze.DozeService}, isPreviewMode=false, canDoze=true, userId=0, reason='finished self'(from 'power manager request')
08-03 16:10:10.309  4380  4380 D EdgeBackGestureHandler: SysUi flags: 2013266116->1476395204
08-03 16:10:10.310  4380  4380 D GlobalActionsToast: clearToast by:handleSystemKey:KeyEvent { action=ACTION_UP, keyCode=837, scanCode=0, metaState=0, flags=0x8, repeatCount=0, eventTime=419098082000000, downTime=419098082000000, deviceId=-1, source=0x101, displayId=0 }
08-03 16:10:10.310  4380  4380 D GlobalActionsComponent: handleSystemKey: KeyEvent { action=ACTION_UP, keyCode=837, scanCode=0, metaState=0, flags=0x8, repeatCount=0, eventTime=419098082000000, downTime=419098082000000, deviceId=-1, source=0x101, displayId=0 }
08-03 16:10:10.310  4380  4380 D GlobalActionsComponent: handleSystemKey: KeyEvent { action=ACTION_UP, keyCode=KEYCODE_POWER, scanCode=116, metaState=0, flags=0x8, repeatCount=0, eventTime=419098082185000, downTime=419097933988000, deviceId=5, source=0x101, displayId=-1 }
08-03 16:10:10.311 19359 19359 D ScreenStateReceiver: onReceive, action = android.intent.action.SCREEN_ON
08-03 16:10:10.311 19359 19359 D ScreenStateReceiver: Screen on
08-03 16:10:10.311 19359 19359 D SLSService: setRttScreenStatus, isScreenOn: true
08-03 16:10:10.312  2522  6372 W ContextImpl: Calling a method in the system process without a qualified user: android.app.ContextImpl.sendBroadcastMultiplePermissions:1332 com.android.server.TelephonyRegistry.broadcastServiceStateChanged:3774 com.android.server.TelephonyRegistry.notifyServiceStateForPhoneId:1775 com.android.internal.telephony.ITelephonyRegistry$Stub.onTransact:553 android.os.Binder.execTransactInternal:1505 
08-03 16:10:10.313 19359 19359 I android_os_HwBinder: HwBinder: Starting thread pool for getting: vendor.asus.wifi.rttutil@1.0::IWifiRttUtil/default
08-03 16:10:10.313  2522  6372 W ContextImpl: Calling a method in the system process without a qualified user: android.app.ContextImpl.sendBroadcastMultiplePermissions:1332 com.android.server.TelephonyRegistry.broadcastServiceStateChanged:3783 com.android.server.TelephonyRegistry.notifyServiceStateForPhoneId:1775 com.android.internal.telephony.ITelephonyRegistry$Stub.onTransact:553 android.os.Binder.execTransactInternal:1505 
08-03 16:10:10.313  4340  4340 D DualWifiMonitorService: Screen on
08-03 16:10:10.313  3666  3771 D rttutild: Ping thread on rmnet_data0 resume
08-03 16:10:10.314  3666  3771 D rttutild: Ping thread on rmnet_data1 resume
08-03 16:10:10.314  3666  3771 D rttutild: Ping thread on rmnet_data2 resume
08-03 16:10:10.314  3666  3771 D rttutild: Ping thread on rmnet_data3 resume
08-03 16:10:10.314  3666  3771 D rttutild: Ping thread on rmnet_data4 resume
