08-03 16:10:11.032 16134 16161 D BadgeDataProvider: updateBadgeMap - userSerial: 0 userHandle: UserHandle{0}
08-03 16:10:11.032 16134 16161 D BadgeDataProvider: updateBadgeMap - userSerial: 0 userHandle: UserHandle{0}
08-03 16:10:11.032 16134 16161 D BadgeDataProvider: updateBadgeMap - userSerial: 0 userHandle: UserHandle{0}
08-03 16:10:11.032  2522  2544 V WindowManager:   Initial targets: {581=WallpaperWindowToken{ca3f9a5 token=android.os.Binder@d909b9c}, 583=WallpaperWindowToken{e3c41f6 token=android.os.Binder@9907e91}, 760=ActivityRecord{cdbb1c6 u0 com.asus.launcher/com.android.launcher3.uioverrides.QuickstepLauncher t7917}}
08-03 16:10:11.032 16134 16161 D BadgeDataProvider: updateBadgeMap - userSerial: 0 userHandle: UserHandle{0}
08-03 16:10:11.032  2522  2544 V WindowManager:     checking ActivityRecord{cdbb1c6 u0 com.asus.launcher/com.android.launcher3.uioverrides.QuickstepLauncher t7917}
08-03 16:10:11.032  2522  2544 V WindowManager:         remove from targets ActivityRecord{cdbb1c6 u0 com.asus.launcher/com.android.launcher3.uioverrides.QuickstepLauncher t7917}
08-03 16:10:11.032  2522  2544 V WindowManager:       CAN PROMOTE: promoting to parent Task{5714264 #7917 type=home I=com.asus.launcher/com.android.launcher3.uioverrides.QuickstepLauncher}
08-03 16:10:11.032  2522  2544 V WindowManager:     checking Task{5714264 #7917 type=home I=com.asus.launcher/com.android.launcher3.uioverrides.QuickstepLauncher}
08-03 16:10:11.032 16134 16161 I BadgeUtility: Badge DB update: com.google.android.gm/com.google.android.gm.ConversationListActivityGmail#0|0|null
08-03 16:10:11.032  2522  2544 V WindowManager:         remove from targets Task{5714264 #7917 type=home I=com.asus.launcher/com.android.launcher3.uioverrides.QuickstepLauncher}
08-03 16:10:11.032  2522  2544 V WindowManager:       CAN PROMOTE: promoting to parent Task{1f6ff77 #1 type=home}
08-03 16:10:11.032  2522  2544 V WindowManager:     checking Task{1f6ff77 #1 type=home}
08-03 16:10:11.032  2522  2544 V WindowManager:       check sibling Task{6230d7b #7928 type=standard A=10241:com.femascloud.femashr}
08-03 16:10:11.032  2522  2544 V WindowManager:         unrelated invisible sibling Task{6230d7b #7928 type=standard A=10241:com.femascloud.femashr}
08-03 16:10:11.032  2522  2544 V WindowManager:       check sibling Task{5fdaafa #3 type=undefined}
08-03 16:10:11.032  2522  2544 V WindowManager:         unrelated invisible sibling Task{5fdaafa #3 type=undefined}
08-03 16:10:11.032  2522  2544 V WindowManager:         keep as target Task{1f6ff77 #1 type=home}
08-03 16:10:11.032  2522  2544 V WindowManager:       CAN PROMOTE: promoting to parent DefaultTaskDisplayArea@237030220
08-03 16:10:11.032  2522  2544 V WindowManager:     checking WallpaperWindowToken{e3c41f6 token=android.os.Binder@9907e91}
08-03 16:10:11.032  2522  2544 V WindowManager:       SKIP: parent can't be target Leaf:0:1@179300245
08-03 16:10:11.032  2522  2544 V WindowManager:     checking WallpaperWindowToken{ca3f9a5 token=android.os.Binder@d909b9c}
08-03 16:10:11.032  2522  2544 V WindowManager:       SKIP: its sibling was rejected
08-03 16:10:11.032  2522  2544 V WindowManager:     checking DefaultTaskDisplayArea@237030220
08-03 16:10:11.032  2522  2544 V WindowManager:       SKIP: parent can't be target FullscreenMagnification:0:12@129183914
08-03 16:10:11.032  2522  2544 V WindowManager:   Final targets: [Task{1f6ff77 #1 type=home}, DefaultTaskDisplayArea@237030220, WallpaperWindowToken{e3c41f6 token=android.os.Binder@9907e91}, WallpaperWindowToken{ca3f9a5 token=android.os.Binder@d909b9c}]
08-03 16:10:11.033  2522  2544 V WindowManager: Calling onTransitionReady: {id=97 t=TO_BACK f=0x106 trk=0 r=[0@Point(0, 0)] c=[{WCT{RemoteToken{d9acfad Task{1f6ff77 #1 type=home}}} m=TO_FRONT f=SHOW_WALLPAPER p=WCT{RemoteToken{2ff52e2 DefaultTaskDisplayArea@237030220}} leash=Surface(name=Task=1)/@0x7a4de95 sb=Rect(0, 0 - 1080, 2400) eb=Rect(0, 0 - 1080, 2400) d=0 taskParent=-1},{WCT{RemoteToken{2ff52e2 DefaultTaskDisplayArea@237030220}} m=TO_FRONT f=SHOW_WALLPAPER leash=Surface(name=DefaultTaskDisplayArea)/@0x8833e4c sb=Rect(0, 0 - 1080, 2400) eb=Rect(0, 0 - 1080, 2400) d=0},{null m=TO_FRONT f=IS_WALLPAPER|IS_OCCLUDED leash=Surface(name=WallpaperWindowToken{e3c41f6 token=android.os.Binder@9907e91})/@0x2f11756 sb=Rect(0, 0 - 1080, 2400) eb=Rect(0, 0 - 1080, 2400) d=0},{null m=TO_BACK f=IS_WALLPAPER leash=Surface(name=WallpaperWindowToken{ca3f9a5 token=android.os.Binder@d909b9c})/@0xf5afe7f sb=Rect(0, 0 - 1080, 2400) eb=Rect(0, 0 - 1080, 2400) d=0}]}
08-03 16:10:11.033 16134 16170 W qdgralloc: getInterlacedFlag: getMetaData returned 3, defaulting to interlaced_flag = 0
08-03 16:10:11.034  4380  4380 I FalsingManager: {belief=0.2926716160063241 confidence=1.0}
08-03 16:10:11.034  2522  2540 V WindowManager: Sent Transition (#97) createdAt=08-03 16:10:10.999 via request=TransitionRequestInfo { type = TO_BACK, triggerTask = null, pipTask = null, remoteTransition = null, displayChange = null, flags = 262, debugId = 97 }
08-03 16:10:11.034  2522  2540 V WindowManager:     startWCT=WindowContainerTransaction { changes = {} hops = [] errorCallbackToken=null taskFragmentOrganizer=null }
08-03 16:10:11.034  2522  2544 V WindowManager: Task info changed taskId=1
08-03 16:10:11.034  2522  2540 V WindowManager:     info={id=97 t=TO_BACK f=0x106 trk=0 r=[0@Point(0, 0)] c=[
08-03 16:10:11.034  2522  2540 V WindowManager:         {WCT{RemoteToken{d9acfad Task{1f6ff77 #1 type=home}}} m=TO_FRONT f=SHOW_WALLPAPER p=WCT{RemoteToken{2ff52e2 DefaultTaskDisplayArea@237030220}} leash=Surface(name=Task=1)/@0x7a4de95 sb=Rect(0, 0 - 1080, 2400) eb=Rect(0, 0 - 1080, 2400) d=0 taskParent=-1},
08-03 16:10:11.034  2522  2540 V WindowManager:         {WCT{RemoteToken{2ff52e2 DefaultTaskDisplayArea@237030220}} m=TO_FRONT f=SHOW_WALLPAPER leash=Surface(name=DefaultTaskDisplayArea)/@0x8833e4c sb=Rect(0, 0 - 1080, 2400) eb=Rect(0, 0 - 1080, 2400) d=0},
08-03 16:10:11.034  2522  2540 V WindowManager:         {null m=TO_FRONT f=IS_WALLPAPER|IS_OCCLUDED leash=Surface(name=WallpaperWindowToken{e3c41f6 token=android.os.Binder@9907e91})/@0x2f11756 sb=Rect(0, 0 - 1080, 2400) eb=Rect(0, 0 - 1080, 2400) d=0},
08-03 16:10:11.034  2522  2540 V WindowManager:         {null m=TO_BACK f=IS_WALLPAPER leash=Surface(name=WallpaperWindowToken{ca3f9a5 token=android.os.Binder@d909b9c})/@0xf5afe7f sb=Rect(0, 0 - 1080, 2400) eb=Rect(0, 0 - 1080, 2400) d=0}
08-03 16:10:11.034  2522  2540 V WindowManager:     ]}
08-03 16:10:11.035  4380  4464 D KeyguardService: Starts IRemoteAnimationRunner: info={id=97 t=TO_BACK f=0x106 trk=0 r=[0@Point(0, 0)] c=[{WCT{android.window.IWindowContainerToken$Stub$Proxy@643d75f} m=TO_FRONT f=SHOW_WALLPAPER p=WCT{android.window.IWindowContainerToken$Stub$Proxy@8fbd5ac} leash=Surface(name=Task=1)/@0xbf37eb2 sb=Rect(0, 0 - 1080, 2400) eb=Rect(0, 0 - 1080, 2400) d=0 taskParent=-1},{WCT{android.window.IWindowContainerToken$Stub$Proxy@d5c9275} m=TO_FRONT f=SHOW_WALLPAPER leash=Surface(name=DefaultTaskDisplayArea)/@0x6f35e03 sb=Rect(0, 0 - 1080, 2400) eb=Rect(0, 0 - 1080, 2400) d=0},{null m=TO_FRONT f=IS_WALLPAPER|IS_OCCLUDED leash=Surface(name=WallpaperWindowToken{e3c41f6 token=android.os.Binder@9907e91})/@0x5962180 sb=Rect(0, 0 - 1080, 2400) eb=Rect(0, 0 - 1080, 2400) d=0},{null m=TO_BACK f=IS_WALLPAPER leash=Surface(name=WallpaperWindowToken{ca3f9a5 token=android.os.Binder@d909b9c})/@0x82173b9 sb=Rect(0, 0 - 1080, 2400) eb=Rect(0, 0 - 1080, 2400) d=0}]}
08-03 16:10:11.037  4380  4464 V KeyguardViewMediator: ExitAnimationRunner onAnimationStart transit=20
08-03 16:10:11.037  4380  4380 D KeyguardViewMediator: handleStartKeyguardExitAnimation startTime=0 fadeoutDuration=0
08-03 16:10:11.037  4380  4380 D KeyguardUnlock: playCannedUnlockAnimation
08-03 16:10:11.037  4380  4380 D KeyguardUnlock: playCannedUnlockAnimation, surfaceBehindEntryAnimator#start
08-03 16:10:11.038     0     0 I KERNEL  : [419098.872636][ T2025] [Display][msm-dsi:dsi_panel_update_backlight] [from] set bl=18
08-03 16:10:11.038     0     0 I KERNEL  : [419098.872651][ T2025] [Display][msm-dsi:dsi_panel_update_backlight] [to] set bl=18
08-03 16:10:11.039 19807 20058 W qdgralloc: getInterlacedFlag: getMetaData returned 3, defaulting to interlaced_flag = 0
08-03 16:10:11.041 16134 16161 D BadgeDataProvider: updateBadgeMap - userSerial: 0 userHandle: UserHandle{0}
08-03 16:10:11.041 16134 16161 D BadgeDataProvider: updateBadgeMap - userSerial: 0 userHandle: UserHandle{0}
08-03 16:10:11.041 16134 16161 D BadgeDataProvider: updateBadgeMap - userSerial: 0 userHandle: UserHandle{0}
08-03 16:10:11.041 16134 16161 D BadgeDataProvider: updateBadgeMap - userSerial: 0 userHandle: UserHandle{0}
08-03 16:10:11.041 16134 16161 D BadgeDataProvider: updateBadgeMap - userSerial: 0 userHandle: UserHandle{0}
08-03 16:10:11.042 16134 16161 D BadgeDataProvider: updateBadgeMap - userSerial: 0 userHandle: UserHandle{0}
08-03 16:10:11.042 16134 16161 D BadgeDataProvider: updateBadgeMap - userSerial: 0 userHandle: UserHandle{0}
08-03 16:10:11.042 16134 16161 D BadgeDataProvider: updateBadgeMap - userSerial: 0 userHandle: UserHandle{0}
08-03 16:10:11.042 16134 16161 D BadgeDataProvider: updateBadgeMap - userSerial: 0 userHandle: UserHandle{0}
08-03 16:10:11.042  2522  2537 D WindowManager: finishDrawingWindow: Window{6593256 u0 (1-1)-Window{2f9e5a alpha=1.0 fl=}} mDrawState=DRAW_PENDING
08-03 16:10:11.042 19807 19807 I bnhk    : onStart
08-03 16:10:11.042 16134 16161 D BadgeDataProvider: updateBadgeMap - userSerial: 0 userHandle: UserHandle{0}
08-03 16:10:11.043 19807 19807 I bkxu    : (REDACTED) [%s] onStart()
08-03 16:10:11.043 19807 19807 I bkzy    : Reloading theme data
08-03 16:10:11.043  4380  4380 D EdgeBackGestureHandler: SysUi flags: 1342177476->268435648
08-03 16:10:11.044 19807 19807 I bnhk    : onResume
08-03 16:10:11.045  2522  2544 I WindowManager: commitFinishDrawingLocked: mDrawState=READY_TO_SHOW Surface(name=(1-1)-Window{2f9e5a alpha=1.0 fl=})/@0xabbb3cc
08-03 16:10:11.045  2522  2544 I WindowManager: selectAnimation in Window{6593256 u0 (1-1)-Window{2f9e5a alpha=1.0 fl=}}: transit=3
08-03 16:10:11.045  2522  2544 V WindowManager: applyAnimation: win=WindowStateAnimator{e42117b (1-1)-Window{2f9e5a alpha=1.0 fl=}} anim=0 attr=0x2 a=null transit=3 type=4 isEntrance=true Callers com.android.server.wm.WindowStateAnimator.applyEnterAnimationLocked:530 com.android.server.wm.WindowState.performShowLocked:4647 com.android.server.wm.WindowStateAnimator.commitFinishDrawingLocked:257 com.android.server.wm.DisplayContent.lambda$new$8:1072 com.android.server.wm.DisplayContent.$r8$lambda$-dBz3LtsWovWVT0SE5m__EwNfT4:0 com.android.server.wm.DisplayContent$$ExternalSyntheticLambda32.accept:0 com.android.server.wm.WindowContainer$ForAllWindowsConsumerWrapper.apply:2832 com.android.server.wm.WindowContainer$ForAllWindowsConsumerWrapper.apply:2822 com.android.server.wm.WindowState.applyInOrderWithImeWindows:4868 com.android.server.wm.WindowState.forAllWindows:4733 com.android.server.wm.WindowContainer.forAllWindows:1798 com.android.server.wm.WindowContainer.forAllWindows:1798 com.android.server.wm.WindowContainer.forAllWindows:1798 com.android.server.wm.WindowContainer.forAllWindows:1798 com.android.server.wm.WindowContainer.forAllWindows:1798 com.android.server.wm.WindowContainer.forAllWindows:1798 com.android.server.wm.WindowContainer.forAllWindows:1798 com.android.server.wm.WindowContainer.forAllWindows:1798 com.android.server.wm.WindowContainer.forAllWindows:1798 com.android.server.wm.WindowContainer.forAllWindows:1815 
08-03 16:10:11.045  2522  2544 V WindowManager: performShowLocked: mDrawState=HAS_DRAWN in Window{6593256 u0 (1-1)-Window{2f9e5a alpha=1.0 fl=}}
08-03 16:10:11.047  4340  4696 D GameGenieHandler: packageName: com.asus.launcher taskId: 7917 reason: report-launched isFirstLaunchInMem: false windowingMode: 1 isDirectBoot: false mIsGameGenieWorking: false userId: 0 uid: 10093 pid: 16134
08-03 16:10:11.047  4340  4696 D GameGenieHandler: intent action: android.intent.action.MAIN className: com.android.launcher3.uioverrides.QuickstepLauncher
08-03 16:10:11.047  4340  4696 D GameGenieHandler: update mLastTriggerIntent: null
08-03 16:10:11.047  4340  4696 V GameGenieHandler: Start setGamingType: isAutoStart = false, isGame = false, windowingMode = 1
08-03 16:10:11.047  4340  4696 V GameGenieHandler: End setGamingType
08-03 16:10:11.047  4340  4696 D PowerSaverHandler: Skip notify the same pkg to PowerSaver
08-03 16:10:11.047  4340  4696 D LlmHandler: isRogDevice() ret = false
08-03 16:10:11.049  4340  4696 D GameModeHandler: handleAppFocus exit
08-03 16:10:11.049  4340  4696 D GameGenieHandler: packageName: com.asus.launcher taskId: 7917 reason: report-launched isFirstLaunchInMem: false windowingMode: 1 isDirectBoot: false mIsGameGenieWorking: false userId: 0 uid: 10093 pid: 16134
08-03 16:10:11.049  4340  4696 D GameGenieHandler: intent action: android.intent.action.MAIN className: com.android.launcher3.uioverrides.QuickstepLauncher
08-03 16:10:11.049  4340  4696 D GameGenieHandler: update mLastTriggerIntent: null
08-03 16:10:11.049  4340  4696 V GameGenieHandler: Start setGamingType: isAutoStart = false, isGame = false, windowingMode = 1
08-03 16:10:11.049  4340  4699 D OpenedTimeAppInfoProvider: Update DB : number of affected records : 1
08-03 16:10:11.050  4340  4696 V GameGenieHandler: End setGamingType
08-03 16:10:11.050  4340  4696 D PowerSaverHandler: Skip notify the same pkg to PowerSaver
08-03 16:10:11.050  4340  4696 D LlmHandler: isRogDevice() ret = false
08-03 16:10:11.054  4380  4380 D KeyguardViewMediator: KeyguardViewMediator queue processing message: START_KEYGUARD_EXIT_ANIM
08-03 16:10:11.056  4340  4696 D GameModeHandler: handleAppFocus exit
08-03 16:10:11.059   693   693 D BoundBrokerSvc: onBind: Intent { act=com.google.android.gms.inappreach.service.START dat=chimera-action:/... cmp=com.google.android.gms/.chimera.GmsApiService }
08-03 16:10:11.059   693   693 D BoundBrokerSvc: Loading bound service for intent: Intent { act=com.google.android.gms.inappreach.service.START dat=chimera-action:/... cmp=com.google.android.gms/.chimera.GmsApiService }
08-03 16:10:11.060  2522  6372 W ParceledListSlice: Element #51 is 17348 bytes.
08-03 16:10:11.062  2522  6292 W ParceledListSlice: Element #57 is 16432 bytes.
08-03 16:10:11.063 16134 16170 W qdgralloc: getInterlacedFlag: getMetaData returned 3, defaulting to interlaced_flag = 0
08-03 16:10:11.065  1900  1900 I BpBinder: onLastStrongRef automatically unlinking death recipients: 
08-03 16:10:11.065  4340  4699 D OpenedTimeAppInfoProvider: Update DB : number of affected records : 1
08-03 16:10:11.065 16134 16170 W qdgralloc: getInterlacedFlag: getMetaData returned 3, defaulting to interlaced_flag = 0
08-03 16:10:11.067  2522  6372 W ParceledListSlice: Element #61 is 17408 bytes.
08-03 16:10:11.074  2522  6292 D WindowManager: finishDrawingWindow: Window{6593256 u0 (1-1)-Window{2f9e5a alpha=1.0 fl=}} mDrawState=HAS_DRAWN
08-03 16:10:11.079  2522  6372 W ParceledListSlice: Element #100 is 17764 bytes.
08-03 16:10:11.079  2522  6372 W ParceledListSlice: Element #101 is 17756 bytes.
08-03 16:10:11.080  2522  6227 W ParceledListSlice: Element #102 is 17636 bytes.
08-03 16:10:11.084  2522  6292 W ParceledListSlice: Element #135 is 21456 bytes.
08-03 16:10:11.084  2522  6292 W ParceledListSlice: Element #136 is 35836 bytes.
08-03 16:10:11.086   693 28993 D AdvertisingIdClient: AdvertisingIdClient already created.
08-03 16:10:11.086  4380  4380 D KeyguardUnlock: surfaceBehindEntryAnimator#onAnimationEnd
08-03 16:10:11.086  4380  4380 D KeyguardViewMediator: exitKeyguardAndFinishSurfaceBehindRemoteAnimation
08-03 16:10:11.086  2522  6292 W ParceledListSlice: Element #138 is 37716 bytes.
08-03 16:10:11.087  2522  6292 W ParceledListSlice: Element #140 is 17544 bytes.
08-03 16:10:11.090  2522  6227 W ParceledListSlice: Element #170 is 33444 bytes.
08-03 16:10:11.090  2522  6227 W ParceledListSlice: Element #171 is 32524 bytes.
08-03 16:10:11.090   693 28993 D AdvertisingIdClient: AdvertisingIdClient is not bounded. Starting to bind it...
08-03 16:10:11.090  4380  4380 D KeyguardViewMediator: exitKeyguardAndFinishSurfaceBehindRemoteAnimation
08-03 16:10:11.091  4380  4380 W WindowOnBackDispatcher: sendCancelIfRunning: isInProgress=false callback=com.android.systemui.back.domain.interactor.BackActionInteractor$$ExternalSyntheticLambda0@559623f
08-03 16:10:11.091  2522  6227 D CoreBackPreview: Window{d6e5734 u0 NotificationShade}: Setting back callback null
08-03 16:10:11.095   693 28993 D AdvertisingIdClient: AdvertisingIdClient is bounded
08-03 16:10:11.095  4380  4380 D KeyguardUpdateMonitor: getUnlockedSubIdForState iRealState = 5 slotId = 1
08-03 16:10:11.095  4380  4380 D KeyguardSecurityModel: getSecurityMode security = 0
08-03 16:10:11.095  4380  4380 D GlobalActionsImpl: disable displayId:0|state1:16777216state2:0|disabled:false
08-03 16:10:11.096 16134 16158 D QuickstepModelDelegate: notifyAppTargetEvent action=1 launchLocation=workspace/0/[-1,-1]/[1,1]
08-03 16:10:11.096   693 28993 I AdvertisingIdClient: shouldSendLog 418848143
08-03 16:10:11.096   693 28993 I AdvertisingIdClient: GetInfoInternal elapse 6ms
08-03 16:10:11.118  4380  4686 D KeyguardViewMediator: updateActivityLockScreenState(false, false)
08-03 16:10:11.119  4380  4380 D KeyguardViewMediator: onKeyguardExitRemoteAnimationFinished#hideKeyguardViewAfterRemoteAnimation
08-03 16:10:11.119  4380  4569 E FromLockscreenTransitionInteractor: Ignoring startTransition: This interactor asked to transition from LOCKSCREEN -> GONE, but we last transitioned to GONE, not LOCKSCREEN. This should never happen - check currentTransitionInfoInternal or use filterRelevantKeyguardState before starting transitions.
08-03 16:10:11.119  4380  4569 E FromLockscreenTransitionInteractor: This transition would not have been ignored prior to ag/26681239, since we are FINISHED in LOCKSCREEN (but have since started another transition). If ignoring this transition has caused a regression, fix it by ensuring that transitions are exclusively started from the most recently started state.
08-03 16:10:11.119  4380  4380 I AsusSlideshowSettingPanelManager: onKeyguardVisibilityChanged: showing=false
08-03 16:10:11.119  2522  7027 D InadvertentTouchController: notifyKeyguardUnlock called
08-03 16:10:11.119  4380  4380 I KeyguardUpdateMonitor: reasons with true=[biometricAllowedForUser, deviceInteractive, switchingUser, underDisplayFingerprint]
08-03 16:10:11.119  4380  4380 D KeyguardUpdateMonitor: shouldListenForFingerprint:false, Keyguard=false, User=true, Bouncer=true, Udfps=true
08-03 16:10:11.119  4380  4380 V KeyguardToast: null
08-03 16:10:11.119  4380  4380 D FpSupportManager: isAsleep=false, isKeyguardVisible=false
08-03 16:10:11.119  2522  2543 D DeviceIdleController: becomeActiveLocked, reason = unlocked activeUid = 1000
08-03 16:10:11.119  4380  4380 I AsusSlideshowManager: onKeyguardShowingChanged: showing: false
08-03 16:10:11.119  4380  4380 I AsusSlideshowSettingPanelManager: onKeyguardShowingChanged: showing=false
08-03 16:10:11.121  2522  4237 D InadvertentTouchController: <MSG_KEYGUARD_UNLOCK> mInadvertentTouchEnable false. return
08-03 16:10:11.122  4380  4957 D LocalImageResolver: Couldn't use ImageDecoder for drawable, falling back to non-resized load.
08-03 16:10:11.123  4380  4380 D GlobalActionsImpl: disable displayId:0|state1:0state2:0|disabled:false
08-03 16:10:11.123  4380  4957 D LocalImageResolver: Couldn't use ImageDecoder for drawable, falling back to non-resized load.
08-03 16:10:11.123  4380  4380 D EdgeBackGestureHandler: SysUi flags: 268435648->268435520
08-03 16:10:11.124  4380  4380 D KeyguardStateControllerImpl: setKeyguardFadingAway:true
08-03 16:10:11.124  4380  4380 D 433335  : KeyguardBouncerRepositoryImpl setPrimaryStartDisappearAnimation
08-03 16:10:11.124  2522  2543 V WindowManager: findFocusedWindow: Found new focus @ Window{d6e5734 u0 NotificationShade}
08-03 16:10:11.124  4380  4380 D CentralSurfaces: !shouldBeKeyguard mStatusBarStateController.isKeyguardRequested() false keyguardForDozing false wakeAndUnlocking false isWakingAndOccluded false
08-03 16:10:11.124  4380  4380 D CentralSurfaces: hideKeyguardImpl false
08-03 16:10:11.124  4380  4380 D SbStateController: setState: requested state SHADE!= upcomingState: KEYGUARD. This usually means the status bar state transition was interrupted before the upcoming state could be applied.
08-03 16:10:11.125  1606 28603 I NetworkScheduler: (REDACTED) Error inserting %s
08-03 16:10:11.125  6201  6201 D NfcService: MSG_APPLY_SCREEN_STATE 8
08-03 16:10:11.126  4380  4380 D NotificationPanelView: CNQSMode: onStateChanged to 0
08-03 16:10:11.127 16134 16900 D TouchInteractionService: onAssistantAvailable: true, true
08-03 16:10:11.127  4380  4380 D GlobalActionsImpl: disable displayId:0|state1:0state2:0|disabled:false
08-03 16:10:11.128  2522  6292 I SensorService: [SensorN] DisableSensorE:type=8(tmd2755 Proximity Sensor Wakeup),uid=10049,pid=4380,pkg=com.android.systemui.util.sensors.ThresholdSensorImpl
08-03 16:10:11.128  6201  7073 D NfcService: applyRouting enter
08-03 16:10:11.128  1757  1757 I sensors-hal: activate:177, [HIDL-IMPL] activate Disable handle=82
08-03 16:10:11.128  1757  1757 I sensors-hal: proximity_stop_timer:269, proximity: Time taken to complete :: 0.000000 secs
08-03 16:10:11.128  1757  1757 I sensors-hal: send_sync_sensor_request:414, send sync request
08-03 16:10:11.128  1757  1757 I sensors-hal: send_sync_sensor_request:424, send_sync_sensor_request before send_request for proximity with SUID low=8377694381204825403 high=10710057026633696656
08-03 16:10:11.128  1757  1757 I sensors-hal: send_request:320, send_request start this=0xb40000743c3ca0d0x 
08-03 16:10:11.128  4380  4380 D NotificationShadeWindowController: adjustScreenOrientation: 5 -> -1
08-03 16:10:11.128  1757  1757 I sensors-hal: send_request:405, send_request completed, this=0xb40000743c3ca0d0x
08-03 16:10:11.128  1757  1757 I sensors-hal: send_sync_sensor_request:443, wait for notification of response
08-03 16:10:11.129  4380  4380 D EdgeBackGestureHandler: SysUi flags: 268435520->268435456
08-03 16:10:11.129  1757  5813 I sensors-hal: ssc_conn_resp_cb:724, resp_value = 0 for proximity 
08-03 16:10:11.130  1757  5813 I sensors-hal: handle_resp_cb:507, handle_resp_cb Ended this=0xb40000743c3ca0d0x
08-03 16:10:11.130  1757  1757 I sensors-hal: send_sync_sensor_request:449, takes 1 ms to receive the response with 0
08-03 16:10:11.130  4340  4340 D GameModeHandler: ForwardReceiver onReceive: android.intent.action.USER_PRESENT
08-03 16:10:11.130  4340  4340 D GameGenieHandler: GameGenieReceiver onReceive: android.intent.action.USER_PRESENT
08-03 16:10:11.130  4340  4340 D GameGenieHandler: handleLockUnlock action: android.intent.action.USER_PRESENT, mKeepEsportsModeAfterResume: false
08-03 16:10:11.130  4380  4380 D KeyguardService: Finish IRemoteAnimationRunner.
08-03 16:10:11.131  4380  4380 D KeyguardViewMediator: onKeyguardExitRemoteAnimationFinished#hideKeyguardViewAfterRemoteAnimation
08-03 16:10:11.131  4380  4380 I KeyguardUnlock: #hideKeyguardViewAfterRemoteAnimation called when keyguard view is not showing. Ignoring...
08-03 16:10:11.131  4380  4615 E FromLockscreenTransitionInteractor: Ignoring startTransition: This interactor asked to transition from LOCKSCREEN -> GONE, but we last transitioned to GONE, not LOCKSCREEN. This should never happen - check currentTransitionInfoInternal or use filterRelevantKeyguardState before starting transitions.
08-03 16:10:11.131  4380  4615 E FromLockscreenTransitionInteractor: This transition would not have been ignored prior to ag/26681239, since we are FINISHED in LOCKSCREEN (but have since started another transition). If ignoring this transition has caused a regression, fix it by ensuring that transitions are exclusively started from the most recently started state.
08-03 16:10:11.131  1757  1757 E sensors-hal: activate:150, [SSC_HAL] activate, type=android.sensor.proximity, Disable, handle=82 completed
08-03 16:10:11.131  2522  6292 I SensorService: [SensorN] sensor device activate locked Disable (handle=82) completed
08-03 16:10:11.131  2522  7027 V WindowManager: Apply window transaction, syncId=-1
08-03 16:10:11.131  2522  7027 V WindowManager: Finish Transition: TransitionRecord{c6b085d id=97 type=TO_BACK flags=0x106}
08-03 16:10:11.132  2522  6292 I SensorService: [SensorN] DisableSensorX:type=8(tmd2755 Proximity Sensor Wakeup),uid=10049,pid=4380,pkg=com.android.systemui.util.sensors.ThresholdSensorImpl
08-03 16:10:11.132  2522  2540 V WindowManager: Finish Transition (#97): created at 08-03 16:10:10.999 collect-started=0.295ms request-sent=0.368ms started=11.822ms ready=11.799ms sent=34.397ms finished=132.759ms
08-03 16:10:11.132  2522  7027 V WindowManager:   Commit wallpaper becoming invisible: WallpaperWindowToken{ca3f9a5 token=android.os.Binder@d909b9c}
08-03 16:10:11.132  2522  7027 V WindowManager: commitVisibility: WallpaperWindowToken{ca3f9a5 token=android.os.Binder@d909b9c}: visible=true mVisibleRequested=false
08-03 16:10:11.132  2522  7027 V WindowManager: setClientVisible: WallpaperWindowToken{ca3f9a5 token=android.os.Binder@d909b9c} clientVisible=false Callers=com.android.server.wm.WallpaperWindowToken.setVisible:194 com.android.server.wm.WallpaperWindowToken.commitVisibility:244 com.android.server.wm.Transition.finishTransition:1527 com.android.server.wm.TransitionController.finishTransition:947 com.android.server.wm.WindowOrganizerController.finishTransition:497 
08-03 16:10:11.133  4340  4340 D GameModeHandler: ForwardReceiver onReceive: android.intent.action.USER_PRESENT
08-03 16:10:11.133  4380  5125 V KeyguardService: setOccluded(false, false)
08-03 16:10:11.133  4380  5125 D KeyguardViewMediator: setOccluded(false)
08-03 16:10:11.133  4587  5009 D PhoneInterfaceManager: isDataEnabledForReason: subId=1 phoneId=1 reason=0
08-03 16:10:11.133  4587  5009 D PhoneInterfaceManager: isDataEnabledForReason: retVal=true
08-03 16:10:11.134  4340  4340 D GameGenieHandler: GameGenieReceiver onReceive: android.intent.action.USER_PRESENT
08-03 16:10:11.134  4340  4340 D GameGenieHandler: handleLockUnlock action: android.intent.action.USER_PRESENT, mKeepEsportsModeAfterResume: false
08-03 16:10:11.142  4380  4523 D CellularTile: handleUpdateState++ mobileDataEnabled = true, iDdsSimState = 5
08-03 16:10:11.143  4380  4523 D CellularTile: handleUpdateState-- mobileDataEnabled = true
08-03 16:10:11.143  2522  3989 D InetDiagMessage: Destroyed 0 sockets, proto=IPPROTO_TCP, family=AF_INET, states=14
08-03 16:10:11.143  2522  3608 D Telecom : TelecomServiceImpl: canReadPhoneState callingPackage = com.android.systemui: TSI.iIC(cas)@1ds
08-03 16:10:11.143  2522  3608 D Telecom : TelecomServiceImpl: isPrivilegedDialerCalling = com.android.systemui: TSI.iIC(cas)@1ds
08-03 16:10:11.143  2522  3989 D InetDiagMessage: Destroyed 0 sockets, proto=IPPROTO_TCP, family=AF_INET6, states=14
08-03 16:10:11.143  2522  3989 D InetDiagMessage: Destroyed live tcp sockets for uids={10064} in 1ms
08-03 16:10:11.143  2522  3608 D Telecom : TelecomServiceImpl: canReadPhoneState callingPackage = com.android.systemui: TSI.iIC(cas)@1dw
08-03 16:10:11.143  2522  3608 D Telecom : TelecomServiceImpl: isPrivilegedDialerCalling = com.android.systemui: TSI.iIC(cas)@1dw
08-03 16:10:11.143  4380  4380 D InsetsController: hide(ime(), fromIme=false)
08-03 16:10:11.144  2522  3989 D InetDiagMessage: Destroyed 0 sockets, proto=IPPROTO_TCP, family=AF_INET, states=14
08-03 16:10:11.144  4380  4380 I ImeTracker: com.android.systemui:7dc57c9: onRequestHide at ORIGIN_CLIENT reason HIDE_SOFT_INPUT_BY_INSETS_API fromUser false
08-03 16:10:11.144  4380  4380 I ImeTracker: com.android.systemui:7dc57c9: onCancelled at PHASE_CLIENT_APPLY_ANIMATION
08-03 16:10:11.144  2522  3989 D InetDiagMessage: Destroyed 0 sockets, proto=IPPROTO_TCP, family=AF_INET6, states=14
08-03 16:10:11.144  2522  3989 D InetDiagMessage: Destroyed live tcp sockets for uids={20064} in 1ms
08-03 16:10:11.147  2522  3608 D FingerprintProvider/defaultHIDL: Starting watchdog for fingerprint
08-03 16:10:11.180  2522  3130 D AutomaticBrightnessController: [ASUS BL] setAmbientLux:0.0 oriBrighteningThreshold:5.0 mAmbientBrighteningThreshold:5.0 mAmbientDarkeningThreshold:0.0
08-03 16:10:11.194  2522  3608 V WindowManager: findFocusedWindow: Found new focus @ Window{9fade34 u0 com.asus.launcher/com.android.launcher3.uioverrides.QuickstepLauncher}
08-03 16:10:11.195  2522  3608 D WindowManager: Changing focus from Window{d6e5734 u0 NotificationShade} to Window{9fade34 u0 com.asus.launcher/com.android.launcher3.uioverrides.QuickstepLauncher} displayId=0 Callers=com.android.server.wm.RootWindowContainer.updateFocusedWindowLocked:501 com.android.server.wm.WindowManagerService.updateFocusedWindowLocked:7134 com.android.server.wm.WindowManagerService.relayoutWindowInner:3073 com.android.server.wm.WindowManagerService.relayoutWindow:2701 
08-03 16:10:11.195  2522  3608 V WindowManager: Starting animation on Window{7720b6c u0 NavigationBar0}: type=32, anim=com.android.server.wm.InsetsSourceProvider$ControlAdapter@b7227e
08-03 16:10:11.195  2522  3608 I WindowManager: Cancelling animation restarting=true for Window{7720b6c u0 NavigationBar0}
08-03 16:10:11.195  2522  3608 I WindowManager: Reparenting to original parent: Surface(name=WindowToken{6ec06c3 type=2019 android.os.BinderProxy@876d37d})/@0x334187a for Window{7720b6c u0 NavigationBar0}
08-03 16:10:11.195  2522  3608 I WindowManager: Reparenting to leash for Window{7720b6c u0 NavigationBar0}
08-03 16:10:11.196  2522  3608 D WindowManager: Animation start for Window{7720b6c u0 NavigationBar0}, anim=ControlAdapter mCapturedLeash=Surface(name=Surface(name=7720b6c NavigationBar0)/@0x45fdaf2 - animation-leash of insets_animation)/@0x5f043df
08-03 16:10:11.196  2522  3608 V WindowManager: Starting animation on Window{d2ffe59 u0 StatusBar}: type=32, anim=com.android.server.wm.InsetsSourceProvider$ControlAdapter@975082c
08-03 16:10:11.196  2522  3608 I WindowManager: Cancelling animation restarting=true for Window{d2ffe59 u0 StatusBar}
08-03 16:10:11.196  2522  3608 I WindowManager: Reparenting to original parent: Surface(name=WindowToken{b33b2a0 type=2000 android.os.BinderProxy@d7b22d2})/@0x94c6c72 for Window{d2ffe59 u0 StatusBar}
08-03 16:10:11.196  2522  3608 I WindowManager: Reparenting to leash for Window{d2ffe59 u0 StatusBar}
08-03 16:10:11.197  2522  3608 D WindowManager: Animation start for Window{d2ffe59 u0 StatusBar}, anim=ControlAdapter mCapturedLeash=Surface(name=Surface(name=d2ffe59 StatusBar)/@0xab22543 - animation-leash of insets_animation)/@0xd5a12f5
08-03 16:10:11.197  2522  3608 V WindowManager: Input focus has changed to Window{9fade34 u0 com.asus.launcher/com.android.launcher3.uioverrides.QuickstepLauncher} display=0
08-03 16:10:11.197  2522  2544 V WindowManager: Focus requested for window=9fade34 com.asus.launcher/com.android.launcher3.uioverrides.QuickstepLauncher
08-03 16:10:11.217  2522  2570 I SensorService: [SensorN] createSensorEventConnection: uid=1000,pid=2522,pkg=com.android.server.display.BrightnessTracker$SensorListener,opPkg=android
08-03 16:10:11.217  2522  2570 I SensorService: [SensorN] EnableSensorE:type=5(tmd2755 Ambient Light Sensor Non-wakeup),uid=1000,pid=2522,pkg=com.android.server.display.BrightnessTracker$SensorListener
08-03 16:10:11.217  2522  2570 I SensorService: [SensorN] EnableSensorX:type=5(tmd2755 Ambient Light Sensor Non-wakeup),uid=1000,pid=2522,pkg=com.android.server.display.BrightnessTracker$SensorListener
08-03 16:10:11.217  2522  2570 D SensorManager: [+] 3, 5, com.android.server.display.BrightnessTracker$SensorListener@f05bbc9
08-03 16:10:11.219  2522  7027 I InputDispatcher: Window 'd6e5734 NotificationShade' spent 5.3ms processing input events on average(0/93). Monitor spent 1.7ms processing input events on average(0/15). Window input events down spent 2.9ms on average (0/6). Window input events up spent 4.8ms on average (0/6). Monitor input events down spent 1.8ms on average (0/1). Monitor input events up spent 12.2ms on average (0/1).
08-03 16:10:11.219  2522  2543 I WindowManager: Focus changing: Window{d6e5734 u0 NotificationShade} -> Window{9fade34 u0 com.asus.launcher/com.android.launcher3.uioverrides.QuickstepLauncher}
08-03 16:10:11.220 16134 16134 I LauncherLife: [onWindowFocusChanged] called, hasFocus = true, QuickstepLauncher@b8fab97
08-03 16:10:11.221 16134 16134 V LauncherLife: Time spent in onWindowFocusChanged: 1 ms
08-03 16:10:11.222  2522  3864 I ImeTracker: com.asus.launcher:151f36b2: onRequestHide at ORIGIN_SERVER reason HIDE_SAME_WINDOW_FOCUSED_WITHOUT_EDITOR fromUser false
08-03 16:10:11.222  2522  3864 I ImeTracker: com.asus.launcher:151f36b2: onCancelled at PHASE_SERVER_SHOULD_HIDE
08-03 16:10:11.232  1747  5119 D vendor.qti.bluetooth@1.1-ibs_handler: SerialClockVote: vote for UART CLK OFF
08-03 16:10:11.233  4380  4380 W View    : requestLayout() improperly called by com.android.systemui.statusbar.policy.Clock{b075efa V.ED..... ......ID 0,-16-84,98 #7f0b0243 app:id/clock} during layout: running second layout pass
08-03 16:10:11.234  4380  4380 D AsusNotificationManager: setImeWindowStatus mIsImeShowing: false
08-03 16:10:11.234  4380  4380 D StatusBarExpandLockHelper: refreshLockedState: false, LockState = 0, IsGamegenieEsportsMode = false, isKeyguardShowing = false
08-03 16:10:11.239  4380  4380 D HeaderPrivacyIconsController: onPrivacyItemsChanged tempMic = 
08-03 16:10:11.239  4380  4380 V SysUiUserPresentManager: Is user present: false -> true
08-03 16:10:11.239  2522  3608 D SystemServerTiming: getUserSwitchability-0
08-03 16:10:11.239  2522  3608 D SystemServerTiming: TM.isInCall
08-03 16:10:11.240  2522  3608 D Telecom : TelecomServiceImpl: canReadPhoneState callingPackage = android: TSI.iIC(a)@1d0
08-03 16:10:11.240  2522  3608 D Telecom : TelecomServiceImpl: isPrivilegedDialerCalling = android: TSI.iIC(a)@1d0
08-03 16:10:11.240  2522  3608 D SystemServerTiming: hasUserRestriction-DISALLOW_USER_SWITCH
08-03 16:10:11.240  2522  3608 D SystemServerTiming: getInt-ALLOW_USER_SWITCHING_WHEN_SYSTEM_USER_LOCKED
08-03 16:10:11.240  2522  3608 D SystemServerTiming: isUserUnlocked-USER_SYSTEM
08-03 16:10:11.240  4380  4380 D KeyguardViewMediator: handleSetOccluded(false)
08-03 16:10:11.240  4380  4380 D KeyguardViewMediator: KeyguardViewMediator queue processing message: SET_OCCLUDED
08-03 16:10:11.240  4380  4380 V SysUiUserPresentManager: Is user present: true -> true
08-03 16:10:11.242  4380  4380 W libc    : Access denied finding property "persist.vendor.asus.sim2.enabled"
08-03 16:10:11.244  4380  4380 I KeyguardTransitionRepository: FINISHED transition: TransitionStep(from=LOCKSCREEN, to=GONE, value=1.0, transitionState=FINISHED, ownerName=FromLockscreenTransitionInteractor)
08-03 16:10:11.244  4380  4615 D ResourceTrimmer: Sending TRIM_MEMORY_UI_HIDDEN.
08-03 16:10:11.245  4380  4380 D KeyguardUpdateMonitor: getUnlockedSubIdForState iRealState = 5 slotId = 1
08-03 16:10:11.245  4380  4380 D KeyguardSecurityModel: getSecurityMode security = 0
08-03 16:10:11.245  4380  4380 D PrimaryBouncerInteractor: Force cancelShowRunnable to avoid flicker.
08-03 16:10:11.245  4380  4380 D 433335  : KeyguardBouncerRepositoryImpl setPrimaryStartDisappearAnimation
08-03 16:10:11.245  4380  4380 D KeyguardStateControllerImpl: setKeyguardFadingAway:false
08-03 16:10:11.260  4380  4380 D EdgeBackGestureHandler: SysUi flags: 268435456->268566528
08-03 16:10:11.261  4380  4380 D MinimalistNotificationController: handleValueChanged mLauncherStayWorkspaceSettingsState: true
08-03 16:10:11.272  4380  4380 V EdgeTool2Manager: Is available: false -> true
08-03 16:10:11.289  2522  3130 D AutomaticBrightnessController: [ASUS BL] setAmbientLux:0.0 oriBrighteningThreshold:5.0 mAmbientBrighteningThreshold:5.0 mAmbientDarkeningThreshold:0.0
08-03 16:10:11.292  2522  5116 W libc    : Access denied finding property "vendor.thermal.env_temp"
08-03 16:10:11.292  2522  5116 I ThermalManagerService: No env_temp path!
08-03 16:10:11.292  2522  5116 W libc    : Access denied finding property "vendor.thermal.temp_wall"
08-03 16:10:11.289  2522  2522 W ThermalUpdateTh: type=1400 audit(0.0:17829): avc:  denied  { read } for  name="u:object_r:vendor_default_prop:s0" dev="tmpfs" ino=458 scontext=u:r:system_server:s0 tcontext=u:object_r:vendor_default_prop:s0 tclass=file permissive=0
08-03 16:10:11.289  2522  2522 W ThermalUpdateTh: type=1400 audit(0.0:17830): avc:  denied  { read } for  name="u:object_r:vendor_default_prop:s0" dev="tmpfs" ino=458 scontext=u:r:system_server:s0 tcontext=u:object_r:vendor_default_prop:s0 tclass=file permissive=0
08-03 16:10:11.346  4380  4380 D NotificationShadeWindowController: applyVisibility changed: visible = false, forceCollapsed = false, isKeyguardShowingAndNotOccluded = false, panelVisible = false, keyguardFadingAway = false, bouncerShowing = false, headsUpShowing = false, backgroundBlurRadius = 0, scrimsVisibility = 0, launchingActivity = false, CallerMethod =  <- apply(NotificationShadeWindowControllerImpl.java:651) <- setKeyguardFadingAway(NotificationShadeWindowControllerImpl.java:832) <- lambda$onKeyguardFadedAway$8(StatusBarKeyguardViewManager.java:1257) <- $r8$lambda$lGe-TYbJUo7fcsSU0Iaq__Xy7AI(null:0) <- run(D8$$SyntheticClass:0) <- handleCallback(Handler.java:959) <- dispatchMessage(Handler.java:100) <- loopOnce(Looper.java:273) <- loop(Looper.java:388) <- main(ActivityThread.java:8969)
08-03 16:10:11.382  1747  4762 D vendor.qti.bluetooth@1.1-wake_lock: Release wakelock is released 
08-03 16:10:11.389  4380  4387 I ndroid.systemui: Background concurrent mark compact GC freed 97MB AllocSpace bytes, 58(3464KB) LOS objects, 59% free, 64MB/160MB, paused 646us,1.791ms total 180.894ms
08-03 16:10:11.395  2522  3608 I WindowManager: selectAnimation in Window{d6e5734 u0 NotificationShade}: transit=2
08-03 16:10:11.395  2522  3608 V WindowManager: applyAnimation: win=WindowStateAnimator{2d2fd2e NotificationShade} anim=0 attr=0x1 a=null transit=2 type=2040 isEntrance=false Callers com.android.server.wm.WindowManagerService.tryStartExitingAnimation:3229 com.android.server.wm.WindowManagerService.relayoutWindowInner:3003 com.android.server.wm.WindowManagerService.relayoutWindow:2701 com.android.server.wm.Session.relayout:308 android.view.IWindowSession$Stub.onTransact:767 com.android.server.wm.Session.onTransact:227 android.os.Binder.execTransactInternal:1505 android.os.Binder.execTransact:1444 <bottom of call stack> <bottom of call stack> <bottom of call stack> <bottom of call stack> <bottom of call stack> <bottom of call stack> <bottom of call stack> <bottom of call stack> <bottom of call stack> <bottom of call stack> <bottom of call stack> <bottom of call stack> 
08-03 16:10:11.395  2522  3608 E WindowManager: win=Window{d6e5734 u0 NotificationShade} destroySurfaces: appStopped=true win.mWindowRemovalAllowed=false win.mRemoveOnExit=false
08-03 16:10:11.395  2522  3608 I WindowManager: SURFACE DESTROY: Window{d6e5734 u0 NotificationShade}. java.lang.RuntimeException
08-03 16:10:11.395  2522  3608 I WindowManager: Destroying surface Surface(name=NotificationShade)/@0x3403432 called by com.android.server.wm.WindowStateAnimator.destroySurface:675 com.android.server.wm.WindowStateAnimator.destroySurfaceLocked:381 com.android.server.wm.WindowState.destroySurfaceUnchecked:3517 com.android.server.wm.WindowState.destroySurface:3491 com.android.server.wm.WindowManagerService.tryStartExitingAnimation:3261 com.android.server.wm.WindowManagerService.relayoutWindowInner:3003 com.android.server.wm.WindowManagerService.relayoutWindow:2701 com.android.server.wm.Session.relayout:308 
08-03 16:10:11.395  2522  3608 D WindowManager: Clear animatingExit: reason=destroySurface win=Window{d6e5734 u0 NotificationShade}
08-03 16:10:11.396  2522  3608 V WindowManager: findFocusedWindow: Found new focus @ Window{9fade34 u0 com.asus.launcher/com.android.launcher3.uioverrides.QuickstepLauncher}
08-03 16:10:11.398  2522  3130 D AutomaticBrightnessController: [ASUS BL] setAmbientLux:0.0 oriBrighteningThreshold:5.0 mAmbientBrighteningThreshold:5.0 mAmbientDarkeningThreshold:0.0
08-03 16:10:11.407  1768  4182 I WifiHAL : event received NL80211_CMD_VENDOR, vendor_id = 0x1374, subcmd = 0xd
08-03 16:10:11.407  2723  2723 I cnss-daemon: nl80211 response handler invoked
08-03 16:10:11.407  2723  2723 I cnss-daemon: nl80211_response_handler: cmd 103, vendorID 4980, subcmd 13  received
08-03 16:10:11.410  4380  4389 W System  : A resource failed to call release. 
08-03 16:10:11.410  4380  4389 W System  : A resource failed to call release. 
08-03 16:10:11.410  4380  4389 W System  : A resource failed to call release. 
08-03 16:10:11.410  4380  4389 W System  : A resource failed to call release. 
08-03 16:10:11.410  4380  4389 W System  : A resource failed to call release. 
08-03 16:10:11.410  4380  4389 W System  : A resource failed to call release. 
08-03 16:10:11.410  4380  4389 W System  : A resource failed to call release. 
08-03 16:10:11.413  4380  4389 W System  : A resource failed to call release. 
08-03 16:10:11.413  4380  4389 W System  : A resource failed to call release. 
08-03 16:10:11.415  4380  4389 W System  : A resource failed to call release. 
08-03 16:10:11.415  4380  4389 W System  : A resource failed to call release. 
08-03 16:10:11.415  4380  4389 W System  : A resource failed to call release. 
08-03 16:10:11.415  4380  4389 W System  : A resource failed to call release. 
08-03 16:10:11.415  4380  4389 W System  : A resource failed to call release. 
08-03 16:10:11.415  4380  4389 W System  : A resource failed to call release. 
08-03 16:10:11.415  4380  4389 W System  : A resource failed to call release. 
08-03 16:10:11.421  4380  4389 W System  : A resource failed to call release. 
08-03 16:10:11.421  4380  4389 W System  : A resource failed to call release. 
08-03 16:10:11.421  4380  4389 W System  : A resource failed to call release. 
08-03 16:10:11.421  4380  4389 W System  : A resource failed to call release. 
08-03 16:10:11.421  4380  4389 W System  : A resource failed to call release. 
08-03 16:10:11.421  4380  4389 W System  : A resource failed to call release. 
08-03 16:10:11.421  4380  4389 W System  : A resource failed to call release. 
08-03 16:10:11.507  2522  3130 D AutomaticBrightnessController: [ASUS BL] setAmbientLux:0.0 oriBrighteningThreshold:5.0 mAmbientBrighteningThreshold:5.0 mAmbientDarkeningThreshold:0.0
08-03 16:10:11.510  1690  1719 E NetlinkEvent: NetlinkEvent::FindParam(): Parameter 'INTERFACE' not found
08-03 16:10:11.510  1690  1719 E NetlinkEvent: NetlinkEvent::FindParam(): Parameter 'STATE' not found
08-03 16:10:11.510  1690  1719 E NetlinkEvent: NetlinkEvent::FindParam(): Parameter 'TIME_NS' not found
08-03 16:10:11.510  1690  1719 E NetlinkEvent: NetlinkEvent::FindParam(): Parameter 'UID' not found
08-03 16:10:11.618  2522  3130 D AutomaticBrightnessController: [ASUS BL] setAmbientLux:0.0 oriBrighteningThreshold:5.0 mAmbientBrighteningThreshold:5.0 mAmbientDarkeningThreshold:0.0
08-03 16:10:11.634  1606  2518 I NearbyDiscovery: (REDACTED) FastPairHandler: Received action %s
08-03 16:10:11.634  1606 28947 I NearbySharing: Screen is unlocked
08-03 16:10:11.634  1606  2518 I NearbyDiscovery: FastPairController: onSystemStateChanged: skip due to flag disabled [CONTEXT service_id=265 ]
08-03 16:10:11.635  1606 28947 I NearbySharing: Uwb feature is off.
08-03 16:10:11.635  1606 28947 I NearbySharing: Uwb feature is off.
08-03 16:10:11.635 24677 24677 W fbservices:InitStatus: Not blocking Service (77592766)
08-03 16:10:11.635 24677 24677 W fbservices:InitStatus: Not blocking Service (77592766)
08-03 16:10:11.637  1606 28947 I NearbySharing: [NS_PROVIDER_API]: startDiscovery called with SendManagerOptions(mode=BACKGROUND, flowId=3997032440098686720, uwbSenderInfo=null, deviceType=1, dataUsage=2, vendorId=0).
08-03 16:10:11.637  1606 28947 I NearbySharing: NearbySharing Internal event SendManagerStart(mode=BACKGROUND, useCase=0, sendSurfaceState=0, sendSurfaceStartTimeMillis=-1, useQrCode=false, success=true)
08-03 16:10:11.637  1606 28947 I NearbySharing: Uwb feature is off.
08-03 16:10:11.638  1606 28947 I NearbySharing: Stopping Fast Init advertisement because we're not scanning in the foreground.
08-03 16:10:11.638  1606 28947 I NearbySharing: Scanning has started in the BACKGROUND
08-03 16:10:11.638  1606 28947 I NearbySharing: Stopping Fast Init advertisement because we're not scanning in the foreground.
08-03 16:10:11.639  1606  1625 I NearbyConnections: Client 68777270 requested discovery to start.
08-03 16:10:11.640  1606 28888 I Nearby  : (REDACTED) Note nearby client %s for operation %s
08-03 16:10:11.640  1606 28947 I NearbySharing: Start advertising with mode BACKGROUND certificate visibility SELF_SHARE data usage preference ONLINE, and bt advertising false with vendorId 0
08-03 16:10:11.640  1606 28947 I NearbySharing: Uwb feature is off.
08-03 16:10:11.640  1606 28947 I NearbySharing: Updating advertising options: ddau@7a6c0e1
08-03 16:10:11.640  1606 28947 I NearbySharing: [RECEIVE_PROVIDER] update called.
08-03 16:10:11.640  1606 28888 I NearbyConnections: Get local endpoint id from the existing localEndpointId:GL4J (last:H4IT) for client 68777270(0p:com.google.android.gms.nearby.sharing)
08-03 16:10:11.641  1606 28888 I NearbyConnections: In startNfcDiscovery(), client 68777270 couldn't start scanning on NFC for serviceId NearbySharing.
08-03 16:10:11.641  1606 28888 I NearbyMediums: In ScanningCancellationFlag, service-id=NearbySharing has become the first scanner. The flag has been reset.
08-03 16:10:11.641  1606 28947 I NearbySharing: Advertising has started with mode BACKGROUND, Bt enabled : false
08-03 16:10:11.642  1606 28946 D BluetoothLeScanner: App 'com.google.android.gms' startScan
08-03 16:10:11.642  1606 28946 D BluetoothAdapter: isLeEnabled(): ON
08-03 16:10:11.644  4458  4475 I bt_shim_scanner: system/main/shim/le_scanning_manager.cc:172 RegisterScanner: in shim layer
08-03 16:10:11.645  1606 11334 D BluetoothLeScanner: onScannerRegistered() - status=0 scannerId=2 mScannerId=0
08-03 16:10:11.645  4458  4475 I BtGatt.ScanHelper: [BLE]start scan with filters. callingPackage: com.google.android.gms|scannerId=2|ScanMode=AMBIENT_DISCOVERY|callbackType=ALL_MATCHES
08-03 16:10:11.646  4458  4475 I BtGatt.ScanHelper: [BLE]enforcePrivilegedPermissionIfNeeded([BluetoothLeScanFilter [mDeviceName=null, mDeviceAddress=null, mUuid=0000fef3-0000-1000-8000-00805f9b34fb, mUuidMask=null, mServiceSolicitationUuid=null, mServiceSolicitationUuidMask=null, mServiceDataUuid=null, mServiceData=null, mServiceDataMask=null, mManufacturerId=-1, mManufacturerData=null, mManufacturerDataMask=null, mAdvertisingDataType=-1, mAdvertisingData=null, mAdvertisingDataMask=null, mTransportBlockFilter=null, mGroupBasedFiltering=false], BluetoothLeScanFilter [mDeviceName=null, mDeviceAddress=null, mUuid=null, mUuidMask=null, mServiceSolicitationUuid=null, mServiceSolicitationUuidMask=null, mServiceDataUuid=0000fef3-0000-1000-8000-00805f9b34fb, mServiceData=[0], mServiceDataMask=[0], mManufacturerId=-1, mManufacturerData=null, mManufacturerDataMask=null, mAdvertisingDataType=-1, mAdvertisingData=null, mAdvertisingDataMask=null, mTransportBlockFilter=null, mGroupBasedFiltering=false]])
08-03 16:10:11.647  1606 28947 I NearbySharing: Starting scanning for Fast Initiation.
08-03 16:10:11.647  1606 29007 I NearbyMediums: ModuleInitializer handles incoming intent android.intent.action.USER_PRESENT
08-03 16:10:11.648  1606 28947 D BluetoothLeScanner: App 'com.google.android.gms' startScan
08-03 16:10:11.648  1606 28947 D BluetoothAdapter: isLeEnabled(): ON
08-03 16:10:11.648  1606 28888 I NearbyMediums: Started BLE scanning, service-id=NearbySharing, is-extended-advert=true, power-level=2, scan-mode=3
08-03 16:10:11.648  4458  5257 I bt_shim_scanner: system/main/shim/le_scanning_manager.cc:282 ScanFilterEnable: in shim layer
08-03 16:10:11.649  4458  5257 I bt_shim_scanner: system/main/shim/le_scanning_manager.cc:258 ScanFilterAdd: in shim layer
08-03 16:10:11.649  1606 29006 I NearbySharing: Loading certificates with visibility SELF_SHARE
08-03 16:10:11.649  4458  5257 I bt_shim_scanner: system/main/shim/le_scanning_manager.cc:220 ScanFilterParamSetup: in shim layer, clientIf=2
08-03 16:10:11.649  1747  1747 D vendor.qti.bluetooth@1.1-wake_lock: Acquire wakelock is acquired 
08-03 16:10:11.649  1606 28888 I NearbyConnections: Listening to visibility changes for client 68777270
08-03 16:10:11.650  1606 29006 I NearbySharing: Saving the private certificate to file nearby_sharing_private_certificate_file_for_self.
08-03 16:10:11.650  4458  5257 I bt_shim_scanner: system/main/shim/le_scanning_manager.cc:258 ScanFilterAdd: in shim layer
08-03 16:10:11.650  4458  5257 I bt_shim_scanner: system/main/shim/le_scanning_manager.cc:220 ScanFilterParamSetup: in shim layer, clientIf=2
08-03 16:10:11.650  1606 28888 I Nearby  : (REDACTED) Beginning attempt #%d out of %d for %s...
08-03 16:10:11.650  4458  5257 I bt_shim_scanner: system/main/shim/le_scanning_manager.cc:185 Scan: in shim layer stopped
08-03 16:10:11.650  4458  4475 I bt_shim_scanner: system/main/shim/le_scanning_manager.cc:172 RegisterScanner: in shim layer
08-03 16:10:11.650  4458  5257 W BtGatt.JNI: android/app/jni/com_android_bluetooth_gatt.cpp:1597 gattSetScanParametersNative: gattSetScanParametersNative
08-03 16:10:11.650  4458  5257 I bt_shim_scanner: system/main/shim/le_scanning_manager.cc:363 SetScanParameters: in shim layer, scannerId=2
08-03 16:10:11.650  4458  5257 I bt_shim_scanner: system/main/shim/le_scanning_manager.cc:185 Scan: in shim layer started
08-03 16:10:11.651   693 29009 I PersonalSafety: ConnectivityProtectionLockingIntentOperation: cancelled task [CONTEXT service_id=310 ]
