08-03 16:10:13.208  2522  4401 V WindowManager: No longer Stopped: ActivityRecord{9de7173 u0 com.linkbubble.playstore.dev/com.linkbubble.ui.EntryActivity t7947}
08-03 16:10:13.208 16134 16134 I TopTaskTracker: onTaskMovedToFront: (moved taskInfo to front) taskId=7947
08-03 16:10:13.208  4380  4380 D AppHiddenMonitor: onChange call queryHiddenList()
08-03 16:10:13.209  2522  7027 V WindowManager: Starting Transition 99
08-03 16:10:13.209  2522  7027 V WindowManager:  allReady query: used=true override=false defer=0 states=[Display{#0 state=ON size=1080x2400 ROTATION_0}:false]
08-03 16:10:13.209  2522  7027 V WindowManager: Set transition ready=false 99
08-03 16:10:13.209  2522  7027 V WindowManager: Apply window transaction, syncId=-1
08-03 16:10:13.212  1747  5117 D vendor.qti.bluetooth@1.1-ibs_handler: SerialClockVote: vote for UART CLK OFF
08-03 16:10:13.212  4380  4380 D AppHiddenMonitor: onChange call queryHiddenList()
08-03 16:10:13.212 16134 16158 D AllAppModelWriter: updateLaunchCount: cpnName= ComponentInfo{com.linkbubble.playstore.dev/com.linkbubble.ui.EntryActivity}, times= 106
08-03 16:10:13.213 16134 16158 D QuickstepModelDelegate: notifyAppTargetEvent action=1 launchLocation=workspace/1/[3,4]/[1,1]
08-03 16:10:13.215  1691  1691 D Zygote  : Forked child process 29055
08-03 16:10:13.216  2522  2583 I ActivityManager: Start proc 29055:com.linkbubble.playstore.dev/u0a461 for next-top-activity {com.linkbubble.playstore.dev/com.linkbubble.ui.EntryActivity}
08-03 16:10:13.216  1845  5776 E ANDR-PERF-LM: MetaMeter: handleAsync() 166: AdaptLaunch Invalid Async
08-03 16:10:13.216  2522 29056 W ContextImpl: Calling a method in the system process without a qualified user: android.app.ContextImpl.sendBroadcast:1249 com.qualcomm.qti.Performance$SendGameLaunchBroadcast.run:248 java.lang.Thread.run:1119 <bottom of call stack> <bottom of call stack> 
08-03 16:10:13.218  6406 14541 W SQLiteLog: (28) double-quoted string literal: "com.linkbubble.playstore.dev"
08-03 16:10:13.221  2522  2531 I system_server: Compiler allocated 5077KB to compile int com.android.server.wm.ActivityStarter.startActivityInner(com.android.server.wm.ActivityRecord, com.android.server.wm.ActivityRecord, android.service.voice.IVoiceInteractionSession, com.android.internal.app.IVoiceInteractor, int, android.app.ActivityOptions, com.android.server.wm.Task, com.android.server.wm.TaskFragment, com.android.server.wm.BackgroundActivityStartController$BalVerdict, com.android.server.uri.NeededUriGrants, int)
08-03 16:10:13.225 29055 29055 I e.playstore.dev: Late-enabling -Xcheck:jni
08-03 16:10:13.227  1606 28907 I NetworkScheduler: (REDACTED) Error inserting %s
08-03 16:10:13.244 29055 29055 I e.playstore.dev: Using CollectorTypeCMC GC.
08-03 16:10:13.247  2852  2960 I adbd    : jdwp connection from 29055
08-03 16:10:13.249 29055 29055 D nativeloader: Load libframework-connectivity-tiramisu-jni.so using APEX ns com_android_tethering for caller /apex/com.android.tethering/javalib/framework-connectivity-t.jar: ok
08-03 16:10:13.254  1845  1893 E ANDR-PERF-QESDK-SECLIB: ANDR-PERF-QESDK-SECLIB: apply_value() 160: Failed to store original gpu node value
08-03 16:10:13.255  1845  1893 E ANDR-PERF-RESOURCEQS: ANDR-PERF-RESOURCEQS: AddAndApply() 167: Failed to apply optimization [3, 32]
08-03 16:10:13.255  1845  5776 E ANDR-PERF-LM: MetaMeter: handleAsync() 166: AdaptLaunch Invalid Async
08-03 16:10:13.256  2522  4401 D CompatibilityInfo: mCompatibilityFlags - 0
08-03 16:10:13.256  2522  4401 D CompatibilityInfo: applicationDensity - 374
08-03 16:10:13.256  2522  4401 D CompatibilityInfo: applicationScale - 1.0
08-03 16:10:13.258  6201  6242 D ForegroundUtils: Foreground UID status:
08-03 16:10:13.258  6201  6242 D ForegroundUtils: UID: 10049 is in foreground: true
08-03 16:10:13.258  6201  6242 D ForegroundUtils: UID: 10093 is in foreground: true
08-03 16:10:13.258  6201  6242 D ForegroundUtils: UID: 10175 is in foreground: true
08-03 16:10:13.258  6201  6242 D ForegroundUtils: UID: 10185 is in foreground: true
08-03 16:10:13.258  6201  6242 D ForegroundUtils: UID: 10201 is in foreground: true
08-03 16:10:13.258  6201  6242 D ForegroundUtils: UID: 10203 is in foreground: false
08-03 16:10:13.258  6201  6242 D ForegroundUtils: UID: 10241 is in foreground: false
08-03 16:10:13.258  6201  6242 D ForegroundUtils: UID: 10461 is in foreground: true
08-03 16:10:13.258  2522  2540 D AlarmManagerServiceInjector: background restricted unblock alarm for 10461
08-03 16:10:13.260  1747  5117 D vendor.qti.bluetooth@1.1-ibs_handler: SerialClockVote: vote for UART CLK OFF
08-03 16:10:13.262 29055 29055 D CompatChangeReporter: Compat change id reported: 242716250; UID 10461; state: ENABLED
08-03 16:10:13.306 19807 19807 I bnhk    : onPause
08-03 16:10:13.310 16134 16156 D RecentTasksList: loadTasksInBackground: 
08-03 16:10:13.310  2522  3608 W ActivityTaskManager: takeTaskSnapshot: taskId=7947 not found or not visible
08-03 16:10:13.333  2522  3980 D WifiStaIfaceHidlImpl: getCachedScanData is not implemented by HIDL
08-03 16:10:13.334     0     0 W KERNEL  : [419101.167866][ T2610] [wlan]: BSSID=62:28:aa:5b:98:b5 RSSI=-51, Rate=(9608, 9074), flags=(0xe008, 0xe008), MCS=(9,9), NSS=(2,2).
08-03 16:10:13.345 29055 29055 D ApplicationLoaders: Returning zygote-cached class loader: /system/framework/org.apache.http.legacy.jar
08-03 16:10:13.352  1747  5117 D vendor.qti.bluetooth@1.1-ibs_handler: SerialClockVote: vote for UART CLK OFF
08-03 16:10:13.395  1747  5117 D vendor.qti.bluetooth@1.1-ibs_handler: SerialClockVote: vote for UART CLK OFF
08-03 16:10:13.407  1900  1900 I BpBinder: onLastStrongRef automatically unlinking death recipients: 
08-03 16:10:13.413  1768  4182 I WifiHAL : event received NL80211_CMD_VENDOR, vendor_id = 0x1374, subcmd = 0xd
08-03 16:10:13.413  2723  2723 I cnss-daemon: nl80211 response handler invoked
08-03 16:10:13.413  2723  2723 I cnss-daemon: nl80211_response_handler: cmd 103, vendorID 4980, subcmd 13  received
08-03 16:10:13.440 29055 29055 D nativeloader: Configuring clns-7 for other apk /data/app/~~tK78iPobPXe2kcI11n11iA==/com.linkbubble.playstore.dev-0kGw_rC5xpPzQR0w4yjIzA==/base.apk. target_sdk_version=34, uses_libraries=, library_path=/data/app/~~tK78iPobPXe2kcI11n11iA==/com.linkbubble.playstore.dev-0kGw_rC5xpPzQR0w4yjIzA==/lib/arm64, permitted_path=/data:/mnt/expand:/data/user/0/com.linkbubble.playstore.dev
08-03 16:10:13.447 29055 29055 I Perf    : Connecting to perf service.
08-03 16:10:13.450 29055 29055 V GraphicsEnvironment: Currently set values for:
08-03 16:10:13.450 29055 29055 V GraphicsEnvironment:   angle_gl_driver_selection_pkgs=[]
08-03 16:10:13.450 29055 29055 V GraphicsEnvironment:   angle_gl_driver_selection_values=[]
08-03 16:10:13.450 29055 29055 V GraphicsEnvironment: Global.Settings values are invalid: number of packages: 0, number of values: 0
08-03 16:10:13.450 29055 29055 V GraphicsEnvironment: Neither updatable production driver nor prerelease driver is supported.
08-03 16:10:13.466 29055 29055 V Monotype: SetAppTypeFace- try to flip, app = com.linkbubble.playstore.dev
08-03 16:10:13.468 29055 29055 V Monotype:     Typeface getFontPathFlipFont - systemFont = default#default
08-03 16:10:13.468 29055 29055 I SystemFonts: Loading font config from /system/etc/font_fallback_ff.xml
08-03 16:10:13.470 29055 29055 D CompatChangeReporter: Compat change id reported: 247079863; UID 10461; state: ENABLED
08-03 16:10:13.534  1747  5117 D vendor.qti.bluetooth@1.1-ibs_handler: SerialClockVote: vote for UART CLK OFF
08-03 16:10:13.539  2522  3608 D FileUtils: Rounded bytes from 7565340672 to 8000000000
08-03 16:10:13.594 29055 29055 D AndroidRuntime: Shutting down VM
08-03 16:10:13.595 29055 29055 E AndroidRuntime: FATAL EXCEPTION: main
08-03 16:10:13.595 29055 29055 E AndroidRuntime: Process: com.linkbubble.playstore.dev, PID: 29055
08-03 16:10:13.595 29055 29055 E AndroidRuntime: java.lang.RuntimeException: Unable to create application com.linkbubble.MainApplication: java.lang.IllegalStateException: Must Initialize Fabric before using singleton()
08-03 16:10:13.595 29055 29055 E AndroidRuntime: 	at android.app.ActivityThread.handleBindApplication(ActivityThread.java:7719)
08-03 16:10:13.595 29055 29055 E AndroidRuntime: 	at android.app.ActivityThread.-$$Nest$mhandleBindApplication(Unknown Source:0)
08-03 16:10:13.595 29055 29055 E AndroidRuntime: 	at android.app.ActivityThread$H.handleMessage(ActivityThread.java:2500)
08-03 16:10:13.595 29055 29055 E AndroidRuntime: 	at android.os.Handler.dispatchMessage(Handler.java:107)
08-03 16:10:13.595 29055 29055 E AndroidRuntime: 	at android.os.Looper.loopOnce(Looper.java:273)
08-03 16:10:13.595 29055 29055 E AndroidRuntime: 	at android.os.Looper.loop(Looper.java:388)
08-03 16:10:13.595 29055 29055 E AndroidRuntime: 	at android.app.ActivityThread.main(ActivityThread.java:8969)
08-03 16:10:13.595 29055 29055 E AndroidRuntime: 	at java.lang.reflect.Method.invoke(Native Method)
08-03 16:10:13.595 29055 29055 E AndroidRuntime: 	at com.android.internal.os.RuntimeInit$MethodAndArgsCaller.run(RuntimeInit.java:580)
08-03 16:10:13.595 29055 29055 E AndroidRuntime: 	at com.android.internal.os.ZygoteInit.main(ZygoteInit.java:892)
08-03 16:10:13.595 29055 29055 E AndroidRuntime: Caused by: java.lang.IllegalStateException: Must Initialize Fabric before using singleton()
08-03 16:10:13.595 29055 29055 E AndroidRuntime: 	at io.fabric.sdk.android.Fabric.singleton(Fabric.java:273)
08-03 16:10:13.595 29055 29055 E AndroidRuntime: 	at io.fabric.sdk.android.Fabric.getKit(Fabric.java:524)
08-03 16:10:13.595 29055 29055 E AndroidRuntime: 	at com.crashlytics.android.Crashlytics.getInstance(Crashlytics.java:188)
08-03 16:10:13.595 29055 29055 E AndroidRuntime: 	at com.crashlytics.android.Crashlytics.checkInitialized(Crashlytics.java:371)
08-03 16:10:13.595 29055 29055 E AndroidRuntime: 	at com.crashlytics.android.Crashlytics.log(Crashlytics.java:218)
08-03 16:10:13.595 29055 29055 E AndroidRuntime: 	at com.linkbubble.util.CrashTracking.log(CrashTracking.java:41)
08-03 16:10:13.595 29055 29055 E AndroidRuntime: 	at com.linkbubble.MainApplication.onCreate(MainApplication.java:133)
08-03 16:10:13.595 29055 29055 E AndroidRuntime: 	at android.app.Instrumentation.callApplicationOnCreate(Instrumentation.java:1387)
08-03 16:10:13.595 29055 29055 E AndroidRuntime: 	at android.app.ActivityThread.handleBindApplication(ActivityThread.java:7713)
08-03 16:10:13.595 29055 29055 E AndroidRuntime: 	... 9 more
08-03 16:10:13.598  2522 29074 I DropBoxManagerService: add tag=data_app_crash isTagEnabled=true flags=0x2
08-03 16:10:13.598  2522  2541 I ActivityManager: Showing crash dialog for package com.linkbubble.playstore.dev u0
08-03 16:10:13.599  2522  2541 V Dialog  : Is ZenUI dialog: android
08-03 16:10:13.607  2522  2541 D ViewRootImpl: setView +++
08-03 16:10:13.608  2522  2541 D VRI[dev]: WindowLayout in setView:{(0,0)(wrapxwrap) gr=BOTTOM CENTER_VERTICAL sim={adjust=pan forwardNavigation} ty=SYSTEM_ALERT fmt=TRANSLUCENT wanim=0x10302ff surfaceInsets=Rect(75, 75 - 75, 75)
08-03 16:10:13.608  2522  2541 D VRI[dev]:   fl=DIM_BEHIND ALT_FOCUSABLE_IM SPLIT_TOUCH HARDWARE_ACCELERATED
08-03 16:10:13.608  2522  2541 D VRI[dev]:   pfl=SHOW_FOR_ALL_USERS SYSTEM_ERROR EDGE_TO_EDGE_ENFORCED OVERRIDE_LAYOUT_IN_DISPLAY_CUTOUT_MODE
08-03 16:10:13.608  2522  2541 D VRI[dev]:   bhv=DEFAULT
08-03 16:10:13.608  2522  2541 D VRI[dev]:   fitTypes=STATUS_BARS NAVIGATION_BARS CAPTION_BAR
08-03 16:10:13.608  2522  2541 D VRI[dev]:   frameRateBoostOnTouch=true
08-03 16:10:13.608  2522  2541 D VRI[dev]:   dvrrWindowFrameRateHint=true memoryType=0}
08-03 16:10:13.608  2522  2541 D VRI[dev]: mWindowSession.addToDisplayAsUser() +++
08-03 16:10:13.610  2522  2541 V WindowManager: Adding Window{9900484 u0 Application Error: com.linkbubble.playstore.dev} to WindowToken{1d29a97 type=2003 android.view.ViewRootImpl$W@1964116}
08-03 16:10:13.610  2522  2541 V WindowManager: findFocusedWindow: Found new focus @ Window{9900484 u0 Application Error: com.linkbubble.playstore.dev}
08-03 16:10:13.610  2522  2541 D WindowManager: Changing focus from Window{9fade34 u0 com.asus.launcher/com.android.launcher3.uioverrides.QuickstepLauncher} to Window{9900484 u0 Application Error: com.linkbubble.playstore.dev} displayId=0 Callers=com.android.server.wm.RootWindowContainer.updateFocusedWindowLocked:501 com.android.server.wm.WindowManagerService.updateFocusedWindowLocked:7134 com.android.server.wm.WindowManagerService.addWindow:2259 com.android.server.wm.Session.addToDisplayAsUser:278 
08-03 16:10:13.610  2522  2541 V WindowManager: Starting animation on Window{7720b6c u0 NavigationBar0}: type=32, anim=com.android.server.wm.InsetsSourceProvider$ControlAdapter@62d58a2
08-03 16:10:13.610  2522  2541 I WindowManager: Cancelling animation restarting=true for Window{7720b6c u0 NavigationBar0}
08-03 16:10:13.611  2522  2541 I WindowManager: Reparenting to original parent: Surface(name=WindowToken{6ec06c3 type=2019 android.os.BinderProxy@876d37d})/@0x334187a for Window{7720b6c u0 NavigationBar0}
08-03 16:10:13.611  2522  2541 I WindowManager: Reparenting to leash for Window{7720b6c u0 NavigationBar0}
08-03 16:10:13.611  2522  2541 D WindowManager: Animation start for Window{7720b6c u0 NavigationBar0}, anim=ControlAdapter mCapturedLeash=Surface(name=Surface(name=7720b6c NavigationBar0)/@0x45fdaf2 - animation-leash of insets_animation)/@0x19c4933
08-03 16:10:13.611  2522  2541 V WindowManager: Starting animation on Window{d2ffe59 u0 StatusBar}: type=32, anim=com.android.server.wm.InsetsSourceProvider$ControlAdapter@e4ae4f0
08-03 16:10:13.611  2522  2541 I WindowManager: Cancelling animation restarting=true for Window{d2ffe59 u0 StatusBar}
08-03 16:10:13.611  2522  2541 I WindowManager: Reparenting to original parent: Surface(name=WindowToken{b33b2a0 type=2000 android.os.BinderProxy@d7b22d2})/@0x94c6c72 for Window{d2ffe59 u0 StatusBar}
08-03 16:10:13.612  2522  2541 I WindowManager: Reparenting to leash for Window{d2ffe59 u0 StatusBar}
08-03 16:10:13.612  2522  2541 D WindowManager: Animation start for Window{d2ffe59 u0 StatusBar}, anim=ControlAdapter mCapturedLeash=Surface(name=Surface(name=d2ffe59 StatusBar)/@0xab22543 - animation-leash of insets_animation)/@0x944ca69
08-03 16:10:13.612  4380  4380 W AppOpsControllerImpl: onActiveChanged(24,1000,android,true,-1,0)
08-03 16:10:13.612  4380  4380 W AppOpsControllerImpl: Added item: AppOpItem(Op code=24, UID=1000, Package name=android, Paused=false)
08-03 16:10:13.612  4380  4380 D AppOpsControllerImpl: before notifySuscribers: 24,1000,android,true,false
08-03 16:10:13.612  2522  2541 V WindowManager: Input focus has changed to Window{9900484 u0 Application Error: com.linkbubble.playstore.dev} display=0
08-03 16:10:13.612  2522  2541 V WindowManager: addWindow: New client android.view.ViewRootImpl$W@1964116: window=Window{9900484 u0 Application Error: com.linkbubble.playstore.dev} Callers=com.android.server.wm.Session.addToDisplayAsUser:278 android.view.ViewRootImpl.setView:1641 android.view.WindowManagerGlobal.addView:484 android.view.WindowManagerImpl.addView:159 android.app.Dialog.show:388 
08-03 16:10:13.613  2522  2541 D VRI[dev]: mWindowSession.addToDisplayAsUser() ---
08-03 16:10:13.613  2522  2541 V VRI[dev]: Added window android.view.ViewRootImpl$W@1964116
08-03 16:10:13.613  2522  2544 V WindowManager: Focus not requested for window=Window{9900484 u0 Application Error: com.linkbubble.playstore.dev} because it has no surface or is not focusable.
08-03 16:10:13.613  2522  2541 D VRI[dev]: setView ---
08-03 16:10:13.625  2522  2541 D CoreBackPreview: Window{9900484 u0 Application Error: com.linkbubble.playstore.dev}: Setting back callback OnBackInvokedCallbackInfo{mCallback=android.window.WindowOnBackInvokedDispatcher$OnBackInvokedCallbackWrapper@d6a425, mPriority=0, mIsAnimationCallback=false}
08-03 16:10:13.625  1747  5117 D vendor.qti.bluetooth@1.1-ibs_handler: SerialClockVote: vote for UART CLK OFF
08-03 16:10:13.625  2522  2541 I WindowManager: createSurface WindowStateAnimator{b0559fa Application Error: com.linkbubble.playstore.dev}: mDrawState=DRAW_PENDING
08-03 16:10:13.626  2522  2541 I WindowManager:   CREATE SURFACE Surface(name=Application Error: com.linkbubble.playstore.dev)/@0xcbf96b4 IN SESSION android.view.SurfaceSession@8bd2655: pid=2522 format=-3 flags=0x4 / WindowStateAnimator{b0559fa Application Error: com.linkbubble.playstore.dev}
08-03 16:10:13.627  2522  2541 V WindowManager: findFocusedWindow: Found new focus @ Window{9900484 u0 Application Error: com.linkbubble.playstore.dev}
08-03 16:10:13.627  2522  2544 V WindowManager: Focus requested for window=9900484 Application Error: com.linkbubble.playstore.dev
08-03 16:10:13.628  2522  2541 W libc    : Access denied finding property "vendor.gpp.create_frc_extension"
08-03 16:10:13.625  2522  2522 W android.ui: type=1400 audit(0.0:17831): avc:  denied  { read } for  name="u:object_r:vendor_default_prop:s0" dev="tmpfs" ino=458 scontext=u:r:system_server:s0 tcontext=u:object_r:vendor_default_prop:s0 tclass=file permissive=0
08-03 16:10:13.629  2522  4408 W qdgralloc: getInterlacedFlag: getMetaData returned 3, defaulting to interlaced_flag = 0
08-03 16:10:13.631  2522  2541 D WindowManager: finishDrawingWindow: Window{9900484 u0 Application Error: com.linkbubble.playstore.dev} mDrawState=DRAW_PENDING
08-03 16:10:13.631  2522  2544 I WindowManager: commitFinishDrawingLocked: mDrawState=READY_TO_SHOW Surface(name=Application Error: com.linkbubble.playstore.dev)/@0xcbf96b4
08-03 16:10:13.631  2522  2544 I WindowManager: selectAnimation in Window{9900484 u0 Application Error: com.linkbubble.playstore.dev}: transit=1
08-03 16:10:13.632  2522  2544 V WindowManager: applyAnimation: win=WindowStateAnimator{b0559fa Application Error: com.linkbubble.playstore.dev} anim=0 attr=0x0 a=android.view.animation.AnimationSet@6b1e095 transit=1 type=2003 isEntrance=true Callers com.android.server.wm.WindowStateAnimator.applyEnterAnimationLocked:530 com.android.server.wm.WindowState.performShowLocked:4647 com.android.server.wm.WindowStateAnimator.commitFinishDrawingLocked:257 com.android.server.wm.DisplayContent.lambda$new$8:1072 com.android.server.wm.DisplayContent.$r8$lambda$-dBz3LtsWovWVT0SE5m__EwNfT4:0 com.android.server.wm.DisplayContent$$ExternalSyntheticLambda32.accept:0 com.android.server.wm.WindowContainer$ForAllWindowsConsumerWrapper.apply:2832 com.android.server.wm.WindowContainer$ForAllWindowsConsumerWrapper.apply:2822 com.android.server.wm.WindowState.applyInOrderWithImeWindows:4868 com.android.server.wm.WindowState.forAllWindows:4733 com.android.server.wm.WindowContainer.forAllWindows:1798 com.android.server.wm.WindowContainer.forAllWindows:1798 com.android.server.wm.WindowContainer.forAllWindows:1798 com.android.server.wm.WindowContainer.forAllWindows:1798 com.android.server.wm.WindowContainer.forAllWindows:1798 com.android.server.wm.WindowContainer.forAllWindows:1798 com.android.server.wm.WindowContainer.forAllWindows:1798 com.android.server.wm.WindowContainer.forAllWindows:1815 com.android.server.wm.DisplayContent.applySurfaceChangesTransaction:5134 com.android.server.wm.RootWindowContainer.applySurfaceChangesTransaction:1026 
08-03 16:10:13.632  2522  2544 V WindowManager: Starting animation on Window{9900484 u0 Application Error: com.linkbubble.playstore.dev}: type=16, anim=com.android.server.wm.LocalAnimationAdapter@46835aa
08-03 16:10:13.632  2522  2544 I WindowManager: Cancelling animation restarting=true for Window{9900484 u0 Application Error: com.linkbubble.playstore.dev}
08-03 16:10:13.632  2522  2544 I WindowManager: Reparenting to leash for Window{9900484 u0 Application Error: com.linkbubble.playstore.dev}
08-03 16:10:13.633  2522  2544 D WindowManager: Animation start for Window{9900484 u0 Application Error: com.linkbubble.playstore.dev}, anim=android.view.animation.AnimationSet@6b1e095
08-03 16:10:13.633  2522  2544 V WindowManager: performShowLocked: mDrawState=HAS_DRAWN in Window{9900484 u0 Application Error: com.linkbubble.playstore.dev}
08-03 16:10:13.641  2522  4408 W qdgralloc: getInterlacedFlag: getMetaData returned 3, defaulting to interlaced_flag = 0
08-03 16:10:13.658  2522  4408 W qdgralloc: getInterlacedFlag: getMetaData returned 3, defaulting to interlaced_flag = 0
08-03 16:10:13.660  2522  4401 I InputDispatcher: Window '9fade34 com.asus.launcher/com.android.launcher3.uioverrides.QuickstepLauncher' spent 3.0ms processing input events on average(0/46). Monitor spent 1.3ms processing input events on average(0/6). Window input events down spent 2.3ms on average (0/14). Window input events up spent 1.0ms on average (0/14). Monitor input events down spent 2.3ms on average (0/2). Monitor input events up spent 1.2ms on average (0/2).
08-03 16:10:13.661  2522  2543 I WindowManager: Focus changing: Window{9fade34 u0 com.asus.launcher/com.android.launcher3.uioverrides.QuickstepLauncher} -> null
08-03 16:10:13.661 16134 16134 I LauncherLife: [onWindowFocusChanged] called, hasFocus = false, QuickstepLauncher@b8fab97
08-03 16:10:13.662 16134 16134 V LauncherLife: Time spent in onWindowFocusChanged: 1 ms
08-03 16:10:13.662  4380  4380 D MinimalistNotificationController: handleValueChanged mLauncherStayWorkspaceSettingsState: false
08-03 16:10:13.671  1747  5117 D vendor.qti.bluetooth@1.1-ibs_handler: SerialClockVote: vote for UART CLK OFF
08-03 16:10:13.674  2522  4408 W qdgralloc: getInterlacedFlag: getMetaData returned 3, defaulting to interlaced_flag = 0
08-03 16:10:13.677  4458  4475 I bt_shim_advertiser: system/main/shim/le_advertising_manager.cc:115 Unregister: in shim layer
08-03 16:10:13.678  1747  5117 I vendor.qti.bluetooth@1.1-ibs_handler: ProcessIbsCmd: Signal wack_cond_
08-03 16:10:13.678  1747  1747 D vendor.qti.bluetooth@1.1-ibs_handler: DeviceWakeUp: Unblocked from waiting for FC, pthread_cond_timedwait ret = 0
08-03 16:10:13.679  2522  2543 I WindowManager: Focus changing: null -> Window{9900484 u0 Application Error: com.linkbubble.playstore.dev}
08-03 16:10:13.683 29055 29060 I e.playstore.dev: Compiler allocated 4134KB to compile void android.widget.TextView.<init>(android.content.Context, android.util.AttributeSet, int, int)
08-03 16:10:13.741  2522  2544 I WindowManager: Reparenting to original parent: Surface(name=WindowToken{1d29a97 type=2003 android.view.ViewRootImpl$W@1964116})/@0xc8cea4e for Window{9900484 u0 Application Error: com.linkbubble.playstore.dev}
08-03 16:10:13.741  2522  2544 V WindowManager: Animation done in WindowStateAnimator{b0559fa Application Error: com.linkbubble.playstore.dev}: exiting=false, reportedVisible=false
08-03 16:10:13.741  2522  2544 V WindowManager: onExitAnimationDone in Window{9900484 u0 Application Error: com.linkbubble.playstore.dev}: exiting=false remove=false selfAnimating=false anim=
08-03 16:10:13.859     0     0 E KERNEL  : [419101.690065][T15609] [BAT][CHG]asus_jeita_cc_worker set BATTMAN_OEM_WORK_EVENT : WORK_JEITA_CC
08-03 16:10:13.859     0     0 I KERNEL  : [419101.691394][T15855] [BAT][CHG]handle_message set property:11 successfully
08-03 16:10:13.957  4407  4826 D ApfFilter: (wlan0): Adding RA fe80::ffcc:5edf:922c:5674 -> ff02::1 0s RIO 1800s fd73:38d5:4cc9:1::/64 
08-03 16:10:14.228  1845  5762 E ANDR-PERF-LM: VmRssMeter:: start() 359: Could not find pid, can not collect vmrss data
08-03 16:10:14.228  1845  5762 E ANDR-PERF-LM: AdaptiveLaunch: writeToDataBase() 64: Meter aborted or could not get meter data for this run
08-03 16:10:14.228  1845  5761 E ANDR-PERF-LM: VmRssMeter:: start() 359: Could not find pid, can not collect vmrss data
08-03 16:10:14.494  1606 28946 I NearbyMediums: This GATT advertisement BleAdvertisement { version=2, socketVersion=2, isFast=true, serviceIdHash=null, data=[ 0x23 0x4f 0x5a 0x31 0x47 0x11 0x32 0x0c 0x38 0xcc 0x7b 0xd4 0x49 0xb3 0x87 0x07 0x1d 0xff 0xf0 0xbd 0xb0 0x6b 0x8f ], deviceToken=[ 0xea 0xce ], rxAdvertisement=null } is a Fast Advertisement and matched UUID 0000fef3-0000-1000-8000-00805f9b34fb in fastAdvertisementServiceUuids map with serviceID NearbySharing
08-03 16:10:14.494  1606 29004 I NearbyConnections: Found BleAdvertisement [ 0x23 0x4f 0x5a 0x31 0x47 0x11 0x32 0x0c 0x38 0xcc 0x7b 0xd4 0x49 0xb3 0x87 0x07 0x1d 0xff 0xf0 0xbd 0xb0 0x6b 0x8f ] (with EndpointId OZ1G and EndpointInfo [ 0x32 0x0c 0x38 0xcc 0x7b 0xd4 0x49 0xb3 0x87 0x07 0x1d 0xff 0xf0 0xbd 0xb0 0x6b 0x8f ])
08-03 16:10:14.494  1606 29004 I NearbyConnections: ClientProxy(68777270) reporting onEndpointFound(OZ1G)
08-03 16:10:14.494  1606 29004 I NearbyConnections: ClientProxy(68777270) reporting onEndpointDistanceChanged(OZ1G, UNKNOWN)
08-03 16:10:14.495  1606 29004 I NearbySharing: NearbySharing Internal event EndpointDiscovered(endpointId=OZ1G)
08-03 16:10:14.497  1606 29045 I NearbySharing: [NS_DISCOVERY] DiscoveryController reported Discovered(endpointId=OZ1G, metadata=DeviceMetadata(version=1, deviceType=1, deviceName=Xperia - Bruce, displayName=Bruce Chang, modelName=XQ-AT52, imageUri=content://com.google.android.gms.fileprovider/nearby_share_images/1362739359.jpg, isSelfShare=true, isKnown=true, bluetoothMacAddress=[60, 1, -17, 100, 4, -76], vendorId=0, matchesLocalQrCode=false), sharedCredential=SharedCredential(id=-1546650193, publicKey=[48, 89, 48, 19, 6, 7, 42, -122, 72, -50, 61, 2, 1, 6, 8, 42, -122, 72, -50, 61, 3, 1, 7, 3, 66, 0, 4, -123, 43, -34, 2, 21, -60, -113, -72, -25, 28, 29, 63, -85, 48, -128, -36, -86, 65, -32, -18, 21, 45, -57, -35, 65, -65, -58, -10, 71, -82, 109, 117, 87, 11, 49, 119, -6, 93, -62, 61, -51, 13, -19, 60, 48, -111, 121, -125, 97, -103, -26, 110, -31, -91, -37, -42, -70, 72, 103, -83, 44, 100, 20, -89], authenticityKey=[118, -16, 61, -47, 38, -112, 67, 3, -76, -95, 111, 28, 33, 45, -56, -16, -84, 1, -114, 79, -86, -53, -127, 69, 39, 125, 77, 1, 46, -5, 70, 110], certificateMetadata=CertificateMetadata(deviceName=Xperia - Bruce, fullName=Bruce Chang, iconUrl=content://com.google.android.gms.fileprovider/nearby_share_images/1362739359.jpg, bluetoothMacAddress=[60, 1, -17, 100, 4, -76], accountName=brucex1986@gmail.com, modelName=XQ-AT52, vendorId=0), hasSharedAccount=true))
08-03 16:10:14.497  1606 29045 I NearbySharing: [NS_DEBUG] Dedupped: same endpoint ID OZ1G
08-03 16:10:14.498  1606 29045 I NearbySharing: {NS_DEBUG] previous receiver info ReceiverInfo(endpointId=OZ1G, metadata=DeviceMetadata(version=1, deviceType=1, deviceName=Xperia - Bruce, displayName=Bruce Chang, modelName=XQ-AT52, imageUri=content://com.google.android.gms.fileprovider/nearby_share_images/1362739359.jpg, isSelfShare=true, isKnown=true, bluetoothMacAddress=[60, 1, -17, 100, 4, -76], vendorId=0, matchesLocalQrCode=false), sharedCredential=SharedCredential(id=-1546650193, publicKey=[48, 89, 48, 19, 6, 7, 42, -122, 72, -50, 61, 2, 1, 6, 8, 42, -122, 72, -50, 61, 3, 1, 7, 3, 66, 0, 4, -123, 43, -34, 2, 21, -60, -113, -72, -25, 28, 29, 63, -85, 48, -128, -36, -86, 65, -32, -18, 21, 45, -57, -35, 65, -65, -58, -10, 71, -82, 109, 117, 87, 11, 49, 119, -6, 93, -62, 61, -51, 13, -19, 60, 48, -111, 121, -125, 97, -103, -26, 110, -31, -91, -37, -42, -70, 72, 103, -83, 44, 100, 20, -89], authenticityKey=[118, -16, 61, -47, 38, -112, 67, 3, -76, -95, 111, 28, 33, 45, -56, -16, -84, 1, -114, 79, -86, -53, -127, 69, 39, 125, 77, 1, 46, -5, 70, 110], certificateMetadata=CertificateMetadata(deviceName=Xperia - Bruce, fullName=Bruce Chang, iconUrl=content://com.google.android.gms.fileprovider/nearby_share_images/1362739359.jpg, bluetoothMacAddress=[60, 1, -17, 100, 4, -76], accountName=brucex1986@gmail.com, modelName=XQ-AT52, vendorId=0), hasSharedAccount=true), state=Tomb(delayedStateChangeJob=hxmv{Active}@5c06dfb))
08-03 16:10:14.498  1606 29045 I NearbySharing: NearbySharing Internal event ReceiverEndpointMapping(endpointId=OZ1G, receiverId=30)
08-03 16:10:14.498  1606 29046 I NearbySharing: [NS_CONTROL] DiscoveryStateManager emitted ReportDiscovered(id=30, metadata=DeviceMetadata(version=1, deviceType=1, deviceName=Xperia - Bruce, displayName=Bruce Chang, modelName=XQ-AT52, imageUri=content://com.google.android.gms.fileprovider/nearby_share_images/1362739359.jpg, isSelfShare=true, isKnown=true, bluetoothMacAddress=[60, 1, -17, 100, 4, -76], vendorId=0, matchesLocalQrCode=false)).
08-03 16:10:14.498  1606 29046 I NearbySharing: NearbySharing Internal event ReceiverDiscovered(receiverId=30, deviceName=Xperia - Bruce, isKnown=true, isSelfShare=true, deviceType=1, hasMatchingQrCode=false, isExternal=false)
08-03 16:10:14.498  1606 29004 I NearbySharing: SendManager event Discovered(receiverId=30, receiverMetadata=DeviceMetadata(version=1, deviceType=1, deviceName=Xperia - Bruce, displayName=Bruce Chang, modelName=XQ-AT52, imageUri=content://com.google.android.gms.fileprovider/nearby_share_images/1362739359.jpg, isSelfShare=true, isKnown=true, bluetoothMacAddress=[60, 1, -17, 100, 4, -76], vendorId=0, matchesLocalQrCode=false))
08-03 16:10:14.498  1606 29004 I NearbySharing: SendManager event DistanceChanged(receiverId=30, distance=1, rangingData=null)
08-03 16:10:14.499  1606  1606 I NearbySharing: ShortcutInfoManager added shortcut Xperia - Bruce
08-03 16:10:14.685  1747  5119 D vendor.qti.bluetooth@1.1-ibs_handler: SerialClockVote: vote for UART CLK OFF
08-03 16:10:14.856  1747  5117 D vendor.qti.bluetooth@1.1-ibs_handler: SerialClockVote: vote for UART CLK OFF
08-03 16:10:14.899  1747  5117 D vendor.qti.bluetooth@1.1-ibs_handler: SerialClockVote: vote for UART CLK OFF
08-03 16:10:14.976  1747  5117 D vendor.qti.bluetooth@1.1-ibs_handler: SerialClockVote: vote for UART CLK OFF
08-03 16:10:15.055  1747  5117 D vendor.qti.bluetooth@1.1-ibs_handler: SerialClockVote: vote for UART CLK OFF
08-03 16:10:15.105  1747  5117 D vendor.qti.bluetooth@1.1-ibs_handler: SerialClockVote: vote for UART CLK OFF
08-03 16:10:15.107  1757  5795 I sensors-hal: handle_sns_std_sensor_event:446, ambient_light_event: ts=419102911355805, lux = 0, ch0=11, ch1=3, gain=1024000, last_lux=0
08-03 16:10:15.182  1606 29045 I NearbyMediums: This GATT advertisement BleAdvertisement { version=2, socketVersion=2, isFast=true, serviceIdHash=null, data=[ 0x23 0x41 0x42 0x47 0x30 0x11 0x32 0x89 0x1a 0x8e 0x2f 0xc5 0x35 0xa7 0xff 0x80 0xe5 0x7d 0x85 0x9b 0x7f 0x1f 0x87 ], deviceToken=[ 0x67 0xc7 ], rxAdvertisement=null } is a Fast Advertisement and matched UUID 0000fef3-0000-1000-8000-00805f9b34fb in fastAdvertisementServiceUuids map with serviceID NearbySharing
08-03 16:10:15.182  1606 29046 I NearbyConnections: Found BleAdvertisement [ 0x23 0x41 0x42 0x47 0x30 0x11 0x32 0x89 0x1a 0x8e 0x2f 0xc5 0x35 0xa7 0xff 0x80 0xe5 0x7d 0x85 0x9b 0x7f 0x1f 0x87 ] (with EndpointId ABG0 and EndpointInfo [ 0x32 0x89 0x1a 0x8e 0x2f 0xc5 0x35 0xa7 0xff 0x80 0xe5 0x7d 0x85 0x9b 0x7f 0x1f 0x87 ])
08-03 16:10:15.183  1606 29046 I NearbyConnections: ClientProxy(68777270) reporting onEndpointFound(ABG0)
08-03 16:10:15.183  1606 29046 I NearbyConnections: ClientProxy(68777270) reporting onEndpointDistanceChanged(ABG0, UNKNOWN)
08-03 16:10:15.184  1606 29004 I NearbySharing: NearbySharing Internal event EndpointDiscovered(endpointId=ABG0)
08-03 16:10:15.188  1606 29045 I NearbySharing: [NS_DISCOVERY] DiscoveryController reported Discovered(endpointId=ABG0, metadata=DeviceMetadata(version=1, deviceType=1, deviceName=Z Flip - Bruce, displayName=Bruce Chang, modelName=Galaxy Z Flip4, imageUri=content://com.google.android.gms.fileprovider/nearby_share_images/1362739359.jpg, isSelfShare=true, isKnown=true, bluetoothMacAddress=[24, 105, -44, 63, -36, 10], vendorId=1, matchesLocalQrCode=false), sharedCredential=SharedCredential(id=1812872783, publicKey=[48, 89, 48, 19, 6, 7, 42, -122, 72, -50, 61, 2, 1, 6, 8, 42, -122, 72, -50, 61, 3, 1, 7, 3, 66, 0, 4, -114, 34, 91, 20, 54, 38, 25, 41, 50, 85, 124, 24, 117, -52, -49, -45, -48, 104, -36, -66, 79, -92, 111, -56, 38, 78, 45, 93, 108, 120, -51, -12, -67, 106, -83, 98, -36, 65, 36, -103, 2, 116, -69, 93, -99, -113, -13, -28, -118, -43, -126, -100, 54, -77, 106, 118, -45, -101, -114, 84, 54, 13, -107, -55], authenticityKey=[87, 3, -32, 68, -62, -64, -52, 97, 59, 23, 117, 64, -117, -122, -65, -26, -50, -107, -74, -101, -42, -106, -18, -67, -41, -1, 74, 99, 111, -118, 26, -78], certificateMetadata=CertificateMetadata(deviceName=Z Flip - Bruce, fullName=Bruce Chang, iconUrl=content://com.google.android.gms.fileprovider/nearby_share_images/1362739359.jpg, bluetoothMacAddress=[24, 105, -44, 63, -36, 10], accountName=brucex1986@gmail.com, modelName=Galaxy Z Flip4, vendorId=1), hasSharedAccount=true))
08-03 16:10:15.188  1606 29045 I NearbySharing: [NS_DEBUG] Dedupped: same endpoint ID ABG0
08-03 16:10:15.188  1606 29045 I NearbySharing: {NS_DEBUG] previous receiver info ReceiverInfo(endpointId=ABG0, metadata=DeviceMetadata(version=1, deviceType=1, deviceName=Z Flip - Bruce, displayName=Bruce Chang, modelName=Galaxy Z Flip4, imageUri=content://com.google.android.gms.fileprovider/nearby_share_images/1362739359.jpg, isSelfShare=true, isKnown=true, bluetoothMacAddress=[24, 105, -44, 63, -36, 10], vendorId=1, matchesLocalQrCode=false), sharedCredential=SharedCredential(id=1812872783, publicKey=[48, 89, 48, 19, 6, 7, 42, -122, 72, -50, 61, 2, 1, 6, 8, 42, -122, 72, -50, 61, 3, 1, 7, 3, 66, 0, 4, -114, 34, 91, 20, 54, 38, 25, 41, 50, 85, 124, 24, 117, -52, -49, -45, -48, 104, -36, -66, 79, -92, 111, -56, 38, 78, 45, 93, 108, 120, -51, -12, -67, 106, -83, 98, -36, 65, 36, -103, 2, 116, -69, 93, -99, -113, -13, -28, -118, -43, -126, -100, 54, -77, 106, 118, -45, -101, -114, 84, 54, 13, -107, -55], authenticityKey=[87, 3, -32, 68, -62, -64, -52, 97, 59, 23, 117, 64, -117, -122, -65, -26, -50, -107, -74, -101, -42, -106, -18, -67, -41, -1, 74, 99, 111, -118, 26, -78], certificateMetadata=CertificateMetadata(deviceName=Z Flip - Bruce, fullName=Bruce Chang, iconUrl=content://com.google.android.gms.fileprovider/nearby_share_images/1362739359.jpg, bluetoothMacAddress=[24, 105, -44, 63, -36, 10], accountName=brucex1986@gmail.com, modelName=Galaxy Z Flip4, vendorId=1), hasSharedAccount=true), state=Tomb(delayedStateChangeJob=hxmv{Active}@f4e63c4))
08-03 16:10:15.188  1606 29045 I NearbySharing: NearbySharing Internal event ReceiverEndpointMapping(endpointId=ABG0, receiverId=28)
08-03 16:10:15.188  1606 29004 I NearbySharing: [NS_CONTROL] DiscoveryStateManager emitted ReportDiscovered(id=28, metadata=DeviceMetadata(version=1, deviceType=1, deviceName=Z Flip - Bruce, displayName=Bruce Chang, modelName=Galaxy Z Flip4, imageUri=content://com.google.android.gms.fileprovider/nearby_share_images/1362739359.jpg, isSelfShare=true, isKnown=true, bluetoothMacAddress=[24, 105, -44, 63, -36, 10], vendorId=1, matchesLocalQrCode=false)).
08-03 16:10:15.189  1606 29004 I NearbySharing: NearbySharing Internal event ReceiverDiscovered(receiverId=28, deviceName=Z Flip - Bruce, isKnown=true, isSelfShare=true, deviceType=1, hasMatchingQrCode=false, isExternal=false)
08-03 16:10:15.189  1606 29045 I NearbySharing: SendManager event Discovered(receiverId=28, receiverMetadata=DeviceMetadata(version=1, deviceType=1, deviceName=Z Flip - Bruce, displayName=Bruce Chang, modelName=Galaxy Z Flip4, imageUri=content://com.google.android.gms.fileprovider/nearby_share_images/1362739359.jpg, isSelfShare=true, isKnown=true, bluetoothMacAddress=[24, 105, -44, 63, -36, 10], vendorId=1, matchesLocalQrCode=false))
08-03 16:10:15.189  1606 29045 I NearbySharing: SendManager event DistanceChanged(receiverId=28, distance=1, rangingData=null)
08-03 16:10:15.189  1606  1606 I NearbySharing: ShortcutInfoManager added shortcut Z Flip - Bruce
08-03 16:10:15.220  1747  5117 D vendor.qti.bluetooth@1.1-ibs_handler: SerialClockVote: vote for UART CLK OFF
08-03 16:10:15.230  5375  5572 I ThermalEngine: phone-skin-temp Reading 34458 .
08-03 16:10:15.255  1845  1893 W ANDR-PERF-OPTSHANDLER: ANDR-PERF-OPTSHANDLER: thermal_policy_detect_fps() 810: thermal_pol top app=com.asus.launcher, last app=com.asus.launcher, g_app_is_game=0, avg_countdown=0
08-03 16:10:15.255  1845  1893 W ANDR-PERF-OPTSHANDLER: ANDR-PERF-OPTSHANDLER: thermal_policy_detect_fps() 971: thermal_pol g_app_is_game=0, g_user_decide_policy=0
08-03 16:10:15.257  1845  1893 E ANDR-PERF-OPTSHANDLER: ANDR-PERF-OPTSHANDLER: thermal_policy_decision() 1007: thermal_policy_decision 0, g_PUBG_game_running=0, g_last_policy=0
08-03 16:10:15.257  1845  1893 E ANDR-PERF-OPTSHANDLER: ANDR-PERF-OPTSHANDLER: change_game_policy() 621: [OptsHandler] topapp=com.asus.launcher,not game whitelist app
08-03 16:10:15.304  2522  3989 D InetDiagMessage: Destroyed 1 sockets, proto=IPPROTO_TCP, family=AF_INET, states=14
08-03 16:10:15.304 26391 20896 E fb4a.msys: E[N mccw.liger]onReadError(732)=>read/error - ex: AsyncSocketException: recv() failed (peer=31.13.87.33:5222), type = Internal error, errno = 103 (Software caused connection abort), errno: 103
08-03 16:10:15.305  2522  3989 D InetDiagMessage: Destroyed 0 sockets, proto=IPPROTO_TCP, family=AF_INET6, states=14
08-03 16:10:15.305  2522  3989 D InetDiagMessage: Destroyed live tcp sockets for uids={10115} in 3ms
08-03 16:10:15.305 26391 20851 E fb4a.msys: E[N WA]_WCCXMPPStreamDisconnectHandler(318)=>xmpp/disconnect - WCIStreamStateErrorCode: 2, domain: WCIStreamState, subdomain: MCCWLigerStream: Error Domain=WCIStreamState Code=2 UserInfo=0xb40000746a53b910 {MCFErrorDirectUnderlyingErrorKey=0xb40000744a88f290 "Error Domain=MCCWLigerStream Code=2 UserInfo=0xb40000746a6ce200 {MCFErrorDirectLocalizedFailureReasonKey=AsyncSocketException: recv() failed (peer=31.13.87.33:5222), type = Internal error, errno = 103 (Software caused connection abort)}"}
08-03 16:10:15.305 26391 20851 E fb4a.msys: E[N WA]_WCCConnectionDefaultLifecycleEventHandler(2052)=>[INFO] connection/xmpp/lifecycle_event/not-connected, [4.3400s]
08-03 16:10:15.305 26391 20851 E fb4a.msys: E[N WA]_WCCXMPPStreamDoDisconnect(1093)=>xmpp/disconnect - flags: 256
08-03 16:10:15.305 26391 20851 E fb4a.msys: E[N WA]_WCCConnectionDefaultDisconnectHandler(2150)=>connection/disconnected, peer reset
08-03 16:10:15.305 26391 20851 E fb4a.msys: E[N WA]_WCCConnectionDefaultEmitStateChange(3024)=>[INFO] connection/new_state/not-connected [connection_id=42401589, wcc_source=1, wcc_reason=18]
08-03 16:10:15.306  2522  3989 D InetDiagMessage: Destroyed 0 sockets, proto=IPPROTO_TCP, family=AF_INET, states=14
08-03 16:10:15.306  2522  3989 D InetDiagMessage: Destroyed 0 sockets, proto=IPPROTO_TCP, family=AF_INET6, states=14
08-03 16:10:15.306  2522  3989 D InetDiagMessage: Destroyed live tcp sockets for uids={20115} in 1ms
08-03 16:10:15.306 26391 20851 E fb4a.msys: E[C 1]MCCLogErrorWithTraceOrQPL(274)=>8/374/3970/65536
08-03 16:10:15.307 26391 20851 E fb4a.msys: E[C 1]MCCLogErrorWithTraceOrQPL(274)=>8/374/3972/18
08-03 16:10:15.307 26391 20851 E fb4a.msys: E[C mem.context]_LogConnectFailure(4933)=>Establishing connection failure reason and flags: disconnect/Doze/-1/reason/18/flags/65536/[-, -, -, -, -, -, -, -, -, peer_reset, -]
08-03 16:10:15.308 26391 20851 E fb4a.msys: E[C mem.context]_LogConnectFailure(4965)=>[Happy Eyeball] Connect failed with source=1, winner stream ip=31.13.87.33, port=5222, dnsResolutionMethod=1, combined_ip_addresses=31.13.87.33
08-03 16:10:15.308 26391 20851 E fb4a.msys: E[N WA]_WCCConnectionDefaultDisconnectHandler(2175)=>[INFO] connection/disconnected/[did-connect, did-read-bytes]
08-03 16:10:15.309 26391 20851 E fb4a.msys: E[N WA]_WCCConnectionDefaultEmitStateChange(3024)=>[INFO] connection/new_state/connecting [connection_id=42401590, wcc_source=1, wcc_reason=18]
08-03 16:10:15.311  1747  5117 D vendor.qti.bluetooth@1.1-ibs_handler: SerialClockVote: vote for UART CLK OFF
08-03 16:10:15.311  2522  4401 D ConnectivityService: Returning BLOCKED NetworkInfo to uid=10115
08-03 16:10:15.312 26391 20851 E fb4a.msys: E[N WA]_WCCConnectionDefaultDoConnectWithAuthKeys(1476)=>[INFO] connection/connect/start/[host=chat-e2ee-mini.facebook.com port=5222]/[31.13.87.33:5222]
08-03 16:10:15.312 26391 20851 E fb4a.msys: E[N WA]_WCCConnectionDefaultLifecycleEventHandler(2044)=>[INFO] connection/xmpp/lifecycle_event/will-connect
08-03 16:10:15.313 26391 25673 W X.7li   : Exception thrown during refresh
08-03 16:10:15.313 26391 25673 W X.7li   : java.util.concurrent.ExecutionException: java.net.UnknownHostException: Unable to resolve host "chat-e2ee-mini.facebook.com": No address associated with hostname
08-03 16:10:15.313 26391 25673 W X.7li   : 	at X.3Nu.getDoneValue(Unknown Source:21)
08-03 16:10:15.313 26391 25673 W X.7li   : 	at X.3Nu.get(:268435506)
08-03 16:10:15.313 26391 25673 W X.7li   : 	at X.1CN.A00(Unknown Source:1)
08-03 16:10:15.313 26391 25673 W X.7li   : 	at com.google.common.cache.LocalCache$Segment.A06(Unknown Source:0)
08-03 16:10:15.313 26391 25673 W X.7li   : 	at X.7sg.run(Unknown Source:10)
08-03 16:10:15.313 26391 25673 W X.7li   : 	at X.1CF.execute(Unknown Source:0)
08-03 16:10:15.313 26391 25673 W X.7li   : 	at X.3Nu.executeListener(Unknown Source:0)
08-03 16:10:15.313 26391 25673 W X.7li   : 	at X.3Nu.complete(Unknown Source:58)
08-03 16:10:15.313 26391 25673 W X.7li   : 	at X.3Nu.setException(Unknown Source:19)
08-03 16:10:15.313 26391 25673 W X.7li   : 	at X.207.run(Unknown Source:73)
08-03 16:10:15.313 26391 25673 W X.7li   : 	at X.1CF.execute(Unknown Source:0)
08-03 16:10:15.313 26391 25673 W X.7li   : 	at X.18S.A00(Unknown Source:0)
08-03 16:10:15.313 26391 25673 W X.7li   : 	at X.18S.A01(Unknown Source:31)
08-03 16:10:15.313 26391 25673 W X.7li   : 	at X.7se.done(Unknown Source:2)
08-03 16:10:15.313 26391 25673 W X.7li   : 	at java.util.concurrent.FutureTask.finishCompletion(FutureTask.java:434)
08-03 16:10:15.313 26391 25673 W X.7li   : 	at java.util.concurrent.FutureTask.setException(FutureTask.java:303)
08-03 16:10:15.313 26391 25673 W X.7li   : 	at java.util.concurrent.FutureTask.run(FutureTask.java:322)
08-03 16:10:15.313 26391 25673 W X.7li   : 	at X.19y.run(Unknown Source:2)
08-03 16:10:15.313 26391 25673 W X.7li   : 	at java.util.concurrent.ThreadPoolExecutor.runWorker(ThreadPoolExecutor.java:1156)
08-03 16:10:15.313 26391 25673 W X.7li   : 	at java.util.concurrent.ThreadPoolExecutor$Worker.run(ThreadPoolExecutor.java:651)
08-03 16:10:15.313 26391 25673 W X.7li   : 	at X.1AA.run(Unknown Source:3)
08-03 16:10:15.313 26391 25673 W X.7li   : 	at X.1AG.run(Unknown Source:17)
08-03 16:10:15.313 26391 25673 W X.7li   : 	at java.lang.Thread.run(Thread.java:1119)
08-03 16:10:15.313 26391 25673 W X.7li   : Caused by: java.net.UnknownHostException: Unable to resolve host "chat-e2ee-mini.facebook.com": No address associated with hostname
08-03 16:10:15.313 26391 25673 W X.7li   : 	at java.net.Inet6AddressImpl.lookupHostByName(Inet6AddressImpl.java:124)
08-03 16:10:15.313 26391 25673 W X.7li   : 	at java.net.Inet6AddressImpl.lookupAllHostAddr(Inet6AddressImpl.java:103)
08-03 16:10:15.313 26391 25673 W X.7li   : 	at java.net.InetAddress.getAllByName(InetAddress.java:1152)
08-03 16:10:15.313 26391 25673 W X.7li   : 	at X.7lX.A00(Unknown Source:47)
08-03 16:10:15.313 26391 25673 W X.7li   : 	at X.7sc.call(Unknown Source:6)
08-03 16:10:15.313 26391 25673 W X.7li   : 	at java.util.concurrent.FutureTask.run(FutureTask.java:317)
08-03 16:10:15.313 26391 25673 W X.7li   : 	... 6 more
08-03 16:10:15.315 26391 26391 E fb4a.Execution: Redirecting MSYS Execution scheduling from the UI thread to a custom executor
08-03 16:10:15.316 26391 20852 E fb4a.msys: E[N MCCWLigerStream]_NetworkChangedCallbackInternal(72)=>network state change to disconnected source=1
08-03 16:10:15.316 26391 20887 E fb4a.msys: E[C mem.context]_LogNetworkStateUpdate(7554)=>[Critical] network_state/prev/1/new/2
08-03 16:10:15.316 26391 20887 E fb4a.msys: E[C 1]MCCLogErrorWithTraceOrQPL(274)=>8/1199/738/-1
08-03 16:10:15.318 26391 20851 E fb4a.msys: E[N WA]_WCCConnectionDefaultDoDisconnect(1793)=>[INFO] connection/disconnect/[internalState=3]
08-03 16:10:15.318 26391 20851 E fb4a.msys: E[N WA]_WCCXMPPStreamDisconnectHandler(318)=>xmpp/disconnect - WCIStreamStateErrorCode: 1, domain: WCIStreamState, subdomain: happyeyeballs: Error Domain=WCIStreamState Code=1 UserInfo=0xb40000746a6d94c0 {MCFErrorDirectUnderlyingErrorKey=0xb40000744a82ee90 "Error Domain=happyeyeballs Code=1"}
08-03 16:10:15.318 26391 20851 E fb4a.msys: E[N WA]_WCCConnectionDefaultLifecycleEventHandler(2052)=>[INFO] connection/xmpp/lifecycle_event/not-connected, [0.0055s]
08-03 16:10:15.318 26391 20851 E fb4a.msys: E[N WA]_WCCXMPPStreamDoDisconnect(1093)=>xmpp/disconnect - flags: 0
08-03 16:10:15.318 26391 20851 E fb4a.msys: E[N WA]_WCCConnectionDefaultEmitStateChange(3024)=>[INFO] connection/new_state/not-connected [connection_id=42401589, wcc_source=1, wcc_reason=0]
08-03 16:10:15.319 26391 20851 E fb4a.msys: E[N WA]_WCCConnectionDefaultDisconnectHandler(2175)=>[INFO] connection/disconnected/[did-connect, did-read-bytes]
08-03 16:10:15.357  1606 28907 E TcpProberController: [gms_cast_prober-2] TcpProberDeviceController 2 timed out.
08-03 16:10:15.379  1747  5117 D vendor.qti.bluetooth@1.1-ibs_handler: SerialClockVote: vote for UART CLK OFF
08-03 16:10:15.391  2595  2595 E AsusRouteMonitor: RTM_NEWNEIGH: target entry 192.168.50.133 d8:eb:46:bd:e8:60 NUD_REACHABLE (0x2)
08-03 16:10:15.391  2595  2595 E AsusRouteMonitor: RTM_NEWNEIGH: target entry 192.168.50.14 f2:2b:3c:d5:9a:50 NUD_REACHABLE (0x2)
08-03 16:10:15.391  2595  2595 E AsusRouteMonitor: RTM_NEWNEIGH: target entry 192.168.50.204 d6:af:04:52:5d:81 NUD_PROBE (0x10)
08-03 16:10:15.391  2595  2595 E AsusRouteMonitor: RTM_NEWNEIGH: target entry 192.168.50.136 ac:67:84:05:96:5c NUD_REACHABLE (0x2)
08-03 16:10:15.412  2595  2595 E AsusRouteMonitor: RTM_NEWNEIGH: target entry 192.168.50.204 d6:af:04:52:5d:81 NUD_REACHABLE (0x2)
08-03 16:10:15.418  2723  2723 I cnss-daemon: nl80211 response handler invoked
08-03 16:10:15.418  2723  2723 I cnss-daemon: nl80211_response_handler: cmd 103, vendorID 4980, subcmd 13  received
08-03 16:10:15.418  1768  4182 I WifiHAL : event received NL80211_CMD_VENDOR, vendor_id = 0x1374, subcmd = 0xd
08-03 16:10:15.437  2522  2541 V WindowOrientationListener: [SensorN] Result: currentRotation=0, proposedRotation=0, oldProposedRotation=0, predictedRotation=0, timeDeltaMS=59.628754, isAccelerating=false, isFlat=false, isSwinging=false, isOverhead=false, isTouched=false, timeUntilSettledMS=0.0, timeUntilAccelerationDelayExpiredMS=0.0, timeUntilFlatDelayExpiredMS=0.0, timeUntilSwingDelayExpiredMS=0.0, timeUntilTouchDelayExpiredMS=0.0, now=419103.124070024, mTouchEndedTimestamp=419100.978211634
08-03 16:10:15.450  1747  5117 D vendor.qti.bluetooth@1.1-ibs_handler: SerialClockVote: vote for UART CLK OFF
08-03 16:10:15.535  1747  5117 D vendor.qti.bluetooth@1.1-ibs_handler: SerialClockVote: vote for UART CLK OFF
08-03 16:10:15.569  1606 28907 E TcpProberController: [gms_cast_prober-1] TcpProberDeviceController 1 timed out.
08-03 16:10:15.579  1747  5117 D vendor.qti.bluetooth@1.1-ibs_handler: SerialClockVote: vote for UART CLK OFF
08-03 16:10:15.647  2595  2595 E AsusRouteMonitor: RTM_NEWNEIGH: target entry 192.168.50.154 d8:8c:79:1e:1f:af NUD_PROBE (0x10)
08-03 16:10:15.653  1747  5117 D vendor.qti.bluetooth@1.1-ibs_handler: SerialClockVote: vote for UART CLK OFF
08-03 16:10:15.656  2595  2595 E AsusRouteMonitor: RTM_NEWNEIGH: target entry 192.168.50.154 d8:8c:79:1e:1f:af NUD_REACHABLE (0x2)
08-03 16:10:15.768  1606 29046 I NearbyMediums: This GATT advertisement BleAdvertisement { version=2, socketVersion=2, isFast=true, serviceIdHash=null, data=[ 0x23 0x52 0x33 0x31 0x5a 0x11 0x32 0xea 0x7f 0xde 0x0e 0x9c 0x4b 0xbd 0x2d 0x01 0x20 0x09 0xbb 0xad 0x39 0x19 0x7c ], deviceToken=[ 0xcd 0x67 ], rxAdvertisement=null } is a Fast Advertisement and matched UUID 0000fef3-0000-1000-8000-00805f9b34fb in fastAdvertisementServiceUuids map with serviceID NearbySharing
08-03 16:10:15.769  1606 29004 I NearbyConnections: Found BleAdvertisement [ 0x23 0x52 0x33 0x31 0x5a 0x11 0x32 0xea 0x7f 0xde 0x0e 0x9c 0x4b 0xbd 0x2d 0x01 0x20 0x09 0xbb 0xad 0x39 0x19 0x7c ] (with EndpointId R31Z and EndpointInfo [ 0x32 0xea 0x7f 0xde 0x0e 0x9c 0x4b 0xbd 0x2d 0x01 0x20 0x09 0xbb 0xad 0x39 0x19 0x7c ])
08-03 16:10:15.769  1606 29004 I NearbyConnections: ClientProxy(68777270) reporting onEndpointFound(R31Z)
08-03 16:10:15.770  1606 29004 I NearbyConnections: ClientProxy(68777270) reporting onEndpointDistanceChanged(R31Z, UNKNOWN)
08-03 16:10:15.770  1606 29045 I NearbySharing: NearbySharing Internal event EndpointDiscovered(endpointId=R31Z)
08-03 16:10:15.906     0     0 E KERNEL  : [419101.691476][T15609] [BAT][CHG]asus_jeita_cc_worker g_Charger_mode is false 5 s
08-03 16:10:15.906     0     0 E KERNEL  : [419103.738076][T15609] [BAT][CHG]asus_panel_check_worker set BATTMAN_OEM_WORK_EVENT : WORK_PANEL_CHECK
08-03 16:10:15.906     0     0 E KERNEL  : [419103.739432][T15855] [adsp] evtlog= [ADSP][CHG]BattMngrTech_ASUS_Set_Panel_State panel 0x2609 is 10
08-03 16:10:15.906     0     0 E KERNEL  : [419103.739479][T15855] [adsp] evtlog= [ADSP][CHG]BattMngrTech_ASUS_Set_Panel_State panel 0x2640 is 2
08-03 16:10:15.906     0     0 E KERNEL  : [419103.739540][T15855] [adsp] evtlog= [ADSP][CHG]BattMngrTech_ASUS_Set_Panel_State panel_state=1, in_call=0 thermel_threshold=0
08-03 16:10:15.906     0     0 E KERNEL  : [419103.739674][T15855] [adsp] evtlog= battmngr_tech_aggregator_execute:: Aggregator 1: Result=2000, bmActiveClients=0x00020403, hEffClient=17, hOvrClient=-1
08-03 16:10:15.906     0     0 E KERNEL  : [419103.739724][T15855] [adsp] evtlog= battmngr_plat_scpqchg_qbg_r1_set_fcc_0_aggrcb = 2000
08-03 16:10:15.906     0     0 I KERNEL  : [419103.739784][T15855] [BAT][CHG]handle_message set property:11 successfully
08-03 16:10:15.946  1747  5117 D vendor.qti.bluetooth@1.1-ibs_handler: SerialClockVote: vote for UART CLK OFF
08-03 16:10:16.000  1747  5117 D vendor.qti.bluetooth@1.1-ibs_handler: SerialClockVote: vote for UART CLK OFF
08-03 16:10:16.063  1747  5117 D vendor.qti.bluetooth@1.1-ibs_handler: SerialClockVote: vote for UART CLK OFF
