08-03 16:10:11.652  1606 28888 I NearbyMediums: BluetoothAdapter's name was not set by Nearby Connections, ignoring call to restore default scan mode.
08-03 16:10:11.652  1606  1606 I RCNService: updateRcnState to isNetworkAvailable: true, isRcnSettingsEnabled: true, isScreenOn: true
08-03 16:10:11.652  1606 28888 I NearbyMediums: BluetoothAdapter's name was not set by Nearby Connections, ignoring call to restore device name
08-03 16:10:11.654   693   693 D BoundBrokerSvc: onBind: Intent { act=com.google.android.gms.pay.service.BIND dat=chimera-action:/... cmp=com.google.android.gms/.chimera.GmsApiService }
08-03 16:10:11.654   693   693 D BoundBrokerSvc: Loading bound service for intent: Intent { act=com.google.android.gms.pay.service.BIND dat=chimera-action:/... cmp=com.google.android.gms/.chimera.GmsApiService }
08-03 16:10:11.654  1747  5117 I vendor.qti.bluetooth@1.1-ibs_handler: ProcessIbsCmd: Signal wack_cond_
08-03 16:10:11.654  1747  1747 D vendor.qti.bluetooth@1.1-ibs_handler: DeviceWakeUp: Unblocked from waiting for FC, pthread_cond_timedwait ret = 0
08-03 16:10:11.655  4458  4743 I bluetooth: system/gd/hci/le_address_manager.cc:244 unregister_client: Client unregistered
08-03 16:10:11.655  4458  4743 I bluetooth: system/gd/hci/le_scanning_manager.cc:690 stop_scan: Scanning already stopped, return!
08-03 16:10:11.655  4458  4743 I bluetooth: system/gd/hci/le_address_manager.cc:229 register_client: Client registered
08-03 16:10:11.655  1606  2402 D BluetoothLeScanner: onScannerRegistered() - status=0 scannerId=3 mScannerId=0
08-03 16:10:11.655  4458  4475 I BtGatt.ScanHelper: [BLE]start scan with filters. callingPackage: com.google.android.gms|scannerId=3|ScanMode=BALANCED|callbackType=ALL_MATCHES
08-03 16:10:11.655  4458  4475 I BtGatt.ScanHelper: [BLE]enforcePrivilegedPermissionIfNeeded([BluetoothLeScanFilter [mDeviceName=null, mDeviceAddress=null, mUuid=null, mUuidMask=null, mServiceSolicitationUuid=null, mServiceSolicitationUuidMask=null, mServiceDataUuid=0000fe2c-0000-1000-8000-00805f9b34fb, mServiceData=[-4, 18, -114], mServiceDataMask=null, mManufacturerId=-1, mManufacturerData=null, mManufacturerDataMask=null, mAdvertisingDataType=-1, mAdvertisingData=null, mAdvertisingDataMask=null, mTransportBlockFilter=null, mGroupBasedFiltering=false], BluetoothLeScanFilter [mDeviceName=null, mDeviceAddress=null, mUuid=0000fe2c-0000-1000-8000-00805f9b34fb, mUuidMask=null, mServiceSolicitationUuid=null, mServiceSolicitationUuidMask=null, mServiceDataUuid=null, mServiceData=null, mServiceDataMask=null, mManufacturerId=-1, mManufacturerData=null, mManufacturerDataMask=null, mAdvertisingDataType=9, mAdvertisingData=[95, 66, 75, 79, 0], mAdvertisingDataMask=[-1, -1, -1, -1, 0], mTransportBlockFilter=null, mGroupBasedFiltering=false]])
08-03 16:10:11.656  1606 29006 I NearbySharing: Network state changed: NetworkState(isRestricted=false, isOnline=true, isCongested=false, isMetered=false, isWifiConnected=true)
08-03 16:10:11.656  1606 28947 I NearbySharing: Started scanning for FastInitiation with mode: SCAN_MODE_BALANCED
08-03 16:10:11.656  4458  5257 I bt_shim_scanner: system/main/shim/le_scanning_manager.cc:282 ScanFilterEnable: in shim layer
08-03 16:10:11.656  4458  5257 I bt_shim_scanner: system/main/shim/le_scanning_manager.cc:258 ScanFilterAdd: in shim layer
08-03 16:10:11.656  1606 29006 I NearbySharing: Network state changed: NetworkState(isRestricted=false, isOnline=true, isCongested=false, isMetered=false, isWifiConnected=true)
08-03 16:10:11.657  4458  5257 I bt_shim_scanner: system/main/shim/le_scanning_manager.cc:220 ScanFilterParamSetup: in shim layer, clientIf=3
08-03 16:10:11.657  4458  5257 I bt_shim_scanner: system/main/shim/le_scanning_manager.cc:258 ScanFilterAdd: in shim layer
08-03 16:10:11.657  4458  5257 I bt_shim_scanner: system/main/shim/le_scanning_manager.cc:220 ScanFilterParamSetup: in shim layer, clientIf=3
08-03 16:10:11.657  4458  4743 E bluetooth: system/gd/hci/le_scanning_manager.cc:1174 update_ad_type_filter: AD type filter isn't supported
08-03 16:10:11.657  1606 28947 I NearbySharing: Fast Initiation Scanning has started
08-03 16:10:11.657  1606  1625 I NearbyConnections: ClientProxy(0p:com.google.android.gms.nearby.sharing) allow WebRtc to use mobile data.
08-03 16:10:11.657  1606  1625 I NearbyConnections: Client 68777270 requested to update advertising options.
08-03 16:10:11.658  1606 29014 I Nearby  : (REDACTED) Note nearby client %s for operation %s
08-03 16:10:11.658  1606 28947 I NearbySharing: Dismissing HUN as there's no device nearby.
08-03 16:10:11.658  1606 29014 I NearbyConnections: [InstantConnectionPcpMgr] In invalidateTxAdvertisementScanning(by pre_updateAdvertising) tx advertisement scanning skipped or stopped for endpointId: serviceId:NearbySharing isScreenUnlocked:true isAdvertising:true powerLevel:LOW isTxScanning:false
08-03 16:10:11.658  1606 29014 I NearbyConnections: [PcpManager] In updateAdvertisingOptions() advertisingMediums:[WIFI_DIRECT, WIFI_HOTSPOT, WIFI_AWARE, WIFI_LAN, BLE] upgradeMediums:[USB, WIFI_LAN, WIFI_DIRECT, WIFI_AWARE, WIFI_HOTSPOT, WEB_RTC, BLE_L2CAP, BLUETOOTH, BLE, NFC] requireRegisterWifiStatusChangedCallback:true
08-03 16:10:11.660  1606 29014 I NearbyConnections: Instant Connection Security key rotated.
08-03 16:10:11.660  1606 29014 I NearbyConnections: Scheduled invalidation of the HPKE key alarm (delayMillis:8000) for client 68777270
08-03 16:10:11.660  1606 29014 I NearbyConnections: Get local endpoint id from random generation CSWO (last:GL4J) for client 68777270
08-03 16:10:11.660  1606 29014 I NearbyMediums: [DeviceCapabilities] Get wifi usable channels from cache for mode WFD_GC (tryToRefreshCache:false channels:[2412..2462, 5180..5320, 5500..5720, 5745..5825, 5955..6415])
08-03 16:10:11.661  1606 29014 I NearbyMediums: [DeviceCapabilities] Get wifi usable channels from cache for mode WFD_GO (tryToRefreshCache:false channels:[2412..2462, 5180..5240, 5745..5825, 5955..6415])
08-03 16:10:11.661  1606 29014 I NearbyMediums: [DeviceCapabilities] Get wifi usable channels from cache for mode STA (tryToRefreshCache:false channels:[2412..2462, 5180..5320, 5500..5720, 5745..5825, 5955..6415])
08-03 16:10:11.661  1606 29014 I NearbyMediums: [DeviceCapabilities] Get wifi usable channels from cache for mode AWARE (tryToRefreshCache:false channels:[2412..2462, 5745..5825, 5955..6415])
08-03 16:10:11.661  1606 29014 I NearbyConnections: In generateRxInstantConnectionAdvBytes() advertisingMediums:[WIFI_DIRECT, WIFI_HOTSPOT, WIFI_AWARE, WIFI_LAN, BLE] capabilitiesSize:4 apFreq:5805 wfdGcUsableOrAvailableChs:[2412..2462, 5180..5320, 5500..5720, 5745..5825, 5955..6415] wfdGoUsableOrAvailableChs:[2412..2462, 5180..5240, 5745..5825, 5955..6415] hsStaUsableOrAvailableChs:[2412..2462, 5180..5320, 5500..5720, 5745..5825, 5955..6415] awareUsableOrAvailableChs:[2412..2462, 5745..5825, 5955..6415] rxAdvertisement(size:57):A0:17:87:93:00:06:B3:3C:68:28:C6:F0:73:AF:F5:70:BD:A8:D6:89:E9:50:89:D9:2A:B5:47:92:2D:5F:6A:C8:4E:04:84:15:05:7F:00:00:84:15:06:61:00:00:84:15:04:7F:00:00:83:15:01:16:AD
08-03 16:10:11.662  4458  4475 I bt_shim_advertiser: system/main/shim/le_advertising_manager.cc:115 Unregister: in shim layer
08-03 16:10:11.662  1606 29014 I NearbyMediums: Device token rotated, old deviceToken : [ 0xbe 0xcf ].
08-03 16:10:11.662  1606 29014 D BluetoothAdapter: isLeEnabled(): ON
08-03 16:10:11.662  1606 29014 D BluetoothLeAdvertiser:  Total bytes: size:10
08-03 16:10:11.662  4458  4475 I bt_shim_advertiser: system/main/shim/le_advertising_manager.cc:200 StartAdvertisingSet: in shim layer
08-03 16:10:11.662  4458  4475 I bt_shim_advertiser: system/main/shim/le_advertising_manager.cc:227 StartAdvertisingSet: create advertising set, client_id:255, reg_id:-2227
08-03 16:10:11.663  4458  4743 I bluetooth: system/gd/hci/le_advertising_manager.cc:1733 set_enc_data: Scan Response Data
08-03 16:10:11.663  4458  4743 I bluetooth: system/gd/hci/le_advertising_manager.cc:1733 set_enc_data: Advertising Data
08-03 16:10:11.663  4458  4743 I bluetooth: Data: F3FE1101320B800A Data Type:  Size: 8
08-03 16:10:11.674  4458  4743 I bluetooth: system/gd/hci/le_advertising_manager.cc:2574 on_set_advertising_set_random_address_complete: update random address for advertising set 1 : xx:xx:xx:xx:20:ec
08-03 16:10:11.676  1606  1606 I NearbyMediums: [InstantOnLostManager] Start instant onLost extended advertising, hashes = [ 0x32 0x0b 0x80 0x0a ].
08-03 16:10:11.676  1606 29014 I NearbyMediums: Successfully stopped BLE advertising for service NearbySharing
08-03 16:10:11.676  1606 28947 I NearbyMediums: This GATT advertisement BleAdvertisement { version=2, socketVersion=2, isFast=true, serviceIdHash=null, data=[ 0x23 0x45 0x36 0x38 0x34 0x11 0x16 0x9a 0x6a 0x6d 0x3e 0xc6 0x69 0xe7 0xbb 0x72 0x90 0x97 0xcb 0x31 0x2b 0x61 0xbb ], deviceToken=[ 0xaa 0x18 ], rxAdvertisement=null } is a Fast Advertisement and matched UUID 0000fef3-0000-1000-8000-00805f9b34fb in fastAdvertisementServiceUuids map with serviceID NearbySharing
08-03 16:10:11.678  1606 29014 D BluetoothAdapter: isLeEnabled(): ON
08-03 16:10:11.679  1606 29014 D BluetoothLeAdvertiser:  Total bytes: size:90
08-03 16:10:11.679  4458  4475 I bt_shim_advertiser: system/main/shim/le_advertising_manager.cc:200 StartAdvertisingSet: in shim layer
08-03 16:10:11.679  4458  4475 I bt_shim_advertiser: system/main/shim/le_advertising_manager.cc:227 StartAdvertisingSet: create advertising set, client_id:255, reg_id:-2228
08-03 16:10:11.679  4458  4743 I bluetooth: system/gd/hci/le_advertising_manager.cc:1733 set_enc_data: Scan Response Data
08-03 16:10:11.679  4458  4743 I bluetooth: system/gd/hci/le_advertising_manager.cc:1733 set_enc_data: Advertising Data
08-03 16:10:11.679  4458  4743 I bluetooth: Data: F3FE4A17234353574F1132DE004FC918951E0D3BEC5C156CC7A52D54150239A01787930006B33C6828C6F073AFF570BDA8D689E95089D92AB547922D5F6AC84E048415057F00008415066100008415047F000083150116AD Data Type:  Size: 88
08-03 16:10:11.681  4458  4743 I bluetooth: system/gd/hci/le_advertising_manager.cc:2574 on_set_advertising_set_random_address_complete: update random address for advertising set 2 : xx:xx:xx:xx:e0:39
08-03 16:10:11.684  1606 29014 I NearbyMediums: Started BLE extended advertising. Regular Advertised : false, Fast Advertised : true, AdvertisingSetting : BleAdvertisingSetting{powerLevel= BALANCED_POWER, isConnectable= false, isPrivateGatt= true}.
08-03 16:10:11.684  1606 29014 D BluetoothAdapter: isLeEnabled(): ON
08-03 16:10:11.684  1606 29014 D BluetoothLeAdvertiser:  Total bytes: size:31
08-03 16:10:11.685  4458  4475 I bt_shim_advertiser: system/main/shim/le_advertising_manager.cc:200 StartAdvertisingSet: in shim layer
08-03 16:10:11.685  4458  4475 I bt_shim_advertiser: system/main/shim/le_advertising_manager.cc:227 StartAdvertisingSet: create advertising set, client_id:255, reg_id:-2229
08-03 16:10:11.685  4458  4743 I bluetooth: system/gd/hci/le_advertising_manager.cc:1733 set_enc_data: Scan Response Data
08-03 16:10:11.685  4458  4743 I bluetooth: system/gd/hci/le_advertising_manager.cc:1733 set_enc_data: Advertising Data
08-03 16:10:11.685  4458  4743 I bluetooth: Data: F3FE4A17234353574F1132DE004FC918951E0D3BEC5C156CC7A52D5415 Data Type:  Size: 29
08-03 16:10:11.687  4458  4743 I bluetooth: system/gd/hci/le_advertising_manager.cc:2574 on_set_advertising_set_random_address_complete: update random address for advertising set 3 : xx:xx:xx:xx:ed:fc
08-03 16:10:11.689  1606 29014 I NearbyMediums: Started BLE Legacy advertising. Regular Header Advertised : false, Fast Advertised : true, AdvertisingSettings : BleAdvertisingSetting{powerLevel= BALANCED_POWER, isConnectable= false, isPrivateGatt= true}, isAcceptingConnection : false
08-03 16:10:11.689  1606 29014 I NearbyMediums: Successfully started BLE advertising of size 23 for service NearbySharing, deviceToken : [ 0x54 0x15 ].
08-03 16:10:11.690  1606 29014 I NearbyMediums: Successfully bound ServerSocket for service NearbySharing to the stable port 53601.
08-03 16:10:11.690  1606 29014 I NearbyMediums: Successfully started listening for incoming Wifi Lan connections.
08-03 16:10:11.693  2522  6372 I WifiService: acquireMulticastLock uid=10146 lockTag=nearby-connections-155681005
08-03 16:10:11.693  1606 29014 I Nearby  : (REDACTED) NsdManagerCompat acquired multicast lock %d.
08-03 16:10:11.694  2522  3993 I serviceDiscovery: [MdnsAdvertiser] Adding service name: I0NTV0_8n14AAA, type: _FC9F5ED42C8A._tcp, subtypes: , hostAddresses: , hostname: null, port: 53601, network: null, expirationTime: null, txtRecord: {f=5805, n=Mt4AT8kYlR4NO-xcFWzHpS0, IPv4=192.168.50.202} with ID 419 and subtypes {} advertisingOptions MdnsAdvertisingOptions{ }
08-03 16:10:11.706  1606 28888 I NearbyMediums: This GATT advertisement BleAdvertisement { version=2, socketVersion=2, isFast=true, serviceIdHash=null, data=[ 0x23 0x45 0x53 0x37 0x54 0x11 0x32 0x7c 0x14 0x8f 0x7a 0x4a 0x48 0x29 0x73 0xe2 0x90 0xc6 0x79 0x14 0x48 0x65 0x2f ], deviceToken=[ 0x6a 0xaa ], rxAdvertisement=null } is a Fast Advertisement and matched UUID 0000fef3-0000-1000-8000-00805f9b34fb in fastAdvertisementServiceUuids map with serviceID NearbySharing
08-03 16:10:11.723  2522  3993 I serviceDiscovery: [MdnsDiscoveryManager._googlecast._tcp.local-101/26] Handling response from service: Nest-Audio-54c9d28ebf215eb92d9d803b983ca3b2, newInCache: false, serviceBecomesComplete: false, responseIsComplete: true
08-03 16:10:11.727  2522  3130 D AutomaticBrightnessController: [ASUS BL] setAmbientLux:0.0 oriBrighteningThreshold:5.0 mAmbientBrighteningThreshold:5.0 mAmbientDarkeningThreshold:0.0
08-03 16:10:11.739  2522  3993 I serviceDiscovery: [MdnsDiscoveryManager._googlecast._tcp.local-101/26] Handling response from service: Google-Cast-Group-0fc57e81813e42ad9ca9adc6e569f90b, newInCache: false, serviceBecomesComplete: false, responseIsComplete: true
08-03 16:10:11.739  2522  3993 I serviceDiscovery: [MdnsDiscoveryManager._googlecast._tcp.local-101/26] Handling response from service: Google-Nest-Mini-f3a06cb740c574f5f0614d0901d17a27, newInCache: false, serviceBecomesComplete: false, responseIsComplete: true
08-03 16:10:11.831  2522  3130 D AutomaticBrightnessController: [ASUS BL] setAmbientLux:0.0 oriBrighteningThreshold:5.0 mAmbientBrighteningThreshold:5.0 mAmbientDarkeningThreshold:0.0
08-03 16:10:11.865  1606 28888 I NearbyMediums: This GATT advertisement BleAdvertisement { version=2, socketVersion=2, isFast=true, serviceIdHash=null, data=[ 0x23 0x52 0x57 0x44 0x48 0x11 0x34 0xdf 0x53 0x1a 0x79 0xf9 0x6f 0xbd 0x7c 0x2d 0x28 0x63 0xf7 0x8b 0x9f 0x37 0x12 ], deviceToken=[ 0xfc 0x27 ], rxAdvertisement=null } is a Fast Advertisement and matched UUID 0000fef3-0000-1000-8000-00805f9b34fb in fastAdvertisementServiceUuids map with serviceID NearbySharing
08-03 16:10:11.898  1606 28888 I NearbyMediums: Replace Fast Advertisement Rx Info for service id : NearbySharing on deviceToken : [ 0xfc 0x27 ]
08-03 16:10:11.942  2522  3130 D AutomaticBrightnessController: [ASUS BL] setAmbientLux:0.0 oriBrighteningThreshold:5.0 mAmbientBrighteningThreshold:5.0 mAmbientDarkeningThreshold:0.0
08-03 16:10:12.026  1845  5761 E ANDR-PERF-LM: VmRssMeter:: start() 359: Could not find pid, can not collect vmrss data
08-03 16:10:12.026  1845  5762 E ANDR-PERF-LM: VmRssMeter:: start() 359: Could not find pid, can not collect vmrss data
08-03 16:10:12.026  1845  5762 E ANDR-PERF-LM: AdaptiveLaunch: writeToDataBase() 64: Meter aborted or could not get meter data for this run
08-03 16:10:12.051  2522  3130 D AutomaticBrightnessController: [ASUS BL] setAmbientLux:0.0 oriBrighteningThreshold:5.0 mAmbientBrighteningThreshold:5.0 mAmbientDarkeningThreshold:0.0
08-03 16:10:12.091     0     0 W KERNEL  : [419099.926024][ T1074] [FTS_TS]fts_input_report_b:[B](id,x,y,p,area,touchs)(0,758,1586,1,13,1) DOWN!
08-03 16:10:12.093 16134 16134 D ViewRootImpl: equeueInputEvent MotionEvent { action=ACTION_DOWN, actionButton=0, id[0]=0, x[0]=758.1875, y[0]=1586.1875, toolType[0]=TOOL_TYPE_FINGER, buttonState=0, classification=NONE, metaState=0, flags=0x0, edgeFlags=0x0, pointerCount=1, historySize=0, eventTime=419099896, downTime=419099896, deviceId=7, source=0x1002, displayId=0, eventId=787369925 },seq:275
08-03 16:10:12.093 16134 16134 D Launcher: dispatchTouchEvent.DOWN: [758.1875, 1586.1875] state = [Normal] draglayer alpha = [1.0]
08-03 16:10:12.094 16134 16134 D Launcher.Workspace: updateIsBeingDraggedOnInterceptTouchDown: mIsBeingDragged = false , currentpage=0
08-03 16:10:12.094 16134 16134 D Launcher.Workspace: onInterceptTouchEvent : ACTION_DOWN, mIsBeingDragged false, alpha = 1.0
08-03 16:10:12.094 16134 16134 D BubbleTextView: onTouchEvent: ACTION_DOWN
08-03 16:10:12.094 16134 16134 D TouchInteractionService: onInputEvent.DOWN: [758, 1586]
08-03 16:10:12.094 16134 16134 D TouchInteractionService: Touch outside of the navigation bar region(3), mUncheckedConsumer= TYPE_NO_OP
08-03 16:10:12.094 16134 16134 D TouchInteractionService: mUncheckedConsumer= TYPE_NO_OP
08-03 16:10:12.102  1900  1900 W Layer   : gatherBufferInfo: Received unknown dataspace from gralloc
08-03 16:10:12.147     0     0 W KERNEL  : [419099.981236][ T1074] [FTS_TS]fts_input_report_b:1.[B]id0 UP!
08-03 16:10:12.147     0     0 W KERNEL  : [419099.981286][ T1074] [FTS_TS]fts_input_report_b:[B]Points All Up!
08-03 16:10:12.147 16134 16134 D ViewRootImpl: equeueInputEvent MotionEvent { action=ACTION_UP, actionButton=0, id[0]=0, x[0]=758.1875, y[0]=1586.1875, toolType[0]=TOOL_TYPE_FINGER, buttonState=0, classification=NONE, metaState=0, flags=0x0, edgeFlags=0x0, pointerCount=1, historySize=0, eventTime=419099951, downTime=419099896, deviceId=7, source=0x1002, displayId=0, eventId=327725035 },seq:280
08-03 16:10:12.147 16134 16134 D Launcher: dispatchTouchEvent.UP: [758.1875, 1586.1875] state = [Normal]
08-03 16:10:12.147 16134 16134 D Launcher.Workspace: onInterceptTouchEvent : ACTION_UP, mIsBeingDragged false
08-03 16:10:12.147 16134 16134 D BubbleTextView: onTouchEvent: ACTION_UP
08-03 16:10:12.148 16134 16134 D TouchInteractionService: onInputEvent.UP: [758, 1586]
08-03 16:10:12.148 16134 16134 D 336379  : getDefaultInputConsumer: id= 11, mResetGestureInputConsumer null? false, getSystemUiStateFlags= 268566528
08-03 16:10:12.153 16134 16134 D Launcher_track: {  "meta": {    "category": "LaunchInfo",    "source": "com.asus.launcher"  },  "data": {    "package": "com.linkbubble.playstore.dev",    "activity": "com.linkbubble.ui.EntryActivity",    "user": 0,    "source": "workspace",    "grid_size_x": 5,    "grid_size_y": 6,    "grid_position_x": 3,    "grid_position_y": 4,    "page": 0,    "folder": false,    "folder_grid_size_x": -1,    "folder_grid_size_y": -1,    "folder_grid_position_x": -1,    "folder_grid_position_y": -1,    "folder_page": -1,    "timestamp": 1754208612153  }}
08-03 16:10:12.156  2522  7027 W OptProp : Cannot read opt property android.window.PROPERTY_COMPAT_ALLOW_ORIENTATION_OVERRIDE
08-03 16:10:12.156  2522  7027 V WindowManager: State movement: ActivityRecord{1d6ba49 u0 com.linkbubble.playstore.dev/com.linkbubble.ui.EntryActivity from:null to:INITIALIZING reason:ActivityRecord ctor
08-03 16:10:12.156  2522  7027 V WindowManager: setClientVisible: ActivityRecord{1d6ba49 u0 com.linkbubble.playstore.dev/com.linkbubble.ui.EntryActivity t-1} clientVisible=true Callers=com.android.server.wm.ActivityRecord.<init>:2336 com.android.server.wm.ActivityRecord.<init>:0 com.android.server.wm.ActivityRecord$Builder.build:11870 com.android.server.wm.ActivityStarter.executeRequest:1668 com.android.server.wm.ActivityStarter.execute:884 
08-03 16:10:12.156  2522  7027 V GrammaticalInflectionUtils: AttributionSource: android.content.AttributionSource@4dad0b24 does not have READ_SYSTEM_GRAMMATICAL_GENDER permission.
08-03 16:10:12.157  2522  7027 W OptProp : Cannot read opt property android.window.PROPERTY_COMPAT_ALLOW_RESIZEABLE_ACTIVITY_OVERRIDES
08-03 16:10:12.157  2522  7027 W OptProp : Cannot read opt property android.window.PROPERTY_COMPAT_ALLOW_MIN_ASPECT_RATIO_OVERRIDE
08-03 16:10:12.158  2522  7027 V WindowManager: SyncGroup 98: Started for listener: TransitionRecord{530686f id=-1 type=OPEN flags=0x0}
08-03 16:10:12.158  2522  7027 V WindowManager: Start collecting in Transition: TransitionRecord{530686f id=98 type=OPEN flags=0x0}
08-03 16:10:12.158  2522  7027 V WindowManager: Collecting in transition 98: ActivityRecord{1d6ba49 u0 com.linkbubble.playstore.dev/com.linkbubble.ui.EntryActivity t-1}
08-03 16:10:12.158  2522  7027 V WindowManager: SyncGroup 98: Adding to group: ActivityRecord{1d6ba49 u0 com.linkbubble.playstore.dev/com.linkbubble.ui.EntryActivity t-1}
08-03 16:10:12.158  2522  7027 V WindowManager: setSyncGroup #98 on ActivityRecord{1d6ba49 u0 com.linkbubble.playstore.dev/com.linkbubble.ui.EntryActivity t-1}
08-03 16:10:12.158  2522  7027 D ActivityTaskManager: Freeform task=null, curParam=Rect(0, 0 - 0, 0), 0, outParam=Rect(0, 0 - 0, 0), 0
08-03 16:10:12.160  2522  7027 D ActivityTaskManager: Freeform task=Task{a48797c #7946 type=standard A=10461:com.linkbubble.playstore.dev}, curParam=Rect(0, 0 - 0, 0), 0, outParam=Rect(0, 0 - 0, 0), 0
08-03 16:10:12.160  2522  7027 V WindowManager: Existence Changed in transition 98: Task{a48797c #7946 type=standard A=10461:com.linkbubble.playstore.dev}
08-03 16:10:12.160  2522  7027 V WindowManager: Collecting in transition 98: Task{a48797c #7946 type=standard A=10461:com.linkbubble.playstore.dev}
08-03 16:10:12.160  2522  7027 V WindowManager:  Creating Ready-group for Transition 98 with root=Display{#0 state=ON size=1080x2400 ROTATION_0}
08-03 16:10:12.160  2522  7027 V WindowManager: SyncGroup 98: Adding to group: Task{a48797c #7946 type=standard A=10461:com.linkbubble.playstore.dev}
08-03 16:10:12.160  2522  7027 V WindowManager: setSyncGroup #98 on Task{a48797c #7946 type=standard A=10461:com.linkbubble.playstore.dev}
08-03 16:10:12.161  2522  3130 D AutomaticBrightnessController: [ASUS BL] setAmbientLux:0.0 oriBrighteningThreshold:5.0 mAmbientBrighteningThreshold:5.0 mAmbientDarkeningThreshold:0.0
08-03 16:10:12.161  1845  5776 E ANDR-PERF-LM: MetaMeter: handleAsync() 166: AdaptLaunch Invalid Async
08-03 16:10:12.162  2522  7027 V WindowManager: addChild: Task{a48797c #7946 type=standard A=10461:com.linkbubble.playstore.dev} at top.
08-03 16:10:12.162  2522  7027 V WindowManager: Sending position change to ActivityRecord{cdbb1c6 u0 com.asus.launcher/com.android.launcher3.uioverrides.QuickstepLauncher t7917}, onTop: false
08-03 16:10:12.162  2522  7027 V WindowManager: Waiting for top state to be released by ActivityRecord{cdbb1c6 u0 com.asus.launcher/com.android.launcher3.uioverrides.QuickstepLauncher t7917}
08-03 16:10:12.162  2522  7027 I WindowManager: Adding activity ActivityRecord{1d6ba49 u0 com.linkbubble.playstore.dev/com.linkbubble.ui.EntryActivity t7946} to task Task{a48797c #7946 type=standard A=10461:com.linkbubble.playstore.dev} callers: java.lang.RuntimeException: here
08-03 16:10:12.163  4609  4722 I DynamicDDSService: handleMessage(ACTIVITY_INVOKE{appInfo=com.linkbubble.playstore.dev isFullScreen=}true)
08-03 16:10:12.163  2522  7027 D WindowManager: startPausing: taskFrag =Task{5714264 #7917 type=home I=com.asus.launcher/com.android.launcher3.uioverrides.QuickstepLauncher} mResumedActivity=ActivityRecord{cdbb1c6 u0 com.asus.launcher/com.android.launcher3.uioverrides.QuickstepLauncher t7917}
08-03 16:10:12.163  2522  7027 D ActivityTrigger: ActivityTrigger activityPauseTrigger 
08-03 16:10:12.163  2522  7027 V WindowManager: Moving to PAUSING: ActivityRecord{cdbb1c6 u0 com.asus.launcher/com.android.launcher3.uioverrides.QuickstepLauncher t7917}
08-03 16:10:12.163  2522  7027 V WindowManager: State movement: ActivityRecord{cdbb1c6 u0 com.asus.launcher/com.android.launcher3.uioverrides.QuickstepLauncher t7917} from:RESUMED to:PAUSING reason:startPausingLocked
08-03 16:10:12.164  2522  7027 V WindowManager: Enqueueing pending pause: ActivityRecord{cdbb1c6 u0 com.asus.launcher/com.android.launcher3.uioverrides.QuickstepLauncher t7917}
08-03 16:10:12.165  2522  7027 V WindowManager: Waiting for pause to complete...
08-03 16:10:12.165  2522  7027 V WindowManager:  Setting Ready-group to false. group=Display{#0 state=ON size=1080x2400 ROTATION_0} from Task{5714264 #7917 type=home I=com.asus.launcher/com.android.launcher3.uioverrides.QuickstepLauncher}
08-03 16:10:12.165  2522  7027 V WindowManager: resumeTopActivity: Skip resume: need to start pausing
08-03 16:10:12.165  2522  7027 V WindowManager: Existence Changed in transition 98: ActivityRecord{1d6ba49 u0 com.linkbubble.playstore.dev/com.linkbubble.ui.EntryActivity t7946}
08-03 16:10:12.165  4609  5204 W DynamicDDSService: appName is running in background.com.asus.launcher
08-03 16:10:12.165  2522  7027 V WindowManager: Collecting in transition 98: ActivityRecord{1d6ba49 u0 com.linkbubble.playstore.dev/com.linkbubble.ui.EntryActivity t7946}
08-03 16:10:12.165  2522  7027 V WindowManager: Requesting StartTransition: TransitionRecord{530686f id=98 type=OPEN flags=0x0}
08-03 16:10:12.166  2522  7027 I ActivityTaskManager: START u0 {act=android.intent.action.MAIN cat=[android.intent.category.LAUNCHER] flg=0x10200000 pkg=com.linkbubble.playstore.dev cmp=com.linkbubble.playstore.dev/com.linkbubble.ui.EntryActivity bnds=[644,1445][852,1773]} with LAUNCH_SINGLE_INSTANCE from uid 10093 (BAL_ALLOW_VISIBLE_WINDOW) result code=0
08-03 16:10:12.166 16134 16134 D StatsLog: LAUNCHER_APP_LAUNCH_TAP
08-03 16:10:12.167  2522  3608 V WindowManager: Top resumed state released (transition complete)
08-03 16:10:12.168 16134 16134 I LauncherLife: [onPause] called, QuickstepLauncher@b8fab97
08-03 16:10:12.168 16134 16134 V Launcher.Now.Callback: Time spent in onPause: 0 ms, com.google.android.libraries.gsa.launcherclient.LauncherClient@58fc252
08-03 16:10:12.168  2522  3608 V WindowManager: Starting Transition 98
08-03 16:10:12.168 16134 16134 D MLKitServiceController: Not binding service.
08-03 16:10:12.168  2522  3608 V WindowManager:  allReady query: used=true override=false defer=0 states=[Display{#0 state=ON size=1080x2400 ROTATION_0}:false]
08-03 16:10:12.168 16134 16134 V LauncherLife: Time spent in onPause: 0 ms
08-03 16:10:12.168  2522  3608 V WindowManager: Set transition ready=false 98
08-03 16:10:12.168 16134 16134 W SplitSelectStateCtor: Missing session instanceIds
08-03 16:10:12.168 16134 16134 D StatsLog: LAUNCHER_SPLIT_SELECTION_EXIT_INTERRUPTED
08-03 16:10:12.168  2522  3608 V WindowManager: Apply window transaction, syncId=-1
08-03 16:10:12.169 16134 16158 D AllAppModelWriter: updateLaunchCount: cpnName= ComponentInfo{com.linkbubble.playstore.dev/com.linkbubble.ui.EntryActivity}, times= 105
08-03 16:10:12.169  2522  6372 V WindowManager: Activity paused: token=Token{29440dd ActivityRecord{cdbb1c6 u0 com.asus.launcher/com.android.launcher3.uioverrides.QuickstepLauncher t7917}}, timeout=false
08-03 16:10:12.169  2522  6372 V WindowManager: Moving to PAUSED: ActivityRecord{cdbb1c6 u0 com.asus.launcher/com.android.launcher3.uioverrides.QuickstepLauncher t7917}  (pause complete)
08-03 16:10:12.169  2522  6372 V WindowManager: Complete pause: ActivityRecord{cdbb1c6 u0 com.asus.launcher/com.android.launcher3.uioverrides.QuickstepLauncher t7917}
08-03 16:10:12.169  2522  6372 V WindowManager: State movement: ActivityRecord{cdbb1c6 u0 com.asus.launcher/com.android.launcher3.uioverrides.QuickstepLauncher t7917} from:PAUSING to:PAUSED reason:completePausedLocked
08-03 16:10:12.169  2522  2543 V GrammaticalInflectionUtils: AttributionSource: android.content.AttributionSource@4dad0b24 does not have READ_SYSTEM_GRAMMATICAL_GENDER permission.
08-03 16:10:12.169  2522  6372 V WindowManager: Enqueue pending stop if needed: ActivityRecord{cdbb1c6 u0 com.asus.launcher/com.android.launcher3.uioverrides.QuickstepLauncher t7917} wasStopping=false visibleRequested=true
08-03 16:10:12.169  4380  4380 D AppHiddenMonitor: onChange call queryHiddenList()
08-03 16:10:12.170 16134 16158 D QuickstepModelDelegate: notifyAppTargetEvent action=1 launchLocation=workspace/1/[3,4]/[1,1]
08-03 16:10:12.170  4380  4380 D AppHiddenMonitor: onChange call queryHiddenList()
08-03 16:10:12.170  2522  6372 I WindowManager: Override pending remote transitionSet=false adapter=android.view.RemoteAnimationAdapter@7051c8b
08-03 16:10:12.170  2522  6372 D WindowManager: resumeTopActivity: Restarting ActivityRecord{1d6ba49 u0 com.linkbubble.playstore.dev/com.linkbubble.ui.EntryActivity t7946}
08-03 16:10:12.171  2522  6372 V WindowManager: setAppVisibility(Token{7c7b205 ActivityRecord{1d6ba49 u0 com.linkbubble.playstore.dev/com.linkbubble.ui.EntryActivity t7946}}, visible=true): mNextAppTransitionRequests=[], mNextAppTransitionFlags= visible=false mVisibleRequested=false Callers=com.android.server.wm.ActivityRecord.setVisibility:5775 com.android.server.wm.EnsureActivitiesVisibleHelper.makeVisibleAndRestartIfNeeded:257 com.android.server.wm.EnsureActivitiesVisibleHelper.setActivityVisibilityState:181 com.android.server.wm.EnsureActivitiesVisibleHelper.process:130 com.android.server.wm.TaskFragment.updateActivityVisibilities:1349 com.android.server.wm.Task.lambda$ensureActivitiesVisible$19:5402 
08-03 16:10:12.171  2522  6372 V WindowManager: Collecting in transition 98: ActivityRecord{1d6ba49 u0 com.linkbubble.playstore.dev/com.linkbubble.ui.EntryActivity t7946}
08-03 16:10:12.171  2522  6372 V WindowManager: No longer Stopped: ActivityRecord{1d6ba49 u0 com.linkbubble.playstore.dev/com.linkbubble.ui.EntryActivity t7946}
08-03 16:10:12.173 16134 16134 I TopTaskTracker: onTaskMovedToFront: (moved taskInfo to front) taskId=7946
08-03 16:10:12.185  1606 28912 I NetworkScheduler: (REDACTED) Error inserting %s
08-03 16:10:12.186  1691  1691 D Zygote  : Forked child process 29023
08-03 16:10:12.186  1845  5776 E ANDR-PERF-LM: MetaMeter: handleAsync() 166: AdaptLaunch Invalid Async
08-03 16:10:12.187  2522 29024 W ContextImpl: Calling a method in the system process without a qualified user: android.app.ContextImpl.sendBroadcast:1249 com.qualcomm.qti.Performance$SendGameLaunchBroadcast.run:248 java.lang.Thread.run:1119 <bottom of call stack> <bottom of call stack> 
08-03 16:10:12.187  2522  2583 I ActivityManager: Start proc 29023:com.linkbubble.playstore.dev/u0a461 for next-top-activity {com.linkbubble.playstore.dev/com.linkbubble.ui.EntryActivity}
08-03 16:10:12.189  6406 14541 W SQLiteLog: (28) double-quoted string literal: "com.linkbubble.playstore.dev"
08-03 16:10:12.196 29023 29023 I e.playstore.dev: Late-enabling -Xcheck:jni
08-03 16:10:12.216 29023 29023 I e.playstore.dev: Using CollectorTypeCMC GC.
08-03 16:10:12.218  2852  2960 I adbd    : jdwp connection from 29023
08-03 16:10:12.221 29023 29023 D nativeloader: Load libframework-connectivity-tiramisu-jni.so using APEX ns com_android_tethering for caller /apex/com.android.tethering/javalib/framework-connectivity-t.jar: ok
08-03 16:10:12.227  1845  1893 E ANDR-PERF-QESDK-SECLIB: ANDR-PERF-QESDK-SECLIB: apply_value() 160: Failed to store original gpu node value
08-03 16:10:12.227  1845  1893 E ANDR-PERF-RESOURCEQS: ANDR-PERF-RESOURCEQS: AddAndApply() 167: Failed to apply optimization [3, 32]
08-03 16:10:12.227  1845  5776 E ANDR-PERF-LM: MetaMeter: handleAsync() 166: AdaptLaunch Invalid Async
08-03 16:10:12.228  2522  3608 D CompatibilityInfo: mCompatibilityFlags - 0
08-03 16:10:12.228  2522  3608 D CompatibilityInfo: applicationDensity - 374
08-03 16:10:12.228  2522  3608 D CompatibilityInfo: applicationScale - 1.0
08-03 16:10:12.231  6201  6242 D ForegroundUtils: Foreground UID status:
08-03 16:10:12.231  6201  6242 D ForegroundUtils: UID: 10049 is in foreground: true
08-03 16:10:12.231  6201  6242 D ForegroundUtils: UID: 10093 is in foreground: true
08-03 16:10:12.231  6201  6242 D ForegroundUtils: UID: 10175 is in foreground: true
08-03 16:10:12.231  6201  6242 D ForegroundUtils: UID: 10185 is in foreground: true
08-03 16:10:12.231  6201  6242 D ForegroundUtils: UID: 10201 is in foreground: true
08-03 16:10:12.231  6201  6242 D ForegroundUtils: UID: 10203 is in foreground: false
08-03 16:10:12.231  6201  6242 D ForegroundUtils: UID: 10241 is in foreground: false
08-03 16:10:12.231  6201  6242 D ForegroundUtils: UID: 10461 is in foreground: true
08-03 16:10:12.231  2522  2540 D AlarmManagerServiceInjector: background restricted unblock alarm for 10461
08-03 16:10:12.236 29023 29023 D CompatChangeReporter: Compat change id reported: 242716250; UID 10461; state: ENABLED
08-03 16:10:12.269 19807 19807 I bnhk    : onPause
08-03 16:10:12.269  2522  3130 D AutomaticBrightnessController: [ASUS BL] setAmbientLux:0.0 oriBrighteningThreshold:5.0 mAmbientBrighteningThreshold:5.0 mAmbientDarkeningThreshold:0.0
08-03 16:10:12.274 16134 16156 D RecentTasksList: loadTasksInBackground: 
08-03 16:10:12.275  1606 28888 I NearbyMediums: This GATT advertisement BleAdvertisement { version=2, socketVersion=2, isFast=true, serviceIdHash=null, data=[ 0x23 0x37 0x51 0x43 0x39 0x11 0x32 0x1b 0x54 0xa2 0xbf 0xa6 0x27 0xda 0x70 0x2e 0xd0 0xef 0xd5 0x4a 0xf8 0xa8 0x9b ], deviceToken=[ 0x1a 0x4b ], rxAdvertisement=null } is a Fast Advertisement and matched UUID 0000fef3-0000-1000-8000-00805f9b34fb in fastAdvertisementServiceUuids map with serviceID NearbySharing
08-03 16:10:12.275  2522  6372 W ActivityTaskManager: takeTaskSnapshot: taskId=7946 not found or not visible
08-03 16:10:12.327 29023 29023 D ApplicationLoaders: Returning zygote-cached class loader: /system/framework/org.apache.http.legacy.jar
08-03 16:10:12.369  1900  1900 I BpBinder: onLastStrongRef automatically unlinking death recipients: 
08-03 16:10:12.379  2522  3130 D AutomaticBrightnessController: [ASUS BL] setAmbientLux:0.0 oriBrighteningThreshold:5.0 mAmbientBrighteningThreshold:5.0 mAmbientDarkeningThreshold:0.0
08-03 16:10:12.422 29023 29023 D nativeloader: Configuring clns-7 for other apk /data/app/~~tK78iPobPXe2kcI11n11iA==/com.linkbubble.playstore.dev-0kGw_rC5xpPzQR0w4yjIzA==/base.apk. target_sdk_version=34, uses_libraries=, library_path=/data/app/~~tK78iPobPXe2kcI11n11iA==/com.linkbubble.playstore.dev-0kGw_rC5xpPzQR0w4yjIzA==/lib/arm64, permitted_path=/data:/mnt/expand:/data/user/0/com.linkbubble.playstore.dev
08-03 16:10:12.428 29023 29023 I Perf    : Connecting to perf service.
08-03 16:10:12.432 29023 29023 V GraphicsEnvironment: Currently set values for:
08-03 16:10:12.432 29023 29023 V GraphicsEnvironment:   angle_gl_driver_selection_pkgs=[]
08-03 16:10:12.432 29023 29023 V GraphicsEnvironment:   angle_gl_driver_selection_values=[]
08-03 16:10:12.432 29023 29023 V GraphicsEnvironment: Global.Settings values are invalid: number of packages: 0, number of values: 0
08-03 16:10:12.432 29023 29023 V GraphicsEnvironment: Neither updatable production driver nor prerelease driver is supported.
08-03 16:10:12.448 29023 29023 V Monotype: SetAppTypeFace- try to flip, app = com.linkbubble.playstore.dev
08-03 16:10:12.452 29023 29023 V Monotype:     Typeface getFontPathFlipFont - systemFont = default#default
08-03 16:10:12.452 29023 29023 I SystemFonts: Loading font config from /system/etc/font_fallback_ff.xml
08-03 16:10:12.455 29023 29023 D CompatChangeReporter: Compat change id reported: 247079863; UID 10461; state: ENABLED
08-03 16:10:12.487  2522  3130 D AutomaticBrightnessController: [ASUS BL] setAmbientLux:0.0 oriBrighteningThreshold:5.0 mAmbientBrighteningThreshold:5.0 mAmbientDarkeningThreshold:0.0
08-03 16:10:12.532 16134 28990 D Launcher.Now: checkGoogleNowLeak: no need to check, timer stop.
08-03 16:10:12.596  2522  3130 D AutomaticBrightnessController: [ASUS BL] setAmbientLux:0.0 oriBrighteningThreshold:5.0 mAmbientBrighteningThreshold:5.0 mAmbientDarkeningThreshold:0.0
08-03 16:10:12.606 29023 29023 D AndroidRuntime: Shutting down VM
--------- beginning of crash
08-03 16:10:12.607 29023 29023 E AndroidRuntime: FATAL EXCEPTION: main
08-03 16:10:12.607 29023 29023 E AndroidRuntime: Process: com.linkbubble.playstore.dev, PID: 29023
08-03 16:10:12.607 29023 29023 E AndroidRuntime: java.lang.RuntimeException: Unable to create application com.linkbubble.MainApplication: java.lang.IllegalStateException: Must Initialize Fabric before using singleton()
08-03 16:10:12.607 29023 29023 E AndroidRuntime: 	at android.app.ActivityThread.handleBindApplication(ActivityThread.java:7719)
08-03 16:10:12.607 29023 29023 E AndroidRuntime: 	at android.app.ActivityThread.-$$Nest$mhandleBindApplication(Unknown Source:0)
08-03 16:10:12.607 29023 29023 E AndroidRuntime: 	at android.app.ActivityThread$H.handleMessage(ActivityThread.java:2500)
08-03 16:10:12.607 29023 29023 E AndroidRuntime: 	at android.os.Handler.dispatchMessage(Handler.java:107)
08-03 16:10:12.607 29023 29023 E AndroidRuntime: 	at android.os.Looper.loopOnce(Looper.java:273)
08-03 16:10:12.607 29023 29023 E AndroidRuntime: 	at android.os.Looper.loop(Looper.java:388)
08-03 16:10:12.607 29023 29023 E AndroidRuntime: 	at android.app.ActivityThread.main(ActivityThread.java:8969)
08-03 16:10:12.607 29023 29023 E AndroidRuntime: 	at java.lang.reflect.Method.invoke(Native Method)
08-03 16:10:12.607 29023 29023 E AndroidRuntime: 	at com.android.internal.os.RuntimeInit$MethodAndArgsCaller.run(RuntimeInit.java:580)
08-03 16:10:12.607 29023 29023 E AndroidRuntime: 	at com.android.internal.os.ZygoteInit.main(ZygoteInit.java:892)
08-03 16:10:12.607 29023 29023 E AndroidRuntime: Caused by: java.lang.IllegalStateException: Must Initialize Fabric before using singleton()
08-03 16:10:12.607 29023 29023 E AndroidRuntime: 	at io.fabric.sdk.android.Fabric.singleton(Fabric.java:273)
08-03 16:10:12.607 29023 29023 E AndroidRuntime: 	at io.fabric.sdk.android.Fabric.getKit(Fabric.java:524)
08-03 16:10:12.607 29023 29023 E AndroidRuntime: 	at com.crashlytics.android.Crashlytics.getInstance(Crashlytics.java:188)
08-03 16:10:12.607 29023 29023 E AndroidRuntime: 	at com.crashlytics.android.Crashlytics.checkInitialized(Crashlytics.java:371)
08-03 16:10:12.607 29023 29023 E AndroidRuntime: 	at com.crashlytics.android.Crashlytics.log(Crashlytics.java:218)
08-03 16:10:12.607 29023 29023 E AndroidRuntime: 	at com.linkbubble.util.CrashTracking.log(CrashTracking.java:41)
08-03 16:10:12.607 29023 29023 E AndroidRuntime: 	at com.linkbubble.MainApplication.onCreate(MainApplication.java:133)
08-03 16:10:12.607 29023 29023 E AndroidRuntime: 	at android.app.Instrumentation.callApplicationOnCreate(Instrumentation.java:1387)
08-03 16:10:12.607 29023 29023 E AndroidRuntime: 	at android.app.ActivityThread.handleBindApplication(ActivityThread.java:7713)
08-03 16:10:12.607 29023 29023 E AndroidRuntime: 	... 9 more
08-03 16:10:12.609  2522 29044 I DropBoxManagerService: add tag=data_app_crash isTagEnabled=true flags=0x2
08-03 16:10:12.609 29023 29023 I Process : Sending signal. PID: 29023 SIG: 9
08-03 16:10:12.623  2522  6372 I ActivityManager: Process com.linkbubble.playstore.dev (pid 29023) has died: fg  TOP 
08-03 16:10:12.624  2522  6372 W ActivityManager: App Op allow to restart app, fg TOP 
08-03 16:10:12.624  2852  2852 I adbd    : Remote process closed the socket (on MSG_PEEK)
08-03 16:10:12.624  2522  6372 W ActivityTaskManager: ProcessRecord{a61b168 29023:com.linkbubble.playstore.dev/u0a461} is removed with pending start ActivityRecord{1d6ba49 u0 com.linkbubble.playstore.dev/com.linkbubble.ui.EntryActivity t7946}
08-03 16:10:12.624  2522  6372 V WindowManager: Finishing activity r=ActivityRecord{1d6ba49 u0 com.linkbubble.playstore.dev/com.linkbubble.ui.EntryActivity t7946}, result=0, data=null, reason=starting-proc-removed
08-03 16:10:12.624  2522  6372 V WindowManager: Existence Changed in transition 98: Task{a48797c #7946 type=standard A=10461:com.linkbubble.playstore.dev}
08-03 16:10:12.624  2522  6372 V WindowManager: Collecting in transition 98: Task{a48797c #7946 type=standard A=10461:com.linkbubble.playstore.dev}
08-03 16:10:12.624  2522  3993 I serviceDiscovery: [MdnsAdvertiser.wlan0] Probing finished for service 419
08-03 16:10:12.624  2522  6372 V WindowManager: setAppVisibility(Token{7c7b205 ActivityRecord{1d6ba49 u0 com.linkbubble.playstore.dev/com.linkbubble.ui.EntryActivity t7946 f}}}, visible=false): mNextAppTransitionRequests=[], mNextAppTransitionFlags= visible=false mVisibleRequested=true Callers=com.android.server.wm.ActivityRecord.setVisibility:5775 com.android.server.wm.ActivityRecord.finishIfPossible:4006 com.android.server.wm.ActivityRecord.finishIfPossible:3847 com.android.server.wm.ActivityTaskManagerService$LocalService.onProcessRemoved:6616 com.android.server.am.ProcessList$MyProcessMap.remove:847 com.android.server.am.ProcessList.removeProcessNameLocked:3590 
08-03 16:10:12.624  2522  6372 V WindowManager: Collecting in transition 98: ActivityRecord{1d6ba49 u0 com.linkbubble.playstore.dev/com.linkbubble.ui.EntryActivity t7946 f}}
08-03 16:10:12.624  2522  3072 I libprocessgroup: Removed cgroup /sys/fs/cgroup/uid_10461/pid_29023
08-03 16:10:12.624  2522  6372 V WindowManager: Enqueueing pending finish: ActivityRecord{1d6ba49 u0 com.linkbubble.playstore.dev/com.linkbubble.ui.EntryActivity t7946 f}}
08-03 16:10:12.625  2522  6372 V WindowManager: State movement: ActivityRecord{1d6ba49 u0 com.linkbubble.playstore.dev/com.linkbubble.ui.EntryActivity t7946 f}} from:INITIALIZING to:FINISHING reason:addToFinishingAndWaitForIdle
08-03 16:10:12.625  1691  1691 I Zygote  : Process 29023 exited due to signal 9 (Killed)
08-03 16:10:12.625  1606  1656 I NearbyMediums: WIFI_LAN registered service name:I0NTV0_8n14AAA type:null at ip:null port:0
08-03 16:10:12.625  1606 29014 I NearbyMediums: Successfully advertised I0NTV0_8n14AAA on serviceID NearbySharing over Wifi LAN.
08-03 16:10:12.626  2522  6372 V WindowManager: Moving to RESUMED: ActivityRecord{cdbb1c6 u0 com.asus.launcher/com.android.launcher3.uioverrides.QuickstepLauncher t7917} (in existing)
08-03 16:10:12.626  2522  6372 V WindowManager: State movement: ActivityRecord{cdbb1c6 u0 com.asus.launcher/com.android.launcher3.uioverrides.QuickstepLauncher t7917} from:PAUSED to:RESUMED reason:resumeTopActivity
08-03 16:10:12.626  1606 29014 I NearbyMediums: [WifiNetworkV2] WifiStatusChangedCallback registered for NearbySharing (wifiStatusChangedCallbacks.size:1)
08-03 16:10:12.626  2522  6372 V WindowManager: Sending position change to ActivityRecord{cdbb1c6 u0 com.asus.launcher/com.android.launcher3.uioverrides.QuickstepLauncher t7917}, onTop: true
08-03 16:10:12.626  1606 29014 I NearbyConnections: Get local endpoint id from the existing localEndpointId:CSWO (last:GL4J) for client 68777270(0p:com.google.android.gms.nearby.sharing)
08-03 16:10:12.626  1606 29014 I NearbyMediums: Started BLE scanning, service-id=NearbyConnections.TxAdvertisement, is-extended-advert=true, power-level=2, scan-mode=3
08-03 16:10:12.626  1606 29014 I NearbyConnections: [InstantConnectionPcpMgr] In invalidateTxAdvertisementScanning(by final_updateAdvertising) tx advertisement scanning successfully started for enpointId:CSWO serviceId:NearbySharing isScreenUnlocked:true powerLevel:BALANCED
08-03 16:10:12.626  1606 29014 I NearbyConnections: Found BleAdvertisement [ 0x23 0x45 0x36 0x38 0x34 0x11 0x16 0x9a 0x6a 0x6d 0x3e 0xc6 0x69 0xe7 0xbb 0x72 0x90 0x97 0xcb 0x31 0x2b 0x61 0xbb ] (with EndpointId E684 and EndpointInfo [ 0x16 0x9a 0x6a 0x6d 0x3e 0xc6 0x69 0xe7 0xbb 0x72 0x90 0x97 0xcb 0x31 0x2b 0x61 0xbb ])
08-03 16:10:12.627  2522  6372 V WindowManager: notifyAppResumed: wasStopped=false ActivityRecord{cdbb1c6 u0 com.asus.launcher/com.android.launcher3.uioverrides.QuickstepLauncher t7917}
08-03 16:10:12.627  1606 29014 I NearbyConnections: ClientProxy(68777270) reporting onEndpointFound(E684)
08-03 16:10:12.627  1606 29014 I NearbyConnections: ClientProxy(68777270) reporting onEndpointDistanceChanged(E684, UNKNOWN)
08-03 16:10:12.627  2522  6372 D WindowManager: resumeTopActivity: Resumed ActivityRecord{cdbb1c6 u0 com.asus.launcher/com.android.launcher3.uioverrides.QuickstepLauncher t7917}
08-03 16:10:12.627  1606 28888 I NearbySharing: [broadcast provider] advertising options updated (BroadcastProviderOptions(powerLevel=2, flowId=2770435152644989017, uwbSenderInfo=[], deviceType=1, advertisingMediums=[8, 3, 6, 5, 4], upgradeMediums=[11, 5, 8, 6, 3, 9, 10, 2, 4, 7], useStableIdentifiers=false, allowBluetoothRadioToggling=false, allowWifiRadioToggling=false, enableBleL2capListening=false, allowGattConnections=false, enableFastAdvertisement=true)).
08-03 16:10:12.627  2522  6372 V WindowManager:  Setting Ready-group to true. group=Display{#0 state=ON size=1080x2400 ROTATION_0} from Display{#0 state=ON size=1080x2400 ROTATION_0}
08-03 16:10:12.627  2522  6372 V WindowManager:  allReady query: used=true override=false defer=0 states=[Display{#0 state=ON size=1080x2400 ROTATION_0}:true]
08-03 16:10:12.627  1606 29014 I NearbyConnections: Found BleAdvertisement [ 0x23 0x45 0x53 0x37 0x54 0x11 0x32 0x7c 0x14 0x8f 0x7a 0x4a 0x48 0x29 0x73 0xe2 0x90 0xc6 0x79 0x14 0x48 0x65 0x2f ] (with EndpointId ES7T and EndpointInfo [ 0x32 0x7c 0x14 0x8f 0x7a 0x4a 0x48 0x29 0x73 0xe2 0x90 0xc6 0x79 0x14 0x48 0x65 0x2f ])
08-03 16:10:12.627  2522  6372 V WindowManager: Set transition ready=true 98
08-03 16:10:12.627  2522  6372 V WindowManager: SyncGroup 98: Set ready true
08-03 16:10:12.627  1606 28888 I NearbySharing: NearbySharing Internal event ReceiveManagerUpdate(mode=2, isEveryoneMode=false, dataUsage=2, useQrCode=false, success=true)
08-03 16:10:12.627  1606 28946 I NearbySharing: NearbySharing Internal event EndpointDiscovered(endpointId=E684)
08-03 16:10:12.627  2522  6372 V WindowManager: State movement: ActivityRecord{1d6ba49 u0 com.linkbubble.playstore.dev/com.linkbubble.ui.EntryActivity t7946 f}} from:FINISHING to:FINISHING reason:destroyIfPossible
08-03 16:10:12.627  2522  6372 V WindowManager: State unchanged from:FINISHING
08-03 16:10:12.627  1606 29014 I NearbyConnections: ClientProxy(68777270) reporting onEndpointFound(ES7T)
08-03 16:10:12.628  1606 29014 I NearbyConnections: ClientProxy(68777270) reporting onEndpointDistanceChanged(ES7T, UNKNOWN)
08-03 16:10:12.628  4609  5204 W DynamicDDSService: appName is not found in cache: com.linkbubble.playstore.dev
08-03 16:10:12.628  1606 29014 I NearbyConnections: Found BleAdvertisement [ 0x23 0x52 0x57 0x44 0x48 0x11 0x34 0xdf 0x53 0x1a 0x79 0xf9 0x6f 0xbd 0x7c 0x2d 0x28 0x63 0xf7 0x8b 0x9f 0x37 0x12 ] (with EndpointId RWDH and EndpointInfo [ 0x34 0xdf 0x53 0x1a 0x79 0xf9 0x6f 0xbd 0x7c 0x2d 0x28 0x63 0xf7 0x8b 0x9f 0x37 0x12 ])
08-03 16:10:12.628  2522  6372 I WindowManager: Removing activity ActivityRecord{1d6ba49 u0 com.linkbubble.playstore.dev/com.linkbubble.ui.EntryActivity t7946 f}}, reason= finish-imm:finishIfPossible hadNoApp callers=com.android.server.wm.ActivityRecord.destroyImmediately:4330 com.android.server.wm.ActivityRecord.destroyIfPossible:4212 com.android.server.wm.ActivityRecord.completeFinishing:4174 com.android.server.wm.ActivityRecord.completeFinishing:4065 com.android.server.wm.ActivityRecord.finishIfPossible:4017 
08-03 16:10:12.628  4609  4722 I DynamicDDSService: handleMessage(ACTIVITY_INVOKE{appInfo=com.asus.launcher isFullScreen=}true)
08-03 16:10:12.628  2522  6372 V WindowManager: Moving to DESTROYED: ActivityRecord{1d6ba49 u0 com.linkbubble.playstore.dev/com.linkbubble.ui.EntryActivity t7946 f}} (removed from history)
08-03 16:10:12.628  2522  6372 V WindowManager: State movement: ActivityRecord{1d6ba49 u0 com.linkbubble.playstore.dev/com.linkbubble.ui.EntryActivity t7946 f}} from:FINISHING to:DESTROYED reason:removeFromHistory
08-03 16:10:12.628  1606 29014 I NearbyConnections: ClientProxy(68777270) reporting onEndpointFound(RWDH)
08-03 16:10:12.628  1606 29014 I NearbyConnections: ClientProxy(68777270) reporting onEndpointDistanceChanged(RWDH, UNKNOWN)
08-03 16:10:12.628  2522  6372 V WindowManager: Removing app token: ActivityRecord{1d6ba49 u0 com.linkbubble.playstore.dev/com.linkbubble.ui.EntryActivity t7946 f}}
08-03 16:10:12.628  1606 29014 I NearbyConnections: Found BleAdvertisement [ 0x23 0x52 0x57 0x44 0x48 0x11 0x34 0xdf 0x53 0x1a 0x79 0xf9 0x6f 0xbd 0x7c 0x2d 0x28 0x63 0xf7 0x8b 0x9f 0x37 0x12 ] (with EndpointId RWDH and EndpointInfo [ 0x34 0xdf 0x53 0x1a 0x79 0xf9 0x6f 0xbd 0x7c 0x2d 0x28 0x63 0xf7 0x8b 0x9f 0x37 0x12 ])
08-03 16:10:12.628  2522  6372 V WindowManager: Collecting in transition 98: ActivityRecord{1d6ba49 u0 com.linkbubble.playstore.dev/com.linkbubble.ui.EntryActivity t7946 f}}
08-03 16:10:12.628  2522  6372 V WindowManager: Removing app ActivityRecord{1d6ba49 u0 com.linkbubble.playstore.dev/com.linkbubble.ui.EntryActivity t7946 f}} delayed=true animation=null animating=false
08-03 16:10:12.628  2522  6372 V WindowManager: removeAppToken: ActivityRecord{1d6ba49 u0 com.linkbubble.playstore.dev/com.linkbubble.ui.EntryActivity t7946 f}} delayed=true Callers=com.android.server.wm.DisplayContent.removeAppToken:1604 com.android.server.wm.ActivityRecord.removeFromHistory:4361 com.android.server.wm.ActivityRecord.destroyImmediately:4330 com.android.server.wm.ActivityRecord.destroyIfPossible:4212 
08-03 16:10:12.628  1606 29014 I NearbyConnections: ClientProxy(68777270) ignoring onEndpointDistanceChanged(RWDH, UNKNOWN), because this distance has already been reported
08-03 16:10:12.628  2522  6372 I WindowManager: Cancelling animation restarting=false for ActivityRecord{1d6ba49 u0 com.linkbubble.playstore.dev/com.linkbubble.ui.EntryActivity t7946 f}}
08-03 16:10:12.628  1606 29014 I NearbyConnections: Found BleAdvertisement [ 0x23 0x37 0x51 0x43 0x39 0x11 0x32 0x1b 0x54 0xa2 0xbf 0xa6 0x27 0xda 0x70 0x2e 0xd0 0xef 0xd5 0x4a 0xf8 0xa8 0x9b ] (with EndpointId 7QC9 and EndpointInfo [ 0x32 0x1b 0x54 0xa2 0xbf 0xa6 0x27 0xda 0x70 0x2e 0xd0 0xef 0xd5 0x4a 0xf8 0xa8 0x9b ])
08-03 16:10:12.628  1606 29004 I NearbySharing: [ClearcutLog] ADVERTISE_DEVICE_PRESENCE_START sessionId=0 flowId=2770435152644989017 sessionStatus: 1, visibility: 4
